[2020-09-11T16:52:38.609+0000][1][gc] Using Concurrent Mark Sweep
[2020-09-11T16:52:38.609+0000][1][gc,heap,coops] Heap address: 0x00000000e0000000, size: 512 MB, Compressed Oops mode: 32-bit
[2020-09-11T16:52:38.940+0000][1][safepoint    ] Safepoint "EnableBiasedLocking", Time since last: 293253839 ns, Reaching safepoint: 2049849 ns, At safepoint: 40316 ns, Total: 2090165 ns
[2020-09-11T16:52:38.957+0000][1][safepoint    ] Safepoint "RevokeBias", Time since last: 12862981 ns, Reaching safepoint: 3711110 ns, At safepoint: 48543 ns, Total: 3759653 ns
[2020-09-11T16:52:39.045+0000][1][safepoint    ] Safepoint "Deoptimize", Time since last: 81442933 ns, Reaching safepoint: 6511043 ns, At safepoint: 34133 ns, Total: 6545176 ns
[2020-09-11T16:52:39.954+0000][1][safepoint    ] Safepoint "Deoptimize", Time since last: 906585090 ns, Reaching safepoint: 2942008 ns, At safepoint: 35805 ns, Total: 2977813 ns
[2020-09-11T16:52:39.984+0000][1][safepoint    ] Safepoint "Deoptimize", Time since last: 21417457 ns, Reaching safepoint: 8046151 ns, At safepoint: 44945 ns, Total: 8091096 ns
[2020-09-11T16:52:40.273+0000][1][safepoint    ] Safepoint "Deoptimize", Time since last: 288935015 ns, Reaching safepoint: 495361 ns, At safepoint: 48284 ns, Total: 543645 ns
[2020-09-11T16:52:41.282+0000][1][safepoint    ] Safepoint "Cleanup", Time since last: 1007400885 ns, Reaching safepoint: 884358 ns, At safepoint: 6775 ns, Total: 891133 ns
[2020-09-11T16:52:42.286+0000][1][safepoint    ] Safepoint "Cleanup", Time since last: 1003103224 ns, Reaching safepoint: 1367792 ns, At safepoint: 7412 ns, Total: 1375204 ns
[2020-09-11T16:52:43.148+0000][1][safepoint    ] Safepoint "Deoptimize", Time since last: 861626289 ns, Reaching safepoint: 122938 ns, At safepoint: 69372 ns, Total: 192310 ns
[2020-09-11T16:52:43.591+0000][1][safepoint    ] Safepoint "Deoptimize", Time since last: 437621736 ns, Reaching safepoint: 5117138 ns, At safepoint: 79807 ns, Total: 5196945 ns
[2020-09-11T16:52:44.059+0000][1][safepoint    ] Safepoint "Deoptimize", Time since last: 466616979 ns, Reaching safepoint: 1341986 ns, At safepoint: 80888 ns, Total: 1422874 ns
[2020-09-11T16:52:45.087+0000][1][safepoint    ] Safepoint "Cleanup", Time since last: 1000132461 ns, Reaching safepoint: 28192877 ns, At safepoint: 8993 ns, Total: 28201870 ns
[2020-09-11T16:52:46.094+0000][1][safepoint    ] Safepoint "Cleanup", Time since last: 1005604343 ns, Reaching safepoint: 997225 ns, At safepoint: 5530 ns, Total: 1002755 ns
[2020-09-11T16:52:46.459+0000][1][safepoint    ] Safepoint "Deoptimize", Time since last: 364736054 ns, Reaching safepoint: 94960 ns, At safepoint: 89114 ns, Total: 184074 ns
[2020-09-11T16:52:47.459+0000][1][safepoint    ] Safepoint "Cleanup", Time since last: 1000104816 ns, Reaching safepoint: 38527 ns, At safepoint: 4714 ns, Total: 43241 ns
[2020-09-11T16:52:49.296+0000][1][safepoint    ] Safepoint "Deoptimize", Time since last: 1836835509 ns, Reaching safepoint: 101167 ns, At safepoint: 93012 ns, Total: 194179 ns
[2020-09-11T16:52:50.303+0000][1][safepoint    ] Safepoint "Cleanup", Time since last: 1006913862 ns, Reaching safepoint: 112879 ns, At safepoint: 6325 ns, Total: 119204 ns
[2020-09-11T16:52:51.313+0000][1][safepoint    ] Safepoint "Cleanup", Time since last: 1009927967 ns, Reaching safepoint: 121816 ns, At safepoint: 5330 ns, Total: 127146 ns
[2020-09-11T16:52:51.682+0000][1][safepoint    ] Safepoint "Deoptimize", Time since last: 368873335 ns, Reaching safepoint: 103662 ns, At safepoint: 117927 ns, Total: 221589 ns
[2020-09-11T16:52:51.701+0000][1][safepoint    ] Safepoint "Deoptimize", Time since last: 19177945 ns, Reaching safepoint: 92758 ns, At safepoint: 119582 ns, Total: 212340 ns
[2020-09-11T16:52:52.064+0000][1][safepoint    ] Safepoint "Deoptimize", Time since last: 360923633 ns, Reaching safepoint: 1058612 ns, At safepoint: 122055 ns, Total: 1180667 ns
[2020-09-11T16:52:52.111+0000][1][safepoint    ] Safepoint "Deoptimize", Time since last: 45576580 ns, Reaching safepoint: 1654064 ns, At safepoint: 122826 ns, Total: 1776890 ns
[2020-09-11T16:52:52.197+0000][1][safepoint    ] Safepoint "RevokeBias", Time since last: 83707979 ns, Reaching safepoint: 2175246 ns, At safepoint: 41111 ns, Total: 2216357 ns
[2020-09-11T16:52:52.203+0000][1][safepoint    ] Safepoint "RevokeBias", Time since last: 509271 ns, Reaching safepoint: 5173025 ns, At safepoint: 35996 ns, Total: 5209021 ns
[2020-09-11T16:52:52.207+0000][1][safepoint    ] Safepoint "RevokeBias", Time since last: 115356 ns, Reaching safepoint: 3853646 ns, At safepoint: 38850 ns, Total: 3892496 ns
[2020-09-11T16:52:52.207+0000][1][safepoint    ] Safepoint "RevokeBias", Time since last: 202218 ns, Reaching safepoint: 85671 ns, At safepoint: 18530 ns, Total: 104201 ns
[2020-09-11T16:52:52.207+0000][1][safepoint    ] Safepoint "RevokeBias", Time since last: 333073 ns, Reaching safepoint: 153983 ns, At safepoint: 20132 ns, Total: 174115 ns
[2020-09-11T16:52:53.225+0000][1][safepoint    ] Safepoint "Cleanup", Time since last: 1009392237 ns, Reaching safepoint: 7923447 ns, At safepoint: 14567 ns, Total: 7938014 ns
[2020-09-11T16:52:54.235+0000][1][safepoint    ] Safepoint "Cleanup", Time since last: 1009621286 ns, Reaching safepoint: 1140174 ns, At safepoint: 10641 ns, Total: 1150815 ns
[2020-09-11T16:52:55.242+0000][1][safepoint    ] Safepoint "Cleanup", Time since last: 1001295575 ns, Reaching safepoint: 5034243 ns, At safepoint: 13300 ns, Total: 5047543 ns
[2020-09-11T16:52:55.370+0000][1][gc,start     ] GC(0) Pause Young (Allocation Failure)
[2020-09-11T16:52:55.370+0000][1][gc,task      ] GC(0) Using 1 workers of 1 for evacuation
[2020-09-11T16:52:55.458+0000][1][gc,age       ] GC(0) Desired survivor size 4358144 bytes, new threshold 1 (max threshold 6)
[2020-09-11T16:52:55.458+0000][1][gc,age       ] GC(0) Age table with threshold 1 (max threshold 6)
[2020-09-11T16:52:55.458+0000][1][gc,age       ] GC(0) - age   1:    6436984 bytes,    6436984 total
[2020-09-11T16:52:55.458+0000][1][gc,heap      ] GC(0) ParNew: 68160K->6315K(76672K)
[2020-09-11T16:52:55.458+0000][1][gc,heap      ] GC(0) CMS: 0K->0K(439104K)
[2020-09-11T16:52:55.458+0000][1][gc,metaspace ] GC(0) Metaspace: 13625K->13625K(1060864K)
[2020-09-11T16:52:55.458+0000][1][gc           ] GC(0) Pause Young (Allocation Failure) 66M->6M(503M) 87.871ms
[2020-09-11T16:52:55.458+0000][1][gc,cpu       ] GC(0) User=0.01s Sys=0.00s Real=0.09s
[2020-09-11T16:52:55.477+0000][1][safepoint    ] Safepoint "GenCollectForAllocation", Time since last: 128001612 ns, Reaching safepoint: 100901 ns, At safepoint: 106855287 ns, Total: 106956188 ns
[2020-09-11T16:52:55.505+0000][1][safepoint    ] Safepoint "RevokeBias", Time since last: 1040037 ns, Reaching safepoint: 6977234 ns, At safepoint: 20005279 ns, Total: 26982513 ns
[2020-09-11T16:52:55.506+0000][1][safepoint    ] Safepoint "RevokeBias", Time since last: 974620 ns, Reaching safepoint: 202367 ns, At safepoint: 379919 ns, Total: 582286 ns
[2020-09-11T16:52:55.513+0000][1][safepoint    ] Safepoint "RevokeBias", Time since last: 36853 ns, Reaching safepoint: 6410481 ns, At safepoint: 408152 ns, Total: 6818633 ns
[2020-09-11T16:52:55.514+0000][1][safepoint    ] Safepoint "RevokeBias", Time since last: 69496 ns, Reaching safepoint: 349921 ns, At safepoint: 35873 ns, Total: 385794 ns
[2020-09-11T16:52:55.517+0000][1][safepoint    ] Safepoint "RevokeBias", Time since last: 28520 ns, Reaching safepoint: 3087574 ns, At safepoint: 44674 ns, Total: 3132248 ns
[2020-09-11T16:52:55.521+0000][1][safepoint    ] Safepoint "RevokeBias", Time since last: 62509 ns, Reaching safepoint: 3873877 ns, At safepoint: 35465 ns, Total: 3909342 ns
[2020-09-11T16:52:55.521+0000][1][safepoint    ] Safepoint "RevokeBias", Time since last: 36428 ns, Reaching safepoint: 82516 ns, At safepoint: 25756 ns, Total: 108272 ns
[2020-09-11T16:52:55.521+0000][1][safepoint    ] Safepoint "RevokeBias", Time since last: 36098 ns, Reaching safepoint: 80965 ns, At safepoint: 30963 ns, Total: 111928 ns
[2020-09-11T16:52:55.523+0000][1][safepoint    ] Safepoint "RevokeBias", Time since last: 24702 ns, Reaching safepoint: 1766455 ns, At safepoint: 33132 ns, Total: 1799587 ns
[2020-09-11T16:52:55.523+0000][1][safepoint    ] Safepoint "RevokeBias", Time since last: 47069 ns, Reaching safepoint: 82065 ns, At safepoint: 27706 ns, Total: 109771 ns
[2020-09-11T16:52:55.523+0000][1][safepoint    ] Safepoint "RevokeBias", Time since last: 38831 ns, Reaching safepoint: 171237 ns, At safepoint: 30120 ns, Total: 201357 ns
[2020-09-11T16:52:55.523+0000][1][safepoint    ] Safepoint "RevokeBias", Time since last: 32341 ns, Reaching safepoint: 83249 ns, At safepoint: 40889 ns, Total: 124138 ns
[2020-09-11T16:52:55.524+0000][1][safepoint    ] Safepoint "RevokeBias", Time since last: 24558 ns, Reaching safepoint: 80768 ns, At safepoint: 29947 ns, Total: 110715 ns
[2020-09-11T16:52:55.524+0000][1][safepoint    ] Safepoint "RevokeBias", Time since last: 155858 ns, Reaching safepoint: 79929 ns, At safepoint: 459591 ns, Total: 539520 ns
[2020-09-11T16:52:55.524+0000][1][safepoint    ] Safepoint "RevokeBias", Time since last: 26328 ns, Reaching safepoint: 83839 ns, At safepoint: 33922 ns, Total: 117761 ns
[2020-09-11T16:52:55.525+0000][1][safepoint    ] Safepoint "RevokeBias", Time since last: 243103 ns, Reaching safepoint: 73112 ns, At safepoint: 268927 ns, Total: 342039 ns
[2020-09-11T16:52:55.529+0000][1][safepoint    ] Safepoint "RevokeBias", Time since last: 27596 ns, Reaching safepoint: 3746984 ns, At safepoint: 45616 ns, Total: 3792600 ns
[2020-09-11T16:52:55.530+0000][1][safepoint    ] Safepoint "RevokeBias", Time since last: 237888 ns, Reaching safepoint: 943642 ns, At safepoint: 270784 ns, Total: 1214426 ns
[2020-09-11T16:52:55.534+0000][1][safepoint    ] Safepoint "RevokeBias", Time since last: 33033 ns, Reaching safepoint: 2446253 ns, At safepoint: 1271143 ns, Total: 3717396 ns
[2020-09-11T16:52:55.539+0000][1][safepoint    ] Safepoint "RevokeBias", Time since last: 77539 ns, Reaching safepoint: 4742260 ns, At safepoint: 50738 ns, Total: 4792998 ns
[2020-09-11T16:52:55.541+0000][1][safepoint    ] Safepoint "RevokeBias", Time since last: 915438 ns, Reaching safepoint: 934436 ns, At safepoint: 39586 ns, Total: 974022 ns
[2020-09-11T16:52:55.543+0000][1][safepoint    ] Safepoint "RevokeBias", Time since last: 66961 ns, Reaching safepoint: 2150470 ns, At safepoint: 34753 ns, Total: 2185223 ns
[2020-09-11T16:52:55.561+0000][1][safepoint    ] Safepoint "RevokeBias", Time since last: 13701438 ns, Reaching safepoint: 2996055 ns, At safepoint: 1013688 ns, Total: 4009743 ns
[2020-09-11T16:52:55.561+0000][1][safepoint    ] Safepoint "RevokeBias", Time since last: 140611 ns, Reaching safepoint: 87789 ns, At safepoint: 32860 ns, Total: 120649 ns
[2020-09-11T16:52:55.561+0000][1][safepoint    ] Safepoint "RevokeBias", Time since last: 26830 ns, Reaching safepoint: 82219 ns, At safepoint: 26316 ns, Total: 108535 ns
[2020-09-11T16:52:55.561+0000][1][safepoint    ] Safepoint "RevokeBias", Time since last: 36894 ns, Reaching safepoint: 81695 ns, At safepoint: 24350 ns, Total: 106045 ns
[2020-09-11T16:52:55.561+0000][1][safepoint    ] Safepoint "RevokeBias", Time since last: 24660 ns, Reaching safepoint: 80381 ns, At safepoint: 22858 ns, Total: 103239 ns
[2020-09-11T16:52:55.562+0000][1][safepoint    ] Safepoint "RevokeBias", Time since last: 37148 ns, Reaching safepoint: 80279 ns, At safepoint: 22976 ns, Total: 103255 ns
[2020-09-11T16:52:55.562+0000][1][safepoint    ] Safepoint "RevokeBias", Time since last: 23556 ns, Reaching safepoint: 80719 ns, At safepoint: 22402 ns, Total: 103121 ns
[2020-09-11T16:52:55.562+0000][1][safepoint    ] Safepoint "RevokeBias", Time since last: 101942 ns, Reaching safepoint: 80218 ns, At safepoint: 23134 ns, Total: 103352 ns
[2020-09-11T16:52:55.562+0000][1][safepoint    ] Safepoint "RevokeBias", Time since last: 22852 ns, Reaching safepoint: 78905 ns, At safepoint: 22812 ns, Total: 101717 ns
[2020-09-11T16:52:55.809+0000][1][safepoint    ] Safepoint "Deoptimize", Time since last: 240511706 ns, Reaching safepoint: 6277908 ns, At safepoint: 205363 ns, Total: 6483271 ns
[2020-09-11T16:52:56.813+0000][1][safepoint    ] Safepoint "Cleanup", Time since last: 1000113605 ns, Reaching safepoint: 3662194 ns, At safepoint: 14207 ns, Total: 3676401 ns
[2020-09-11T16:52:57.827+0000][1][safepoint    ] Safepoint "Cleanup", Time since last: 1009010288 ns, Reaching safepoint: 5064756 ns, At safepoint: 16063 ns, Total: 5080819 ns
[2020-09-11T16:52:58.033+0000][1][safepoint    ] Safepoint "RevokeBias", Time since last: 205870370 ns, Reaching safepoint: 110138 ns, At safepoint: 39432 ns, Total: 149570 ns
[2020-09-11T16:52:59.040+0000][1][safepoint    ] Safepoint "Cleanup", Time since last: 1006896021 ns, Reaching safepoint: 114100 ns, At safepoint: 6426 ns, Total: 120526 ns
[2020-09-11T16:53:00.041+0000][1][safepoint    ] Safepoint "Cleanup", Time since last: 1000446367 ns, Reaching safepoint: 411226 ns, At safepoint: 7046 ns, Total: 418272 ns
[2020-09-11T16:53:00.351+0000][1][safepoint    ] Safepoint "Deoptimize", Time since last: 307968345 ns, Reaching safepoint: 1795930 ns, At safepoint: 188002 ns, Total: 1983932 ns
[2020-09-11T16:53:00.622+0000][1][gc,start     ] GC(1) Pause Young (Allocation Failure)
[2020-09-11T16:53:00.622+0000][1][gc,task      ] GC(1) Using 1 workers of 1 for evacuation
[2020-09-11T16:53:00.814+0000][1][gc,age       ] GC(1) Desired survivor size 4358144 bytes, new threshold 6 (max threshold 6)
[2020-09-11T16:53:00.814+0000][1][gc,age       ] GC(1) Age table with threshold 6 (max threshold 6)
[2020-09-11T16:53:00.814+0000][1][gc,age       ] GC(1) - age   1:    3021360 bytes,    3021360 total
[2020-09-11T16:53:00.814+0000][1][gc,heap      ] GC(1) ParNew: 74475K->4218K(76672K)
[2020-09-11T16:53:00.814+0000][1][gc,heap      ] GC(1) CMS: 0K->6826K(439104K)
[2020-09-11T16:53:00.814+0000][1][gc,metaspace ] GC(1) Metaspace: 18061K->18061K(1064960K)
[2020-09-11T16:53:00.814+0000][1][gc           ] GC(1) Pause Young (Allocation Failure) 72M->10M(503M) 192.507ms
[2020-09-11T16:53:00.814+0000][1][gc,cpu       ] GC(1) User=0.04s Sys=0.00s Real=0.19s
[2020-09-11T16:53:00.829+0000][1][safepoint    ] Safepoint "GenCollectForAllocation", Time since last: 270023551 ns, Reaching safepoint: 706690 ns, At safepoint: 207309178 ns, Total: 208015868 ns
[2020-09-11T16:53:00.877+0000][1][safepoint    ] Safepoint "BulkRevokeBias", Time since last: 41985041 ns, Reaching safepoint: 6006778 ns, At safepoint: 136990 ns, Total: 6143768 ns
[2020-09-11T16:53:00.881+0000][1][safepoint    ] Safepoint "RevokeBias", Time since last: 3915378 ns, Reaching safepoint: 110733 ns, At safepoint: 54203 ns, Total: 164936 ns
[2020-09-11T16:53:00.887+0000][1][safepoint    ] Safepoint "RevokeBias", Time since last: 63450 ns, Reaching safepoint: 5883918 ns, At safepoint: 86819 ns, Total: 5970737 ns
[2020-09-11T16:53:00.887+0000][1][safepoint    ] Safepoint "RevokeBias", Time since last: 80284 ns, Reaching safepoint: 155212 ns, At safepoint: 45035 ns, Total: 200247 ns
[2020-09-11T16:53:00.889+0000][1][safepoint    ] Safepoint "RevokeBias", Time since last: 28300 ns, Reaching safepoint: 1417615 ns, At safepoint: 51474 ns, Total: 1469089 ns
[2020-09-11T16:53:00.889+0000][1][safepoint    ] Safepoint "RevokeBias", Time since last: 43618 ns, Reaching safepoint: 84708 ns, At safepoint: 40048 ns, Total: 124756 ns
[2020-09-11T16:53:00.893+0000][1][safepoint    ] Safepoint "RevokeBias", Time since last: 26674 ns, Reaching safepoint: 3768396 ns, At safepoint: 71165 ns, Total: 3839561 ns
[2020-09-11T16:53:00.909+0000][1][safepoint    ] Safepoint "BulkRevokeBias", Time since last: 74931 ns, Reaching safepoint: 83870 ns, At safepoint: 15767496 ns, Total: 15851366 ns
[2020-09-11T16:53:00.909+0000][1][safepoint    ] Safepoint "BulkRevokeBias", Time since last: 62479 ns, Reaching safepoint: 541948 ns, At safepoint: 78115 ns, Total: 620063 ns
[2020-09-11T16:53:01.595+0000][1][safepoint    ] Safepoint "Deoptimize", Time since last: 685402302 ns, Reaching safepoint: 119359 ns, At safepoint: 191174 ns, Total: 310533 ns
[2020-09-11T16:53:01.661+0000][1][safepoint    ] Safepoint "Deoptimize", Time since last: 62684391 ns, Reaching safepoint: 2952251 ns, At safepoint: 191962 ns, Total: 3144213 ns
[2020-09-11T16:53:02.669+0000][1][safepoint    ] Safepoint "Cleanup", Time since last: 1007101565 ns, Reaching safepoint: 666803 ns, At safepoint: 8742 ns, Total: 675545 ns
[2020-09-11T16:53:03.066+0000][1][safepoint    ] Safepoint "Deoptimize", Time since last: 395991824 ns, Reaching safepoint: 1104587 ns, At safepoint: 198791 ns, Total: 1303378 ns
[2020-09-11T16:53:03.069+0000][1][safepoint    ] Safepoint "RevokeBias", Time since last: 521706 ns, Reaching safepoint: 2170660 ns, At safepoint: 47016 ns, Total: 2217676 ns
[2020-09-11T16:53:03.073+0000][1][safepoint    ] Safepoint "Deoptimize", Time since last: 926873 ns, Reaching safepoint: 3039875 ns, At safepoint: 201969 ns, Total: 3241844 ns
[2020-09-11T16:53:04.081+0000][1][safepoint    ] Safepoint "Cleanup", Time since last: 1003794961 ns, Reaching safepoint: 4032211 ns, At safepoint: 15030 ns, Total: 4047241 ns
[2020-09-11T16:53:05.097+0000][1][safepoint    ] Safepoint "Cleanup", Time since last: 1011925758 ns, Reaching safepoint: 4042194 ns, At safepoint: 14756 ns, Total: 4056950 ns
[2020-09-11T16:53:05.145+0000][1][gc,start     ] GC(2) Pause Young (Allocation Failure)
[2020-09-11T16:53:05.145+0000][1][gc,task      ] GC(2) Using 1 workers of 1 for evacuation
[2020-09-11T16:53:05.208+0000][1][gc,age       ] GC(2) Desired survivor size 4358144 bytes, new threshold 2 (max threshold 6)
[2020-09-11T16:53:05.208+0000][1][gc,age       ] GC(2) Age table with threshold 2 (max threshold 6)
[2020-09-11T16:53:05.208+0000][1][gc,age       ] GC(2) - age   1:    3075520 bytes,    3075520 total
[2020-09-11T16:53:05.208+0000][1][gc,age       ] GC(2) - age   2:    2937480 bytes,    6013000 total
[2020-09-11T16:53:05.208+0000][1][gc,heap      ] GC(2) ParNew: 72378K->6548K(76672K)
[2020-09-11T16:53:05.208+0000][1][gc,heap      ] GC(2) CMS: 6826K->6826K(439104K)
[2020-09-11T16:53:05.208+0000][1][gc,metaspace ] GC(2) Metaspace: 20106K->20106K(1067008K)
[2020-09-11T16:53:05.209+0000][1][gc           ] GC(2) Pause Young (Allocation Failure) 77M->13M(503M) 63.703ms
[2020-09-11T16:53:05.209+0000][1][gc,cpu       ] GC(2) User=0.02s Sys=0.00s Real=0.06s
[2020-09-11T16:53:05.244+0000][1][safepoint    ] Safepoint "GenCollectForAllocation", Time since last: 45448590 ns, Reaching safepoint: 2514894 ns, At safepoint: 99046777 ns, Total: 101561671 ns
[2020-09-11T16:53:05.303+0000][1][safepoint    ] Safepoint "RevokeBias", Time since last: 20416701 ns, Reaching safepoint: 1583490 ns, At safepoint: 37425142 ns, Total: 39008632 ns
[2020-09-11T16:53:05.317+0000][1][safepoint    ] Safepoint "RevokeBias", Time since last: 83848 ns, Reaching safepoint: 13458441 ns, At safepoint: 80246 ns, Total: 13538687 ns
[2020-09-11T16:53:05.327+0000][1][safepoint    ] Safepoint "RevokeBias", Time since last: 10037236 ns, Reaching safepoint: 100684 ns, At safepoint: 46433 ns, Total: 147117 ns
[2020-09-11T16:53:05.327+0000][1][safepoint    ] Safepoint "RevokeBias", Time since last: 60298 ns, Reaching safepoint: 81957 ns, At safepoint: 34332 ns, Total: 116289 ns
[2020-09-11T16:53:05.327+0000][1][safepoint    ] Safepoint "RevokeBias", Time since last: 34636 ns, Reaching safepoint: 81337 ns, At safepoint: 31361 ns, Total: 112698 ns
[2020-09-11T16:53:05.328+0000][1][safepoint    ] Safepoint "RevokeBias", Time since last: 32920 ns, Reaching safepoint: 80494 ns, At safepoint: 30065 ns, Total: 110559 ns
[2020-09-11T16:53:05.328+0000][1][safepoint    ] Safepoint "RevokeBias", Time since last: 32054 ns, Reaching safepoint: 89323 ns, At safepoint: 33989 ns, Total: 123312 ns
[2020-09-11T16:53:05.328+0000][1][safepoint    ] Safepoint "RevokeBias", Time since last: 41657 ns, Reaching safepoint: 78634 ns, At safepoint: 27800 ns, Total: 106434 ns
[2020-09-11T16:53:05.328+0000][1][safepoint    ] Safepoint "RevokeBias", Time since last: 29855 ns, Reaching safepoint: 78950 ns, At safepoint: 27290 ns, Total: 106240 ns
[2020-09-11T16:53:05.328+0000][1][safepoint    ] Safepoint "RevokeBias", Time since last: 30636 ns, Reaching safepoint: 80170 ns, At safepoint: 27953 ns, Total: 108123 ns
[2020-09-11T16:53:05.353+0000][1][safepoint    ] Safepoint "RevokeBias", Time since last: 25211621 ns, Reaching safepoint: 105035 ns, At safepoint: 39464 ns, Total: 144499 ns
[2020-09-11T16:53:06.358+0000][1][safepoint    ] Safepoint "Cleanup", Time since last: 1003298007 ns, Reaching safepoint: 799468 ns, At safepoint: 8137 ns, Total: 807605 ns
[2020-09-11T16:53:06.673+0000][1][gc,start     ] GC(3) Pause Young (Allocation Failure)
[2020-09-11T16:53:06.673+0000][1][gc,task      ] GC(3) Using 1 workers of 1 for evacuation
[2020-09-11T16:53:06.735+0000][1][gc,age       ] GC(3) Desired survivor size 4358144 bytes, new threshold 6 (max threshold 6)
[2020-09-11T16:53:06.735+0000][1][gc,age       ] GC(3) Age table with threshold 6 (max threshold 6)
[2020-09-11T16:53:06.735+0000][1][gc,age       ] GC(3) - age   1:     976848 bytes,     976848 total
[2020-09-11T16:53:06.735+0000][1][gc,age       ] GC(3) - age   2:    1328824 bytes,    2305672 total
[2020-09-11T16:53:06.735+0000][1][gc,heap      ] GC(3) ParNew: 74708K->5211K(76672K)
[2020-09-11T16:53:06.735+0000][1][gc,heap      ] GC(3) CMS: 6826K->9718K(439104K)
[2020-09-11T16:53:06.735+0000][1][gc,metaspace ] GC(3) Metaspace: 20365K->20365K(1067008K)
[2020-09-11T16:53:06.735+0000][1][gc           ] GC(3) Pause Young (Allocation Failure) 79M->14M(503M) 62.030ms
[2020-09-11T16:53:06.735+0000][1][gc,cpu       ] GC(3) User=0.01s Sys=0.00s Real=0.06s
[2020-09-11T16:53:06.765+0000][1][safepoint    ] Safepoint "GenCollectForAllocation", Time since last: 315334544 ns, Reaching safepoint: 111647 ns, At safepoint: 91830443 ns, Total: 91942090 ns
[2020-09-11T16:53:06.814+0000][1][safepoint    ] Safepoint "RevokeBias", Time since last: 27909130 ns, Reaching safepoint: 21503419 ns, At safepoint: 40754 ns, Total: 21544173 ns
[2020-09-11T16:53:06.820+0000][1][safepoint    ] Safepoint "RevokeBias", Time since last: 5146468 ns, Reaching safepoint: 105016 ns, At safepoint: 50994 ns, Total: 156010 ns
[2020-09-11T16:53:06.821+0000][1][safepoint    ] Safepoint "RevokeBias", Time since last: 1004721 ns, Reaching safepoint: 83751 ns, At safepoint: 19179 ns, Total: 102930 ns
[2020-09-11T16:53:06.837+0000][1][safepoint    ] Safepoint "RevokeBias", Time since last: 16105133 ns, Reaching safepoint: 239287 ns, At safepoint: 32232 ns, Total: 271519 ns
[2020-09-11T16:53:06.837+0000][1][safepoint    ] Safepoint "RevokeBias", Time since last: 78025 ns, Reaching safepoint: 80354 ns, At safepoint: 15710 ns, Total: 96064 ns
[2020-09-11T16:53:06.837+0000][1][safepoint    ] Safepoint "RevokeBias", Time since last: 31782 ns, Reaching safepoint: 80049 ns, At safepoint: 21470 ns, Total: 101519 ns
[2020-09-11T16:53:06.838+0000][1][safepoint    ] Safepoint "RevokeBias", Time since last: 38065 ns, Reaching safepoint: 80016 ns, At safepoint: 21283 ns, Total: 101299 ns
[2020-09-11T16:53:06.838+0000][1][safepoint    ] Safepoint "RevokeBias", Time since last: 30303 ns, Reaching safepoint: 79993 ns, At safepoint: 22856 ns, Total: 102849 ns
[2020-09-11T16:53:07.842+0000][1][safepoint    ] Safepoint "Cleanup", Time since last: 1004477007 ns, Reaching safepoint: 111648 ns, At safepoint: 6775 ns, Total: 118423 ns
[2020-09-11T16:53:07.949+0000][1][safepoint    ] Safepoint "CollectForMetadataAllocation", Time since last: 106584443 ns, Reaching safepoint: 58135 ns, At safepoint: 138504 ns, Total: 196639 ns
[2020-09-11T16:53:08.229+0000][1][safepoint    ] Safepoint "CollectForMetadataAllocation", Time since last: 275303458 ns, Reaching safepoint: 4814432 ns, At safepoint: 129421 ns, Total: 4943853 ns
[2020-09-11T16:53:08.380+0000][1][gc,start     ] GC(4) Pause Young (Allocation Failure)
[2020-09-11T16:53:08.380+0000][1][gc,task      ] GC(4) Using 1 workers of 1 for evacuation
[2020-09-11T16:53:08.426+0000][1][gc,age       ] GC(4) Desired survivor size 4358144 bytes, new threshold 6 (max threshold 6)
[2020-09-11T16:53:08.426+0000][1][gc,age       ] GC(4) Age table with threshold 6 (max threshold 6)
[2020-09-11T16:53:08.426+0000][1][gc,age       ] GC(4) - age   1:    2003440 bytes,    2003440 total
[2020-09-11T16:53:08.426+0000][1][gc,age       ] GC(4) - age   2:     351576 bytes,    2355016 total
[2020-09-11T16:53:08.426+0000][1][gc,age       ] GC(4) - age   3:    1328728 bytes,    3683744 total
[2020-09-11T16:53:08.426+0000][1][gc,heap      ] GC(4) ParNew: 73371K->4294K(76672K)
[2020-09-11T16:53:08.426+0000][1][gc,heap      ] GC(4) CMS: 9718K->9718K(439104K)
[2020-09-11T16:53:08.426+0000][1][gc,metaspace ] GC(4) Metaspace: 20893K->20893K(1069056K)
[2020-09-11T16:53:08.426+0000][1][gc           ] GC(4) Pause Young (Allocation Failure) 81M->13M(503M) 46.266ms
[2020-09-11T16:53:08.426+0000][1][gc,cpu       ] GC(4) User=0.01s Sys=0.00s Real=0.05s
[2020-09-11T16:53:08.449+0000][1][safepoint    ] Safepoint "GenCollectForAllocation", Time since last: 150739761 ns, Reaching safepoint: 104197 ns, At safepoint: 68753139 ns, Total: 68857336 ns
[2020-09-11T16:53:08.473+0000][1][gc,start     ] GC(5) Pause Initial Mark
[2020-09-11T16:53:08.489+0000][1][gc           ] GC(5) Pause Initial Mark 17M->17M(503M) 15.960ms
[2020-09-11T16:53:08.489+0000][1][gc,cpu       ] GC(5) User=0.00s Sys=0.00s Real=0.01s
[2020-09-11T16:53:08.514+0000][1][safepoint    ] Safepoint "BulkRevokeBias", Time since last: 16615137 ns, Reaching safepoint: 7300066 ns, At safepoint: 41135730 ns, Total: 48435796 ns
[2020-09-11T16:53:08.514+0000][1][gc           ] GC(5) Concurrent Mark
[2020-09-11T16:53:08.578+0000][1][safepoint    ] Safepoint "RevokeBias", Time since last: 24810503 ns, Reaching safepoint: 39125414 ns, At safepoint: 37539 ns, Total: 39162953 ns
[2020-09-11T16:53:08.622+0000][1][safepoint    ] Safepoint "RevokeBias", Time since last: 36364463 ns, Reaching safepoint: 7413850 ns, At safepoint: 29701 ns, Total: 7443551 ns
[2020-09-11T16:53:08.622+0000][1][safepoint    ] Safepoint "RevokeBias", Time since last: 71666 ns, Reaching safepoint: 80001 ns, At safepoint: 18163 ns, Total: 98164 ns
[2020-09-11T16:53:08.629+0000][1][safepoint    ] Safepoint "RevokeBias", Time since last: 49846 ns, Reaching safepoint: 6848125 ns, At safepoint: 36631 ns, Total: 6884756 ns
[2020-09-11T16:53:08.629+0000][1][safepoint    ] Safepoint "RevokeBias", Time since last: 61566 ns, Reaching safepoint: 80289 ns, At safepoint: 19558 ns, Total: 99847 ns
[2020-09-11T16:53:08.632+0000][1][gc           ] GC(5) Concurrent Mark 117.611ms
[2020-09-11T16:53:08.632+0000][1][gc,cpu       ] GC(5) User=0.02s Sys=0.01s Real=0.11s
[2020-09-11T16:53:08.632+0000][1][gc           ] GC(5) Concurrent Preclean
[2020-09-11T16:53:08.632+0000][1][gc           ] GC(5) Concurrent Preclean 0.640ms
[2020-09-11T16:53:08.632+0000][1][gc,cpu       ] GC(5) User=0.00s Sys=0.00s Real=0.00s
[2020-09-11T16:53:08.632+0000][1][gc           ] GC(5) Concurrent Abortable Preclean
[2020-09-11T16:53:09.515+0000][1][safepoint    ] Safepoint "RevokeBias", Time since last: 867823939 ns, Reaching safepoint: 18594890 ns, At safepoint: 11997 ns, Total: 18606887 ns
[2020-09-11T16:53:09.516+0000][1][safepoint    ] Safepoint "RevokeBias", Time since last: 76714 ns, Reaching safepoint: 8955 ns, At safepoint: 4567 ns, Total: 13522 ns
[2020-09-11T16:53:09.523+0000][1][safepoint    ] Safepoint "Deoptimize", Time since last: 7364498 ns, Reaching safepoint: 42449 ns, At safepoint: 229005 ns, Total: 271454 ns
[2020-09-11T16:53:09.593+0000][1][safepoint    ] Safepoint "CollectForMetadataAllocation", Time since last: 70080674 ns, Reaching safepoint: 102931 ns, At safepoint: 82922 ns, Total: 185853 ns
[2020-09-11T16:53:10.173+0000][1][safepoint    ] Safepoint "Deoptimize", Time since last: 559356062 ns, Reaching safepoint: 20065615 ns, At safepoint: 227419 ns, Total: 20293034 ns
[2020-09-11T16:53:10.499+0000][1][gc,start     ] GC(6) Pause Young (Allocation Failure)
[2020-09-11T16:53:10.499+0000][1][gc,task      ] GC(6) Using 1 workers of 1 for evacuation
[2020-09-11T16:53:10.575+0000][1][gc,age       ] GC(6) Desired survivor size 4358144 bytes, new threshold 4 (max threshold 6)
[2020-09-11T16:53:10.576+0000][1][gc,age       ] GC(6) Age table with threshold 4 (max threshold 6)
[2020-09-11T16:53:10.576+0000][1][gc,age       ] GC(6) - age   1:    2505560 bytes,    2505560 total
[2020-09-11T16:53:10.576+0000][1][gc,age       ] GC(6) - age   2:    1252304 bytes,    3757864 total
[2020-09-11T16:53:10.576+0000][1][gc,age       ] GC(6) - age   3:     351576 bytes,    4109440 total
[2020-09-11T16:53:10.576+0000][1][gc,age       ] GC(6) - age   4:    1328728 bytes,    5438168 total
[2020-09-11T16:53:10.576+0000][1][gc,heap      ] GC(6) ParNew: 72454K->6469K(76672K)
[2020-09-11T16:53:10.576+0000][1][gc,heap      ] GC(6) CMS: 9718K->9718K(439104K)
[2020-09-11T16:53:10.576+0000][1][gc,metaspace ] GC(6) Metaspace: 21207K->21207K(1069056K)
[2020-09-11T16:53:10.576+0000][1][gc           ] GC(6) Pause Young (Allocation Failure) 80M->15M(503M) 77.087ms
[2020-09-11T16:53:10.576+0000][1][gc,cpu       ] GC(6) User=0.02s Sys=0.00s Real=0.08s
[2020-09-11T16:53:10.637+0000][1][safepoint    ] Safepoint "GenCollectForAllocation", Time since last: 325380849 ns, Reaching safepoint: 64288 ns, At safepoint: 138263494 ns, Total: 138327782 ns
[2020-09-11T16:53:10.689+0000][1][safepoint    ] Safepoint "RevokeBias", Time since last: 36009560 ns, Reaching safepoint: 16148684 ns, At safepoint: 36090 ns, Total: 16184774 ns
[2020-09-11T16:53:10.741+0000][1][safepoint    ] Safepoint "RevokeBias", Time since last: 27857630 ns, Reaching safepoint: 23991355 ns, At safepoint: 29690 ns, Total: 24021045 ns
[2020-09-11T16:53:10.741+0000][1][safepoint    ] Safepoint "RevokeBias", Time since last: 92502 ns, Reaching safepoint: 10941 ns, At safepoint: 14994 ns, Total: 25935 ns
[2020-09-11T16:53:10.741+0000][1][safepoint    ] Safepoint "RevokeBias", Time since last: 25905 ns, Reaching safepoint: 8440 ns, At safepoint: 12948 ns, Total: 21388 ns
[2020-09-11T16:53:10.741+0000][1][safepoint    ] Safepoint "RevokeBias", Time since last: 29143 ns, Reaching safepoint: 8734 ns, At safepoint: 13025 ns, Total: 21759 ns
[2020-09-11T16:53:10.741+0000][1][safepoint    ] Safepoint "RevokeBias", Time since last: 23411 ns, Reaching safepoint: 7642 ns, At safepoint: 12567 ns, Total: 20209 ns
[2020-09-11T16:53:11.455+0000][1][gc           ] GC(5) Concurrent Abortable Preclean 2822.609ms
[2020-09-11T16:53:11.455+0000][1][gc,cpu       ] GC(5) User=0.55s Sys=0.01s Real=2.83s
[2020-09-11T16:53:11.466+0000][1][gc,start     ] GC(5) Pause Remark
[2020-09-11T16:53:11.639+0000][1][gc           ] GC(5) Pause Remark 63M->63M(503M) 173.036ms
[2020-09-11T16:53:11.639+0000][1][gc,cpu       ] GC(5) User=0.04s Sys=0.00s Real=0.17s
[2020-09-11T16:53:11.690+0000][1][safepoint    ] Safepoint "CMS_Final_Remark", Time since last: 713911214 ns, Reaching safepoint: 10848760 ns, At safepoint: 224381203 ns, Total: 235229963 ns
[2020-09-11T16:53:11.690+0000][1][gc           ] GC(5) Concurrent Sweep
[2020-09-11T16:53:11.693+0000][1][gc           ] GC(5) Concurrent Sweep 2.386ms
[2020-09-11T16:53:11.701+0000][1][gc,cpu       ] GC(5) User=0.00s Sys=0.00s Real=0.02s
[2020-09-11T16:53:11.701+0000][1][gc           ] GC(5) Concurrent Reset
[2020-09-11T16:53:11.702+0000][1][gc           ] GC(5) Concurrent Reset 0.657ms
[2020-09-11T16:53:11.702+0000][1][gc,cpu       ] GC(5) User=0.00s Sys=0.00s Real=0.00s
[2020-09-11T16:53:11.702+0000][1][gc,heap      ] GC(5) Old: 9718K->9716K(439104K)
[2020-09-11T16:53:11.981+0000][1][safepoint    ] Safepoint "RevokeBias", Time since last: 290334023 ns, Reaching safepoint: 342841 ns, At safepoint: 48796 ns, Total: 391637 ns
[2020-09-11T16:53:12.113+0000][1][gc,start     ] GC(7) Pause Young (Allocation Failure)
[2020-09-11T16:53:12.113+0000][1][gc,task      ] GC(7) Using 1 workers of 1 for evacuation
[2020-09-11T16:53:12.196+0000][1][gc,age       ] GC(7) Desired survivor size 4358144 bytes, new threshold 6 (max threshold 6)
[2020-09-11T16:53:12.196+0000][1][gc,age       ] GC(7) Age table with threshold 6 (max threshold 6)
[2020-09-11T16:53:12.196+0000][1][gc,age       ] GC(7) - age   1:    1204584 bytes,    1204584 total
[2020-09-11T16:53:12.196+0000][1][gc,age       ] GC(7) - age   2:    1525920 bytes,    2730504 total
[2020-09-11T16:53:12.196+0000][1][gc,age       ] GC(7) - age   3:    1251696 bytes,    3982200 total
[2020-09-11T16:53:12.196+0000][1][gc,age       ] GC(7) - age   4:     351576 bytes,    4333776 total
[2020-09-11T16:53:12.196+0000][1][gc,heap      ] GC(7) ParNew: 74629K->4791K(76672K)
[2020-09-11T16:53:12.196+0000][1][gc,heap      ] GC(7) CMS: 9716K->11025K(439104K)
[2020-09-11T16:53:12.196+0000][1][gc,metaspace ] GC(7) Metaspace: 21305K->21305K(1069056K)
[2020-09-11T16:53:12.196+0000][1][gc           ] GC(7) Pause Young (Allocation Failure) 82M->15M(503M) 83.245ms
[2020-09-11T16:53:12.196+0000][1][gc,cpu       ] GC(7) User=0.02s Sys=0.00s Real=0.08s
[2020-09-11T16:53:12.217+0000][1][safepoint    ] Safepoint "GenCollectForAllocation", Time since last: 131828451 ns, Reaching safepoint: 100281 ns, At safepoint: 103908797 ns, Total: 104009078 ns
[2020-09-11T16:53:12.241+0000][1][safepoint    ] Safepoint "RevokeBias", Time since last: 24072526 ns, Reaching safepoint: 95199 ns, At safepoint: 62375 ns, Total: 157574 ns
[2020-09-11T16:53:12.257+0000][1][safepoint    ] Safepoint "RevokeBias", Time since last: 50105 ns, Reaching safepoint: 15702572 ns, At safepoint: 93877 ns, Total: 15796449 ns
[2020-09-11T16:53:12.257+0000][1][safepoint    ] Safepoint "RevokeBias", Time since last: 89170 ns, Reaching safepoint: 81192 ns, At safepoint: 19450 ns, Total: 100642 ns
[2020-09-11T16:53:12.279+0000][1][safepoint    ] Safepoint "RevokeBias", Time since last: 21193085 ns, Reaching safepoint: 829245 ns, At safepoint: 60451 ns, Total: 889696 ns
[2020-09-11T16:53:13.287+0000][1][safepoint    ] Safepoint "Cleanup", Time since last: 1007457886 ns, Reaching safepoint: 113031 ns, At safepoint: 6506 ns, Total: 119537 ns
[2020-09-11T16:53:13.322+0000][1][gc,start     ] GC(8) Pause Young (Allocation Failure)
[2020-09-11T16:53:13.322+0000][1][gc,task      ] GC(8) Using 1 workers of 1 for evacuation
[2020-09-11T16:53:13.376+0000][1][gc,age       ] GC(8) Desired survivor size 4358144 bytes, new threshold 4 (max threshold 6)
[2020-09-11T16:53:13.376+0000][1][gc,age       ] GC(8) Age table with threshold 4 (max threshold 6)
[2020-09-11T16:53:13.376+0000][1][gc,age       ] GC(8) - age   1:    1331424 bytes,    1331424 total
[2020-09-11T16:53:13.376+0000][1][gc,age       ] GC(8) - age   2:     445608 bytes,    1777032 total
[2020-09-11T16:53:13.376+0000][1][gc,age       ] GC(8) - age   3:    1523984 bytes,    3301016 total
[2020-09-11T16:53:13.376+0000][1][gc,age       ] GC(8) - age   4:    1251040 bytes,    4552056 total
[2020-09-11T16:53:13.376+0000][1][gc,age       ] GC(8) - age   5:     351576 bytes,    4903632 total
[2020-09-11T16:53:13.376+0000][1][gc,heap      ] GC(8) ParNew: 72951K->8512K(76672K)
[2020-09-11T16:53:13.376+0000][1][gc,heap      ] GC(8) CMS: 11025K->11025K(439104K)
[2020-09-11T16:53:13.376+0000][1][gc,metaspace ] GC(8) Metaspace: 21486K->21486K(1069056K)
[2020-09-11T16:53:13.376+0000][1][gc           ] GC(8) Pause Young (Allocation Failure) 82M->19M(503M) 53.835ms
[2020-09-11T16:53:13.376+0000][1][gc,cpu       ] GC(8) User=0.02s Sys=0.00s Real=0.05s
[2020-09-11T16:53:13.411+0000][1][safepoint    ] Safepoint "GenCollectForAllocation", Time since last: 35015734 ns, Reaching safepoint: 97729 ns, At safepoint: 89144882 ns, Total: 89242611 ns
[2020-09-11T16:53:13.433+0000][1][safepoint    ] Safepoint "RevokeBias", Time since last: 21804082 ns, Reaching safepoint: 33864 ns, At safepoint: 51504 ns, Total: 85368 ns
[2020-09-11T16:53:13.433+0000][1][safepoint    ] Safepoint "RevokeBias", Time since last: 55472 ns, Reaching safepoint: 9986 ns, At safepoint: 25126 ns, Total: 35112 ns
[2020-09-11T16:53:13.433+0000][1][safepoint    ] Safepoint "RevokeBias", Time since last: 46315 ns, Reaching safepoint: 9057 ns, At safepoint: 23199 ns, Total: 32256 ns
[2020-09-11T16:53:13.433+0000][1][safepoint    ] Safepoint "RevokeBias", Time since last: 23066 ns, Reaching safepoint: 7963 ns, At safepoint: 22131 ns, Total: 30094 ns
[2020-09-11T16:53:14.309+0000][1][gc,start     ] GC(9) Pause Young (Allocation Failure)
[2020-09-11T16:53:14.309+0000][1][gc,task      ] GC(9) Using 1 workers of 1 for evacuation
[2020-09-11T16:53:14.369+0000][1][gc,age       ] GC(9) Desired survivor size 4358144 bytes, new threshold 4 (max threshold 6)
[2020-09-11T16:53:14.369+0000][1][gc,age       ] GC(9) Age table with threshold 4 (max threshold 6)
[2020-09-11T16:53:14.369+0000][1][gc,age       ] GC(9) - age   1:    1915040 bytes,    1915040 total
[2020-09-11T16:53:14.369+0000][1][gc,age       ] GC(9) - age   2:     829344 bytes,    2744384 total
[2020-09-11T16:53:14.369+0000][1][gc,age       ] GC(9) - age   3:     445528 bytes,    3189912 total
[2020-09-11T16:53:14.369+0000][1][gc,age       ] GC(9) - age   4:    1523984 bytes,    4713896 total
[2020-09-11T16:53:14.369+0000][1][gc,heap      ] GC(9) ParNew: 76672K->5777K(76672K)
[2020-09-11T16:53:14.369+0000][1][gc,heap      ] GC(9) CMS: 11025K->12608K(439104K)
[2020-09-11T16:53:14.369+0000][1][gc,metaspace ] GC(9) Metaspace: 21577K->21577K(1069056K)
[2020-09-11T16:53:14.369+0000][1][gc           ] GC(9) Pause Young (Allocation Failure) 85M->17M(503M) 60.530ms
[2020-09-11T16:53:14.369+0000][1][gc,cpu       ] GC(9) User=0.01s Sys=0.00s Real=0.06s
[2020-09-11T16:53:14.384+0000][1][safepoint    ] Safepoint "GenCollectForAllocation", Time since last: 871687131 ns, Reaching safepoint: 4025325 ns, At safepoint: 75575646 ns, Total: 79600971 ns
[2020-09-11T16:53:14.403+0000][1][safepoint    ] Safepoint "RevokeBias", Time since last: 16928875 ns, Reaching safepoint: 1198245 ns, At safepoint: 821512 ns, Total: 2019757 ns
[2020-09-11T16:53:14.406+0000][1][safepoint    ] Safepoint "RevokeBias", Time since last: 55823 ns, Reaching safepoint: 1389846 ns, At safepoint: 988656 ns, Total: 2378502 ns
[2020-09-11T16:53:14.417+0000][1][safepoint    ] Safepoint "RevokeBias", Time since last: 60681 ns, Reaching safepoint: 11347555 ns, At safepoint: 42774 ns, Total: 11390329 ns
[2020-09-11T16:53:14.437+0000][1][safepoint    ] Safepoint "RevokeBias", Time since last: 16579307 ns, Reaching safepoint: 2996913 ns, At safepoint: 52360 ns, Total: 3049273 ns
[2020-09-11T16:53:14.830+0000][1][safepoint    ] Safepoint "RevokeBias", Time since last: 392898121 ns, Reaching safepoint: 114758 ns, At safepoint: 15502 ns, Total: 130260 ns
[2020-09-11T16:53:14.830+0000][1][safepoint    ] Safepoint "RevokeBias", Time since last: 433978 ns, Reaching safepoint: 12928 ns, At safepoint: 7640 ns, Total: 20568 ns
[2020-09-11T16:53:15.433+0000][1][gc,start     ] GC(10) Pause Young (Allocation Failure)
[2020-09-11T16:53:15.433+0000][1][gc,task      ] GC(10) Using 1 workers of 1 for evacuation
[2020-09-11T16:53:15.495+0000][1][gc,age       ] GC(10) Desired survivor size 4358144 bytes, new threshold 6 (max threshold 6)
[2020-09-11T16:53:15.495+0000][1][gc,age       ] GC(10) Age table with threshold 6 (max threshold 6)
[2020-09-11T16:53:15.495+0000][1][gc,age       ] GC(10) - age   1:    2316544 bytes,    2316544 total
[2020-09-11T16:53:15.495+0000][1][gc,age       ] GC(10) - age   2:     112896 bytes,    2429440 total
[2020-09-11T16:53:15.495+0000][1][gc,age       ] GC(10) - age   3:     829344 bytes,    3258784 total
[2020-09-11T16:53:15.495+0000][1][gc,age       ] GC(10) - age   4:     445504 bytes,    3704288 total
[2020-09-11T16:53:15.495+0000][1][gc,heap      ] GC(10) ParNew: 73937K->4174K(76672K)
[2020-09-11T16:53:15.495+0000][1][gc,heap      ] GC(10) CMS: 12608K->14109K(439104K)
[2020-09-11T16:53:15.495+0000][1][gc,metaspace ] GC(10) Metaspace: 21721K->21721K(1069056K)
[2020-09-11T16:53:15.495+0000][1][gc           ] GC(10) Pause Young (Allocation Failure) 84M->17M(503M) 62.592ms
[2020-09-11T16:53:15.495+0000][1][gc,cpu       ] GC(10) User=0.02s Sys=0.00s Real=0.06s
[2020-09-11T16:53:15.525+0000][1][safepoint    ] Safepoint "GenCollectForAllocation", Time since last: 601257632 ns, Reaching safepoint: 1195995 ns, At safepoint: 91996156 ns, Total: 93192151 ns
[2020-09-11T16:53:15.542+0000][1][safepoint    ] Safepoint "RevokeBias", Time since last: 16636549 ns, Reaching safepoint: 109735 ns, At safepoint: 45187 ns, Total: 154922 ns
[2020-09-11T16:53:15.542+0000][1][safepoint    ] Safepoint "RevokeBias", Time since last: 67244 ns, Reaching safepoint: 80975 ns, At safepoint: 30112 ns, Total: 111087 ns
[2020-09-11T16:53:15.542+0000][1][safepoint    ] Safepoint "BulkRevokeBias", Time since last: 51332 ns, Reaching safepoint: 81554 ns, At safepoint: 71956 ns, Total: 153510 ns
[2020-09-11T16:53:15.561+0000][1][safepoint    ] Safepoint "BulkRevokeBias", Time since last: 18820281 ns, Reaching safepoint: 33220 ns, At safepoint: 64222 ns, Total: 97442 ns
[2020-09-11T16:53:16.599+0000][1][safepoint    ] Safepoint "Cleanup", Time since last: 1019204639 ns, Reaching safepoint: 18772972 ns, At safepoint: 13414 ns, Total: 18786386 ns
[2020-09-11T16:53:17.097+0000][1][gc,start     ] GC(11) Pause Young (Allocation Failure)
[2020-09-11T16:53:17.097+0000][1][gc,task      ] GC(11) Using 1 workers of 1 for evacuation
[2020-09-11T16:53:17.144+0000][1][gc,age       ] GC(11) Desired survivor size 4358144 bytes, new threshold 6 (max threshold 6)
[2020-09-11T16:53:17.144+0000][1][gc,age       ] GC(11) Age table with threshold 6 (max threshold 6)
[2020-09-11T16:53:17.144+0000][1][gc,age       ] GC(11) - age   1:    1412624 bytes,    1412624 total
[2020-09-11T16:53:17.144+0000][1][gc,age       ] GC(11) - age   2:     403720 bytes,    1816344 total
[2020-09-11T16:53:17.144+0000][1][gc,age       ] GC(11) - age   3:     112792 bytes,    1929136 total
[2020-09-11T16:53:17.144+0000][1][gc,age       ] GC(11) - age   4:     829344 bytes,    2758480 total
[2020-09-11T16:53:17.144+0000][1][gc,age       ] GC(11) - age   5:     445504 bytes,    3203984 total
[2020-09-11T16:53:17.144+0000][1][gc,heap      ] GC(11) ParNew: 72334K->3756K(76672K)
[2020-09-11T16:53:17.144+0000][1][gc,heap      ] GC(11) CMS: 14109K->14109K(439104K)
[2020-09-11T16:53:17.144+0000][1][gc,metaspace ] GC(11) Metaspace: 22636K->22636K(1071104K)
[2020-09-11T16:53:17.144+0000][1][gc           ] GC(11) Pause Young (Allocation Failure) 84M->17M(503M) 46.909ms
[2020-09-11T16:53:17.144+0000][1][gc,cpu       ] GC(11) User=0.01s Sys=0.00s Real=0.05s
[2020-09-11T16:53:17.177+0000][1][safepoint    ] Safepoint "GenCollectForAllocation", Time since last: 497917426 ns, Reaching safepoint: 108217 ns, At safepoint: 79889358 ns, Total: 79997575 ns
[2020-09-11T16:53:18.005+0000][1][gc,start     ] GC(12) Pause Young (Allocation Failure)
[2020-09-11T16:53:18.005+0000][1][gc,task      ] GC(12) Using 1 workers of 1 for evacuation
[2020-09-11T16:53:18.034+0000][1][gc,age       ] GC(12) Desired survivor size 4358144 bytes, new threshold 6 (max threshold 6)
[2020-09-11T16:53:18.034+0000][1][gc,age       ] GC(12) Age table with threshold 6 (max threshold 6)
[2020-09-11T16:53:18.034+0000][1][gc,age       ] GC(12) - age   1:     378928 bytes,     378928 total
[2020-09-11T16:53:18.034+0000][1][gc,age       ] GC(12) - age   2:     577856 bytes,     956784 total
[2020-09-11T16:53:18.034+0000][1][gc,age       ] GC(12) - age   3:     403720 bytes,    1360504 total
[2020-09-11T16:53:18.034+0000][1][gc,age       ] GC(12) - age   4:     112688 bytes,    1473192 total
[2020-09-11T16:53:18.034+0000][1][gc,age       ] GC(12) - age   5:     829056 bytes,    2302248 total
[2020-09-11T16:53:18.034+0000][1][gc,age       ] GC(12) - age   6:     445504 bytes,    2747752 total
[2020-09-11T16:53:18.034+0000][1][gc,heap      ] GC(12) ParNew: 71916K->3285K(76672K)
[2020-09-11T16:53:18.034+0000][1][gc,heap      ] GC(12) CMS: 14109K->14109K(439104K)
[2020-09-11T16:53:18.034+0000][1][gc,metaspace ] GC(12) Metaspace: 22660K->22660K(1071104K)
[2020-09-11T16:53:18.034+0000][1][gc           ] GC(12) Pause Young (Allocation Failure) 84M->16M(503M) 29.203ms
[2020-09-11T16:53:18.034+0000][1][gc,cpu       ] GC(12) User=0.01s Sys=0.00s Real=0.03s
[2020-09-11T16:53:18.061+0000][1][safepoint    ] Safepoint "GenCollectForAllocation", Time since last: 828018553 ns, Reaching safepoint: 101990 ns, At safepoint: 55904770 ns, Total: 56006760 ns
[2020-09-11T16:53:18.857+0000][1][gc,start     ] GC(13) Pause Young (Allocation Failure)
[2020-09-11T16:53:18.857+0000][1][gc,task      ] GC(13) Using 1 workers of 1 for evacuation
[2020-09-11T16:53:18.915+0000][1][gc,age       ] GC(13) Desired survivor size 4358144 bytes, new threshold 6 (max threshold 6)
[2020-09-11T16:53:18.915+0000][1][gc,age       ] GC(13) Age table with threshold 6 (max threshold 6)
[2020-09-11T16:53:18.915+0000][1][gc,age       ] GC(13) - age   1:    1754000 bytes,    1754000 total
[2020-09-11T16:53:18.916+0000][1][gc,age       ] GC(13) - age   2:     203272 bytes,    1957272 total
[2020-09-11T16:53:18.916+0000][1][gc,age       ] GC(13) - age   3:     577744 bytes,    2535016 total
[2020-09-11T16:53:18.916+0000][1][gc,age       ] GC(13) - age   4:     403720 bytes,    2938736 total
[2020-09-11T16:53:18.916+0000][1][gc,age       ] GC(13) - age   5:     112688 bytes,    3051424 total
[2020-09-11T16:53:18.916+0000][1][gc,age       ] GC(13) - age   6:     829056 bytes,    3880480 total
[2020-09-11T16:53:18.916+0000][1][gc,heap      ] GC(13) ParNew: 71445K->5667K(76672K)
[2020-09-11T16:53:18.916+0000][1][gc,heap      ] GC(13) CMS: 14109K->14547K(439104K)
[2020-09-11T16:53:18.916+0000][1][gc,metaspace ] GC(13) Metaspace: 22763K->22763K(1071104K)
[2020-09-11T16:53:18.916+0000][1][gc           ] GC(13) Pause Young (Allocation Failure) 83M->19M(503M) 58.254ms
[2020-09-11T16:53:18.916+0000][1][gc,cpu       ] GC(13) User=0.02s Sys=0.00s Real=0.06s
[2020-09-11T16:53:18.945+0000][1][safepoint    ] Safepoint "GenCollectForAllocation", Time since last: 796406335 ns, Reaching safepoint: 104964 ns, At safepoint: 87474661 ns, Total: 87579625 ns
[2020-09-11T16:53:19.829+0000][1][gc,start     ] GC(14) Pause Young (Allocation Failure)
[2020-09-11T16:53:19.829+0000][1][gc,task      ] GC(14) Using 1 workers of 1 for evacuation
[2020-09-11T16:53:19.852+0000][1][gc,age       ] GC(14) Desired survivor size 4358144 bytes, new threshold 6 (max threshold 6)
[2020-09-11T16:53:19.852+0000][1][gc,age       ] GC(14) Age table with threshold 6 (max threshold 6)
[2020-09-11T16:53:19.852+0000][1][gc,age       ] GC(14) - age   1:    1179680 bytes,    1179680 total
[2020-09-11T16:53:19.852+0000][1][gc,age       ] GC(14) - age   2:     103448 bytes,    1283128 total
[2020-09-11T16:53:19.852+0000][1][gc,age       ] GC(14) - age   3:     203272 bytes,    1486400 total
[2020-09-11T16:53:19.852+0000][1][gc,age       ] GC(14) - age   4:     577744 bytes,    2064144 total
[2020-09-11T16:53:19.852+0000][1][gc,age       ] GC(14) - age   5:     403720 bytes,    2467864 total
[2020-09-11T16:53:19.852+0000][1][gc,age       ] GC(14) - age   6:     112688 bytes,    2580552 total
[2020-09-11T16:53:19.852+0000][1][gc,heap      ] GC(14) ParNew: 73827K->3550K(76672K)
[2020-09-11T16:53:19.852+0000][1][gc,heap      ] GC(14) CMS: 14547K->15363K(439104K)
[2020-09-11T16:53:19.852+0000][1][gc,metaspace ] GC(14) Metaspace: 22843K->22843K(1071104K)
[2020-09-11T16:53:19.852+0000][1][gc           ] GC(14) Pause Young (Allocation Failure) 86M->18M(503M) 23.112ms
[2020-09-11T16:53:19.852+0000][1][gc,cpu       ] GC(14) User=0.00s Sys=0.00s Real=0.02s
[2020-09-11T16:53:19.889+0000][1][safepoint    ] Safepoint "GenCollectForAllocation", Time since last: 882710320 ns, Reaching safepoint: 1281767 ns, At safepoint: 60034451 ns, Total: 61316218 ns
[2020-09-11T16:53:20.675+0000][1][gc,start     ] GC(15) Pause Young (Allocation Failure)
[2020-09-11T16:53:20.675+0000][1][gc,task      ] GC(15) Using 1 workers of 1 for evacuation
[2020-09-11T16:53:20.708+0000][1][gc,age       ] GC(15) Desired survivor size 4358144 bytes, new threshold 6 (max threshold 6)
[2020-09-11T16:53:20.708+0000][1][gc,age       ] GC(15) Age table with threshold 6 (max threshold 6)
[2020-09-11T16:53:20.708+0000][1][gc,age       ] GC(15) - age   1:    2146280 bytes,    2146280 total
[2020-09-11T16:53:20.708+0000][1][gc,age       ] GC(15) - age   2:     314632 bytes,    2460912 total
[2020-09-11T16:53:20.708+0000][1][gc,age       ] GC(15) - age   3:     103448 bytes,    2564360 total
[2020-09-11T16:53:20.708+0000][1][gc,age       ] GC(15) - age   4:     203272 bytes,    2767632 total
[2020-09-11T16:53:20.708+0000][1][gc,age       ] GC(15) - age   5:     577744 bytes,    3345376 total
[2020-09-11T16:53:20.708+0000][1][gc,age       ] GC(15) - age   6:     403720 bytes,    3749096 total
[2020-09-11T16:53:20.708+0000][1][gc,heap      ] GC(15) ParNew: 71710K->5555K(76672K)
[2020-09-11T16:53:20.708+0000][1][gc,heap      ] GC(15) CMS: 15363K->15476K(439104K)
[2020-09-11T16:53:20.708+0000][1][gc,metaspace ] GC(15) Metaspace: 22928K->22928K(1071104K)
[2020-09-11T16:53:20.708+0000][1][gc           ] GC(15) Pause Young (Allocation Failure) 85M->20M(503M) 33.448ms
[2020-09-11T16:53:20.708+0000][1][gc,cpu       ] GC(15) User=0.01s Sys=0.00s Real=0.03s
[2020-09-11T16:53:20.739+0000][1][safepoint    ] Safepoint "GenCollectForAllocation", Time since last: 785400077 ns, Reaching safepoint: 600643 ns, At safepoint: 63917055 ns, Total: 64517698 ns
[2020-09-11T16:53:21.489+0000][1][gc,start     ] GC(16) Pause Young (Allocation Failure)
[2020-09-11T16:53:21.489+0000][1][gc,task      ] GC(16) Using 1 workers of 1 for evacuation
[2020-09-11T16:53:21.519+0000][1][gc,age       ] GC(16) Desired survivor size 4358144 bytes, new threshold 6 (max threshold 6)
[2020-09-11T16:53:21.519+0000][1][gc,age       ] GC(16) Age table with threshold 6 (max threshold 6)
[2020-09-11T16:53:21.519+0000][1][gc,age       ] GC(16) - age   1:    1504336 bytes,    1504336 total
[2020-09-11T16:53:21.519+0000][1][gc,age       ] GC(16) - age   2:     105144 bytes,    1609480 total
[2020-09-11T16:53:21.519+0000][1][gc,age       ] GC(16) - age   3:     314632 bytes,    1924112 total
[2020-09-11T16:53:21.519+0000][1][gc,age       ] GC(16) - age   4:     103448 bytes,    2027560 total
[2020-09-11T16:53:21.519+0000][1][gc,age       ] GC(16) - age   5:     203120 bytes,    2230680 total
[2020-09-11T16:53:21.519+0000][1][gc,age       ] GC(16) - age   6:     577744 bytes,    2808424 total
[2020-09-11T16:53:21.519+0000][1][gc,heap      ] GC(16) ParNew: 73715K->3440K(76672K)
[2020-09-11T16:53:21.519+0000][1][gc,heap      ] GC(16) CMS: 15476K->15875K(439104K)
[2020-09-11T16:53:21.519+0000][1][gc,metaspace ] GC(16) Metaspace: 22948K->22948K(1071104K)
[2020-09-11T16:53:21.519+0000][1][gc           ] GC(16) Pause Young (Allocation Failure) 87M->18M(503M) 30.234ms
[2020-09-11T16:53:21.519+0000][1][gc,cpu       ] GC(16) User=0.00s Sys=0.00s Real=0.03s
[2020-09-11T16:53:21.553+0000][1][safepoint    ] Safepoint "GenCollectForAllocation", Time since last: 748270281 ns, Reaching safepoint: 1781459 ns, At safepoint: 64108035 ns, Total: 65889494 ns
[2020-09-11T16:53:21.717+0000][1][safepoint    ] Safepoint "Deoptimize", Time since last: 160260868 ns, Reaching safepoint: 3648499 ns, At safepoint: 248896 ns, Total: 3897395 ns
[2020-09-11T16:53:22.745+0000][1][safepoint    ] Safepoint "Cleanup", Time since last: 1011849083 ns, Reaching safepoint: 15675966 ns, At safepoint: 8925 ns, Total: 15684891 ns
[2020-09-11T16:53:23.672+0000][1][safepoint    ] Safepoint "RevokeBias", Time since last: 927278532 ns, Reaching safepoint: 252027 ns, At safepoint: 37030 ns, Total: 289057 ns
[2020-09-11T16:53:23.672+0000][1][safepoint    ] Safepoint "RevokeBias", Time since last: 209681 ns, Reaching safepoint: 81400 ns, At safepoint: 7374 ns, Total: 88774 ns
[2020-09-11T16:53:24.673+0000][1][safepoint    ] Safepoint "Cleanup", Time since last: 1000098905 ns, Reaching safepoint: 233863 ns, At safepoint: 7087 ns, Total: 240950 ns
[2020-09-11T16:53:25.717+0000][1][safepoint    ] Safepoint "Cleanup", Time since last: 1039972185 ns, Reaching safepoint: 4039595 ns, At safepoint: 14044 ns, Total: 4053639 ns
[2020-09-11T16:53:25.953+0000][1][safepoint    ] Safepoint "Deoptimize", Time since last: 236184713 ns, Reaching safepoint: 110094 ns, At safepoint: 277652 ns, Total: 387746 ns
[2020-09-11T16:53:26.969+0000][1][safepoint    ] Safepoint "Cleanup", Time since last: 1015397691 ns, Reaching safepoint: 253222 ns, At safepoint: 8477 ns, Total: 261699 ns
[2020-09-11T16:53:27.969+0000][1][safepoint    ] Safepoint "Cleanup", Time since last: 1000113232 ns, Reaching safepoint: 30968 ns, At safepoint: 6774 ns, Total: 37742 ns
[2020-09-11T16:53:28.981+0000][1][safepoint    ] Safepoint "Cleanup", Time since last: 1011553964 ns, Reaching safepoint: 119859 ns, At safepoint: 6880 ns, Total: 126739 ns
[2020-09-11T16:53:30.005+0000][1][safepoint    ] Safepoint "Cleanup", Time since last: 1003874917 ns, Reaching safepoint: 20044019 ns, At safepoint: 14622 ns, Total: 20058641 ns
[2020-09-11T16:53:30.843+0000][1][gc,start     ] GC(17) Pause Young (Allocation Failure)
[2020-09-11T16:53:30.843+0000][1][gc,task      ] GC(17) Using 1 workers of 1 for evacuation
[2020-09-11T16:53:30.978+0000][1][gc,age       ] GC(17) Desired survivor size 4358144 bytes, new threshold 1 (max threshold 6)
[2020-09-11T16:53:30.978+0000][1][gc,age       ] GC(17) Age table with threshold 1 (max threshold 6)
[2020-09-11T16:53:30.978+0000][1][gc,age       ] GC(17) - age   1:    7094464 bytes,    7094464 total
[2020-09-11T16:53:30.978+0000][1][gc,age       ] GC(17) - age   2:     156904 bytes,    7251368 total
[2020-09-11T16:53:30.978+0000][1][gc,age       ] GC(17) - age   3:     104648 bytes,    7356016 total
[2020-09-11T16:53:30.978+0000][1][gc,age       ] GC(17) - age   4:     312368 bytes,    7668384 total
[2020-09-11T16:53:30.978+0000][1][gc,age       ] GC(17) - age   5:     103168 bytes,    7771552 total
[2020-09-11T16:53:30.978+0000][1][gc,age       ] GC(17) - age   6:     203120 bytes,    7974672 total
[2020-09-11T16:53:30.978+0000][1][gc,heap      ] GC(17) ParNew: 71600K->8512K(76672K)
[2020-09-11T16:53:30.978+0000][1][gc,heap      ] GC(17) CMS: 15875K->16447K(439104K)
[2020-09-11T16:53:30.978+0000][1][gc,metaspace ] GC(17) Metaspace: 29690K->29690K(1077248K)
[2020-09-11T16:53:30.978+0000][1][gc           ] GC(17) Pause Young (Allocation Failure) 85M->24M(503M) 135.150ms
[2020-09-11T16:53:30.978+0000][1][gc,cpu       ] GC(17) User=0.02s Sys=0.00s Real=0.13s
[2020-09-11T16:53:31.009+0000][1][safepoint    ] Safepoint "GenCollectForAllocation", Time since last: 831968581 ns, Reaching safepoint: 6102781 ns, At safepoint: 165886413 ns, Total: 171989194 ns
[2020-09-11T16:53:32.031+0000][1][safepoint    ] Safepoint "Cleanup", Time since last: 1022062341 ns, Reaching safepoint: 109961 ns, At safepoint: 6975 ns, Total: 116936 ns
[2020-09-11T16:53:33.065+0000][1][safepoint    ] Safepoint "Cleanup", Time since last: 1009798318 ns, Reaching safepoint: 24048482 ns, At safepoint: 13069 ns, Total: 24061551 ns
[2020-09-11T16:53:34.090+0000][1][safepoint    ] Safepoint "Cleanup", Time since last: 1007955700 ns, Reaching safepoint: 17108130 ns, At safepoint: 11870 ns, Total: 17120000 ns
[2020-09-11T16:53:35.117+0000][1][safepoint    ] Safepoint "Cleanup", Time since last: 1010878246 ns, Reaching safepoint: 16032831 ns, At safepoint: 8464 ns, Total: 16041295 ns
[2020-09-11T16:53:36.153+0000][1][safepoint    ] Safepoint "Cleanup", Time since last: 1031939814 ns, Reaching safepoint: 4026583 ns, At safepoint: 11361 ns, Total: 4037944 ns
[2020-09-11T16:53:37.161+0000][1][safepoint    ] Safepoint "Cleanup", Time since last: 1000111967 ns, Reaching safepoint: 7898654 ns, At safepoint: 17092 ns, Total: 7915746 ns
[2020-09-11T16:53:38.170+0000][1][safepoint    ] Safepoint "Cleanup", Time since last: 1000107071 ns, Reaching safepoint: 8965069 ns, At safepoint: 10742 ns, Total: 8975811 ns
[2020-09-11T16:53:38.356+0000][1][gc,start     ] GC(18) Pause Young (Allocation Failure)
[2020-09-11T16:53:38.356+0000][1][gc,task      ] GC(18) Using 1 workers of 1 for evacuation
[2020-09-11T16:53:38.804+0000][1][gc,age       ] GC(18) Desired survivor size 4358144 bytes, new threshold 1 (max threshold 6)
[2020-09-11T16:53:38.804+0000][1][gc,age       ] GC(18) Age table with threshold 1 (max threshold 6)
[2020-09-11T16:53:38.804+0000][1][gc,age       ] GC(18) - age   1:    8171808 bytes,    8171808 total
[2020-09-11T16:53:38.804+0000][1][gc,heap      ] GC(18) ParNew: 76672K->8512K(76672K)
[2020-09-11T16:53:38.804+0000][1][gc,heap      ] GC(18) CMS: 16447K->24258K(439104K)
[2020-09-11T16:53:38.804+0000][1][gc,metaspace ] GC(18) Metaspace: 29838K->29838K(1077248K)
[2020-09-11T16:53:38.805+0000][1][gc           ] GC(18) Pause Young (Allocation Failure) 90M->32M(503M) 448.933ms
[2020-09-11T16:53:38.805+0000][1][gc,cpu       ] GC(18) User=0.08s Sys=0.00s Real=0.45s
[2020-09-11T16:53:38.810+0000][1][safepoint    ] Safepoint "GenCollectForAllocation", Time since last: 185550190 ns, Reaching safepoint: 107156 ns, At safepoint: 454586232 ns, Total: 454693388 ns
[2020-09-11T16:53:39.869+0000][1][safepoint    ] Safepoint "Cleanup", Time since last: 1044881788 ns, Reaching safepoint: 13787785 ns, At safepoint: 14272 ns, Total: 13802057 ns
[2020-09-11T16:53:40.873+0000][1][safepoint    ] Safepoint "Cleanup", Time since last: 1003955524 ns, Reaching safepoint: 110721 ns, At safepoint: 6917 ns, Total: 117638 ns
[2020-09-11T16:53:41.881+0000][1][safepoint    ] Safepoint "Cleanup", Time since last: 1007864750 ns, Reaching safepoint: 109545 ns, At safepoint: 6830 ns, Total: 116375 ns
[2020-09-11T16:53:44.929+0000][1][gc,start     ] GC(19) Pause Young (Allocation Failure)
[2020-09-11T16:53:44.930+0000][1][gc,task      ] GC(19) Using 1 workers of 1 for evacuation
[2020-09-11T16:53:45.140+0000][1][gc,age       ] GC(19) Desired survivor size 4358144 bytes, new threshold 1 (max threshold 6)
[2020-09-11T16:53:45.140+0000][1][gc,age       ] GC(19) Age table with threshold 1 (max threshold 6)
[2020-09-11T16:53:45.140+0000][1][gc,age       ] GC(19) - age   1:    8300432 bytes,    8300432 total
[2020-09-11T16:53:45.140+0000][1][gc,heap      ] GC(19) ParNew: 76672K->8512K(76672K)
[2020-09-11T16:53:45.140+0000][1][gc,heap      ] GC(19) CMS: 24258K->32381K(439104K)
[2020-09-11T16:53:45.140+0000][1][gc,metaspace ] GC(19) Metaspace: 29881K->29881K(1077248K)
[2020-09-11T16:53:45.140+0000][1][gc           ] GC(19) Pause Young (Allocation Failure) 98M->39M(503M) 210.787ms
[2020-09-11T16:53:45.140+0000][1][gc,cpu       ] GC(19) User=0.05s Sys=0.00s Real=0.21s
[2020-09-11T16:53:45.177+0000][1][safepoint    ] Safepoint "GenCollectForAllocation", Time since last: 3048451327 ns, Reaching safepoint: 95393 ns, At safepoint: 247226957 ns, Total: 247322350 ns
[2020-09-11T16:53:46.804+0000][1][safepoint    ] Safepoint "RevokeBias", Time since last: 1626758306 ns, Reaching safepoint: 114988 ns, At safepoint: 40034 ns, Total: 155022 ns
[2020-09-11T16:53:47.809+0000][1][safepoint    ] Safepoint "Cleanup", Time since last: 1005238930 ns, Reaching safepoint: 129724 ns, At safepoint: 7104 ns, Total: 136828 ns
[2020-09-11T16:53:47.965+0000][1][safepoint    ] Safepoint "RevokeBias", Time since last: 155825936 ns, Reaching safepoint: 120067 ns, At safepoint: 37698 ns, Total: 157765 ns
[2020-09-11T16:53:48.969+0000][1][safepoint    ] Safepoint "Cleanup", Time since last: 1001243321 ns, Reaching safepoint: 2652851 ns, At safepoint: 8837 ns, Total: 2661688 ns
[2020-09-11T16:53:49.981+0000][1][safepoint    ] Safepoint "Cleanup", Time since last: 1011949462 ns, Reaching safepoint: 120011 ns, At safepoint: 7311 ns, Total: 127322 ns
[2020-09-11T16:53:50.493+0000][1][gc,start     ] GC(20) Pause Young (Allocation Failure)
[2020-09-11T16:53:50.493+0000][1][gc,task      ] GC(20) Using 1 workers of 1 for evacuation
[2020-09-11T16:53:50.694+0000][1][gc,age       ] GC(20) Desired survivor size 4358144 bytes, new threshold 1 (max threshold 6)
[2020-09-11T16:53:50.694+0000][1][gc,age       ] GC(20) Age table with threshold 1 (max threshold 6)
[2020-09-11T16:53:50.694+0000][1][gc,age       ] GC(20) - age   1:    5657832 bytes,    5657832 total
[2020-09-11T16:53:50.694+0000][1][gc,heap      ] GC(20) ParNew: 76672K->7986K(76672K)
[2020-09-11T16:53:50.694+0000][1][gc,heap      ] GC(20) CMS: 32381K->39990K(439104K)
[2020-09-11T16:53:50.694+0000][1][gc,metaspace ] GC(20) Metaspace: 32118K->32118K(1079296K)
[2020-09-11T16:53:50.694+0000][1][gc           ] GC(20) Pause Young (Allocation Failure) 106M->46M(503M) 200.437ms
[2020-09-11T16:53:50.694+0000][1][gc,cpu       ] GC(20) User=0.04s Sys=0.00s Real=0.20s
[2020-09-11T16:53:50.733+0000][1][safepoint    ] Safepoint "GenCollectForAllocation", Time since last: 512313175 ns, Reaching safepoint: 95277 ns, At safepoint: 239458575 ns, Total: 239553852 ns
[2020-09-11T16:53:51.713+0000][1][safepoint    ] Safepoint "Deoptimize", Time since last: 980024667 ns, Reaching safepoint: 82472 ns, At safepoint: 348034 ns, Total: 430506 ns
[2020-09-11T16:53:52.217+0000][1][safepoint    ] Safepoint "RevokeBias", Time since last: 503642156 ns, Reaching safepoint: 111666 ns, At safepoint: 50190 ns, Total: 161856 ns
[2020-09-11T16:53:52.217+0000][1][safepoint    ] Safepoint "RevokeBias", Time since last: 210638 ns, Reaching safepoint: 82217 ns, At safepoint: 36203 ns, Total: 118420 ns
[2020-09-11T16:53:53.249+0000][1][safepoint    ] Safepoint "Cleanup", Time since last: 1015420510 ns, Reaching safepoint: 16027548 ns, At safepoint: 13947 ns, Total: 16041495 ns
[2020-09-11T16:53:54.262+0000][1][safepoint    ] Safepoint "Cleanup", Time since last: 1000106631 ns, Reaching safepoint: 12938447 ns, At safepoint: 10460 ns, Total: 12948907 ns
[2020-09-11T16:53:55.278+0000][1][safepoint    ] Safepoint "Cleanup", Time since last: 1010871829 ns, Reaching safepoint: 5103345 ns, At safepoint: 9823 ns, Total: 5113168 ns
[2020-09-11T16:53:55.353+0000][1][safepoint    ] Safepoint "Deoptimize", Time since last: 74936776 ns, Reaching safepoint: 114063 ns, At safepoint: 353281 ns, Total: 467344 ns
[2020-09-11T16:53:56.661+0000][1][gc,start     ] GC(21) Pause Young (Allocation Failure)
[2020-09-11T16:53:56.661+0000][1][gc,task      ] GC(21) Using 1 workers of 1 for evacuation
[2020-09-11T16:53:56.756+0000][1][gc,age       ] GC(21) Desired survivor size 4358144 bytes, new threshold 6 (max threshold 6)
[2020-09-11T16:53:56.756+0000][1][gc,age       ] GC(21) Age table with threshold 6 (max threshold 6)
[2020-09-11T16:53:56.756+0000][1][gc,age       ] GC(21) - age   1:     886816 bytes,     886816 total
[2020-09-11T16:53:56.756+0000][1][gc,heap      ] GC(21) ParNew: 76146K->6140K(76672K)
[2020-09-11T16:53:56.756+0000][1][gc,heap      ] GC(21) CMS: 39990K->45441K(439104K)
[2020-09-11T16:53:56.756+0000][1][gc,metaspace ] GC(21) Metaspace: 32414K->32414K(1079296K)
[2020-09-11T16:53:56.756+0000][1][gc           ] GC(21) Pause Young (Allocation Failure) 113M->50M(503M) 94.664ms
[2020-09-11T16:53:56.756+0000][1][gc,cpu       ] GC(21) User=0.02s Sys=0.00s Real=0.09s
[2020-09-11T16:53:56.781+0000][1][safepoint    ] Safepoint "GenCollectForAllocation", Time since last: 1307950024 ns, Reaching safepoint: 148358 ns, At safepoint: 119425474 ns, Total: 119573832 ns
[2020-09-11T16:53:57.850+0000][1][safepoint    ] Safepoint "Cleanup", Time since last: 1039999722 ns, Reaching safepoint: 29068571 ns, At safepoint: 9392 ns, Total: 29077963 ns
[2020-09-11T16:53:58.331+0000][1][gc,start     ] GC(22) Pause Young (Allocation Failure)
[2020-09-11T16:53:58.331+0000][1][gc,task      ] GC(22) Using 1 workers of 1 for evacuation
[2020-09-11T16:53:58.346+0000][1][gc,age       ] GC(22) Desired survivor size 4358144 bytes, new threshold 6 (max threshold 6)
[2020-09-11T16:53:58.346+0000][1][gc,age       ] GC(22) Age table with threshold 6 (max threshold 6)
[2020-09-11T16:53:58.346+0000][1][gc,age       ] GC(22) - age   1:     250264 bytes,     250264 total
[2020-09-11T16:53:58.346+0000][1][gc,age       ] GC(22) - age   2:     438440 bytes,     688704 total
[2020-09-11T16:53:58.346+0000][1][gc,heap      ] GC(22) ParNew: 74300K->1697K(76672K)
[2020-09-11T16:53:58.346+0000][1][gc,heap      ] GC(22) CMS: 45441K->45441K(439104K)
[2020-09-11T16:53:58.346+0000][1][gc,metaspace ] GC(22) Metaspace: 32426K->32426K(1079296K)
[2020-09-11T16:53:58.346+0000][1][gc           ] GC(22) Pause Young (Allocation Failure) 116M->46M(503M) 15.330ms
[2020-09-11T16:53:58.346+0000][1][gc,cpu       ] GC(22) User=0.00s Sys=0.00s Real=0.02s
[2020-09-11T16:53:58.350+0000][1][safepoint    ] Safepoint "GenCollectForAllocation", Time since last: 480631032 ns, Reaching safepoint: 103589 ns, At safepoint: 19465135 ns, Total: 19568724 ns
[2020-09-11T16:53:59.365+0000][1][safepoint    ] Safepoint "Cleanup", Time since last: 1014710161 ns, Reaching safepoint: 142387 ns, At safepoint: 6801 ns, Total: 149188 ns
[2020-09-11T16:53:59.373+0000][1][gc,start     ] GC(23) Pause Young (Allocation Failure)
[2020-09-11T16:53:59.373+0000][1][gc,task      ] GC(23) Using 1 workers of 1 for evacuation
[2020-09-11T16:53:59.388+0000][1][gc,age       ] GC(23) Desired survivor size 4358144 bytes, new threshold 6 (max threshold 6)
[2020-09-11T16:53:59.388+0000][1][gc,age       ] GC(23) Age table with threshold 6 (max threshold 6)
[2020-09-11T16:53:59.388+0000][1][gc,age       ] GC(23) - age   1:         40 bytes,         40 total
[2020-09-11T16:53:59.388+0000][1][gc,age       ] GC(23) - age   2:     250176 bytes,     250216 total
[2020-09-11T16:53:59.388+0000][1][gc,age       ] GC(23) - age   3:     438440 bytes,     688656 total
[2020-09-11T16:53:59.388+0000][1][gc,heap      ] GC(23) ParNew: 69857K->1185K(76672K)
[2020-09-11T16:53:59.388+0000][1][gc,heap      ] GC(23) CMS: 45441K->45441K(439104K)
[2020-09-11T16:53:59.388+0000][1][gc,metaspace ] GC(23) Metaspace: 32427K->32427K(1079296K)
[2020-09-11T16:53:59.388+0000][1][gc           ] GC(23) Pause Young (Allocation Failure) 112M->45M(503M) 15.305ms
[2020-09-11T16:53:59.388+0000][1][gc,cpu       ] GC(23) User=0.00s Sys=0.00s Real=0.02s
[2020-09-11T16:53:59.393+0000][1][safepoint    ] Safepoint "GenCollectForAllocation", Time since last: 7535286 ns, Reaching safepoint: 109238 ns, At safepoint: 20184810 ns, Total: 20294048 ns
[2020-09-11T16:54:00.185+0000][1][gc,start     ] GC(24) Pause Young (Allocation Failure)
[2020-09-11T16:54:00.185+0000][1][gc,task      ] GC(24) Using 1 workers of 1 for evacuation
[2020-09-11T16:54:00.188+0000][1][gc,age       ] GC(24) Desired survivor size 4358144 bytes, new threshold 6 (max threshold 6)
[2020-09-11T16:54:00.188+0000][1][gc,age       ] GC(24) Age table with threshold 6 (max threshold 6)
[2020-09-11T16:54:00.188+0000][1][gc,age       ] GC(24) - age   1:         48 bytes,         48 total
[2020-09-11T16:54:00.188+0000][1][gc,age       ] GC(24) - age   3:     250176 bytes,     250224 total
[2020-09-11T16:54:00.188+0000][1][gc,age       ] GC(24) - age   4:     438440 bytes,     688664 total
[2020-09-11T16:54:00.188+0000][1][gc,heap      ] GC(24) ParNew: 69345K->800K(76672K)
[2020-09-11T16:54:00.188+0000][1][gc,heap      ] GC(24) CMS: 45441K->45441K(439104K)
[2020-09-11T16:54:00.188+0000][1][gc,metaspace ] GC(24) Metaspace: 32430K->32430K(1079296K)
[2020-09-11T16:54:00.188+0000][1][gc           ] GC(24) Pause Young (Allocation Failure) 112M->45M(503M) 3.008ms
[2020-09-11T16:54:00.188+0000][1][gc,cpu       ] GC(24) User=0.00s Sys=0.00s Real=0.00s
[2020-09-11T16:54:00.220+0000][1][safepoint    ] Safepoint "GenCollectForAllocation", Time since last: 792012203 ns, Reaching safepoint: 111474 ns, At safepoint: 35198954 ns, Total: 35310428 ns
[2020-09-11T16:54:00.896+0000][1][gc,start     ] GC(25) Pause Young (Allocation Failure)
[2020-09-11T16:54:00.897+0000][1][gc,task      ] GC(25) Using 1 workers of 1 for evacuation
[2020-09-11T16:54:00.913+0000][1][gc,age       ] GC(25) Desired survivor size 4358144 bytes, new threshold 6 (max threshold 6)
[2020-09-11T16:54:00.913+0000][1][gc,age       ] GC(25) Age table with threshold 6 (max threshold 6)
[2020-09-11T16:54:00.913+0000][1][gc,age       ] GC(25) - age   1:        256 bytes,        256 total
[2020-09-11T16:54:00.913+0000][1][gc,age       ] GC(25) - age   4:     250176 bytes,     250432 total
[2020-09-11T16:54:00.913+0000][1][gc,age       ] GC(25) - age   5:     438440 bytes,     688872 total
[2020-09-11T16:54:00.913+0000][1][gc,heap      ] GC(25) ParNew: 68960K->1208K(76672K)
[2020-09-11T16:54:00.913+0000][1][gc,heap      ] GC(25) CMS: 45441K->45441K(439104K)
[2020-09-11T16:54:00.913+0000][1][gc,metaspace ] GC(25) Metaspace: 32430K->32430K(1079296K)
[2020-09-11T16:54:00.913+0000][1][gc           ] GC(25) Pause Young (Allocation Failure) 111M->45M(503M) 16.624ms
[2020-09-11T16:54:00.913+0000][1][gc,cpu       ] GC(25) User=0.00s Sys=0.00s Real=0.02s
[2020-09-11T16:54:00.914+0000][1][safepoint    ] Safepoint "GenCollectForAllocation", Time since last: 676265832 ns, Reaching safepoint: 101642 ns, At safepoint: 17193412 ns, Total: 17295054 ns
[2020-09-11T16:54:01.454+0000][1][gc,start     ] GC(26) Pause Young (Allocation Failure)
[2020-09-11T16:54:01.455+0000][1][gc,task      ] GC(26) Using 1 workers of 1 for evacuation
[2020-09-11T16:54:01.470+0000][1][gc,age       ] GC(26) Desired survivor size 4358144 bytes, new threshold 6 (max threshold 6)
[2020-09-11T16:54:01.470+0000][1][gc,age       ] GC(26) Age table with threshold 6 (max threshold 6)
[2020-09-11T16:54:01.470+0000][1][gc,age       ] GC(26) - age   1:        216 bytes,        216 total
[2020-09-11T16:54:01.470+0000][1][gc,age       ] GC(26) - age   5:     250176 bytes,     250392 total
[2020-09-11T16:54:01.470+0000][1][gc,age       ] GC(26) - age   6:     438440 bytes,     688832 total
[2020-09-11T16:54:01.470+0000][1][gc,heap      ] GC(26) ParNew: 69368K->806K(76672K)
[2020-09-11T16:54:01.470+0000][1][gc,heap      ] GC(26) CMS: 45441K->45441K(439104K)
[2020-09-11T16:54:01.470+0000][1][gc,metaspace ] GC(26) Metaspace: 32430K->32430K(1079296K)
[2020-09-11T16:54:01.470+0000][1][gc           ] GC(26) Pause Young (Allocation Failure) 112M->45M(503M) 15.370ms
[2020-09-11T16:54:01.470+0000][1][gc,cpu       ] GC(26) User=0.00s Sys=0.00s Real=0.01s
[2020-09-11T16:54:01.485+0000][1][safepoint    ] Safepoint "GenCollectForAllocation", Time since last: 540689072 ns, Reaching safepoint: 108147 ns, At safepoint: 30351370 ns, Total: 30459517 ns
[2020-09-11T16:54:01.974+0000][1][gc,start     ] GC(27) Pause Young (Allocation Failure)
[2020-09-11T16:54:01.974+0000][1][gc,task      ] GC(27) Using 1 workers of 1 for evacuation
[2020-09-11T16:54:01.991+0000][1][gc,age       ] GC(27) Desired survivor size 4358144 bytes, new threshold 6 (max threshold 6)
[2020-09-11T16:54:01.991+0000][1][gc,age       ] GC(27) Age table with threshold 6 (max threshold 6)
[2020-09-11T16:54:01.991+0000][1][gc,age       ] GC(27) - age   1:         24 bytes,         24 total
[2020-09-11T16:54:01.991+0000][1][gc,age       ] GC(27) - age   6:     250176 bytes,     250200 total
[2020-09-11T16:54:01.991+0000][1][gc,heap      ] GC(27) ParNew: 68966K->605K(76672K)
[2020-09-11T16:54:01.991+0000][1][gc,heap      ] GC(27) CMS: 45441K->45870K(439104K)
[2020-09-11T16:54:01.991+0000][1][gc,metaspace ] GC(27) Metaspace: 32430K->32430K(1079296K)
[2020-09-11T16:54:01.991+0000][1][gc           ] GC(27) Pause Young (Allocation Failure) 111M->45M(503M) 16.767ms
[2020-09-11T16:54:01.991+0000][1][gc,cpu       ] GC(27) User=0.00s Sys=0.00s Real=0.01s
[2020-09-11T16:54:01.991+0000][1][safepoint    ] Safepoint "GenCollectForAllocation", Time since last: 489234480 ns, Reaching safepoint: 94072 ns, At safepoint: 16823497 ns, Total: 16917569 ns
[2020-09-11T16:54:02.513+0000][1][gc,start     ] GC(28) Pause Young (Allocation Failure)
[2020-09-11T16:54:02.513+0000][1][gc,task      ] GC(28) Using 1 workers of 1 for evacuation
[2020-09-11T16:54:02.515+0000][1][gc,age       ] GC(28) Desired survivor size 4358144 bytes, new threshold 6 (max threshold 6)
[2020-09-11T16:54:02.515+0000][1][gc,age       ] GC(28) Age table with threshold 6 (max threshold 6)
[2020-09-11T16:54:02.515+0000][1][gc,age       ] GC(28) - age   1:        304 bytes,        304 total
[2020-09-11T16:54:02.515+0000][1][gc,heap      ] GC(28) ParNew: 68765K->242K(76672K)
[2020-09-11T16:54:02.515+0000][1][gc,heap      ] GC(28) CMS: 45870K->46114K(439104K)
[2020-09-11T16:54:02.515+0000][1][gc,metaspace ] GC(28) Metaspace: 32430K->32430K(1079296K)
[2020-09-11T16:54:02.515+0000][1][gc           ] GC(28) Pause Young (Allocation Failure) 111M->45M(503M) 2.433ms
[2020-09-11T16:54:02.515+0000][1][gc,cpu       ] GC(28) User=0.00s Sys=0.00s Real=0.00s
[2020-09-11T16:54:02.517+0000][1][safepoint    ] Safepoint "GenCollectForAllocation", Time since last: 521864199 ns, Reaching safepoint: 101518 ns, At safepoint: 3859437 ns, Total: 3960955 ns
[2020-09-11T16:54:03.021+0000][1][gc,start     ] GC(29) Pause Young (Allocation Failure)
[2020-09-11T16:54:03.021+0000][1][gc,task      ] GC(29) Using 1 workers of 1 for evacuation
[2020-09-11T16:54:03.023+0000][1][gc,age       ] GC(29) Desired survivor size 4358144 bytes, new threshold 6 (max threshold 6)
[2020-09-11T16:54:03.024+0000][1][gc,age       ] GC(29) Age table with threshold 6 (max threshold 6)
[2020-09-11T16:54:03.024+0000][1][gc,age       ] GC(29) - age   1:         24 bytes,         24 total
[2020-09-11T16:54:03.024+0000][1][gc,age       ] GC(29) - age   2:         72 bytes,         96 total
[2020-09-11T16:54:03.024+0000][1][gc,heap      ] GC(29) ParNew: 68402K->60K(76672K)
[2020-09-11T16:54:03.024+0000][1][gc,heap      ] GC(29) CMS: 46114K->46114K(439104K)
[2020-09-11T16:54:03.024+0000][1][gc,metaspace ] GC(29) Metaspace: 32430K->32430K(1079296K)
[2020-09-11T16:54:03.024+0000][1][gc           ] GC(29) Pause Young (Allocation Failure) 111M->45M(503M) 2.417ms
[2020-09-11T16:54:03.024+0000][1][gc,cpu       ] GC(29) User=0.00s Sys=0.00s Real=0.00s
[2020-09-11T16:54:03.031+0000][1][safepoint    ] Safepoint "GenCollectForAllocation", Time since last: 504296679 ns, Reaching safepoint: 95223 ns, At safepoint: 9330270 ns, Total: 9425493 ns
[2020-09-11T16:54:03.549+0000][1][gc,start     ] GC(30) Pause Young (Allocation Failure)
[2020-09-11T16:54:03.549+0000][1][gc,task      ] GC(30) Using 1 workers of 1 for evacuation
[2020-09-11T16:54:03.551+0000][1][gc,age       ] GC(30) Desired survivor size 4358144 bytes, new threshold 6 (max threshold 6)
[2020-09-11T16:54:03.551+0000][1][gc,age       ] GC(30) Age table with threshold 6 (max threshold 6)
[2020-09-11T16:54:03.551+0000][1][gc,age       ] GC(30) - age   1:        184 bytes,        184 total
[2020-09-11T16:54:03.551+0000][1][gc,age       ] GC(30) - age   3:         72 bytes,        256 total
[2020-09-11T16:54:03.551+0000][1][gc,heap      ] GC(30) ParNew: 68220K->15K(76672K)
[2020-09-11T16:54:03.551+0000][1][gc,heap      ] GC(30) CMS: 46114K->46114K(439104K)
[2020-09-11T16:54:03.551+0000][1][gc,metaspace ] GC(30) Metaspace: 32430K->32430K(1079296K)
[2020-09-11T16:54:03.551+0000][1][gc           ] GC(30) Pause Young (Allocation Failure) 111M->45M(503M) 2.363ms
[2020-09-11T16:54:03.551+0000][1][gc,cpu       ] GC(30) User=0.01s Sys=0.00s Real=0.00s
[2020-09-11T16:54:03.553+0000][1][safepoint    ] Safepoint "GenCollectForAllocation", Time since last: 514289166 ns, Reaching safepoint: 4004950 ns, At safepoint: 3993528 ns, Total: 7998478 ns
[2020-09-11T16:54:03.965+0000][1][gc,start     ] GC(31) Pause Young (Allocation Failure)
[2020-09-11T16:54:03.965+0000][1][gc,task      ] GC(31) Using 1 workers of 1 for evacuation
[2020-09-11T16:54:03.967+0000][1][gc,age       ] GC(31) Desired survivor size 4358144 bytes, new threshold 6 (max threshold 6)
[2020-09-11T16:54:03.967+0000][1][gc,age       ] GC(31) Age table with threshold 6 (max threshold 6)
[2020-09-11T16:54:03.967+0000][1][gc,age       ] GC(31) - age   1:        144 bytes,        144 total
[2020-09-11T16:54:03.967+0000][1][gc,age       ] GC(31) - age   4:         72 bytes,        216 total
[2020-09-11T16:54:03.967+0000][1][gc,heap      ] GC(31) ParNew: 68175K->3K(76672K)
[2020-09-11T16:54:03.967+0000][1][gc,heap      ] GC(31) CMS: 46114K->46114K(439104K)
[2020-09-11T16:54:03.967+0000][1][gc,metaspace ] GC(31) Metaspace: 32430K->32430K(1079296K)
[2020-09-11T16:54:03.967+0000][1][gc           ] GC(31) Pause Young (Allocation Failure) 111M->45M(503M) 2.380ms
[2020-09-11T16:54:03.967+0000][1][gc,cpu       ] GC(31) User=0.00s Sys=0.00s Real=0.00s
[2020-09-11T16:54:03.973+0000][1][safepoint    ] Safepoint "GenCollectForAllocation", Time since last: 408459189 ns, Reaching safepoint: 3575120 ns, At safepoint: 7989866 ns, Total: 11564986 ns
[2020-09-11T16:54:04.243+0000][1][gc,start     ] GC(32) Pause Young (Allocation Failure)
[2020-09-11T16:54:04.243+0000][1][gc,task      ] GC(32) Using 1 workers of 1 for evacuation
[2020-09-11T16:54:04.250+0000][1][gc,age       ] GC(32) Desired survivor size 4358144 bytes, new threshold 6 (max threshold 6)
[2020-09-11T16:54:04.250+0000][1][gc,age       ] GC(32) Age table with threshold 6 (max threshold 6)
[2020-09-11T16:54:04.250+0000][1][gc,age       ] GC(32) - age   1:        360 bytes,        360 total
[2020-09-11T16:54:04.250+0000][1][gc,age       ] GC(32) - age   5:         72 bytes,        432 total
[2020-09-11T16:54:04.250+0000][1][gc,heap      ] GC(32) ParNew: 68163K->2K(76672K)
[2020-09-11T16:54:04.250+0000][1][gc,heap      ] GC(32) CMS: 46114K->46114K(439104K)
[2020-09-11T16:54:04.250+0000][1][gc,metaspace ] GC(32) Metaspace: 32430K->32430K(1079296K)
[2020-09-11T16:54:04.250+0000][1][gc           ] GC(32) Pause Young (Allocation Failure) 111M->45M(503M) 6.629ms
[2020-09-11T16:54:04.250+0000][1][gc,cpu       ] GC(32) User=0.00s Sys=0.00s Real=0.00s
[2020-09-11T16:54:04.250+0000][1][safepoint    ] Safepoint "GenCollectForAllocation", Time since last: 261172554 ns, Reaching safepoint: 9252830 ns, At safepoint: 6708638 ns, Total: 15961468 ns
[2020-09-11T16:54:04.505+0000][1][gc,start     ] GC(33) Pause Young (Allocation Failure)
[2020-09-11T16:54:04.505+0000][1][gc,task      ] GC(33) Using 1 workers of 1 for evacuation
[2020-09-11T16:54:04.507+0000][1][gc,age       ] GC(33) Desired survivor size 4358144 bytes, new threshold 6 (max threshold 6)
[2020-09-11T16:54:04.507+0000][1][gc,age       ] GC(33) Age table with threshold 6 (max threshold 6)
[2020-09-11T16:54:04.507+0000][1][gc,age       ] GC(33) - age   1:        152 bytes,        152 total
[2020-09-11T16:54:04.507+0000][1][gc,age       ] GC(33) - age   2:        208 bytes,        360 total
[2020-09-11T16:54:04.507+0000][1][gc,age       ] GC(33) - age   6:         72 bytes,        432 total
[2020-09-11T16:54:04.507+0000][1][gc,heap      ] GC(33) ParNew: 68162K->2K(76672K)
[2020-09-11T16:54:04.507+0000][1][gc,heap      ] GC(33) CMS: 46114K->46114K(439104K)
[2020-09-11T16:54:04.507+0000][1][gc,metaspace ] GC(33) Metaspace: 32430K->32430K(1079296K)
[2020-09-11T16:54:04.507+0000][1][gc           ] GC(33) Pause Young (Allocation Failure) 111M->45M(503M) 2.387ms
[2020-09-11T16:54:04.507+0000][1][gc,cpu       ] GC(33) User=0.01s Sys=0.00s Real=0.00s
[2020-09-11T16:54:04.513+0000][1][safepoint    ] Safepoint "GenCollectForAllocation", Time since last: 253295740 ns, Reaching safepoint: 1539339 ns, At safepoint: 7826050 ns, Total: 9365389 ns
[2020-09-11T16:54:05.521+0000][1][safepoint    ] Safepoint "Cleanup", Time since last: 1008161559 ns, Reaching safepoint: 130123 ns, At safepoint: 7001 ns, Total: 137124 ns
[2020-09-11T16:54:06.527+0000][1][safepoint    ] Safepoint "Cleanup", Time since last: 1005972413 ns, Reaching safepoint: 105231 ns, At safepoint: 5649 ns, Total: 110880 ns
[2020-09-11T16:54:08.542+0000][1][safepoint    ] Safepoint "Cleanup", Time since last: 2013818086 ns, Reaching safepoint: 876398 ns, At safepoint: 7045 ns, Total: 883443 ns
[2020-09-11T16:54:09.542+0000][1][safepoint    ] Safepoint "Cleanup", Time since last: 1000113863 ns, Reaching safepoint: 138376 ns, At safepoint: 7061 ns, Total: 145437 ns
[2020-09-11T16:54:10.469+0000][1][gc,start     ] GC(34) Pause Young (Allocation Failure)
[2020-09-11T16:54:10.469+0000][1][gc,task      ] GC(34) Using 1 workers of 1 for evacuation
[2020-09-11T16:54:10.482+0000][1][gc,age       ] GC(34) Desired survivor size 4358144 bytes, new threshold 6 (max threshold 6)
[2020-09-11T16:54:10.482+0000][1][gc,age       ] GC(34) Age table with threshold 6 (max threshold 6)
[2020-09-11T16:54:10.482+0000][1][gc,age       ] GC(34) - age   1:     244808 bytes,     244808 total
[2020-09-11T16:54:10.482+0000][1][gc,age       ] GC(34) - age   3:        208 bytes,     245016 total
[2020-09-11T16:54:10.482+0000][1][gc,heap      ] GC(34) ParNew: 68162K->241K(76672K)
[2020-09-11T16:54:10.482+0000][1][gc,heap      ] GC(34) CMS: 46114K->46114K(439104K)
[2020-09-11T16:54:10.482+0000][1][gc,metaspace ] GC(34) Metaspace: 32452K->32452K(1079296K)
[2020-09-11T16:54:10.482+0000][1][gc           ] GC(34) Pause Young (Allocation Failure) 111M->45M(503M) 12.961ms
[2020-09-11T16:54:10.482+0000][1][gc,cpu       ] GC(34) User=0.00s Sys=0.00s Real=0.02s
[2020-09-11T16:54:10.501+0000][1][safepoint    ] Safepoint "GenCollectForAllocation", Time since last: 926871586 ns, Reaching safepoint: 116262 ns, At safepoint: 31902603 ns, Total: 32018865 ns
[2020-09-11T16:54:12.550+0000][1][gc,start     ] GC(35) Pause Young (Allocation Failure)
[2020-09-11T16:54:12.550+0000][1][gc,task      ] GC(35) Using 1 workers of 1 for evacuation
[2020-09-11T16:54:12.569+0000][1][gc,age       ] GC(35) Desired survivor size 4358144 bytes, new threshold 6 (max threshold 6)
[2020-09-11T16:54:12.569+0000][1][gc,age       ] GC(35) Age table with threshold 6 (max threshold 6)
[2020-09-11T16:54:12.569+0000][1][gc,age       ] GC(35) - age   1:     511920 bytes,     511920 total
[2020-09-11T16:54:12.569+0000][1][gc,age       ] GC(35) - age   2:     151760 bytes,     663680 total
[2020-09-11T16:54:12.569+0000][1][gc,age       ] GC(35) - age   4:        208 bytes,     663888 total
[2020-09-11T16:54:12.569+0000][1][gc,heap      ] GC(35) ParNew: 68401K->649K(76672K)
[2020-09-11T16:54:12.569+0000][1][gc,heap      ] GC(35) CMS: 46114K->46114K(439104K)
[2020-09-11T16:54:12.569+0000][1][gc,metaspace ] GC(35) Metaspace: 32452K->32452K(1079296K)
[2020-09-11T16:54:12.569+0000][1][gc           ] GC(35) Pause Young (Allocation Failure) 111M->45M(503M) 18.769ms
[2020-09-11T16:54:12.569+0000][1][gc,cpu       ] GC(35) User=0.00s Sys=0.00s Real=0.02s
[2020-09-11T16:54:12.569+0000][1][safepoint    ] Safepoint "GenCollectForAllocation", Time since last: 2049363152 ns, Reaching safepoint: 93948 ns, At safepoint: 18827006 ns, Total: 18920954 ns
[2020-09-11T16:54:14.969+0000][1][gc,start     ] GC(36) Pause Young (Allocation Failure)
[2020-09-11T16:54:14.969+0000][1][gc,task      ] GC(36) Using 1 workers of 1 for evacuation
[2020-09-11T16:54:14.972+0000][1][gc,age       ] GC(36) Desired survivor size 4358144 bytes, new threshold 6 (max threshold 6)
[2020-09-11T16:54:14.972+0000][1][gc,age       ] GC(36) Age table with threshold 6 (max threshold 6)
[2020-09-11T16:54:14.972+0000][1][gc,age       ] GC(36) - age   1:     643232 bytes,     643232 total
[2020-09-11T16:54:14.972+0000][1][gc,age       ] GC(36) - age   2:     340264 bytes,     983496 total
[2020-09-11T16:54:14.972+0000][1][gc,age       ] GC(36) - age   3:     151176 bytes,    1134672 total
[2020-09-11T16:54:14.972+0000][1][gc,age       ] GC(36) - age   5:        208 bytes,    1134880 total
[2020-09-11T16:54:14.972+0000][1][gc,heap      ] GC(36) ParNew: 68809K->1140K(76672K)
[2020-09-11T16:54:14.972+0000][1][gc,heap      ] GC(36) CMS: 46114K->46114K(439104K)
[2020-09-11T16:54:14.972+0000][1][gc,metaspace ] GC(36) Metaspace: 32453K->32453K(1079296K)
[2020-09-11T16:54:14.972+0000][1][gc           ] GC(36) Pause Young (Allocation Failure) 112M->46M(503M) 2.792ms
[2020-09-11T16:54:14.972+0000][1][gc,cpu       ] GC(36) User=0.01s Sys=0.00s Real=0.00s
[2020-09-11T16:54:14.981+0000][1][safepoint    ] Safepoint "GenCollectForAllocation", Time since last: 2399658375 ns, Reaching safepoint: 105294 ns, At safepoint: 11903955 ns, Total: 12009249 ns
[2020-09-11T16:54:15.993+0000][1][safepoint    ] Safepoint "Cleanup", Time since last: 1011979634 ns, Reaching safepoint: 123759 ns, At safepoint: 5593 ns, Total: 129352 ns
[2020-09-11T16:54:16.649+0000][1][gc,start     ] GC(37) Pause Young (Allocation Failure)
[2020-09-11T16:54:16.649+0000][1][gc,task      ] GC(37) Using 1 workers of 1 for evacuation
[2020-09-11T16:54:16.652+0000][1][gc,age       ] GC(37) Desired survivor size 4358144 bytes, new threshold 6 (max threshold 6)
[2020-09-11T16:54:16.652+0000][1][gc,age       ] GC(37) Age table with threshold 6 (max threshold 6)
[2020-09-11T16:54:16.652+0000][1][gc,age       ] GC(37) - age   1:     277152 bytes,     277152 total
[2020-09-11T16:54:16.652+0000][1][gc,age       ] GC(37) - age   2:     629296 bytes,     906448 total
[2020-09-11T16:54:16.652+0000][1][gc,age       ] GC(37) - age   3:     340136 bytes,    1246584 total
[2020-09-11T16:54:16.652+0000][1][gc,age       ] GC(37) - age   4:     150792 bytes,    1397376 total
[2020-09-11T16:54:16.652+0000][1][gc,age       ] GC(37) - age   6:        208 bytes,    1397584 total
[2020-09-11T16:54:16.652+0000][1][gc,heap      ] GC(37) ParNew: 69300K->1404K(76672K)
[2020-09-11T16:54:16.652+0000][1][gc,heap      ] GC(37) CMS: 46114K->46114K(439104K)
[2020-09-11T16:54:16.652+0000][1][gc,metaspace ] GC(37) Metaspace: 32453K->32453K(1079296K)
[2020-09-11T16:54:16.652+0000][1][gc           ] GC(37) Pause Young (Allocation Failure) 112M->46M(503M) 2.856ms
[2020-09-11T16:54:16.652+0000][1][gc,cpu       ] GC(37) User=0.01s Sys=0.00s Real=0.00s
[2020-09-11T16:54:16.669+0000][1][safepoint    ] Safepoint "GenCollectForAllocation", Time since last: 655853759 ns, Reaching safepoint: 99404 ns, At safepoint: 19954465 ns, Total: 20053869 ns
[2020-09-11T16:54:17.677+0000][1][safepoint    ] Safepoint "Cleanup", Time since last: 1004718207 ns, Reaching safepoint: 3270737 ns, At safepoint: 12674 ns, Total: 3283411 ns
[2020-09-11T16:54:18.193+0000][1][gc,start     ] GC(38) Pause Young (Allocation Failure)
[2020-09-11T16:54:18.193+0000][1][gc,task      ] GC(38) Using 1 workers of 1 for evacuation
[2020-09-11T16:54:18.196+0000][1][gc,age       ] GC(38) Desired survivor size 4358144 bytes, new threshold 6 (max threshold 6)
[2020-09-11T16:54:18.196+0000][1][gc,age       ] GC(38) Age table with threshold 6 (max threshold 6)
[2020-09-11T16:54:18.196+0000][1][gc,age       ] GC(38) - age   1:     967672 bytes,     967672 total
[2020-09-11T16:54:18.196+0000][1][gc,age       ] GC(38) - age   2:     264696 bytes,    1232368 total
[2020-09-11T16:54:18.196+0000][1][gc,age       ] GC(38) - age   3:     297400 bytes,    1529768 total
[2020-09-11T16:54:18.196+0000][1][gc,age       ] GC(38) - age   4:     340136 bytes,    1869904 total
[2020-09-11T16:54:18.196+0000][1][gc,age       ] GC(38) - age   5:     150688 bytes,    2020592 total
[2020-09-11T16:54:18.196+0000][1][gc,heap      ] GC(38) ParNew: 69564K->2043K(76672K)
[2020-09-11T16:54:18.196+0000][1][gc,heap      ] GC(38) CMS: 46114K->46115K(439104K)
[2020-09-11T16:54:18.196+0000][1][gc,metaspace ] GC(38) Metaspace: 32454K->32454K(1079296K)
[2020-09-11T16:54:18.196+0000][1][gc           ] GC(38) Pause Young (Allocation Failure) 112M->47M(503M) 2.958ms
[2020-09-11T16:54:18.196+0000][1][gc,cpu       ] GC(38) User=0.00s Sys=0.00s Real=0.00s
[2020-09-11T16:54:18.209+0000][1][safepoint    ] Safepoint "GenCollectForAllocation", Time since last: 513351205 ns, Reaching safepoint: 2626192 ns, At safepoint: 16705324 ns, Total: 19331516 ns
[2020-09-11T16:54:19.117+0000][1][gc,start     ] GC(39) Pause Young (Allocation Failure)
[2020-09-11T16:54:19.117+0000][1][gc,task      ] GC(39) Using 1 workers of 1 for evacuation
[2020-09-11T16:54:19.120+0000][1][gc,age       ] GC(39) Desired survivor size 4358144 bytes, new threshold 6 (max threshold 6)
[2020-09-11T16:54:19.120+0000][1][gc,age       ] GC(39) Age table with threshold 6 (max threshold 6)
[2020-09-11T16:54:19.120+0000][1][gc,age       ] GC(39) - age   1:     311896 bytes,     311896 total
[2020-09-11T16:54:19.120+0000][1][gc,age       ] GC(39) - age   2:     955256 bytes,    1267152 total
[2020-09-11T16:54:19.120+0000][1][gc,age       ] GC(39) - age   3:     263544 bytes,    1530696 total
[2020-09-11T16:54:19.120+0000][1][gc,age       ] GC(39) - age   4:     296896 bytes,    1827592 total
[2020-09-11T16:54:19.120+0000][1][gc,age       ] GC(39) - age   5:     339720 bytes,    2167312 total
[2020-09-11T16:54:19.120+0000][1][gc,age       ] GC(39) - age   6:     150648 bytes,    2317960 total
[2020-09-11T16:54:19.120+0000][1][gc,heap      ] GC(39) ParNew: 70203K->2366K(76672K)
[2020-09-11T16:54:19.120+0000][1][gc,heap      ] GC(39) CMS: 46115K->46115K(439104K)
[2020-09-11T16:54:19.120+0000][1][gc,metaspace ] GC(39) Metaspace: 32454K->32454K(1079296K)
[2020-09-11T16:54:19.120+0000][1][gc           ] GC(39) Pause Young (Allocation Failure) 113M->47M(503M) 3.006ms
[2020-09-11T16:54:19.120+0000][1][gc,cpu       ] GC(39) User=0.00s Sys=0.00s Real=0.00s
[2020-09-11T16:54:19.129+0000][1][safepoint    ] Safepoint "GenCollectForAllocation", Time since last: 903301773 ns, Reaching safepoint: 4000127 ns, At safepoint: 11718756 ns, Total: 15718883 ns
[2020-09-11T16:54:19.260+0000][1][safepoint    ] Safepoint "RevokeBias", Time since last: 130952074 ns, Reaching safepoint: 97749 ns, At safepoint: 25615 ns, Total: 123364 ns
[2020-09-11T16:54:20.113+0000][1][gc,start     ] GC(40) Pause Young (Allocation Failure)
[2020-09-11T16:54:20.113+0000][1][gc,task      ] GC(40) Using 1 workers of 1 for evacuation
[2020-09-11T16:54:20.116+0000][1][gc,age       ] GC(40) Desired survivor size 4358144 bytes, new threshold 6 (max threshold 6)
[2020-09-11T16:54:20.116+0000][1][gc,age       ] GC(40) Age table with threshold 6 (max threshold 6)
[2020-09-11T16:54:20.116+0000][1][gc,age       ] GC(40) - age   1:     381504 bytes,     381504 total
[2020-09-11T16:54:20.116+0000][1][gc,age       ] GC(40) - age   2:     300744 bytes,     682248 total
[2020-09-11T16:54:20.116+0000][1][gc,age       ] GC(40) - age   3:     954688 bytes,    1636936 total
[2020-09-11T16:54:20.116+0000][1][gc,age       ] GC(40) - age   4:     263312 bytes,    1900248 total
[2020-09-11T16:54:20.116+0000][1][gc,age       ] GC(40) - age   5:     296776 bytes,    2197024 total
[2020-09-11T16:54:20.116+0000][1][gc,age       ] GC(40) - age   6:     339720 bytes,    2536744 total
[2020-09-11T16:54:20.116+0000][1][gc,heap      ] GC(40) ParNew: 70526K->2481K(76672K)
[2020-09-11T16:54:20.116+0000][1][gc,heap      ] GC(40) CMS: 46115K->46259K(439104K)
[2020-09-11T16:54:20.116+0000][1][gc,metaspace ] GC(40) Metaspace: 32456K->32456K(1079296K)
[2020-09-11T16:54:20.116+0000][1][gc           ] GC(40) Pause Young (Allocation Failure) 113M->47M(503M) 3.215ms
[2020-09-11T16:54:20.116+0000][1][gc,cpu       ] GC(40) User=0.00s Sys=0.00s Real=0.00s
[2020-09-11T16:54:20.153+0000][1][safepoint    ] Safepoint "GenCollectForAllocation", Time since last: 853201399 ns, Reaching safepoint: 121441 ns, At safepoint: 39961587 ns, Total: 40083028 ns
[2020-09-11T16:54:20.453+0000][1][gc,start     ] GC(41) Pause Young (Allocation Failure)
[2020-09-11T16:54:20.453+0000][1][gc,task      ] GC(41) Using 1 workers of 1 for evacuation
[2020-09-11T16:54:20.456+0000][1][gc,age       ] GC(41) Desired survivor size 4358144 bytes, new threshold 6 (max threshold 6)
[2020-09-11T16:54:20.456+0000][1][gc,age       ] GC(41) Age table with threshold 6 (max threshold 6)
[2020-09-11T16:54:20.456+0000][1][gc,age       ] GC(41) - age   1:        312 bytes,        312 total
[2020-09-11T16:54:20.456+0000][1][gc,age       ] GC(41) - age   2:     381328 bytes,     381640 total
[2020-09-11T16:54:20.456+0000][1][gc,age       ] GC(41) - age   3:     300744 bytes,     682384 total
[2020-09-11T16:54:20.456+0000][1][gc,age       ] GC(41) - age   4:     954688 bytes,    1637072 total
[2020-09-11T16:54:20.456+0000][1][gc,age       ] GC(41) - age   5:     263312 bytes,    1900384 total
[2020-09-11T16:54:20.456+0000][1][gc,age       ] GC(41) - age   6:     296776 bytes,    2197160 total
[2020-09-11T16:54:20.456+0000][1][gc,heap      ] GC(41) ParNew: 70641K->2145K(76672K)
[2020-09-11T16:54:20.456+0000][1][gc,heap      ] GC(41) CMS: 46259K->46591K(439104K)
[2020-09-11T16:54:20.456+0000][1][gc,metaspace ] GC(41) Metaspace: 32456K->32456K(1079296K)
[2020-09-11T16:54:20.456+0000][1][gc           ] GC(41) Pause Young (Allocation Failure) 114M->47M(503M) 3.201ms
[2020-09-11T16:54:20.456+0000][1][gc,cpu       ] GC(41) User=0.00s Sys=0.00s Real=0.00s
[2020-09-11T16:54:20.465+0000][1][safepoint    ] Safepoint "GenCollectForAllocation", Time since last: 294201528 ns, Reaching safepoint: 5714107 ns, At safepoint: 11994152 ns, Total: 17708259 ns
[2020-09-11T16:54:20.731+0000][1][gc,start     ] GC(42) Pause Young (Allocation Failure)
[2020-09-11T16:54:20.731+0000][1][gc,task      ] GC(42) Using 1 workers of 1 for evacuation
[2020-09-11T16:54:20.746+0000][1][gc,age       ] GC(42) Desired survivor size 4358144 bytes, new threshold 6 (max threshold 6)
[2020-09-11T16:54:20.746+0000][1][gc,age       ] GC(42) Age table with threshold 6 (max threshold 6)
[2020-09-11T16:54:20.746+0000][1][gc,age       ] GC(42) - age   1:        200 bytes,        200 total
[2020-09-11T16:54:20.746+0000][1][gc,age       ] GC(42) - age   2:        160 bytes,        360 total
[2020-09-11T16:54:20.746+0000][1][gc,age       ] GC(42) - age   3:     381328 bytes,     381688 total
[2020-09-11T16:54:20.746+0000][1][gc,age       ] GC(42) - age   4:     300744 bytes,     682432 total
[2020-09-11T16:54:20.746+0000][1][gc,age       ] GC(42) - age   5:     954688 bytes,    1637120 total
[2020-09-11T16:54:20.746+0000][1][gc,age       ] GC(42) - age   6:     263312 bytes,    1900432 total
[2020-09-11T16:54:20.746+0000][1][gc,heap      ] GC(42) ParNew: 70305K->1857K(76672K)
[2020-09-11T16:54:20.746+0000][1][gc,heap      ] GC(42) CMS: 46591K->46881K(439104K)
[2020-09-11T16:54:20.746+0000][1][gc,metaspace ] GC(42) Metaspace: 32456K->32456K(1079296K)
[2020-09-11T16:54:20.746+0000][1][gc           ] GC(42) Pause Young (Allocation Failure) 114M->47M(503M) 15.342ms
[2020-09-11T16:54:20.746+0000][1][gc,cpu       ] GC(42) User=0.00s Sys=0.00s Real=0.02s
[2020-09-11T16:54:20.746+0000][1][safepoint    ] Safepoint "GenCollectForAllocation", Time since last: 265200723 ns, Reaching safepoint: 542594 ns, At safepoint: 15404732 ns, Total: 15947326 ns
[2020-09-11T16:54:21.000+0000][1][gc,start     ] GC(43) Pause Young (Allocation Failure)
[2020-09-11T16:54:21.000+0000][1][gc,task      ] GC(43) Using 1 workers of 1 for evacuation
[2020-09-11T16:54:21.011+0000][1][gc,age       ] GC(43) Desired survivor size 4358144 bytes, new threshold 6 (max threshold 6)
[2020-09-11T16:54:21.011+0000][1][gc,age       ] GC(43) Age table with threshold 6 (max threshold 6)
[2020-09-11T16:54:21.011+0000][1][gc,age       ] GC(43) - age   1:        160 bytes,        160 total
[2020-09-11T16:54:21.011+0000][1][gc,age       ] GC(43) - age   3:        160 bytes,        320 total
[2020-09-11T16:54:21.011+0000][1][gc,age       ] GC(43) - age   4:     381328 bytes,     381648 total
[2020-09-11T16:54:21.011+0000][1][gc,age       ] GC(43) - age   5:     300744 bytes,     682392 total
[2020-09-11T16:54:21.011+0000][1][gc,age       ] GC(43) - age   6:     954688 bytes,    1637080 total
[2020-09-11T16:54:21.011+0000][1][gc,heap      ] GC(43) ParNew: 70017K->1600K(76672K)
[2020-09-11T16:54:21.011+0000][1][gc,heap      ] GC(43) CMS: 46881K->47138K(439104K)
[2020-09-11T16:54:21.011+0000][1][gc,metaspace ] GC(43) Metaspace: 32456K->32456K(1079296K)
[2020-09-11T16:54:21.011+0000][1][gc           ] GC(43) Pause Young (Allocation Failure) 114M->47M(503M) 11.268ms
[2020-09-11T16:54:21.011+0000][1][gc,cpu       ] GC(43) User=0.00s Sys=0.00s Real=0.01s
[2020-09-11T16:54:21.011+0000][1][safepoint    ] Safepoint "GenCollectForAllocation", Time since last: 247290344 ns, Reaching safepoint: 6425968 ns, At safepoint: 11337370 ns, Total: 17763338 ns
[2020-09-11T16:54:21.281+0000][1][gc,start     ] GC(44) Pause Young (Allocation Failure)
[2020-09-11T16:54:21.281+0000][1][gc,task      ] GC(44) Using 1 workers of 1 for evacuation
[2020-09-11T16:54:21.284+0000][1][gc,age       ] GC(44) Desired survivor size 4358144 bytes, new threshold 6 (max threshold 6)
[2020-09-11T16:54:21.284+0000][1][gc,age       ] GC(44) Age table with threshold 6 (max threshold 6)
[2020-09-11T16:54:21.284+0000][1][gc,age       ] GC(44) - age   1:         24 bytes,         24 total
[2020-09-11T16:54:21.284+0000][1][gc,age       ] GC(44) - age   4:        160 bytes,        184 total
[2020-09-11T16:54:21.284+0000][1][gc,age       ] GC(44) - age   5:     381328 bytes,     381512 total
[2020-09-11T16:54:21.284+0000][1][gc,age       ] GC(44) - age   6:     300744 bytes,     682256 total
[2020-09-11T16:54:21.284+0000][1][gc,heap      ] GC(44) ParNew: 69760K->670K(76672K)
[2020-09-11T16:54:21.284+0000][1][gc,heap      ] GC(44) CMS: 47138K->48070K(439104K)
[2020-09-11T16:54:21.284+0000][1][gc,metaspace ] GC(44) Metaspace: 32456K->32456K(1079296K)
[2020-09-11T16:54:21.284+0000][1][gc           ] GC(44) Pause Young (Allocation Failure) 114M->47M(503M) 2.967ms
[2020-09-11T16:54:21.284+0000][1][gc,cpu       ] GC(44) User=0.00s Sys=0.00s Real=0.00s
[2020-09-11T16:54:21.293+0000][1][safepoint    ] Safepoint "GenCollectForAllocation", Time since last: 263978322 ns, Reaching safepoint: 5834450 ns, At safepoint: 11983741 ns, Total: 17818191 ns
[2020-09-11T16:54:21.577+0000][1][gc,start     ] GC(45) Pause Young (Allocation Failure)
[2020-09-11T16:54:21.577+0000][1][gc,task      ] GC(45) Using 1 workers of 1 for evacuation
[2020-09-11T16:54:21.579+0000][1][gc,age       ] GC(45) Desired survivor size 4358144 bytes, new threshold 6 (max threshold 6)
[2020-09-11T16:54:21.579+0000][1][gc,age       ] GC(45) Age table with threshold 6 (max threshold 6)
[2020-09-11T16:54:21.580+0000][1][gc,age       ] GC(45) - age   1:        112 bytes,        112 total
[2020-09-11T16:54:21.580+0000][1][gc,age       ] GC(45) - age   5:        160 bytes,        272 total
[2020-09-11T16:54:21.580+0000][1][gc,age       ] GC(45) - age   6:     381328 bytes,     381600 total
[2020-09-11T16:54:21.580+0000][1][gc,heap      ] GC(45) ParNew: 68830K->379K(76672K)
[2020-09-11T16:54:21.580+0000][1][gc,heap      ] GC(45) CMS: 48070K->48364K(439104K)
[2020-09-11T16:54:21.580+0000][1][gc,metaspace ] GC(45) Metaspace: 32456K->32456K(1079296K)
[2020-09-11T16:54:21.580+0000][1][gc           ] GC(45) Pause Young (Allocation Failure) 114M->47M(503M) 2.783ms
[2020-09-11T16:54:21.580+0000][1][gc,cpu       ] GC(45) User=0.00s Sys=0.00s Real=0.00s
[2020-09-11T16:54:21.590+0000][1][safepoint    ] Safepoint "GenCollectForAllocation", Time since last: 276046241 ns, Reaching safepoint: 7965910 ns, At safepoint: 13199656 ns, Total: 21165566 ns
[2020-09-11T16:54:21.849+0000][1][gc,start     ] GC(46) Pause Young (Allocation Failure)
[2020-09-11T16:54:21.849+0000][1][gc,task      ] GC(46) Using 1 workers of 1 for evacuation
[2020-09-11T16:54:21.851+0000][1][gc,age       ] GC(46) Desired survivor size 4358144 bytes, new threshold 6 (max threshold 6)
[2020-09-11T16:54:21.851+0000][1][gc,age       ] GC(46) Age table with threshold 6 (max threshold 6)
[2020-09-11T16:54:21.851+0000][1][gc,age       ] GC(46) - age   1:        224 bytes,        224 total
[2020-09-11T16:54:21.851+0000][1][gc,age       ] GC(46) - age   6:        160 bytes,        384 total
[2020-09-11T16:54:21.851+0000][1][gc,heap      ] GC(46) ParNew: 68539K->166K(76672K)
[2020-09-11T16:54:21.851+0000][1][gc,heap      ] GC(46) CMS: 48364K->48737K(439104K)
[2020-09-11T16:54:21.851+0000][1][gc,metaspace ] GC(46) Metaspace: 32456K->32456K(1079296K)
[2020-09-11T16:54:21.851+0000][1][gc           ] GC(46) Pause Young (Allocation Failure) 114M->47M(503M) 2.633ms
[2020-09-11T16:54:21.851+0000][1][gc,cpu       ] GC(46) User=0.01s Sys=0.00s Real=0.00s
[2020-09-11T16:54:21.858+0000][1][safepoint    ] Safepoint "GenCollectForAllocation", Time since last: 254797169 ns, Reaching safepoint: 4023210 ns, At safepoint: 9441101 ns, Total: 13464311 ns
[2020-09-11T16:54:22.113+0000][1][gc,start     ] GC(47) Pause Young (Allocation Failure)
[2020-09-11T16:54:22.113+0000][1][gc,task      ] GC(47) Using 1 workers of 1 for evacuation
[2020-09-11T16:54:22.115+0000][1][gc,age       ] GC(47) Desired survivor size 4358144 bytes, new threshold 6 (max threshold 6)
[2020-09-11T16:54:22.115+0000][1][gc,age       ] GC(47) Age table with threshold 6 (max threshold 6)
[2020-09-11T16:54:22.115+0000][1][gc,age       ] GC(47) - age   1:         24 bytes,         24 total
[2020-09-11T16:54:22.115+0000][1][gc,heap      ] GC(47) ParNew: 68326K->41K(76672K)
[2020-09-11T16:54:22.115+0000][1][gc,heap      ] GC(47) CMS: 48737K->48737K(439104K)
[2020-09-11T16:54:22.115+0000][1][gc,metaspace ] GC(47) Metaspace: 32456K->32456K(1079296K)
[2020-09-11T16:54:22.115+0000][1][gc           ] GC(47) Pause Young (Allocation Failure) 114M->47M(503M) 2.359ms
[2020-09-11T16:54:22.115+0000][1][gc,cpu       ] GC(47) User=0.00s Sys=0.00s Real=0.00s
[2020-09-11T16:54:22.125+0000][1][safepoint    ] Safepoint "GenCollectForAllocation", Time since last: 250967922 ns, Reaching safepoint: 3556992 ns, At safepoint: 12036719 ns, Total: 15593711 ns
[2020-09-11T16:54:22.374+0000][1][gc,start     ] GC(48) Pause Young (Allocation Failure)
[2020-09-11T16:54:22.374+0000][1][gc,task      ] GC(48) Using 1 workers of 1 for evacuation
[2020-09-11T16:54:22.376+0000][1][gc,age       ] GC(48) Desired survivor size 4358144 bytes, new threshold 6 (max threshold 6)
[2020-09-11T16:54:22.377+0000][1][gc,age       ] GC(48) Age table with threshold 6 (max threshold 6)
[2020-09-11T16:54:22.377+0000][1][gc,age       ] GC(48) - age   1:        176 bytes,        176 total
[2020-09-11T16:54:22.377+0000][1][gc,heap      ] GC(48) ParNew: 68201K->10K(76672K)
[2020-09-11T16:54:22.377+0000][1][gc,heap      ] GC(48) CMS: 48737K->48737K(439104K)
[2020-09-11T16:54:22.377+0000][1][gc,metaspace ] GC(48) Metaspace: 32456K->32456K(1079296K)
[2020-09-11T16:54:22.377+0000][1][gc           ] GC(48) Pause Young (Allocation Failure) 114M->47M(503M) 2.384ms
[2020-09-11T16:54:22.377+0000][1][gc,cpu       ] GC(48) User=0.00s Sys=0.00s Real=0.00s
[2020-09-11T16:54:22.385+0000][1][safepoint    ] Safepoint "GenCollectForAllocation", Time since last: 247955865 ns, Reaching safepoint: 1396402 ns, At safepoint: 10651243 ns, Total: 12047645 ns
[2020-09-11T16:54:22.629+0000][1][gc,start     ] GC(49) Pause Young (Allocation Failure)
[2020-09-11T16:54:22.629+0000][1][gc,task      ] GC(49) Using 1 workers of 1 for evacuation
[2020-09-11T16:54:22.631+0000][1][gc,age       ] GC(49) Desired survivor size 4358144 bytes, new threshold 6 (max threshold 6)
[2020-09-11T16:54:22.631+0000][1][gc,age       ] GC(49) Age table with threshold 6 (max threshold 6)
[2020-09-11T16:54:22.631+0000][1][gc,age       ] GC(49) - age   1:         56 bytes,         56 total
[2020-09-11T16:54:22.631+0000][1][gc,heap      ] GC(49) ParNew: 68170K->2K(76672K)
[2020-09-11T16:54:22.631+0000][1][gc,heap      ] GC(49) CMS: 48737K->48737K(439104K)
[2020-09-11T16:54:22.631+0000][1][gc,metaspace ] GC(49) Metaspace: 32456K->32456K(1079296K)
[2020-09-11T16:54:22.631+0000][1][gc           ] GC(49) Pause Young (Allocation Failure) 114M->47M(503M) 2.324ms
[2020-09-11T16:54:22.631+0000][1][gc,cpu       ] GC(49) User=0.00s Sys=0.00s Real=0.00s
[2020-09-11T16:54:22.639+0000][1][safepoint    ] Safepoint "GenCollectForAllocation", Time since last: 242564117 ns, Reaching safepoint: 1391637 ns, At safepoint: 10470571 ns, Total: 11862208 ns
[2020-09-11T16:54:23.652+0000][1][safepoint    ] Safepoint "Cleanup", Time since last: 1012498986 ns, Reaching safepoint: 646910 ns, At safepoint: 6929 ns, Total: 653839 ns
[2020-09-11T16:54:25.265+0000][1][gc,start     ] GC(50) Pause Young (Allocation Failure)
[2020-09-11T16:54:25.265+0000][1][gc,task      ] GC(50) Using 1 workers of 1 for evacuation
[2020-09-11T16:54:25.268+0000][1][gc,age       ] GC(50) Desired survivor size 4358144 bytes, new threshold 6 (max threshold 6)
[2020-09-11T16:54:25.268+0000][1][gc,age       ] GC(50) Age table with threshold 6 (max threshold 6)
[2020-09-11T16:54:25.268+0000][1][gc,age       ] GC(50) - age   1:      95944 bytes,      95944 total
[2020-09-11T16:54:25.268+0000][1][gc,heap      ] GC(50) ParNew: 68162K->94K(76672K)
[2020-09-11T16:54:25.268+0000][1][gc,heap      ] GC(50) CMS: 48737K->48737K(439104K)
[2020-09-11T16:54:25.268+0000][1][gc,metaspace ] GC(50) Metaspace: 32457K->32457K(1079296K)
[2020-09-11T16:54:25.268+0000][1][gc           ] GC(50) Pause Young (Allocation Failure) 114M->47M(503M) 2.655ms
[2020-09-11T16:54:25.268+0000][1][gc,cpu       ] GC(50) User=0.01s Sys=0.00s Real=0.00s
[2020-09-11T16:54:25.286+0000][1][safepoint    ] Safepoint "GenCollectForAllocation", Time since last: 1612377081 ns, Reaching safepoint: 177049 ns, At safepoint: 21210157 ns, Total: 21387206 ns
[2020-09-11T16:54:26.197+0000][1][gc,start     ] GC(51) Pause Young (Allocation Failure)
[2020-09-11T16:54:26.197+0000][1][gc,task      ] GC(51) Using 1 workers of 1 for evacuation
[2020-09-11T16:54:26.199+0000][1][gc,age       ] GC(51) Desired survivor size 4358144 bytes, new threshold 6 (max threshold 6)
[2020-09-11T16:54:26.199+0000][1][gc,age       ] GC(51) Age table with threshold 6 (max threshold 6)
[2020-09-11T16:54:26.199+0000][1][gc,age       ] GC(51) - age   1:     545960 bytes,     545960 total
[2020-09-11T16:54:26.199+0000][1][gc,age       ] GC(51) - age   2:      49160 bytes,     595120 total
[2020-09-11T16:54:26.200+0000][1][gc,heap      ] GC(51) ParNew: 68254K->598K(76672K)
[2020-09-11T16:54:26.200+0000][1][gc,heap      ] GC(51) CMS: 48737K->48737K(439104K)
[2020-09-11T16:54:26.200+0000][1][gc,metaspace ] GC(51) Metaspace: 32457K->32457K(1079296K)
[2020-09-11T16:54:26.200+0000][1][gc           ] GC(51) Pause Young (Allocation Failure) 114M->48M(503M) 2.638ms
[2020-09-11T16:54:26.200+0000][1][gc,cpu       ] GC(51) User=0.01s Sys=0.00s Real=0.00s
[2020-09-11T16:54:26.213+0000][1][safepoint    ] Safepoint "GenCollectForAllocation", Time since last: 910620533 ns, Reaching safepoint: 119671 ns, At safepoint: 15905293 ns, Total: 16024964 ns
[2020-09-11T16:54:27.233+0000][1][safepoint    ] Safepoint "Cleanup", Time since last: 1015953377 ns, Reaching safepoint: 4030703 ns, At safepoint: 15467 ns, Total: 4046170 ns
[2020-09-11T16:54:27.353+0000][1][gc,start     ] GC(52) Pause Young (Allocation Failure)
[2020-09-11T16:54:27.353+0000][1][gc,task      ] GC(52) Using 1 workers of 1 for evacuation
[2020-09-11T16:54:27.362+0000][1][gc,age       ] GC(52) Desired survivor size 4358144 bytes, new threshold 6 (max threshold 6)
[2020-09-11T16:54:27.362+0000][1][gc,age       ] GC(52) Age table with threshold 6 (max threshold 6)
[2020-09-11T16:54:27.362+0000][1][gc,age       ] GC(52) - age   1:     645472 bytes,     645472 total
[2020-09-11T16:54:27.362+0000][1][gc,age       ] GC(52) - age   2:     374720 bytes,    1020192 total
[2020-09-11T16:54:27.362+0000][1][gc,age       ] GC(52) - age   3:      48408 bytes,    1068600 total
[2020-09-11T16:54:27.362+0000][1][gc,heap      ] GC(52) ParNew: 68758K->1070K(76672K)
[2020-09-11T16:54:27.362+0000][1][gc,heap      ] GC(52) CMS: 48737K->48737K(439104K)
[2020-09-11T16:54:27.362+0000][1][gc,metaspace ] GC(52) Metaspace: 32457K->32457K(1079296K)
[2020-09-11T16:54:27.362+0000][1][gc           ] GC(52) Pause Young (Allocation Failure) 114M->48M(503M) 8.772ms
[2020-09-11T16:54:27.362+0000][1][gc,cpu       ] GC(52) User=0.00s Sys=0.00s Real=0.01s
[2020-09-11T16:54:27.385+0000][1][safepoint    ] Safepoint "GenCollectForAllocation", Time since last: 120039133 ns, Reaching safepoint: 98807 ns, At safepoint: 31832900 ns, Total: 31931707 ns
[2020-09-11T16:54:28.301+0000][1][gc,start     ] GC(53) Pause Young (Allocation Failure)
[2020-09-11T16:54:28.301+0000][1][gc,task      ] GC(53) Using 1 workers of 1 for evacuation
[2020-09-11T16:54:28.304+0000][1][gc,age       ] GC(53) Desired survivor size 4358144 bytes, new threshold 6 (max threshold 6)
[2020-09-11T16:54:28.304+0000][1][gc,age       ] GC(53) Age table with threshold 6 (max threshold 6)
[2020-09-11T16:54:28.304+0000][1][gc,age       ] GC(53) - age   1:     347808 bytes,     347808 total
[2020-09-11T16:54:28.304+0000][1][gc,age       ] GC(53) - age   2:     627960 bytes,     975768 total
[2020-09-11T16:54:28.304+0000][1][gc,age       ] GC(53) - age   3:     373936 bytes,    1349704 total
[2020-09-11T16:54:28.304+0000][1][gc,age       ] GC(53) - age   4:      48064 bytes,    1397768 total
[2020-09-11T16:54:28.304+0000][1][gc,heap      ] GC(53) ParNew: 69230K->1384K(76672K)
[2020-09-11T16:54:28.304+0000][1][gc,heap      ] GC(53) CMS: 48737K->48737K(439104K)
[2020-09-11T16:54:28.304+0000][1][gc,metaspace ] GC(53) Metaspace: 32457K->32457K(1079296K)
[2020-09-11T16:54:28.304+0000][1][gc           ] GC(53) Pause Young (Allocation Failure) 115M->48M(503M) 2.814ms
[2020-09-11T16:54:28.304+0000][1][gc,cpu       ] GC(53) User=0.00s Sys=0.00s Real=0.00s
[2020-09-11T16:54:28.316+0000][1][safepoint    ] Safepoint "GenCollectForAllocation", Time since last: 916003135 ns, Reaching safepoint: 101365 ns, At safepoint: 15209858 ns, Total: 15311223 ns
[2020-09-11T16:54:29.508+0000][1][gc,start     ] GC(54) Pause Young (Allocation Failure)
[2020-09-11T16:54:29.508+0000][1][gc,task      ] GC(54) Using 1 workers of 1 for evacuation
[2020-09-11T16:54:29.515+0000][1][gc,age       ] GC(54) Desired survivor size 4358144 bytes, new threshold 6 (max threshold 6)
[2020-09-11T16:54:29.515+0000][1][gc,age       ] GC(54) Age table with threshold 6 (max threshold 6)
[2020-09-11T16:54:29.515+0000][1][gc,age       ] GC(54) - age   1:     930704 bytes,     930704 total
[2020-09-11T16:54:29.515+0000][1][gc,age       ] GC(54) - age   2:     335640 bytes,    1266344 total
[2020-09-11T16:54:29.515+0000][1][gc,age       ] GC(54) - age   3:     299712 bytes,    1566056 total
[2020-09-11T16:54:29.515+0000][1][gc,age       ] GC(54) - age   4:     373776 bytes,    1939832 total
[2020-09-11T16:54:29.515+0000][1][gc,age       ] GC(54) - age   5:      48064 bytes,    1987896 total
[2020-09-11T16:54:29.515+0000][1][gc,heap      ] GC(54) ParNew: 69544K->1995K(76672K)
[2020-09-11T16:54:29.515+0000][1][gc,heap      ] GC(54) CMS: 48737K->48737K(439104K)
[2020-09-11T16:54:29.515+0000][1][gc,metaspace ] GC(54) Metaspace: 32457K->32457K(1079296K)
[2020-09-11T16:54:29.516+0000][1][gc           ] GC(54) Pause Young (Allocation Failure) 115M->49M(503M) 7.247ms
[2020-09-11T16:54:29.516+0000][1][gc,cpu       ] GC(54) User=0.00s Sys=0.00s Real=0.01s
[2020-09-11T16:54:29.528+0000][1][safepoint    ] Safepoint "GenCollectForAllocation", Time since last: 1192047848 ns, Reaching safepoint: 103363 ns, At safepoint: 19298405 ns, Total: 19401768 ns
[2020-09-11T16:54:30.524+0000][1][gc,start     ] GC(55) Pause Young (Allocation Failure)
[2020-09-11T16:54:30.524+0000][1][gc,task      ] GC(55) Using 1 workers of 1 for evacuation
[2020-09-11T16:54:30.531+0000][1][gc,age       ] GC(55) Desired survivor size 4358144 bytes, new threshold 6 (max threshold 6)
[2020-09-11T16:54:30.531+0000][1][gc,age       ] GC(55) Age table with threshold 6 (max threshold 6)
[2020-09-11T16:54:30.531+0000][1][gc,age       ] GC(55) - age   1:     314016 bytes,     314016 total
[2020-09-11T16:54:30.531+0000][1][gc,age       ] GC(55) - age   2:     918848 bytes,    1232864 total
[2020-09-11T16:54:30.531+0000][1][gc,age       ] GC(55) - age   3:     331280 bytes,    1564144 total
[2020-09-11T16:54:30.531+0000][1][gc,age       ] GC(55) - age   4:     299072 bytes,    1863216 total
[2020-09-11T16:54:30.531+0000][1][gc,age       ] GC(55) - age   5:     373624 bytes,    2236840 total
[2020-09-11T16:54:30.531+0000][1][gc,age       ] GC(55) - age   6:      48040 bytes,    2284880 total
[2020-09-11T16:54:30.531+0000][1][gc,heap      ] GC(55) ParNew: 70155K->2291K(76672K)
[2020-09-11T16:54:30.531+0000][1][gc,heap      ] GC(55) CMS: 48737K->48737K(439104K)
[2020-09-11T16:54:30.531+0000][1][gc,metaspace ] GC(55) Metaspace: 32457K->32457K(1079296K)
[2020-09-11T16:54:30.531+0000][1][gc           ] GC(55) Pause Young (Allocation Failure) 116M->49M(503M) 7.216ms
[2020-09-11T16:54:30.531+0000][1][gc,cpu       ] GC(55) User=0.00s Sys=0.00s Real=0.00s
[2020-09-11T16:54:30.541+0000][1][safepoint    ] Safepoint "GenCollectForAllocation", Time since last: 995844872 ns, Reaching safepoint: 107549 ns, At safepoint: 17183645 ns, Total: 17291194 ns
[2020-09-11T16:54:30.597+0000][1][safepoint    ] Safepoint "ICBufferFull", Time since last: 54406844 ns, Reaching safepoint: 1793345 ns, At safepoint: 10917 ns, Total: 1804262 ns
[2020-09-11T16:54:32.005+0000][1][safepoint    ] Safepoint "Cleanup", Time since last: 1403894024 ns, Reaching safepoint: 4017248 ns, At safepoint: 8753 ns, Total: 4026001 ns
[2020-09-11T16:54:32.258+0000][1][safepoint    ] Safepoint "Deoptimize", Time since last: 252969016 ns, Reaching safepoint: 115117 ns, At safepoint: 341859 ns, Total: 456976 ns
[2020-09-11T16:54:32.906+0000][1][safepoint    ] Safepoint "CollectForMetadataAllocation", Time since last: 647416657 ns, Reaching safepoint: 110730 ns, At safepoint: 121182 ns, Total: 231912 ns
[2020-09-11T16:54:33.101+0000][1][safepoint    ] Safepoint "CollectForMetadataAllocation", Time since last: 194912507 ns, Reaching safepoint: 106247 ns, At safepoint: 123574 ns, Total: 229821 ns
[2020-09-11T16:54:33.313+0000][1][safepoint    ] Safepoint "CollectForMetadataAllocation", Time since last: 211910716 ns, Reaching safepoint: 111438 ns, At safepoint: 105673 ns, Total: 217111 ns
[2020-09-11T16:54:33.421+0000][1][gc,start     ] GC(56) Pause Young (Allocation Failure)
[2020-09-11T16:54:33.421+0000][1][gc,task      ] GC(56) Using 1 workers of 1 for evacuation
[2020-09-11T16:54:33.469+0000][1][gc,age       ] GC(56) Desired survivor size 4358144 bytes, new threshold 6 (max threshold 6)
[2020-09-11T16:54:33.469+0000][1][gc,age       ] GC(56) Age table with threshold 6 (max threshold 6)
[2020-09-11T16:54:33.469+0000][1][gc,age       ] GC(56) - age   1:    1196272 bytes,    1196272 total
[2020-09-11T16:54:33.469+0000][1][gc,age       ] GC(56) - age   2:     301544 bytes,    1497816 total
[2020-09-11T16:54:33.469+0000][1][gc,age       ] GC(56) - age   3:     918504 bytes,    2416320 total
[2020-09-11T16:54:33.469+0000][1][gc,age       ] GC(56) - age   4:     330656 bytes,    2746976 total
[2020-09-11T16:54:33.491+0000][1][gc,age       ] GC(56) - age   5:     298664 bytes,    3045640 total
[2020-09-11T16:54:33.491+0000][1][gc,age       ] GC(56) - age   6:     373480 bytes,    3419120 total
[2020-09-11T16:54:33.491+0000][1][gc,heap      ] GC(56) ParNew: 70451K->3495K(76672K)
[2020-09-11T16:54:33.491+0000][1][gc,heap      ] GC(56) CMS: 48737K->48781K(439104K)
[2020-09-11T16:54:33.491+0000][1][gc,metaspace ] GC(56) Metaspace: 35368K->35368K(1081344K)
[2020-09-11T16:54:33.491+0000][1][gc           ] GC(56) Pause Young (Allocation Failure) 116M->51M(503M) 69.852ms
[2020-09-11T16:54:33.491+0000][1][gc,cpu       ] GC(56) User=0.01s Sys=0.01s Real=0.06s
[2020-09-11T16:54:33.491+0000][1][safepoint    ] Safepoint "GenCollectForAllocation", Time since last: 107621042 ns, Reaching safepoint: 104713 ns, At safepoint: 69912091 ns, Total: 70016804 ns
[2020-09-11T16:54:33.502+0000][1][gc,start     ] GC(57) Pause Initial Mark
[2020-09-11T16:54:33.503+0000][1][gc           ] GC(57) Pause Initial Mark 52M->52M(503M) 1.348ms
[2020-09-11T16:54:33.503+0000][1][gc,cpu       ] GC(57) User=0.00s Sys=0.00s Real=0.00s
[2020-09-11T16:54:33.503+0000][1][safepoint    ] Safepoint "CMS_Initial_Mark", Time since last: 11163762 ns, Reaching safepoint: 23917 ns, At safepoint: 1401327 ns, Total: 1425244 ns
[2020-09-11T16:54:33.527+0000][1][gc           ] GC(57) Concurrent Mark
[2020-09-11T16:54:33.565+0000][1][safepoint    ] Safepoint "CollectForMetadataAllocation", Time since last: 55519242 ns, Reaching safepoint: 5970136 ns, At safepoint: 143325 ns, Total: 6113461 ns
[2020-09-11T16:54:33.809+0000][1][safepoint    ] Safepoint "CollectForMetadataAllocation", Time since last: 219762940 ns, Reaching safepoint: 24054449 ns, At safepoint: 123095 ns, Total: 24177544 ns
[2020-09-11T16:54:34.167+0000][1][gc           ] GC(57) Concurrent Mark 640.153ms
[2020-09-11T16:54:34.167+0000][1][gc,cpu       ] GC(57) User=0.12s Sys=0.00s Real=0.64s
[2020-09-11T16:54:34.167+0000][1][gc           ] GC(57) Concurrent Preclean
[2020-09-11T16:54:34.168+0000][1][gc           ] GC(57) Concurrent Preclean 0.979ms
[2020-09-11T16:54:34.168+0000][1][gc,cpu       ] GC(57) User=0.01s Sys=0.00s Real=0.00s
[2020-09-11T16:54:34.168+0000][1][gc           ] GC(57) Concurrent Abortable Preclean
[2020-09-11T16:54:34.213+0000][1][safepoint    ] Safepoint "CollectForMetadataAllocation", Time since last: 403827304 ns, Reaching safepoint: 56221 ns, At safepoint: 112639 ns, Total: 168860 ns
[2020-09-11T16:54:34.911+0000][1][gc           ] GC(57) Concurrent Abortable Preclean 742.767ms
[2020-09-11T16:54:34.911+0000][1][gc,cpu       ] GC(57) User=0.14s Sys=0.00s Real=0.74s
[2020-09-11T16:54:34.919+0000][1][gc,start     ] GC(57) Pause Remark
[2020-09-11T16:54:35.019+0000][1][gc           ] GC(57) Pause Remark 96M->96M(503M) 99.762ms
[2020-09-11T16:54:35.019+0000][1][gc,cpu       ] GC(57) User=0.02s Sys=0.00s Real=0.10s
[2020-09-11T16:54:35.058+0000][1][safepoint    ] Safepoint "CMS_Final_Remark", Time since last: 697950679 ns, Reaching safepoint: 8199697 ns, At safepoint: 138645319 ns, Total: 146845016 ns
[2020-09-11T16:54:35.058+0000][1][gc           ] GC(57) Concurrent Sweep
[2020-09-11T16:54:35.199+0000][1][gc           ] GC(57) Concurrent Sweep 141.599ms
[2020-09-11T16:54:35.199+0000][1][gc,cpu       ] GC(57) User=0.03s Sys=0.00s Real=0.14s
[2020-09-11T16:54:35.199+0000][1][gc           ] GC(57) Concurrent Reset
[2020-09-11T16:54:35.200+0000][1][gc           ] GC(57) Concurrent Reset 0.606ms
[2020-09-11T16:54:35.200+0000][1][gc,cpu       ] GC(57) User=0.00s Sys=0.00s Real=0.00s
[2020-09-11T16:54:35.200+0000][1][gc,heap      ] GC(57) Old: 48781K->47699K(439104K)
[2020-09-11T16:54:35.313+0000][1][gc,start     ] GC(58) Pause Young (Allocation Failure)
[2020-09-11T16:54:35.313+0000][1][gc,task      ] GC(58) Using 1 workers of 1 for evacuation
[2020-09-11T16:54:35.337+0000][1][gc,age       ] GC(58) Desired survivor size 4358144 bytes, new threshold 6 (max threshold 6)
[2020-09-11T16:54:35.337+0000][1][gc,age       ] GC(58) Age table with threshold 6 (max threshold 6)
[2020-09-11T16:54:35.337+0000][1][gc,age       ] GC(58) - age   1:     379096 bytes,     379096 total
[2020-09-11T16:54:35.337+0000][1][gc,age       ] GC(58) - age   2:    1168496 bytes,    1547592 total
[2020-09-11T16:54:35.337+0000][1][gc,age       ] GC(58) - age   3:     301544 bytes,    1849136 total
[2020-09-11T16:54:35.337+0000][1][gc,age       ] GC(58) - age   4:     918504 bytes,    2767640 total
[2020-09-11T16:54:35.337+0000][1][gc,age       ] GC(58) - age   5:     330656 bytes,    3098296 total
[2020-09-11T16:54:35.337+0000][1][gc,age       ] GC(58) - age   6:     298496 bytes,    3396792 total
[2020-09-11T16:54:35.337+0000][1][gc,heap      ] GC(58) ParNew: 71655K->3621K(76672K)
[2020-09-11T16:54:35.337+0000][1][gc,heap      ] GC(58) CMS: 47699K->48064K(439104K)
[2020-09-11T16:54:35.337+0000][1][gc,metaspace ] GC(58) Metaspace: 36232K->36232K(1083392K)
[2020-09-11T16:54:35.351+0000][1][gc           ] GC(58) Pause Young (Allocation Failure) 116M->50M(503M) 38.798ms
[2020-09-11T16:54:35.351+0000][1][gc,cpu       ] GC(58) User=0.01s Sys=0.00s Real=0.04s
[2020-09-11T16:54:35.377+0000][1][safepoint    ] Safepoint "GenCollectForAllocation", Time since last: 254422779 ns, Reaching safepoint: 380011 ns, At safepoint: 64234633 ns, Total: 64614644 ns
[2020-09-11T16:54:36.417+0000][1][safepoint    ] Safepoint "Cleanup", Time since last: 1040019482 ns, Reaching safepoint: 126963 ns, At safepoint: 7696 ns, Total: 134659 ns
[2020-09-11T16:54:36.979+0000][1][safepoint    ] Safepoint "RevokeBias", Time since last: 561497994 ns, Reaching safepoint: 121622 ns, At safepoint: 40244 ns, Total: 161866 ns
[2020-09-11T16:54:38.009+0000][1][safepoint    ] Safepoint "Cleanup", Time since last: 1010164662 ns, Reaching safepoint: 20157278 ns, At safepoint: 10358 ns, Total: 20167636 ns
[2020-09-11T16:54:39.010+0000][1][safepoint    ] Safepoint "Cleanup", Time since last: 1000104493 ns, Reaching safepoint: 462194 ns, At safepoint: 6593 ns, Total: 468787 ns
[2020-09-11T16:54:39.433+0000][1][gc,start     ] GC(59) Pause Young (Allocation Failure)
[2020-09-11T16:54:39.433+0000][1][gc,task      ] GC(59) Using 1 workers of 1 for evacuation
[2020-09-11T16:54:39.489+0000][1][gc,age       ] GC(59) Desired survivor size 4358144 bytes, new threshold 5 (max threshold 6)
[2020-09-11T16:54:39.489+0000][1][gc,age       ] GC(59) Age table with threshold 5 (max threshold 6)
[2020-09-11T16:54:39.489+0000][1][gc,age       ] GC(59) - age   1:    2495864 bytes,    2495864 total
[2020-09-11T16:54:39.489+0000][1][gc,age       ] GC(59) - age   2:     333216 bytes,    2829080 total
[2020-09-11T16:54:39.489+0000][1][gc,age       ] GC(59) - age   3:    1166248 bytes,    3995328 total
[2020-09-11T16:54:39.489+0000][1][gc,age       ] GC(59) - age   4:     301544 bytes,    4296872 total
[2020-09-11T16:54:39.489+0000][1][gc,age       ] GC(59) - age   5:     918504 bytes,    5215376 total
[2020-09-11T16:54:39.489+0000][1][gc,age       ] GC(59) - age   6:     330656 bytes,    5546032 total
[2020-09-11T16:54:39.497+0000][1][gc,heap      ] GC(59) ParNew: 71781K->6688K(76672K)
[2020-09-11T16:54:39.497+0000][1][gc,heap      ] GC(59) CMS: 48064K->48356K(439104K)
[2020-09-11T16:54:39.497+0000][1][gc,metaspace ] GC(59) Metaspace: 41110K->41110K(1087488K)
[2020-09-11T16:54:39.497+0000][1][gc           ] GC(59) Pause Young (Allocation Failure) 117M->53M(503M) 63.801ms
[2020-09-11T16:54:39.497+0000][1][gc,cpu       ] GC(59) User=0.01s Sys=0.00s Real=0.06s
[2020-09-11T16:54:39.497+0000][1][safepoint    ] Safepoint "GenCollectForAllocation", Time since last: 423418572 ns, Reaching safepoint: 114954 ns, At safepoint: 64291330 ns, Total: 64406284 ns
[2020-09-11T16:54:40.553+0000][1][safepoint    ] Safepoint "Cleanup", Time since last: 1049376771 ns, Reaching safepoint: 6093157 ns, At safepoint: 13923 ns, Total: 6107080 ns
[2020-09-11T16:54:41.557+0000][1][safepoint    ] Safepoint "Cleanup", Time since last: 1000114320 ns, Reaching safepoint: 3927743 ns, At safepoint: 12226 ns, Total: 3939969 ns
[2020-09-11T16:54:42.113+0000][1][safepoint    ] Safepoint "BulkRevokeBias", Time since last: 554068604 ns, Reaching safepoint: 1854269 ns, At safepoint: 54093 ns, Total: 1908362 ns
[2020-09-11T16:54:43.113+0000][1][safepoint    ] Safepoint "Cleanup", Time since last: 1000079162 ns, Reaching safepoint: 109745 ns, At safepoint: 6110 ns, Total: 115855 ns
[2020-09-11T16:54:47.121+0000][1][safepoint    ] Safepoint "RevokeBias", Time since last: 4004119341 ns, Reaching safepoint: 3644239 ns, At safepoint: 56054 ns, Total: 3700293 ns
[2020-09-11T16:54:47.121+0000][1][safepoint    ] Safepoint "RevokeBias", Time since last: 114393 ns, Reaching safepoint: 92041 ns, At safepoint: 37094 ns, Total: 129135 ns
[2020-09-11T16:54:47.121+0000][1][safepoint    ] Safepoint "RevokeBias", Time since last: 40248 ns, Reaching safepoint: 86080 ns, At safepoint: 34833 ns, Total: 120913 ns
[2020-09-11T16:54:47.121+0000][1][safepoint    ] Safepoint "RevokeBias", Time since last: 32673 ns, Reaching safepoint: 85942 ns, At safepoint: 33927 ns, Total: 119869 ns
[2020-09-11T16:54:47.122+0000][1][safepoint    ] Safepoint "RevokeBias", Time since last: 32469 ns, Reaching safepoint: 85172 ns, At safepoint: 34020 ns, Total: 119192 ns
[2020-09-11T16:54:47.122+0000][1][safepoint    ] Safepoint "RevokeBias", Time since last: 31914 ns, Reaching safepoint: 84871 ns, At safepoint: 33850 ns, Total: 118721 ns
[2020-09-11T16:54:47.125+0000][1][safepoint    ] Safepoint "RevokeBias", Time since last: 31113 ns, Reaching safepoint: 3044118 ns, At safepoint: 45784 ns, Total: 3089902 ns
[2020-09-11T16:54:47.125+0000][1][safepoint    ] Safepoint "RevokeBias", Time since last: 59864 ns, Reaching safepoint: 87125 ns, At safepoint: 34125 ns, Total: 121250 ns
[2020-09-11T16:54:47.125+0000][1][safepoint    ] Safepoint "RevokeBias", Time since last: 32269 ns, Reaching safepoint: 84378 ns, At safepoint: 32516 ns, Total: 116894 ns
[2020-09-11T16:54:47.125+0000][1][safepoint    ] Safepoint "RevokeBias", Time since last: 30792 ns, Reaching safepoint: 84349 ns, At safepoint: 32517 ns, Total: 116866 ns
[2020-09-11T16:54:47.125+0000][1][safepoint    ] Safepoint "RevokeBias", Time since last: 30885 ns, Reaching safepoint: 84153 ns, At safepoint: 31970 ns, Total: 116123 ns
[2020-09-11T16:54:47.126+0000][1][safepoint    ] Safepoint "RevokeBias", Time since last: 32690 ns, Reaching safepoint: 83755 ns, At safepoint: 31662 ns, Total: 115417 ns
[2020-09-11T16:54:47.126+0000][1][safepoint    ] Safepoint "RevokeBias", Time since last: 30283 ns, Reaching safepoint: 83637 ns, At safepoint: 31601 ns, Total: 115238 ns
[2020-09-11T16:54:47.126+0000][1][safepoint    ] Safepoint "RevokeBias", Time since last: 71466 ns, Reaching safepoint: 85884 ns, At safepoint: 35938 ns, Total: 121822 ns
[2020-09-11T16:54:47.126+0000][1][safepoint    ] Safepoint "RevokeBias", Time since last: 42326 ns, Reaching safepoint: 85912 ns, At safepoint: 39585 ns, Total: 125497 ns
[2020-09-11T16:54:48.453+0000][1][safepoint    ] Safepoint "Cleanup", Time since last: 1322651920 ns, Reaching safepoint: 4094898 ns, At safepoint: 15899 ns, Total: 4110797 ns
[2020-09-11T16:54:49.457+0000][1][safepoint    ] Safepoint "Cleanup", Time since last: 1000110457 ns, Reaching safepoint: 3823597 ns, At safepoint: 8658 ns, Total: 3832255 ns
[2020-09-11T16:54:50.377+0000][1][gc,start     ] GC(60) Pause Young (Allocation Failure)
[2020-09-11T16:54:50.377+0000][1][gc,task      ] GC(60) Using 1 workers of 1 for evacuation
[2020-09-11T16:54:50.526+0000][1][gc,age       ] GC(60) Desired survivor size 4358144 bytes, new threshold 2 (max threshold 6)
[2020-09-11T16:54:50.526+0000][1][gc,age       ] GC(60) Age table with threshold 2 (max threshold 6)
[2020-09-11T16:54:50.526+0000][1][gc,age       ] GC(60) - age   1:    2779736 bytes,    2779736 total
[2020-09-11T16:54:50.526+0000][1][gc,age       ] GC(60) - age   2:    2433096 bytes,    5212832 total
[2020-09-11T16:54:50.526+0000][1][gc,age       ] GC(60) - age   3:     332976 bytes,    5545808 total
[2020-09-11T16:54:50.526+0000][1][gc,age       ] GC(60) - age   4:    1165488 bytes,    6711296 total
[2020-09-11T16:54:50.526+0000][1][gc,age       ] GC(60) - age   5:     301544 bytes,    7012840 total
[2020-09-11T16:54:50.526+0000][1][gc,heap      ] GC(60) ParNew: 74848K->8512K(76672K)
[2020-09-11T16:54:50.526+0000][1][gc,heap      ] GC(60) CMS: 48356K->49575K(439104K)
[2020-09-11T16:54:50.526+0000][1][gc,metaspace ] GC(60) Metaspace: 47117K->47117K(1093632K)
[2020-09-11T16:54:50.526+0000][1][gc           ] GC(60) Pause Young (Allocation Failure) 120M->56M(503M) 149.351ms
[2020-09-11T16:54:50.526+0000][1][gc,cpu       ] GC(60) User=0.04s Sys=0.00s Real=0.15s
[2020-09-11T16:54:50.533+0000][1][safepoint    ] Safepoint "GenCollectForAllocation", Time since last: 919940877 ns, Reaching safepoint: 131477 ns, At safepoint: 155914480 ns, Total: 156045957 ns
[2020-09-11T16:54:50.697+0000][1][safepoint    ] Safepoint "RevokeBias", Time since last: 155645711 ns, Reaching safepoint: 8324449 ns, At safepoint: 24403 ns, Total: 8348852 ns
[2020-09-11T16:54:50.697+0000][1][safepoint    ] Safepoint "RevokeBias", Time since last: 76277 ns, Reaching safepoint: 82736 ns, At safepoint: 9601 ns, Total: 92337 ns
[2020-09-11T16:54:50.697+0000][1][safepoint    ] Safepoint "RevokeBias", Time since last: 33309 ns, Reaching safepoint: 80805 ns, At safepoint: 8599 ns, Total: 89404 ns
[2020-09-11T16:54:50.697+0000][1][safepoint    ] Safepoint "RevokeBias", Time since last: 29345 ns, Reaching safepoint: 8525 ns, At safepoint: 7211 ns, Total: 15736 ns
[2020-09-11T16:54:50.697+0000][1][safepoint    ] Safepoint "RevokeBias", Time since last: 32520 ns, Reaching safepoint: 7986 ns, At safepoint: 7059 ns, Total: 15045 ns
[2020-09-11T16:54:50.697+0000][1][safepoint    ] Safepoint "RevokeBias", Time since last: 26251 ns, Reaching safepoint: 7770 ns, At safepoint: 7032 ns, Total: 14802 ns
[2020-09-11T16:54:50.697+0000][1][safepoint    ] Safepoint "RevokeBias", Time since last: 25329 ns, Reaching safepoint: 7710 ns, At safepoint: 7242 ns, Total: 14952 ns
[2020-09-11T16:54:50.697+0000][1][safepoint    ] Safepoint "RevokeBias", Time since last: 25791 ns, Reaching safepoint: 7699 ns, At safepoint: 7010 ns, Total: 14709 ns
[2020-09-11T16:54:50.697+0000][1][safepoint    ] Safepoint "RevokeBias", Time since last: 25679 ns, Reaching safepoint: 7654 ns, At safepoint: 6848 ns, Total: 14502 ns
[2020-09-11T16:54:50.697+0000][1][safepoint    ] Safepoint "RevokeBias", Time since last: 24360 ns, Reaching safepoint: 7621 ns, At safepoint: 6823 ns, Total: 14444 ns
[2020-09-11T16:54:50.697+0000][1][safepoint    ] Safepoint "RevokeBias", Time since last: 24205 ns, Reaching safepoint: 7677 ns, At safepoint: 6848 ns, Total: 14525 ns
[2020-09-11T16:54:51.289+0000][1][safepoint    ] Safepoint "RevokeBias", Time since last: 591500649 ns, Reaching safepoint: 119852 ns, At safepoint: 36164 ns, Total: 156016 ns
[2020-09-11T16:54:51.313+0000][1][safepoint    ] Safepoint "RevokeBias", Time since last: 23711902 ns, Reaching safepoint: 110699 ns, At safepoint: 53538 ns, Total: 164237 ns
[2020-09-11T16:54:52.258+0000][1][safepoint    ] Safepoint "RevokeBias", Time since last: 944166822 ns, Reaching safepoint: 402025 ns, At safepoint: 45065 ns, Total: 447090 ns
[2020-09-11T16:54:52.258+0000][1][safepoint    ] Safepoint "RevokeBias", Time since last: 203501 ns, Reaching safepoint: 83978 ns, At safepoint: 21180 ns, Total: 105158 ns
[2020-09-11T16:54:52.261+0000][1][safepoint    ] Safepoint "RevokeBias", Time since last: 2895441 ns, Reaching safepoint: 80810 ns, At safepoint: 18989 ns, Total: 99799 ns
[2020-09-11T16:54:52.490+0000][1][safepoint    ] Safepoint "RevokeBias", Time since last: 229441149 ns, Reaching safepoint: 109073 ns, At safepoint: 34761 ns, Total: 143834 ns
[2020-09-11T16:54:52.491+0000][1][safepoint    ] Safepoint "RevokeBias", Time since last: 100267 ns, Reaching safepoint: 81763 ns, At safepoint: 19880 ns, Total: 101643 ns
[2020-09-11T16:54:52.491+0000][1][safepoint    ] Safepoint "RevokeBias", Time since last: 101549 ns, Reaching safepoint: 81649 ns, At safepoint: 19127 ns, Total: 100776 ns
[2020-09-11T16:54:52.496+0000][1][safepoint    ] Safepoint "RevokeBias", Time since last: 5146564 ns, Reaching safepoint: 101678 ns, At safepoint: 32753 ns, Total: 134431 ns
[2020-09-11T16:54:52.497+0000][1][safepoint    ] Safepoint "RevokeBias", Time since last: 432575 ns, Reaching safepoint: 85591 ns, At safepoint: 23196 ns, Total: 108787 ns
[2020-09-11T16:54:52.506+0000][1][safepoint    ] Safepoint "RevokeBias", Time since last: 8095310 ns, Reaching safepoint: 705661 ns, At safepoint: 41080 ns, Total: 746741 ns
[2020-09-11T16:54:52.514+0000][1][safepoint    ] Safepoint "RevokeBias", Time since last: 7635280 ns, Reaching safepoint: 497123 ns, At safepoint: 29775 ns, Total: 526898 ns
[2020-09-11T16:54:52.514+0000][1][safepoint    ] Safepoint "RevokeBias", Time since last: 525621 ns, Reaching safepoint: 85065 ns, At safepoint: 24002 ns, Total: 109067 ns
[2020-09-11T16:54:52.517+0000][1][safepoint    ] Safepoint "RevokeBias", Time since last: 155598 ns, Reaching safepoint: 2312276 ns, At safepoint: 41663 ns, Total: 2353939 ns
[2020-09-11T16:54:52.517+0000][1][safepoint    ] Safepoint "RevokeBias", Time since last: 53703 ns, Reaching safepoint: 82699 ns, At safepoint: 20704 ns, Total: 103403 ns
[2020-09-11T16:54:52.517+0000][1][safepoint    ] Safepoint "RevokeBias", Time since last: 33655 ns, Reaching safepoint: 82727 ns, At safepoint: 24205 ns, Total: 106932 ns
[2020-09-11T16:54:52.517+0000][1][safepoint    ] Safepoint "RevokeBias", Time since last: 32184 ns, Reaching safepoint: 81309 ns, At safepoint: 19578 ns, Total: 100887 ns
[2020-09-11T16:54:52.517+0000][1][safepoint    ] Safepoint "RevokeBias", Time since last: 31361 ns, Reaching safepoint: 81175 ns, At safepoint: 19298 ns, Total: 100473 ns
[2020-09-11T16:54:52.518+0000][1][safepoint    ] Safepoint "RevokeBias", Time since last: 30131 ns, Reaching safepoint: 80532 ns, At safepoint: 18964 ns, Total: 99496 ns
[2020-09-11T16:54:52.518+0000][1][safepoint    ] Safepoint "RevokeBias", Time since last: 32872 ns, Reaching safepoint: 82055 ns, At safepoint: 26703 ns, Total: 108758 ns
[2020-09-11T16:54:52.518+0000][1][safepoint    ] Safepoint "BulkRevokeBias", Time since last: 30445 ns, Reaching safepoint: 81217 ns, At safepoint: 69091 ns, Total: 150308 ns
[2020-09-11T16:54:52.518+0000][1][safepoint    ] Safepoint "RevokeBias", Time since last: 69820 ns, Reaching safepoint: 84782 ns, At safepoint: 22099 ns, Total: 106881 ns
[2020-09-11T16:54:52.518+0000][1][safepoint    ] Safepoint "RevokeBias", Time since last: 42695 ns, Reaching safepoint: 82963 ns, At safepoint: 19636 ns, Total: 102599 ns
[2020-09-11T16:54:52.541+0000][1][safepoint    ] Safepoint "RevokeBias", Time since last: 22598381 ns, Reaching safepoint: 582914 ns, At safepoint: 16635 ns, Total: 599549 ns
[2020-09-11T16:54:52.542+0000][1][safepoint    ] Safepoint "RevokeBias", Time since last: 69014 ns, Reaching safepoint: 91735 ns, At safepoint: 12581 ns, Total: 104316 ns
[2020-09-11T16:54:52.542+0000][1][safepoint    ] Safepoint "RevokeBias", Time since last: 37732 ns, Reaching safepoint: 85892 ns, At safepoint: 11224 ns, Total: 97116 ns
[2020-09-11T16:54:52.560+0000][1][safepoint    ] Safepoint "RevokeBias", Time since last: 9205252 ns, Reaching safepoint: 9312609 ns, At safepoint: 45588 ns, Total: 9358197 ns
[2020-09-11T16:54:52.561+0000][1][safepoint    ] Safepoint "RevokeBias", Time since last: 203943 ns, Reaching safepoint: 86373 ns, At safepoint: 21356 ns, Total: 107729 ns
[2020-09-11T16:54:52.561+0000][1][safepoint    ] Safepoint "RevokeBias", Time since last: 42507 ns, Reaching safepoint: 82800 ns, At safepoint: 19083 ns, Total: 101883 ns
[2020-09-11T16:54:52.561+0000][1][safepoint    ] Safepoint "RevokeBias", Time since last: 29734 ns, Reaching safepoint: 92676 ns, At safepoint: 19607 ns, Total: 112283 ns
[2020-09-11T16:54:52.561+0000][1][safepoint    ] Safepoint "RevokeBias", Time since last: 29772 ns, Reaching safepoint: 88182 ns, At safepoint: 26511 ns, Total: 114693 ns
[2020-09-11T16:54:52.561+0000][1][safepoint    ] Safepoint "RevokeBias", Time since last: 29711 ns, Reaching safepoint: 81840 ns, At safepoint: 18992 ns, Total: 100832 ns
[2020-09-11T16:54:52.561+0000][1][safepoint    ] Safepoint "RevokeBias", Time since last: 28087 ns, Reaching safepoint: 82871 ns, At safepoint: 23524 ns, Total: 106395 ns
[2020-09-11T16:54:52.561+0000][1][safepoint    ] Safepoint "RevokeBias", Time since last: 39460 ns, Reaching safepoint: 82295 ns, At safepoint: 24014 ns, Total: 106309 ns
[2020-09-11T16:54:52.565+0000][1][safepoint    ] Safepoint "RevokeBias", Time since last: 30095 ns, Reaching safepoint: 3463466 ns, At safepoint: 75509 ns, Total: 3538975 ns
[2020-09-11T16:54:52.565+0000][1][safepoint    ] Safepoint "RevokeBias", Time since last: 100969 ns, Reaching safepoint: 97452 ns, At safepoint: 33085 ns, Total: 130537 ns
[2020-09-11T16:54:52.565+0000][1][safepoint    ] Safepoint "RevokeBias", Time since last: 34414 ns, Reaching safepoint: 87119 ns, At safepoint: 29313 ns, Total: 116432 ns
[2020-09-11T16:54:52.565+0000][1][safepoint    ] Safepoint "RevokeBias", Time since last: 33919 ns, Reaching safepoint: 85292 ns, At safepoint: 29348 ns, Total: 114640 ns
[2020-09-11T16:54:52.566+0000][1][safepoint    ] Safepoint "RevokeBias", Time since last: 34250 ns, Reaching safepoint: 86113 ns, At safepoint: 39224 ns, Total: 125337 ns
[2020-09-11T16:54:52.566+0000][1][safepoint    ] Safepoint "RevokeBias", Time since last: 38242 ns, Reaching safepoint: 89008 ns, At safepoint: 35129 ns, Total: 124137 ns
[2020-09-11T16:54:52.566+0000][1][safepoint    ] Safepoint "RevokeBias", Time since last: 34051 ns, Reaching safepoint: 87165 ns, At safepoint: 34978 ns, Total: 122143 ns
[2020-09-11T16:54:52.566+0000][1][safepoint    ] Safepoint "RevokeBias", Time since last: 35619 ns, Reaching safepoint: 94407 ns, At safepoint: 30469 ns, Total: 124876 ns
[2020-09-11T16:54:52.566+0000][1][safepoint    ] Safepoint "RevokeBias", Time since last: 29385 ns, Reaching safepoint: 81895 ns, At safepoint: 27256 ns, Total: 109151 ns
[2020-09-11T16:54:52.569+0000][1][safepoint    ] Safepoint "BulkRevokeBias", Time since last: 2492012 ns, Reaching safepoint: 23148 ns, At safepoint: 71499 ns, Total: 94647 ns
[2020-09-11T16:54:52.569+0000][1][safepoint    ] Safepoint "RevokeBias", Time since last: 236946 ns, Reaching safepoint: 14048 ns, At safepoint: 19891 ns, Total: 33939 ns
[2020-09-11T16:54:52.569+0000][1][safepoint    ] Safepoint "RevokeBias", Time since last: 50392 ns, Reaching safepoint: 11232 ns, At safepoint: 17631 ns, Total: 28863 ns
[2020-09-11T16:54:52.569+0000][1][safepoint    ] Safepoint "RevokeBias", Time since last: 58828 ns, Reaching safepoint: 13947 ns, At safepoint: 16930 ns, Total: 30877 ns
[2020-09-11T16:54:52.569+0000][1][safepoint    ] Safepoint "RevokeBias", Time since last: 37329 ns, Reaching safepoint: 13314 ns, At safepoint: 16708 ns, Total: 30022 ns
[2020-09-11T16:54:52.570+0000][1][safepoint    ] Safepoint "RevokeBias", Time since last: 107621 ns, Reaching safepoint: 12130 ns, At safepoint: 17043 ns, Total: 29173 ns
[2020-09-11T16:54:52.570+0000][1][safepoint    ] Safepoint "RevokeBias", Time since last: 216332 ns, Reaching safepoint: 13893 ns, At safepoint: 25772 ns, Total: 39665 ns
[2020-09-11T16:54:52.570+0000][1][safepoint    ] Safepoint "RevokeBias", Time since last: 59464 ns, Reaching safepoint: 12155 ns, At safepoint: 28956 ns, Total: 41111 ns
[2020-09-11T16:54:52.589+0000][1][safepoint    ] Safepoint "RevokeBias", Time since last: 10902182 ns, Reaching safepoint: 8040839 ns, At safepoint: 48127 ns, Total: 8088966 ns
[2020-09-11T16:54:52.589+0000][1][safepoint    ] Safepoint "RevokeBias", Time since last: 111229 ns, Reaching safepoint: 83672 ns, At safepoint: 19692 ns, Total: 103364 ns
[2020-09-11T16:54:52.589+0000][1][safepoint    ] Safepoint "RevokeBias", Time since last: 31132 ns, Reaching safepoint: 81310 ns, At safepoint: 19022 ns, Total: 100332 ns
[2020-09-11T16:54:52.589+0000][1][safepoint    ] Safepoint "RevokeBias", Time since last: 28536 ns, Reaching safepoint: 81623 ns, At safepoint: 18386 ns, Total: 100009 ns
[2020-09-11T16:54:52.590+0000][1][safepoint    ] Safepoint "RevokeBias", Time since last: 250834 ns, Reaching safepoint: 83367 ns, At safepoint: 19310 ns, Total: 102677 ns
[2020-09-11T16:54:52.590+0000][1][safepoint    ] Safepoint "RevokeBias", Time since last: 126166 ns, Reaching safepoint: 82053 ns, At safepoint: 19258 ns, Total: 101311 ns
[2020-09-11T16:54:52.590+0000][1][safepoint    ] Safepoint "RevokeBias", Time since last: 386360 ns, Reaching safepoint: 82596 ns, At safepoint: 19375 ns, Total: 101971 ns
[2020-09-11T16:54:52.597+0000][1][safepoint    ] Safepoint "RevokeBias", Time since last: 6353681 ns, Reaching safepoint: 91675 ns, At safepoint: 26029 ns, Total: 117704 ns
[2020-09-11T16:54:52.597+0000][1][safepoint    ] Safepoint "RevokeBias", Time since last: 107535 ns, Reaching safepoint: 83062 ns, At safepoint: 21528 ns, Total: 104590 ns
[2020-09-11T16:54:52.597+0000][1][safepoint    ] Safepoint "BulkRevokeBias", Time since last: 258010 ns, Reaching safepoint: 83459 ns, At safepoint: 60276 ns, Total: 143735 ns
[2020-09-11T16:54:52.626+0000][1][safepoint    ] Safepoint "RevokeBias", Time since last: 23282864 ns, Reaching safepoint: 5094002 ns, At safepoint: 41969 ns, Total: 5135971 ns
[2020-09-11T16:54:52.633+0000][1][safepoint    ] Safepoint "RevokeBias", Time since last: 6874750 ns, Reaching safepoint: 111166 ns, At safepoint: 44553 ns, Total: 155719 ns
[2020-09-11T16:54:52.637+0000][1][safepoint    ] Safepoint "RevokeBias", Time since last: 4404310 ns, Reaching safepoint: 109886 ns, At safepoint: 33453 ns, Total: 143339 ns
[2020-09-11T16:54:52.638+0000][1][safepoint    ] Safepoint "RevokeBias", Time since last: 52891 ns, Reaching safepoint: 83666 ns, At safepoint: 21879 ns, Total: 105545 ns
[2020-09-11T16:54:53.137+0000][1][safepoint    ] Safepoint "RevokeBias", Time since last: 499501598 ns, Reaching safepoint: 117861 ns, At safepoint: 14433 ns, Total: 132294 ns
[2020-09-11T16:54:53.137+0000][1][safepoint    ] Safepoint "RevokeBias", Time since last: 159425 ns, Reaching safepoint: 12621 ns, At safepoint: 7995 ns, Total: 20616 ns
[2020-09-11T16:54:53.138+0000][1][safepoint    ] Safepoint "BulkRevokeBias", Time since last: 192701 ns, Reaching safepoint: 12599 ns, At safepoint: 69352 ns, Total: 81951 ns
[2020-09-11T16:54:53.666+0000][1][gc,start     ] GC(61) Pause Young (Allocation Failure)
[2020-09-11T16:54:53.667+0000][1][gc,task      ] GC(61) Using 1 workers of 1 for evacuation
[2020-09-11T16:54:53.891+0000][1][gc,age       ] GC(61) Desired survivor size 4358144 bytes, new threshold 2 (max threshold 6)
[2020-09-11T16:54:53.891+0000][1][gc,age       ] GC(61) Age table with threshold 2 (max threshold 6)
[2020-09-11T16:54:53.891+0000][1][gc,age       ] GC(61) - age   1:    2267176 bytes,    2267176 total
[2020-09-11T16:54:53.891+0000][1][gc,age       ] GC(61) - age   2:    2694560 bytes,    4961736 total
[2020-09-11T16:54:53.891+0000][1][gc,heap      ] GC(61) ParNew: 76672K->6291K(76672K)
[2020-09-11T16:54:53.891+0000][1][gc,heap      ] GC(61) CMS: 49575K->53765K(439104K)
[2020-09-11T16:54:53.891+0000][1][gc,metaspace ] GC(61) Metaspace: 52316K->52316K(1097728K)
[2020-09-11T16:54:53.891+0000][1][gc           ] GC(61) Pause Young (Allocation Failure) 123M->58M(503M) 224.216ms
[2020-09-11T16:54:53.891+0000][1][gc,cpu       ] GC(61) User=0.08s Sys=0.00s Real=0.22s
[2020-09-11T16:54:53.907+0000][1][safepoint    ] Safepoint "GenCollectForAllocation", Time since last: 528611344 ns, Reaching safepoint: 110202 ns, At safepoint: 240456836 ns, Total: 240567038 ns
[2020-09-11T16:54:55.309+0000][1][safepoint    ] Safepoint "Cleanup", Time since last: 1401877059 ns, Reaching safepoint: 401678 ns, At safepoint: 10253 ns, Total: 411931 ns
[2020-09-11T16:54:56.312+0000][1][safepoint    ] Safepoint "Cleanup", Time since last: 1002309114 ns, Reaching safepoint: 103044 ns, At safepoint: 6064 ns, Total: 109108 ns
[2020-09-11T16:54:57.322+0000][1][safepoint    ] Safepoint "Cleanup", Time since last: 1001147374 ns, Reaching safepoint: 9435829 ns, At safepoint: 11943 ns, Total: 9447772 ns
[2020-09-11T16:54:57.625+0000][1][gc,start     ] GC(62) Pause Young (Allocation Failure)
[2020-09-11T16:54:57.625+0000][1][gc,task      ] GC(62) Using 1 workers of 1 for evacuation
[2020-09-11T16:54:57.726+0000][1][gc,age       ] GC(62) Desired survivor size 4358144 bytes, new threshold 6 (max threshold 6)
[2020-09-11T16:54:57.726+0000][1][gc,age       ] GC(62) Age table with threshold 6 (max threshold 6)
[2020-09-11T16:54:57.727+0000][1][gc,age       ] GC(62) - age   1:    1327776 bytes,    1327776 total
[2020-09-11T16:54:57.727+0000][1][gc,age       ] GC(62) - age   2:    2217432 bytes,    3545208 total
[2020-09-11T16:54:57.727+0000][1][gc,heap      ] GC(62) ParNew: 74451K->5206K(76672K)
[2020-09-11T16:54:57.727+0000][1][gc,heap      ] GC(62) CMS: 53765K->56505K(439104K)
[2020-09-11T16:54:57.727+0000][1][gc,metaspace ] GC(62) Metaspace: 59663K->59663K(1103872K)
[2020-09-11T16:54:57.727+0000][1][gc           ] GC(62) Pause Young (Allocation Failure) 125M->60M(503M) 101.781ms
[2020-09-11T16:54:57.727+0000][1][gc,cpu       ] GC(62) User=0.03s Sys=0.00s Real=0.10s
[2020-09-11T16:54:57.741+0000][1][safepoint    ] Safepoint "GenCollectForAllocation", Time since last: 291376020 ns, Reaching safepoint: 11229835 ns, At safepoint: 115973687 ns, Total: 127203522 ns
[2020-09-11T16:54:58.135+0000][1][safepoint    ] Safepoint "CollectForMetadataAllocation", Time since last: 392834406 ns, Reaching safepoint: 865896 ns, At safepoint: 79348 ns, Total: 945244 ns
[2020-09-11T16:54:58.181+0000][1][safepoint    ] Safepoint "CollectForMetadataAllocation", Time since last: 46668926 ns, Reaching safepoint: 122642 ns, At safepoint: 130397 ns, Total: 253039 ns
[2020-09-11T16:54:58.282+0000][1][safepoint    ] Safepoint "CollectForMetadataAllocation", Time since last: 100390374 ns, Reaching safepoint: 97605 ns, At safepoint: 105536 ns, Total: 203141 ns
[2020-09-11T16:54:58.508+0000][1][safepoint    ] Safepoint "CollectForMetadataAllocation", Time since last: 225182228 ns, Reaching safepoint: 124246 ns, At safepoint: 126976 ns, Total: 251222 ns
[2020-09-11T16:54:58.610+0000][1][safepoint    ] Safepoint "CollectForMetadataAllocation", Time since last: 102398162 ns, Reaching safepoint: 109941 ns, At safepoint: 118636 ns, Total: 228577 ns
[2020-09-11T16:54:58.933+0000][1][safepoint    ] Safepoint "CollectForMetadataAllocation", Time since last: 322333981 ns, Reaching safepoint: 120430 ns, At safepoint: 70124 ns, Total: 190554 ns
[2020-09-11T16:54:59.190+0000][1][safepoint    ] Safepoint "CollectForMetadataAllocation", Time since last: 256947521 ns, Reaching safepoint: 107551 ns, At safepoint: 116201 ns, Total: 223752 ns
[2020-09-11T16:54:59.541+0000][1][safepoint    ] Safepoint "CollectForMetadataAllocation", Time since last: 344060128 ns, Reaching safepoint: 6929204 ns, At safepoint: 136728 ns, Total: 7065932 ns
[2020-09-11T16:54:59.627+0000][1][safepoint    ] Safepoint "CollectForMetadataAllocation", Time since last: 85898123 ns, Reaching safepoint: 116960 ns, At safepoint: 124052 ns, Total: 241012 ns
[2020-09-11T16:54:59.749+0000][1][gc,start     ] GC(63) Pause Initial Mark
[2020-09-11T16:54:59.781+0000][1][gc           ] GC(63) Pause Initial Mark 90M->90M(503M) 31.767ms
[2020-09-11T16:54:59.781+0000][1][gc,cpu       ] GC(63) User=0.01s Sys=0.00s Real=0.04s
[2020-09-11T16:54:59.817+0000][1][safepoint    ] Safepoint "CMS_Initial_Mark", Time since last: 121786863 ns, Reaching safepoint: 319785 ns, At safepoint: 67562272 ns, Total: 67882057 ns
[2020-09-11T16:54:59.817+0000][1][gc           ] GC(63) Concurrent Mark
[2020-09-11T16:55:00.315+0000][1][safepoint    ] Safepoint "CollectForMetadataAllocation", Time since last: 486092884 ns, Reaching safepoint: 12175557 ns, At safepoint: 113769 ns, Total: 12289326 ns
[2020-09-11T16:55:00.396+0000][1][gc           ] GC(63) Concurrent Mark 578.755ms
[2020-09-11T16:55:00.396+0000][1][gc,cpu       ] GC(63) User=0.16s Sys=0.00s Real=0.58s
[2020-09-11T16:55:00.396+0000][1][gc           ] GC(63) Concurrent Preclean
[2020-09-11T16:55:00.418+0000][1][gc           ] GC(63) Concurrent Preclean 22.433ms
[2020-09-11T16:55:00.418+0000][1][gc,cpu       ] GC(63) User=0.01s Sys=0.00s Real=0.02s
[2020-09-11T16:55:00.418+0000][1][gc           ] GC(63) Concurrent Abortable Preclean
[2020-09-11T16:55:00.621+0000][1][safepoint    ] Safepoint "Deoptimize", Time since last: 301623506 ns, Reaching safepoint: 4069860 ns, At safepoint: 340531 ns, Total: 4410391 ns
[2020-09-11T16:55:00.773+0000][1][safepoint    ] Safepoint "CollectForMetadataAllocation", Time since last: 149291581 ns, Reaching safepoint: 1940453 ns, At safepoint: 83328 ns, Total: 2023781 ns
[2020-09-11T16:55:01.307+0000][1][safepoint    ] Safepoint "CollectForMetadataAllocation", Time since last: 534427912 ns, Reaching safepoint: 119023 ns, At safepoint: 161385 ns, Total: 280408 ns
[2020-09-11T16:55:01.712+0000][1][safepoint    ] Safepoint "RevokeBias", Time since last: 390250386 ns, Reaching safepoint: 14983994 ns, At safepoint: 47450 ns, Total: 15031444 ns
[2020-09-11T16:55:01.715+0000][1][safepoint    ] Safepoint "RevokeBias", Time since last: 366015 ns, Reaching safepoint: 2079762 ns, At safepoint: 60249 ns, Total: 2140011 ns
[2020-09-11T16:55:01.716+0000][1][safepoint    ] Safepoint "RevokeBias", Time since last: 253307 ns, Reaching safepoint: 527705 ns, At safepoint: 32716 ns, Total: 560421 ns
[2020-09-11T16:55:01.952+0000][1][safepoint    ] Safepoint "CollectForMetadataAllocation", Time since last: 236305902 ns, Reaching safepoint: 64787 ns, At safepoint: 63953 ns, Total: 128740 ns
[2020-09-11T16:55:02.342+0000][1][safepoint    ] Safepoint "CollectForMetadataAllocation", Time since last: 389512712 ns, Reaching safepoint: 116218 ns, At safepoint: 123633 ns, Total: 239851 ns
[2020-09-11T16:55:02.701+0000][1][safepoint    ] Safepoint "CollectForMetadataAllocation", Time since last: 358779904 ns, Reaching safepoint: 78476 ns, At safepoint: 113834 ns, Total: 192310 ns
[2020-09-11T16:55:02.899+0000][1][safepoint    ] Safepoint "CollectForMetadataAllocation", Time since last: 191903930 ns, Reaching safepoint: 6490647 ns, At safepoint: 127923 ns, Total: 6618570 ns
[2020-09-11T16:55:03.053+0000][1][safepoint    ] Safepoint "CollectForMetadataAllocation", Time since last: 153316558 ns, Reaching safepoint: 119770 ns, At safepoint: 134780 ns, Total: 254550 ns
[2020-09-11T16:55:03.247+0000][1][safepoint    ] Safepoint "CollectForMetadataAllocation", Time since last: 193622241 ns, Reaching safepoint: 107659 ns, At safepoint: 110398 ns, Total: 218057 ns
[2020-09-11T16:55:03.407+0000][1][safepoint    ] Safepoint "RevokeBias", Time since last: 160388907 ns, Reaching safepoint: 46554 ns, At safepoint: 11430 ns, Total: 57984 ns
[2020-09-11T16:55:03.530+0000][1][safepoint    ] Safepoint "CollectForMetadataAllocation", Time since last: 122740886 ns, Reaching safepoint: 114557 ns, At safepoint: 114331 ns, Total: 228888 ns
[2020-09-11T16:55:03.581+0000][1][gc,start     ] GC(64) Pause Young (Allocation Failure)
[2020-09-11T16:55:03.581+0000][1][gc,task      ] GC(64) Using 1 workers of 1 for evacuation
[2020-09-11T16:55:03.680+0000][1][gc,age       ] GC(64) Desired survivor size 4358144 bytes, new threshold 2 (max threshold 6)
[2020-09-11T16:55:03.680+0000][1][gc,age       ] GC(64) Age table with threshold 2 (max threshold 6)
[2020-09-11T16:55:03.680+0000][1][gc,age       ] GC(64) - age   1:    3488920 bytes,    3488920 total
[2020-09-11T16:55:03.680+0000][1][gc,age       ] GC(64) - age   2:    1251424 bytes,    4740344 total
[2020-09-11T16:55:03.680+0000][1][gc,age       ] GC(64) - age   3:    2193560 bytes,    6933904 total
[2020-09-11T16:55:03.680+0000][1][gc,heap      ] GC(64) ParNew: 73366K->7796K(76672K)
[2020-09-11T16:55:03.680+0000][1][gc,heap      ] GC(64) CMS: 56505K->56505K(439104K)
[2020-09-11T16:55:03.680+0000][1][gc,metaspace ] GC(64) Metaspace: 65809K->65809K(1110016K)
[2020-09-11T16:55:03.680+0000][1][gc           ] GC(64) Pause Young (Allocation Failure) 126M->62M(503M) 98.405ms
[2020-09-11T16:55:03.680+0000][1][gc,cpu       ] GC(64) User=0.03s Sys=0.00s Real=0.09s
[2020-09-11T16:55:03.723+0000][1][safepoint    ] Safepoint "GenCollectForAllocation", Time since last: 35007316 ns, Reaching safepoint: 15979093 ns, At safepoint: 141620123 ns, Total: 157599216 ns
[2020-09-11T16:55:03.857+0000][1][safepoint    ] Safepoint "CollectForMetadataAllocation", Time since last: 133865715 ns, Reaching safepoint: 53526 ns, At safepoint: 103259 ns, Total: 156785 ns
[2020-09-11T16:55:04.172+0000][1][safepoint    ] Safepoint "CollectForMetadataAllocation", Time since last: 315160386 ns, Reaching safepoint: 53463 ns, At safepoint: 114981 ns, Total: 168444 ns
[2020-09-11T16:55:04.333+0000][1][safepoint    ] Safepoint "CollectForMetadataAllocation", Time since last: 160505092 ns, Reaching safepoint: 59306 ns, At safepoint: 149495 ns, Total: 208801 ns
[2020-09-11T16:55:04.477+0000][1][safepoint    ] Safepoint "CollectForMetadataAllocation", Time since last: 143875168 ns, Reaching safepoint: 58444 ns, At safepoint: 89347 ns, Total: 147791 ns
[2020-09-11T16:55:04.770+0000][1][safepoint    ] Safepoint "CollectForMetadataAllocation", Time since last: 292604678 ns, Reaching safepoint: 55925 ns, At safepoint: 113797 ns, Total: 169722 ns
[2020-09-11T16:55:04.890+0000][1][safepoint    ] Safepoint "CollectForMetadataAllocation", Time since last: 120347470 ns, Reaching safepoint: 52708 ns, At safepoint: 107366 ns, Total: 160074 ns
[2020-09-11T16:55:05.121+0000][1][safepoint    ] Safepoint "CollectForMetadataAllocation", Time since last: 230486076 ns, Reaching safepoint: 62354 ns, At safepoint: 148492 ns, Total: 210846 ns
[2020-09-11T16:55:05.170+0000][1][safepoint    ] Safepoint "CollectForMetadataAllocation", Time since last: 49317604 ns, Reaching safepoint: 61701 ns, At safepoint: 111884 ns, Total: 173585 ns
[2020-09-11T16:55:05.241+0000][1][safepoint    ] Safepoint "Deoptimize", Time since last: 70293518 ns, Reaching safepoint: 112644 ns, At safepoint: 343945 ns, Total: 456589 ns
[2020-09-11T16:55:05.344+0000][1][safepoint    ] Safepoint "Deoptimize", Time since last: 88629205 ns, Reaching safepoint: 14012825 ns, At safepoint: 355043 ns, Total: 14367868 ns
[2020-09-11T16:55:05.397+0000][1][safepoint    ] Safepoint "CollectForMetadataAllocation", Time since last: 52549223 ns, Reaching safepoint: 68590 ns, At safepoint: 141105 ns, Total: 209695 ns
[2020-09-11T16:55:05.705+0000][1][safepoint    ] Safepoint "CollectForMetadataAllocation", Time since last: 291809521 ns, Reaching safepoint: 16032772 ns, At safepoint: 168072 ns, Total: 16200844 ns
[2020-09-11T16:55:05.738+0000][1][gc           ] GC(63) Concurrent Abortable Preclean 5319.612ms
[2020-09-11T16:55:05.738+0000][1][gc,cpu       ] GC(63) User=1.62s Sys=0.02s Real=5.32s
[2020-09-11T16:55:05.751+0000][1][gc,start     ] GC(63) Pause Remark
[2020-09-11T16:55:05.856+0000][1][gc           ] GC(63) Pause Remark 87M->87M(503M) 104.704ms
[2020-09-11T16:55:05.856+0000][1][gc,cpu       ] GC(63) User=0.02s Sys=0.00s Real=0.11s
[2020-09-11T16:55:05.897+0000][1][safepoint    ] Safepoint "CMS_Final_Remark", Time since last: 32820067 ns, Reaching safepoint: 13562624 ns, At safepoint: 145400994 ns, Total: 158963618 ns
[2020-09-11T16:55:05.897+0000][1][gc           ] GC(63) Concurrent Sweep
[2020-09-11T16:55:05.930+0000][1][safepoint    ] Safepoint "RevokeBias", Time since last: 12005453 ns, Reaching safepoint: 4659229 ns, At safepoint: 16381967 ns, Total: 21041196 ns
[2020-09-11T16:55:05.949+0000][1][safepoint    ] Safepoint "RevokeBias", Time since last: 9297591 ns, Reaching safepoint: 9932991 ns, At safepoint: 59993 ns, Total: 9992984 ns
[2020-09-11T16:55:05.949+0000][1][safepoint    ] Safepoint "RevokeBias", Time since last: 91166 ns, Reaching safepoint: 84714 ns, At safepoint: 36584 ns, Total: 121298 ns
[2020-09-11T16:55:05.949+0000][1][safepoint    ] Safepoint "RevokeBias", Time since last: 37198 ns, Reaching safepoint: 84234 ns, At safepoint: 36331 ns, Total: 120565 ns
[2020-09-11T16:55:05.950+0000][1][safepoint    ] Safepoint "RevokeBias", Time since last: 36541 ns, Reaching safepoint: 82937 ns, At safepoint: 33013 ns, Total: 115950 ns
[2020-09-11T16:55:05.950+0000][1][safepoint    ] Safepoint "RevokeBias", Time since last: 39817 ns, Reaching safepoint: 83131 ns, At safepoint: 36873 ns, Total: 120004 ns
[2020-09-11T16:55:05.950+0000][1][safepoint    ] Safepoint "RevokeBias", Time since last: 37445 ns, Reaching safepoint: 82769 ns, At safepoint: 36829 ns, Total: 119598 ns
[2020-09-11T16:55:05.950+0000][1][safepoint    ] Safepoint "RevokeBias", Time since last: 50027 ns, Reaching safepoint: 85378 ns, At safepoint: 39299 ns, Total: 124677 ns
[2020-09-11T16:55:06.057+0000][1][safepoint    ] Safepoint "CollectForMetadataAllocation", Time since last: 94255763 ns, Reaching safepoint: 12389509 ns, At safepoint: 137748 ns, Total: 12527257 ns
[2020-09-11T16:55:06.065+0000][1][gc           ] GC(63) Concurrent Sweep 168.182ms
[2020-09-11T16:55:06.065+0000][1][gc,cpu       ] GC(63) User=0.04s Sys=0.00s Real=0.17s
[2020-09-11T16:55:06.065+0000][1][gc           ] GC(63) Concurrent Reset
[2020-09-11T16:55:06.066+0000][1][gc           ] GC(63) Concurrent Reset 0.659ms
[2020-09-11T16:55:06.066+0000][1][gc,cpu       ] GC(63) User=0.01s Sys=0.00s Real=0.00s
[2020-09-11T16:55:06.066+0000][1][gc,heap      ] GC(63) Old: 56505K->55581K(439104K)
[2020-09-11T16:55:06.110+0000][1][safepoint    ] Safepoint "RevokeBias", Time since last: 52973452 ns, Reaching safepoint: 103967 ns, At safepoint: 20911 ns, Total: 124878 ns
[2020-09-11T16:55:06.117+0000][1][safepoint    ] Safepoint "RevokeBias", Time since last: 6985647 ns, Reaching safepoint: 99368 ns, At safepoint: 27695 ns, Total: 127063 ns
[2020-09-11T16:55:06.118+0000][1][safepoint    ] Safepoint "RevokeBias", Time since last: 762520 ns, Reaching safepoint: 84461 ns, At safepoint: 29503 ns, Total: 113964 ns
[2020-09-11T16:55:06.139+0000][1][safepoint    ] Safepoint "RevokeBias", Time since last: 21191597 ns, Reaching safepoint: 109426 ns, At safepoint: 29872 ns, Total: 139298 ns
[2020-09-11T16:55:06.139+0000][1][safepoint    ] Safepoint "RevokeBias", Time since last: 64642 ns, Reaching safepoint: 15189 ns, At safepoint: 16994 ns, Total: 32183 ns
[2020-09-11T16:55:06.140+0000][1][safepoint    ] Safepoint "RevokeBias", Time since last: 358631 ns, Reaching safepoint: 11856 ns, At safepoint: 16876 ns, Total: 28732 ns
[2020-09-11T16:55:06.140+0000][1][safepoint    ] Safepoint "RevokeBias", Time since last: 194911 ns, Reaching safepoint: 14211 ns, At safepoint: 17029 ns, Total: 31240 ns
[2020-09-11T16:55:06.140+0000][1][safepoint    ] Safepoint "RevokeBias", Time since last: 37132 ns, Reaching safepoint: 12762 ns, At safepoint: 15707 ns, Total: 28469 ns
[2020-09-11T16:55:06.141+0000][1][safepoint    ] Safepoint "RevokeBias", Time since last: 466988 ns, Reaching safepoint: 11690 ns, At safepoint: 17040 ns, Total: 28730 ns
[2020-09-11T16:55:06.144+0000][1][safepoint    ] Safepoint "RevokeBias", Time since last: 3660351 ns, Reaching safepoint: 105988 ns, At safepoint: 26089 ns, Total: 132077 ns
[2020-09-11T16:55:06.145+0000][1][safepoint    ] Safepoint "RevokeBias", Time since last: 366860 ns, Reaching safepoint: 84480 ns, At safepoint: 19365 ns, Total: 103845 ns
[2020-09-11T16:55:06.165+0000][1][safepoint    ] Safepoint "Deoptimize", Time since last: 19931221 ns, Reaching safepoint: 118227 ns, At safepoint: 382020 ns, Total: 500247 ns
[2020-09-11T16:55:07.169+0000][1][safepoint    ] Safepoint "Cleanup", Time since last: 1003475018 ns, Reaching safepoint: 270538 ns, At safepoint: 7574 ns, Total: 278112 ns
[2020-09-11T16:55:07.802+0000][1][safepoint    ] Safepoint "RevokeBias", Time since last: 623880974 ns, Reaching safepoint: 9415199 ns, At safepoint: 33568 ns, Total: 9448767 ns
[2020-09-11T16:55:07.803+0000][1][safepoint    ] Safepoint "RevokeBias", Time since last: 84864 ns, Reaching safepoint: 87042 ns, At safepoint: 15209 ns, Total: 102251 ns
[2020-09-11T16:55:07.833+0000][1][safepoint    ] Safepoint "RevokeBias", Time since last: 30549584 ns, Reaching safepoint: 130851 ns, At safepoint: 24547 ns, Total: 155398 ns
[2020-09-11T16:55:07.845+0000][1][safepoint    ] Safepoint "RevokeBias", Time since last: 252555 ns, Reaching safepoint: 11407456 ns, At safepoint: 36751 ns, Total: 11444207 ns
[2020-09-11T16:55:07.847+0000][1][safepoint    ] Safepoint "RevokeBias", Time since last: 593685 ns, Reaching safepoint: 1191829 ns, At safepoint: 28841 ns, Total: 1220670 ns
[2020-09-11T16:55:07.847+0000][1][safepoint    ] Safepoint "RevokeBias", Time since last: 249013 ns, Reaching safepoint: 89589 ns, At safepoint: 26695 ns, Total: 116284 ns
[2020-09-11T16:55:07.857+0000][1][safepoint    ] Safepoint "RevokeBias", Time since last: 9758428 ns, Reaching safepoint: 100469 ns, At safepoint: 18110 ns, Total: 118579 ns
[2020-09-11T16:55:07.869+0000][1][safepoint    ] Safepoint "RevokeBias", Time since last: 6308467 ns, Reaching safepoint: 5624228 ns, At safepoint: 24054 ns, Total: 5648282 ns
[2020-09-11T16:55:07.871+0000][1][safepoint    ] Safepoint "RevokeBias", Time since last: 1075466 ns, Reaching safepoint: 911163 ns, At safepoint: 37500 ns, Total: 948663 ns
[2020-09-11T16:55:07.897+0000][1][safepoint    ] Safepoint "RevokeBias", Time since last: 25758758 ns, Reaching safepoint: 118859 ns, At safepoint: 25578 ns, Total: 144437 ns
[2020-09-11T16:55:07.897+0000][1][safepoint    ] Safepoint "RevokeBias", Time since last: 471699 ns, Reaching safepoint: 19142 ns, At safepoint: 29756 ns, Total: 48898 ns
[2020-09-11T16:55:07.898+0000][1][safepoint    ] Safepoint "RevokeBias", Time since last: 274035 ns, Reaching safepoint: 18315 ns, At safepoint: 28011 ns, Total: 46326 ns
[2020-09-11T16:55:07.898+0000][1][safepoint    ] Safepoint "RevokeBias", Time since last: 83761 ns, Reaching safepoint: 18478 ns, At safepoint: 26393 ns, Total: 44871 ns
[2020-09-11T16:55:07.898+0000][1][safepoint    ] Safepoint "RevokeBias", Time since last: 311228 ns, Reaching safepoint: 17806 ns, At safepoint: 11340 ns, Total: 29146 ns
[2020-09-11T16:55:07.901+0000][1][safepoint    ] Safepoint "RevokeBias", Time since last: 2315069 ns, Reaching safepoint: 29906 ns, At safepoint: 14583 ns, Total: 44489 ns
[2020-09-11T16:55:07.902+0000][1][safepoint    ] Safepoint "RevokeBias", Time since last: 1167804 ns, Reaching safepoint: 92181 ns, At safepoint: 14919 ns, Total: 107100 ns
[2020-09-11T16:55:07.902+0000][1][safepoint    ] Safepoint "RevokeBias", Time since last: 87411 ns, Reaching safepoint: 83949 ns, At safepoint: 11471 ns, Total: 95420 ns
[2020-09-11T16:55:07.902+0000][1][safepoint    ] Safepoint "RevokeBias", Time since last: 50270 ns, Reaching safepoint: 84889 ns, At safepoint: 11187 ns, Total: 96076 ns
[2020-09-11T16:55:07.920+0000][1][safepoint    ] Safepoint "RevokeBias", Time since last: 17288632 ns, Reaching safepoint: 658893 ns, At safepoint: 50522 ns, Total: 709415 ns
[2020-09-11T16:55:07.945+0000][1][safepoint    ] Safepoint "RevokeBias", Time since last: 25055448 ns, Reaching safepoint: 110543 ns, At safepoint: 19732 ns, Total: 130275 ns
[2020-09-11T16:55:07.945+0000][1][safepoint    ] Safepoint "RevokeBias", Time since last: 85216 ns, Reaching safepoint: 13429 ns, At safepoint: 8483 ns, Total: 21912 ns
[2020-09-11T16:55:07.949+0000][1][safepoint    ] Safepoint "RevokeBias", Time since last: 3395038 ns, Reaching safepoint: 50591 ns, At safepoint: 25438 ns, Total: 76029 ns
[2020-09-11T16:55:07.949+0000][1][safepoint    ] Safepoint "RevokeBias", Time since last: 98401 ns, Reaching safepoint: 16937 ns, At safepoint: 14353 ns, Total: 31290 ns
[2020-09-11T16:55:07.949+0000][1][safepoint    ] Safepoint "RevokeBias", Time since last: 101463 ns, Reaching safepoint: 19574 ns, At safepoint: 43986 ns, Total: 63560 ns
[2020-09-11T16:55:07.959+0000][1][safepoint    ] Safepoint "RevokeBias", Time since last: 9172249 ns, Reaching safepoint: 119540 ns, At safepoint: 56767 ns, Total: 176307 ns
[2020-09-11T16:55:07.965+0000][1][safepoint    ] Safepoint "RevokeBias", Time since last: 109129 ns, Reaching safepoint: 6120152 ns, At safepoint: 28590 ns, Total: 6148742 ns
[2020-09-11T16:55:07.966+0000][1][safepoint    ] Safepoint "RevokeBias", Time since last: 789147 ns, Reaching safepoint: 503610 ns, At safepoint: 34727 ns, Total: 538337 ns
[2020-09-11T16:55:07.989+0000][1][safepoint    ] Safepoint "RevokeBias", Time since last: 22612132 ns, Reaching safepoint: 121277 ns, At safepoint: 21934 ns, Total: 143211 ns
[2020-09-11T16:55:07.989+0000][1][safepoint    ] Safepoint "RevokeBias", Time since last: 350187 ns, Reaching safepoint: 20402 ns, At safepoint: 39571 ns, Total: 59973 ns
[2020-09-11T16:55:07.989+0000][1][safepoint    ] Safepoint "RevokeBias", Time since last: 59475 ns, Reaching safepoint: 18055 ns, At safepoint: 11228 ns, Total: 29283 ns
[2020-09-11T16:55:08.003+0000][1][safepoint    ] Safepoint "RevokeBias", Time since last: 7334137 ns, Reaching safepoint: 6400927 ns, At safepoint: 26152 ns, Total: 6427079 ns
[2020-09-11T16:55:08.003+0000][1][safepoint    ] Safepoint "RevokeBias", Time since last: 115844 ns, Reaching safepoint: 83996 ns, At safepoint: 12756 ns, Total: 96752 ns
[2020-09-11T16:55:08.004+0000][1][safepoint    ] Safepoint "RevokeBias", Time since last: 835747 ns, Reaching safepoint: 86019 ns, At safepoint: 13333 ns, Total: 99352 ns
[2020-09-11T16:55:08.004+0000][1][safepoint    ] Safepoint "RevokeBias", Time since last: 37636 ns, Reaching safepoint: 82343 ns, At safepoint: 11670 ns, Total: 94013 ns
[2020-09-11T16:55:08.005+0000][1][safepoint    ] Safepoint "RevokeBias", Time since last: 32659 ns, Reaching safepoint: 82133 ns, At safepoint: 11248 ns, Total: 93381 ns
[2020-09-11T16:55:08.033+0000][1][safepoint    ] Safepoint "BulkRevokeBias", Time since last: 28220265 ns, Reaching safepoint: 121145 ns, At safepoint: 157932 ns, Total: 279077 ns
[2020-09-11T16:55:08.061+0000][1][safepoint    ] Safepoint "RevokeBias", Time since last: 27692944 ns, Reaching safepoint: 115740 ns, At safepoint: 21996 ns, Total: 137736 ns
[2020-09-11T16:55:08.063+0000][1][safepoint    ] Safepoint "RevokeBias", Time since last: 1594945 ns, Reaching safepoint: 100266 ns, At safepoint: 16276 ns, Total: 116542 ns
[2020-09-11T16:55:08.084+0000][1][safepoint    ] Safepoint "RevokeBias", Time since last: 21203129 ns, Reaching safepoint: 106369 ns, At safepoint: 15060 ns, Total: 121429 ns
[2020-09-11T16:55:08.789+0000][1][safepoint    ] Safepoint "RevokeBias", Time since last: 705015467 ns, Reaching safepoint: 59026 ns, At safepoint: 15773 ns, Total: 74799 ns
[2020-09-11T16:55:08.789+0000][1][safepoint    ] Safepoint "RevokeBias", Time since last: 245448 ns, Reaching safepoint: 15074 ns, At safepoint: 9616 ns, Total: 24690 ns
[2020-09-11T16:55:08.790+0000][1][safepoint    ] Safepoint "RevokeBias", Time since last: 513211 ns, Reaching safepoint: 15691 ns, At safepoint: 9309 ns, Total: 25000 ns
[2020-09-11T16:55:08.791+0000][1][safepoint    ] Safepoint "RevokeBias", Time since last: 742241 ns, Reaching safepoint: 17508 ns, At safepoint: 10433 ns, Total: 27941 ns
[2020-09-11T16:55:08.791+0000][1][safepoint    ] Safepoint "RevokeBias", Time since last: 171741 ns, Reaching safepoint: 15125 ns, At safepoint: 9217 ns, Total: 24342 ns
[2020-09-11T16:55:08.793+0000][1][safepoint    ] Safepoint "RevokeBias", Time since last: 1940095 ns, Reaching safepoint: 21181 ns, At safepoint: 10837 ns, Total: 32018 ns
[2020-09-11T16:55:08.793+0000][1][safepoint    ] Safepoint "RevokeBias", Time since last: 336572 ns, Reaching safepoint: 15885 ns, At safepoint: 9492 ns, Total: 25377 ns
[2020-09-11T16:55:08.794+0000][1][safepoint    ] Safepoint "RevokeBias", Time since last: 592693 ns, Reaching safepoint: 18725 ns, At safepoint: 9741 ns, Total: 28466 ns
[2020-09-11T16:55:09.788+0000][1][safepoint    ] Safepoint "RevokeBias", Time since last: 994156490 ns, Reaching safepoint: 127735 ns, At safepoint: 25095 ns, Total: 152830 ns
[2020-09-11T16:55:09.793+0000][1][safepoint    ] Safepoint "RevokeBias", Time since last: 1692298 ns, Reaching safepoint: 3002533 ns, At safepoint: 21604 ns, Total: 3024137 ns
[2020-09-11T16:55:09.794+0000][1][safepoint    ] Safepoint "RevokeBias", Time since last: 1014957 ns, Reaching safepoint: 360791 ns, At safepoint: 19009 ns, Total: 379800 ns
[2020-09-11T16:55:09.797+0000][1][safepoint    ] Safepoint "RevokeBias", Time since last: 974518 ns, Reaching safepoint: 1610995 ns, At safepoint: 24864 ns, Total: 1635859 ns
[2020-09-11T16:55:09.801+0000][1][safepoint    ] Safepoint "RevokeBias", Time since last: 1726517 ns, Reaching safepoint: 2570570 ns, At safepoint: 26081 ns, Total: 2596651 ns
[2020-09-11T16:55:09.811+0000][1][safepoint    ] Safepoint "RevokeBias", Time since last: 8151218 ns, Reaching safepoint: 1889629 ns, At safepoint: 25844 ns, Total: 1915473 ns
[2020-09-11T16:55:09.828+0000][1][safepoint    ] Safepoint "RevokeBias", Time since last: 16894455 ns, Reaching safepoint: 125201 ns, At safepoint: 19732 ns, Total: 144933 ns
[2020-09-11T16:55:09.828+0000][1][safepoint    ] Safepoint "RevokeBias", Time since last: 89668 ns, Reaching safepoint: 92256 ns, At safepoint: 13021 ns, Total: 105277 ns
[2020-09-11T16:55:09.917+0000][1][safepoint    ] Safepoint "RevokeBias", Time since last: 88326917 ns, Reaching safepoint: 128673 ns, At safepoint: 21123 ns, Total: 149796 ns
[2020-09-11T16:55:09.917+0000][1][safepoint    ] Safepoint "RevokeBias", Time since last: 82020 ns, Reaching safepoint: 16919 ns, At safepoint: 11552 ns, Total: 28471 ns
[2020-09-11T16:55:09.917+0000][1][safepoint    ] Safepoint "RevokeBias", Time since last: 31290 ns, Reaching safepoint: 14937 ns, At safepoint: 9876 ns, Total: 24813 ns
[2020-09-11T16:55:09.917+0000][1][safepoint    ] Safepoint "RevokeBias", Time since last: 29788 ns, Reaching safepoint: 14932 ns, At safepoint: 9790 ns, Total: 24722 ns
[2020-09-11T16:55:09.917+0000][1][safepoint    ] Safepoint "RevokeBias", Time since last: 27216 ns, Reaching safepoint: 14659 ns, At safepoint: 9694 ns, Total: 24353 ns
[2020-09-11T16:55:09.917+0000][1][safepoint    ] Safepoint "RevokeBias", Time since last: 223948 ns, Reaching safepoint: 16958 ns, At safepoint: 10402 ns, Total: 27360 ns
[2020-09-11T16:55:09.918+0000][1][safepoint    ] Safepoint "RevokeBias", Time since last: 31994 ns, Reaching safepoint: 14865 ns, At safepoint: 9852 ns, Total: 24717 ns
[2020-09-11T16:55:09.918+0000][1][safepoint    ] Safepoint "RevokeBias", Time since last: 28181 ns, Reaching safepoint: 14714 ns, At safepoint: 9692 ns, Total: 24406 ns
[2020-09-11T16:55:09.930+0000][1][safepoint    ] Safepoint "RevokeBias", Time since last: 12069902 ns, Reaching safepoint: 116408 ns, At safepoint: 15719 ns, Total: 132127 ns
[2020-09-11T16:55:10.067+0000][1][safepoint    ] Safepoint "RevokeBias", Time since last: 135011971 ns, Reaching safepoint: 2134008 ns, At safepoint: 29411 ns, Total: 2163419 ns
[2020-09-11T16:55:10.067+0000][1][safepoint    ] Safepoint "RevokeBias", Time since last: 97516 ns, Reaching safepoint: 119642 ns, At safepoint: 17941 ns, Total: 137583 ns
[2020-09-11T16:55:10.067+0000][1][safepoint    ] Safepoint "RevokeBias", Time since last: 54096 ns, Reaching safepoint: 27311 ns, At safepoint: 13457 ns, Total: 40768 ns
[2020-09-11T16:55:10.067+0000][1][safepoint    ] Safepoint "RevokeBias", Time since last: 66606 ns, Reaching safepoint: 23718 ns, At safepoint: 14451 ns, Total: 38169 ns
[2020-09-11T16:55:10.175+0000][1][safepoint    ] Safepoint "RevokeBias", Time since last: 107438470 ns, Reaching safepoint: 71246 ns, At safepoint: 18257 ns, Total: 89503 ns
[2020-09-11T16:55:10.790+0000][1][safepoint    ] Safepoint "RevokeBias", Time since last: 614602650 ns, Reaching safepoint: 203947 ns, At safepoint: 20831 ns, Total: 224778 ns
[2020-09-11T16:55:10.793+0000][1][safepoint    ] Safepoint "RevokeBias", Time since last: 242241 ns, Reaching safepoint: 2800449 ns, At safepoint: 13374 ns, Total: 2813823 ns
[2020-09-11T16:55:10.794+0000][1][safepoint    ] Safepoint "RevokeBias", Time since last: 552639 ns, Reaching safepoint: 658375 ns, At safepoint: 13613 ns, Total: 671988 ns
[2020-09-11T16:55:10.801+0000][1][safepoint    ] Safepoint "RevokeBias", Time since last: 4591176 ns, Reaching safepoint: 2194356 ns, At safepoint: 19180 ns, Total: 2213536 ns
[2020-09-11T16:55:11.193+0000][1][safepoint    ] Safepoint "RevokeBias", Time since last: 387458823 ns, Reaching safepoint: 4514090 ns, At safepoint: 18884 ns, Total: 4532974 ns
[2020-09-11T16:55:11.790+0000][1][safepoint    ] Safepoint "RevokeBias", Time since last: 597166104 ns, Reaching safepoint: 34170 ns, At safepoint: 15287 ns, Total: 49457 ns
[2020-09-11T16:55:11.790+0000][1][safepoint    ] Safepoint "RevokeBias", Time since last: 276541 ns, Reaching safepoint: 26674 ns, At safepoint: 12582 ns, Total: 39256 ns
[2020-09-11T16:55:11.791+0000][1][safepoint    ] Safepoint "RevokeBias", Time since last: 576044 ns, Reaching safepoint: 25838 ns, At safepoint: 11234 ns, Total: 37072 ns
[2020-09-11T16:55:11.791+0000][1][safepoint    ] Safepoint "RevokeBias", Time since last: 363931 ns, Reaching safepoint: 24373 ns, At safepoint: 10747 ns, Total: 35120 ns
[2020-09-11T16:55:11.844+0000][1][safepoint    ] Safepoint "RevokeBias", Time since last: 52535201 ns, Reaching safepoint: 118292 ns, At safepoint: 15945 ns, Total: 134237 ns
[2020-09-11T16:55:11.844+0000][1][safepoint    ] Safepoint "RevokeBias", Time since last: 279445 ns, Reaching safepoint: 15807 ns, At safepoint: 9780 ns, Total: 25587 ns
[2020-09-11T16:55:11.845+0000][1][safepoint    ] Safepoint "RevokeBias", Time since last: 587350 ns, Reaching safepoint: 15696 ns, At safepoint: 9887 ns, Total: 25583 ns
[2020-09-11T16:55:11.991+0000][1][safepoint    ] Safepoint "RevokeBias", Time since last: 143870498 ns, Reaching safepoint: 2606021 ns, At safepoint: 28723 ns, Total: 2634744 ns
[2020-09-11T16:55:11.992+0000][1][safepoint    ] Safepoint "RevokeBias", Time since last: 123625 ns, Reaching safepoint: 93960 ns, At safepoint: 12568 ns, Total: 106528 ns
[2020-09-11T16:55:11.992+0000][1][safepoint    ] Safepoint "RevokeBias", Time since last: 48550 ns, Reaching safepoint: 92611 ns, At safepoint: 12642 ns, Total: 105253 ns
[2020-09-11T16:55:11.993+0000][1][safepoint    ] Safepoint "RevokeBias", Time since last: 591231 ns, Reaching safepoint: 91918 ns, At safepoint: 13433 ns, Total: 105351 ns
[2020-09-11T16:55:11.993+0000][1][safepoint    ] Safepoint "RevokeBias", Time since last: 573531 ns, Reaching safepoint: 85500 ns, At safepoint: 12035 ns, Total: 97535 ns
[2020-09-11T16:55:12.166+0000][1][safepoint    ] Safepoint "RevokeBias", Time since last: 172655246 ns, Reaching safepoint: 133770 ns, At safepoint: 16398 ns, Total: 150168 ns
[2020-09-11T16:55:12.170+0000][1][safepoint    ] Safepoint "Deoptimize", Time since last: 3533691 ns, Reaching safepoint: 104611 ns, At safepoint: 365169 ns, Total: 469780 ns
[2020-09-11T16:55:12.413+0000][1][safepoint    ] Safepoint "RevokeBias", Time since last: 243043518 ns, Reaching safepoint: 123760 ns, At safepoint: 28446 ns, Total: 152206 ns
[2020-09-11T16:55:12.627+0000][1][safepoint    ] Safepoint "RevokeBias", Time since last: 213555100 ns, Reaching safepoint: 119449 ns, At safepoint: 17706 ns, Total: 137155 ns
[2020-09-11T16:55:12.678+0000][1][gc,start     ] GC(65) Pause Young (Allocation Failure)
[2020-09-11T16:55:12.678+0000][1][gc,task      ] GC(65) Using 1 workers of 1 for evacuation
[2020-09-11T16:55:12.790+0000][1][gc,age       ] GC(65) Desired survivor size 4358144 bytes, new threshold 2 (max threshold 6)
[2020-09-11T16:55:12.790+0000][1][gc,age       ] GC(65) Age table with threshold 2 (max threshold 6)
[2020-09-11T16:55:12.790+0000][1][gc,age       ] GC(65) - age   1:    2932248 bytes,    2932248 total
[2020-09-11T16:55:12.790+0000][1][gc,age       ] GC(65) - age   2:    3428104 bytes,    6360352 total
[2020-09-11T16:55:12.790+0000][1][gc,heap      ] GC(65) ParNew: 75956K->8512K(76672K)
[2020-09-11T16:55:12.790+0000][1][gc,heap      ] GC(65) CMS: 55581K->58960K(439104K)
[2020-09-11T16:55:12.790+0000][1][gc,metaspace ] GC(65) Metaspace: 73439K->73439K(1116160K)
[2020-09-11T16:55:12.790+0000][1][gc           ] GC(65) Pause Young (Allocation Failure) 128M->65M(503M) 112.621ms
[2020-09-11T16:55:12.790+0000][1][gc,cpu       ] GC(65) User=0.04s Sys=0.00s Real=0.11s
[2020-09-11T16:55:12.820+0000][1][safepoint    ] Safepoint "GenCollectForAllocation", Time since last: 49741367 ns, Reaching safepoint: 104428 ns, At safepoint: 143611013 ns, Total: 143715441 ns
[2020-09-11T16:55:12.850+0000][1][safepoint    ] Safepoint "RevokeBias", Time since last: 18244751 ns, Reaching safepoint: 11274203 ns, At safepoint: 21013 ns, Total: 11295216 ns
[2020-09-11T16:55:12.854+0000][1][safepoint    ] Safepoint "RevokeBias", Time since last: 3612257 ns, Reaching safepoint: 116959 ns, At safepoint: 16658 ns, Total: 133617 ns
[2020-09-11T16:55:12.901+0000][1][safepoint    ] Safepoint "RevokeBias", Time since last: 47134458 ns, Reaching safepoint: 128326 ns, At safepoint: 20821 ns, Total: 149147 ns
[2020-09-11T16:55:12.974+0000][1][safepoint    ] Safepoint "RevokeBias", Time since last: 72871069 ns, Reaching safepoint: 119838 ns, At safepoint: 16285 ns, Total: 136123 ns
[2020-09-11T16:55:13.058+0000][1][safepoint    ] Safepoint "RevokeBias", Time since last: 83619116 ns, Reaching safepoint: 39560 ns, At safepoint: 14211 ns, Total: 53771 ns
[2020-09-11T16:55:13.058+0000][1][safepoint    ] Safepoint "RevokeBias", Time since last: 643107 ns, Reaching safepoint: 17134 ns, At safepoint: 11130 ns, Total: 28264 ns
[2020-09-11T16:55:13.078+0000][1][safepoint    ] Safepoint "RevokeBias", Time since last: 19791916 ns, Reaching safepoint: 107575 ns, At safepoint: 23949 ns, Total: 131524 ns
[2020-09-11T16:55:13.081+0000][1][safepoint    ] Safepoint "RevokeBias", Time since last: 2920840 ns, Reaching safepoint: 103941 ns, At safepoint: 13830 ns, Total: 117771 ns
[2020-09-11T16:55:13.089+0000][1][safepoint    ] Safepoint "RevokeBias", Time since last: 7716741 ns, Reaching safepoint: 111283 ns, At safepoint: 24411 ns, Total: 135694 ns
[2020-09-11T16:55:13.093+0000][1][safepoint    ] Safepoint "RevokeBias", Time since last: 3830313 ns, Reaching safepoint: 120809 ns, At safepoint: 15610 ns, Total: 136419 ns
[2020-09-11T16:55:13.106+0000][1][safepoint    ] Safepoint "RevokeBias", Time since last: 12468612 ns, Reaching safepoint: 111255 ns, At safepoint: 21120 ns, Total: 132375 ns
[2020-09-11T16:55:13.106+0000][1][safepoint    ] Safepoint "RevokeBias", Time since last: 668743 ns, Reaching safepoint: 87810 ns, At safepoint: 10619 ns, Total: 98429 ns
[2020-09-11T16:55:13.154+0000][1][safepoint    ] Safepoint "RevokeBias", Time since last: 47053299 ns, Reaching safepoint: 260609 ns, At safepoint: 28400 ns, Total: 289009 ns
[2020-09-11T16:55:13.166+0000][1][safepoint    ] Safepoint "RevokeBias", Time since last: 11438342 ns, Reaching safepoint: 718885 ns, At safepoint: 27717 ns, Total: 746602 ns
[2020-09-11T16:55:13.170+0000][1][safepoint    ] Safepoint "RevokeBias", Time since last: 3956983 ns, Reaching safepoint: 118654 ns, At safepoint: 26989 ns, Total: 145643 ns
[2020-09-11T16:55:13.173+0000][1][safepoint    ] Safepoint "RevokeBias", Time since last: 200578 ns, Reaching safepoint: 2552350 ns, At safepoint: 28793 ns, Total: 2581143 ns
[2020-09-11T16:55:13.177+0000][1][safepoint    ] Safepoint "RevokeBias", Time since last: 258026 ns, Reaching safepoint: 3747230 ns, At safepoint: 39118 ns, Total: 3786348 ns
[2020-09-11T16:55:13.177+0000][1][safepoint    ] Safepoint "RevokeBias", Time since last: 191039 ns, Reaching safepoint: 105159 ns, At safepoint: 21533 ns, Total: 126692 ns
[2020-09-11T16:55:13.178+0000][1][safepoint    ] Safepoint "RevokeBias", Time since last: 229376 ns, Reaching safepoint: 91699 ns, At safepoint: 18215 ns, Total: 109914 ns
[2020-09-11T16:55:13.185+0000][1][safepoint    ] Safepoint "RevokeBias", Time since last: 7390427 ns, Reaching safepoint: 117780 ns, At safepoint: 28067 ns, Total: 145847 ns
[2020-09-11T16:55:13.185+0000][1][safepoint    ] Safepoint "RevokeBias", Time since last: 303466 ns, Reaching safepoint: 89522 ns, At safepoint: 19097 ns, Total: 108619 ns
[2020-09-11T16:55:13.186+0000][1][safepoint    ] Safepoint "RevokeBias", Time since last: 80853 ns, Reaching safepoint: 87114 ns, At safepoint: 21609 ns, Total: 108723 ns
[2020-09-11T16:55:13.186+0000][1][safepoint    ] Safepoint "BulkRevokeBias", Time since last: 127541 ns, Reaching safepoint: 227223 ns, At safepoint: 130109 ns, Total: 357332 ns
[2020-09-11T16:55:13.186+0000][1][safepoint    ] Safepoint "BulkRevokeBias", Time since last: 84791 ns, Reaching safepoint: 86337 ns, At safepoint: 92509 ns, Total: 178846 ns
[2020-09-11T16:55:13.196+0000][1][safepoint    ] Safepoint "RevokeBias", Time since last: 9415205 ns, Reaching safepoint: 116012 ns, At safepoint: 37747 ns, Total: 153759 ns
[2020-09-11T16:55:13.197+0000][1][safepoint    ] Safepoint "RevokeBias", Time since last: 548957 ns, Reaching safepoint: 90084 ns, At safepoint: 20012 ns, Total: 110096 ns
[2020-09-11T16:55:13.208+0000][1][safepoint    ] Safepoint "RevokeBias", Time since last: 10987002 ns, Reaching safepoint: 122859 ns, At safepoint: 33916 ns, Total: 156775 ns
[2020-09-11T16:55:13.209+0000][1][safepoint    ] Safepoint "RevokeBias", Time since last: 661779 ns, Reaching safepoint: 92034 ns, At safepoint: 23755 ns, Total: 115789 ns
[2020-09-11T16:55:13.222+0000][1][safepoint    ] Safepoint "RevokeBias", Time since last: 12275681 ns, Reaching safepoint: 927095 ns, At safepoint: 17799 ns, Total: 944894 ns
[2020-09-11T16:55:13.222+0000][1][safepoint    ] Safepoint "RevokeBias", Time since last: 593542 ns, Reaching safepoint: 88758 ns, At safepoint: 11564 ns, Total: 100322 ns
[2020-09-11T16:55:13.225+0000][1][safepoint    ] Safepoint "RevokeBias", Time since last: 2296211 ns, Reaching safepoint: 99070 ns, At safepoint: 14772 ns, Total: 113842 ns
[2020-09-11T16:55:13.225+0000][1][safepoint    ] Safepoint "RevokeBias", Time since last: 284432 ns, Reaching safepoint: 87184 ns, At safepoint: 11418 ns, Total: 98602 ns
[2020-09-11T16:55:13.245+0000][1][safepoint    ] Safepoint "RevokeBias", Time since last: 19621573 ns, Reaching safepoint: 119887 ns, At safepoint: 19645 ns, Total: 139532 ns
[2020-09-11T16:55:13.617+0000][1][safepoint    ] Safepoint "RevokeBias", Time since last: 355372428 ns, Reaching safepoint: 16642253 ns, At safepoint: 49121 ns, Total: 16691374 ns
[2020-09-11T16:55:13.618+0000][1][safepoint    ] Safepoint "RevokeBias", Time since last: 1043698 ns, Reaching safepoint: 97609 ns, At safepoint: 37086 ns, Total: 134695 ns
[2020-09-11T16:55:13.621+0000][1][safepoint    ] Safepoint "RevokeBias", Time since last: 2497126 ns, Reaching safepoint: 100042 ns, At safepoint: 14013 ns, Total: 114055 ns
[2020-09-11T16:55:13.628+0000][1][safepoint    ] Safepoint "RevokeBias", Time since last: 6696799 ns, Reaching safepoint: 116505 ns, At safepoint: 17026 ns, Total: 133531 ns
[2020-09-11T16:55:13.629+0000][1][safepoint    ] Safepoint "BulkRevokeBias", Time since last: 1048701 ns, Reaching safepoint: 94511 ns, At safepoint: 327444 ns, Total: 421955 ns
[2020-09-11T16:55:13.693+0000][1][safepoint    ] Safepoint "RevokeBias", Time since last: 60011429 ns, Reaching safepoint: 3601652 ns, At safepoint: 54448 ns, Total: 3656100 ns
[2020-09-11T16:55:14.085+0000][1][safepoint    ] Safepoint "RevokeBias", Time since last: 391930919 ns, Reaching safepoint: 321797 ns, At safepoint: 16590 ns, Total: 338387 ns
[2020-09-11T16:55:14.087+0000][1][safepoint    ] Safepoint "RevokeBias", Time since last: 1442075 ns, Reaching safepoint: 97978 ns, At safepoint: 13474 ns, Total: 111452 ns
[2020-09-11T16:55:14.097+0000][1][safepoint    ] Safepoint "RevokeBias", Time since last: 10103277 ns, Reaching safepoint: 585496 ns, At safepoint: 18599 ns, Total: 604095 ns
[2020-09-11T16:55:14.471+0000][1][safepoint    ] Safepoint "RevokeBias", Time since last: 372846608 ns, Reaching safepoint: 653019 ns, At safepoint: 47041 ns, Total: 700060 ns
[2020-09-11T16:55:14.476+0000][1][safepoint    ] Safepoint "RevokeBias", Time since last: 5250897 ns, Reaching safepoint: 112327 ns, At safepoint: 36913 ns, Total: 149240 ns
[2020-09-11T16:55:14.536+0000][1][safepoint    ] Safepoint "RevokeBias", Time since last: 59165024 ns, Reaching safepoint: 112570 ns, At safepoint: 32314 ns, Total: 144884 ns
[2020-09-11T16:55:14.873+0000][1][safepoint    ] Safepoint "RevokeBias", Time since last: 334700172 ns, Reaching safepoint: 2143152 ns, At safepoint: 35296 ns, Total: 2178448 ns
[2020-09-11T16:55:15.605+0000][1][safepoint    ] Safepoint "RevokeBias", Time since last: 732289587 ns, Reaching safepoint: 129135 ns, At safepoint: 55782 ns, Total: 184917 ns
[2020-09-11T16:55:15.606+0000][1][safepoint    ] Safepoint "RevokeBias", Time since last: 625714 ns, Reaching safepoint: 90527 ns, At safepoint: 38973 ns, Total: 129500 ns
[2020-09-11T16:55:16.127+0000][1][safepoint    ] Safepoint "RevokeBias", Time since last: 519827252 ns, Reaching safepoint: 1415670 ns, At safepoint: 20747 ns, Total: 1436417 ns
[2020-09-11T16:55:16.143+0000][1][safepoint    ] Safepoint "RevokeBias", Time since last: 15761637 ns, Reaching safepoint: 115308 ns, At safepoint: 18331 ns, Total: 133639 ns
[2020-09-11T16:55:16.143+0000][1][safepoint    ] Safepoint "RevokeBias", Time since last: 228833 ns, Reaching safepoint: 88281 ns, At safepoint: 11925 ns, Total: 100206 ns
[2020-09-11T16:55:16.144+0000][1][safepoint    ] Safepoint "RevokeBias", Time since last: 712933 ns, Reaching safepoint: 90843 ns, At safepoint: 11139 ns, Total: 101982 ns
[2020-09-11T16:55:16.150+0000][1][safepoint    ] Safepoint "RevokeBias", Time since last: 5470960 ns, Reaching safepoint: 116725 ns, At safepoint: 16384 ns, Total: 133109 ns
[2020-09-11T16:55:16.159+0000][1][safepoint    ] Safepoint "RevokeBias", Time since last: 9271331 ns, Reaching safepoint: 106794 ns, At safepoint: 15527 ns, Total: 122321 ns
[2020-09-11T16:55:16.293+0000][1][safepoint    ] Safepoint "RevokeBias", Time since last: 133470044 ns, Reaching safepoint: 281321 ns, At safepoint: 16725 ns, Total: 298046 ns
[2020-09-11T16:55:16.430+0000][1][safepoint    ] Safepoint "RevokeBias", Time since last: 136932883 ns, Reaching safepoint: 119731 ns, At safepoint: 16156 ns, Total: 135887 ns
[2020-09-11T16:55:16.437+0000][1][safepoint    ] Safepoint "RevokeBias", Time since last: 7106676 ns, Reaching safepoint: 119005 ns, At safepoint: 50439 ns, Total: 169444 ns
[2020-09-11T16:55:16.438+0000][1][safepoint    ] Safepoint "RevokeBias", Time since last: 582004 ns, Reaching safepoint: 92387 ns, At safepoint: 41055 ns, Total: 133442 ns
[2020-09-11T16:55:16.439+0000][1][safepoint    ] Safepoint "RevokeBias", Time since last: 510732 ns, Reaching safepoint: 90404 ns, At safepoint: 39601 ns, Total: 130005 ns
[2020-09-11T16:55:16.440+0000][1][safepoint    ] Safepoint "RevokeBias", Time since last: 919752 ns, Reaching safepoint: 92700 ns, At safepoint: 26775 ns, Total: 119475 ns
[2020-09-11T16:55:16.594+0000][1][safepoint    ] Safepoint "RevokeBias", Time since last: 153903969 ns, Reaching safepoint: 119698 ns, At safepoint: 22172 ns, Total: 141870 ns
[2020-09-11T16:55:16.594+0000][1][safepoint    ] Safepoint "RevokeBias", Time since last: 68591 ns, Reaching safepoint: 89980 ns, At safepoint: 14679 ns, Total: 104659 ns
[2020-09-11T16:55:16.866+0000][1][safepoint    ] Safepoint "RevokeBias", Time since last: 272375425 ns, Reaching safepoint: 124867 ns, At safepoint: 15607 ns, Total: 140474 ns
[2020-09-11T16:55:17.029+0000][1][safepoint    ] Safepoint "RevokeBias", Time since last: 150500353 ns, Reaching safepoint: 12026871 ns, At safepoint: 28565 ns, Total: 12055436 ns
[2020-09-11T16:55:17.033+0000][1][safepoint    ] Safepoint "RevokeBias", Time since last: 91167 ns, Reaching safepoint: 3895212 ns, At safepoint: 27757 ns, Total: 3922969 ns
[2020-09-11T16:55:17.038+0000][1][safepoint    ] Safepoint "RevokeBias", Time since last: 5262313 ns, Reaching safepoint: 127483 ns, At safepoint: 20700 ns, Total: 148183 ns
[2020-09-11T16:55:17.038+0000][1][safepoint    ] Safepoint "RevokeBias", Time since last: 76321 ns, Reaching safepoint: 91938 ns, At safepoint: 12499 ns, Total: 104437 ns
[2020-09-11T16:55:17.139+0000][1][safepoint    ] Safepoint "RevokeBias", Time since last: 86710041 ns, Reaching safepoint: 13693583 ns, At safepoint: 28028 ns, Total: 13721611 ns
[2020-09-11T16:55:17.182+0000][1][safepoint    ] Safepoint "RevokeBias", Time since last: 43028432 ns, Reaching safepoint: 122826 ns, At safepoint: 16394 ns, Total: 139220 ns
[2020-09-11T16:55:17.223+0000][1][safepoint    ] Safepoint "RevokeBias", Time since last: 40813831 ns, Reaching safepoint: 466732 ns, At safepoint: 18001 ns, Total: 484733 ns
[2020-09-11T16:55:17.256+0000][1][safepoint    ] Safepoint "RevokeBias", Time since last: 32192285 ns, Reaching safepoint: 527157 ns, At safepoint: 19636 ns, Total: 546793 ns
[2020-09-11T16:55:17.298+0000][1][safepoint    ] Safepoint "RevokeBias", Time since last: 40699051 ns, Reaching safepoint: 795041 ns, At safepoint: 18701 ns, Total: 813742 ns
[2020-09-11T16:55:17.373+0000][1][safepoint    ] Safepoint "RevokeBias", Time since last: 75202962 ns, Reaching safepoint: 120508 ns, At safepoint: 18405 ns, Total: 138913 ns
[2020-09-11T16:55:17.374+0000][1][safepoint    ] Safepoint "RevokeBias", Time since last: 590213 ns, Reaching safepoint: 91374 ns, At safepoint: 12317 ns, Total: 103691 ns
[2020-09-11T16:55:17.377+0000][1][safepoint    ] Safepoint "RevokeBias", Time since last: 3222307 ns, Reaching safepoint: 113316 ns, At safepoint: 15026 ns, Total: 128342 ns
[2020-09-11T16:55:17.418+0000][1][safepoint    ] Safepoint "RevokeBias", Time since last: 28411166 ns, Reaching safepoint: 12485517 ns, At safepoint: 22596 ns, Total: 12508113 ns
[2020-09-11T16:55:17.418+0000][1][safepoint    ] Safepoint "RevokeBias", Time since last: 245770 ns, Reaching safepoint: 87117 ns, At safepoint: 11385 ns, Total: 98502 ns
[2020-09-11T16:55:17.419+0000][1][safepoint    ] Safepoint "BulkRevokeBias", Time since last: 212173 ns, Reaching safepoint: 86511 ns, At safepoint: 124612 ns, Total: 211123 ns
[2020-09-11T16:55:17.433+0000][1][safepoint    ] Safepoint "RevokeBias", Time since last: 14272120 ns, Reaching safepoint: 249343 ns, At safepoint: 16772 ns, Total: 266115 ns
[2020-09-11T16:55:17.434+0000][1][safepoint    ] Safepoint "RevokeBias", Time since last: 299863 ns, Reaching safepoint: 85415 ns, At safepoint: 11822 ns, Total: 97237 ns
[2020-09-11T16:55:17.434+0000][1][safepoint    ] Safepoint "RevokeBias", Time since last: 148140 ns, Reaching safepoint: 85141 ns, At safepoint: 11605 ns, Total: 96746 ns
[2020-09-11T16:55:17.434+0000][1][safepoint    ] Safepoint "RevokeBias", Time since last: 140580 ns, Reaching safepoint: 84696 ns, At safepoint: 11863 ns, Total: 96559 ns
[2020-09-11T16:55:17.434+0000][1][safepoint    ] Safepoint "RevokeBias", Time since last: 143943 ns, Reaching safepoint: 84741 ns, At safepoint: 10098 ns, Total: 94839 ns
[2020-09-11T16:55:17.442+0000][1][safepoint    ] Safepoint "RevokeBias", Time since last: 7836916 ns, Reaching safepoint: 115081 ns, At safepoint: 18950 ns, Total: 134031 ns
[2020-09-11T16:55:17.449+0000][1][safepoint    ] Safepoint "RevokeBias", Time since last: 6262265 ns, Reaching safepoint: 115163 ns, At safepoint: 19971 ns, Total: 135134 ns
[2020-09-11T16:55:17.465+0000][1][safepoint    ] Safepoint "RevokeBias", Time since last: 16058487 ns, Reaching safepoint: 110247 ns, At safepoint: 13914 ns, Total: 124161 ns
[2020-09-11T16:55:17.479+0000][1][safepoint    ] Safepoint "RevokeBias", Time since last: 13488831 ns, Reaching safepoint: 123024 ns, At safepoint: 20422 ns, Total: 143446 ns
[2020-09-11T16:55:17.481+0000][1][safepoint    ] Safepoint "RevokeBias", Time since last: 2638353 ns, Reaching safepoint: 32926 ns, At safepoint: 17505 ns, Total: 50431 ns
[2020-09-11T16:55:17.485+0000][1][safepoint    ] Safepoint "RevokeBias", Time since last: 3675467 ns, Reaching safepoint: 37103 ns, At safepoint: 14601 ns, Total: 51704 ns
[2020-09-11T16:55:17.486+0000][1][safepoint    ] Safepoint "RevokeBias", Time since last: 1152861 ns, Reaching safepoint: 18226 ns, At safepoint: 9974 ns, Total: 28200 ns
[2020-09-11T16:55:17.487+0000][1][safepoint    ] Safepoint "RevokeBias", Time since last: 631594 ns, Reaching safepoint: 18323 ns, At safepoint: 10070 ns, Total: 28393 ns
[2020-09-11T16:55:17.489+0000][1][safepoint    ] Safepoint "BulkRevokeBias", Time since last: 2062149 ns, Reaching safepoint: 80139 ns, At safepoint: 163521 ns, Total: 243660 ns
[2020-09-11T16:55:17.521+0000][1][safepoint    ] Safepoint "RevokeBias", Time since last: 31702179 ns, Reaching safepoint: 130399 ns, At safepoint: 18210 ns, Total: 148609 ns
[2020-09-11T16:55:17.522+0000][1][safepoint    ] Safepoint "RevokeBias", Time since last: 682092 ns, Reaching safepoint: 92651 ns, At safepoint: 11705 ns, Total: 104356 ns
[2020-09-11T16:55:17.526+0000][1][safepoint    ] Safepoint "RevokeBias", Time since last: 4549633 ns, Reaching safepoint: 121607 ns, At safepoint: 18266 ns, Total: 139873 ns
[2020-09-11T16:55:17.535+0000][1][safepoint    ] Safepoint "RevokeBias", Time since last: 8550780 ns, Reaching safepoint: 118934 ns, At safepoint: 17956 ns, Total: 136890 ns
[2020-09-11T16:55:17.536+0000][1][safepoint    ] Safepoint "RevokeBias", Time since last: 622309 ns, Reaching safepoint: 91021 ns, At safepoint: 11213 ns, Total: 102234 ns
[2020-09-11T16:55:17.539+0000][1][safepoint    ] Safepoint "RevokeBias", Time since last: 2806650 ns, Reaching safepoint: 105751 ns, At safepoint: 13434 ns, Total: 119185 ns
[2020-09-11T16:55:17.549+0000][1][safepoint    ] Safepoint "RevokeBias", Time since last: 10118960 ns, Reaching safepoint: 119780 ns, At safepoint: 16768 ns, Total: 136548 ns
[2020-09-11T16:55:18.562+0000][1][safepoint    ] Safepoint "Cleanup", Time since last: 1002055915 ns, Reaching safepoint: 10845347 ns, At safepoint: 13299 ns, Total: 10858646 ns
[2020-09-11T16:55:18.645+0000][1][safepoint    ] Safepoint "RevokeBias", Time since last: 83022536 ns, Reaching safepoint: 120199 ns, At safepoint: 19657 ns, Total: 139856 ns
[2020-09-11T16:55:18.654+0000][1][safepoint    ] Safepoint "RevokeBias", Time since last: 8403706 ns, Reaching safepoint: 126758 ns, At safepoint: 20954 ns, Total: 147712 ns
[2020-09-11T16:55:18.759+0000][1][safepoint    ] Safepoint "RevokeBias", Time since last: 105176728 ns, Reaching safepoint: 127851 ns, At safepoint: 20513 ns, Total: 148364 ns
[2020-09-11T16:55:18.763+0000][1][safepoint    ] Safepoint "RevokeBias", Time since last: 4029883 ns, Reaching safepoint: 113821 ns, At safepoint: 18374 ns, Total: 132195 ns
[2020-09-11T16:55:18.913+0000][1][safepoint    ] Safepoint "RevokeBias", Time since last: 149674539 ns, Reaching safepoint: 126786 ns, At safepoint: 20800 ns, Total: 147586 ns
[2020-09-11T16:55:19.033+0000][1][safepoint    ] Safepoint "RevokeBias", Time since last: 117693603 ns, Reaching safepoint: 2192926 ns, At safepoint: 35926 ns, Total: 2228852 ns
[2020-09-11T16:55:19.037+0000][1][safepoint    ] Safepoint "RevokeBias", Time since last: 3941713 ns, Reaching safepoint: 91732 ns, At safepoint: 12833 ns, Total: 104565 ns
[2020-09-11T16:55:19.470+0000][1][safepoint    ] Safepoint "Deoptimize", Time since last: 421017822 ns, Reaching safepoint: 11985832 ns, At safepoint: 482849 ns, Total: 12468681 ns
[2020-09-11T16:55:19.634+0000][1][safepoint    ] Safepoint "RevokeBias", Time since last: 163028794 ns, Reaching safepoint: 132443 ns, At safepoint: 20337 ns, Total: 152780 ns
[2020-09-11T16:55:19.634+0000][1][safepoint    ] Safepoint "RevokeBias", Time since last: 403320 ns, Reaching safepoint: 98326 ns, At safepoint: 15418 ns, Total: 113744 ns
[2020-09-11T16:55:19.641+0000][1][safepoint    ] Safepoint "RevokeBias", Time since last: 7176569 ns, Reaching safepoint: 118011 ns, At safepoint: 17737 ns, Total: 135748 ns
[2020-09-11T16:55:19.835+0000][1][gc,start     ] GC(66) Pause Young (Allocation Failure)
[2020-09-11T16:55:19.835+0000][1][gc,task      ] GC(66) Using 1 workers of 1 for evacuation
[2020-09-11T16:55:20.038+0000][1][gc,age       ] GC(66) Desired survivor size 4358144 bytes, new threshold 6 (max threshold 6)
[2020-09-11T16:55:20.038+0000][1][gc,age       ] GC(66) Age table with threshold 6 (max threshold 6)
[2020-09-11T16:55:20.038+0000][1][gc,age       ] GC(66) - age   1:    1283256 bytes,    1283256 total
[2020-09-11T16:55:20.038+0000][1][gc,age       ] GC(66) - age   2:    2242896 bytes,    3526152 total
[2020-09-11T16:55:20.038+0000][1][gc,heap      ] GC(66) ParNew: 76672K->6171K(76672K)
[2020-09-11T16:55:20.038+0000][1][gc,heap      ] GC(66) CMS: 58960K->62444K(439104K)
[2020-09-11T16:55:20.038+0000][1][gc,metaspace ] GC(66) Metaspace: 74948K->74948K(1118208K)
[2020-09-11T16:55:20.038+0000][1][gc           ] GC(66) Pause Young (Allocation Failure) 132M->67M(503M) 202.406ms
[2020-09-11T16:55:20.038+0000][1][gc,cpu       ] GC(66) User=0.05s Sys=0.00s Real=0.20s
[2020-09-11T16:55:20.135+0000][1][safepoint    ] Safepoint "GenCollectForAllocation", Time since last: 193807717 ns, Reaching safepoint: 173938 ns, At safepoint: 299480395 ns, Total: 299654333 ns
[2020-09-11T16:55:20.243+0000][1][safepoint    ] Safepoint "RevokeBias", Time since last: 107691074 ns, Reaching safepoint: 129250 ns, At safepoint: 19874 ns, Total: 149124 ns
[2020-09-11T16:55:21.246+0000][1][safepoint    ] Safepoint "Cleanup", Time since last: 1002056808 ns, Reaching safepoint: 1075943 ns, At safepoint: 7176 ns, Total: 1083119 ns
[2020-09-11T16:55:21.273+0000][1][safepoint    ] Safepoint "RevokeBias", Time since last: 24195128 ns, Reaching safepoint: 2770671 ns, At safepoint: 20077 ns, Total: 2790748 ns
[2020-09-11T16:55:22.277+0000][1][safepoint    ] Safepoint "Cleanup", Time since last: 1000525557 ns, Reaching safepoint: 3506583 ns, At safepoint: 13576 ns, Total: 3520159 ns
[2020-09-11T16:55:23.149+0000][1][safepoint    ] Safepoint "RevokeBias", Time since last: 872430784 ns, Reaching safepoint: 157922 ns, At safepoint: 20037 ns, Total: 177959 ns
[2020-09-11T16:55:23.150+0000][1][safepoint    ] Safepoint "RevokeBias", Time since last: 154311 ns, Reaching safepoint: 94166 ns, At safepoint: 12468 ns, Total: 106634 ns
[2020-09-11T16:55:23.150+0000][1][safepoint    ] Safepoint "RevokeBias", Time since last: 37602 ns, Reaching safepoint: 91829 ns, At safepoint: 11993 ns, Total: 103822 ns
[2020-09-11T16:55:23.229+0000][1][safepoint    ] Safepoint "RevokeBias", Time since last: 79236911 ns, Reaching safepoint: 148586 ns, At safepoint: 26248 ns, Total: 174834 ns
[2020-09-11T16:55:23.253+0000][1][safepoint    ] Safepoint "RevokeBias", Time since last: 13293564 ns, Reaching safepoint: 10720639 ns, At safepoint: 29415 ns, Total: 10750054 ns
[2020-09-11T16:55:23.255+0000][1][safepoint    ] Safepoint "RevokeBias", Time since last: 218318 ns, Reaching safepoint: 1246201 ns, At safepoint: 23555 ns, Total: 1269756 ns
[2020-09-11T16:55:23.257+0000][1][safepoint    ] Safepoint "RevokeBias", Time since last: 1954644 ns, Reaching safepoint: 122179 ns, At safepoint: 20471 ns, Total: 142650 ns
[2020-09-11T16:55:23.285+0000][1][safepoint    ] Safepoint "RevokeBias", Time since last: 23990725 ns, Reaching safepoint: 3907359 ns, At safepoint: 28871 ns, Total: 3936230 ns
[2020-09-11T16:55:23.296+0000][1][safepoint    ] Safepoint "RevokeBias", Time since last: 10797639 ns, Reaching safepoint: 298807 ns, At safepoint: 36070 ns, Total: 334877 ns
[2020-09-11T16:55:23.299+0000][1][safepoint    ] Safepoint "RevokeBias", Time since last: 808510 ns, Reaching safepoint: 2108065 ns, At safepoint: 54301 ns, Total: 2162366 ns
[2020-09-11T16:55:23.300+0000][1][safepoint    ] Safepoint "RevokeBias", Time since last: 58794 ns, Reaching safepoint: 551455 ns, At safepoint: 46419 ns, Total: 597874 ns
[2020-09-11T16:55:23.301+0000][1][safepoint    ] Safepoint "RevokeBias", Time since last: 47221 ns, Reaching safepoint: 1151034 ns, At safepoint: 60859 ns, Total: 1211893 ns
[2020-09-11T16:55:23.303+0000][1][safepoint    ] Safepoint "RevokeBias", Time since last: 269057 ns, Reaching safepoint: 1820310 ns, At safepoint: 80871 ns, Total: 1901181 ns
[2020-09-11T16:55:23.596+0000][1][safepoint    ] Safepoint "BulkRevokeBias", Time since last: 292320634 ns, Reaching safepoint: 164129 ns, At safepoint: 179471 ns, Total: 343600 ns
[2020-09-11T16:55:23.714+0000][1][safepoint    ] Safepoint "RevokeBias", Time since last: 118513759 ns, Reaching safepoint: 147322 ns, At safepoint: 33236 ns, Total: 180558 ns
[2020-09-11T16:55:23.733+0000][1][safepoint    ] Safepoint "RevokeBias", Time since last: 18647717 ns, Reaching safepoint: 136626 ns, At safepoint: 11072 ns, Total: 147698 ns
[2020-09-11T16:55:23.849+0000][1][safepoint    ] Safepoint "RevokeBias", Time since last: 103614355 ns, Reaching safepoint: 12025187 ns, At safepoint: 50595 ns, Total: 12075782 ns
[2020-09-11T16:55:24.312+0000][1][safepoint    ] Safepoint "RevokeBias", Time since last: 447442654 ns, Reaching safepoint: 15692835 ns, At safepoint: 34687 ns, Total: 15727522 ns
[2020-09-11T16:55:24.363+0000][1][safepoint    ] Safepoint "RevokeBias", Time since last: 36733702 ns, Reaching safepoint: 14186598 ns, At safepoint: 33058 ns, Total: 14219656 ns
[2020-09-11T16:55:24.402+0000][1][safepoint    ] Safepoint "RevokeBias", Time since last: 24090825 ns, Reaching safepoint: 14423751 ns, At safepoint: 34436 ns, Total: 14458187 ns
[2020-09-11T16:55:24.474+0000][1][gc,start     ] GC(67) Pause Young (Allocation Failure)
[2020-09-11T16:55:24.474+0000][1][gc,task      ] GC(67) Using 1 workers of 1 for evacuation
[2020-09-11T16:55:24.563+0000][1][gc,age       ] GC(67) Desired survivor size 4358144 bytes, new threshold 6 (max threshold 6)
[2020-09-11T16:55:24.563+0000][1][gc,age       ] GC(67) Age table with threshold 6 (max threshold 6)
[2020-09-11T16:55:24.563+0000][1][gc,age       ] GC(67) - age   1:    1010744 bytes,    1010744 total
[2020-09-11T16:55:24.563+0000][1][gc,age       ] GC(67) - age   2:     809176 bytes,    1819920 total
[2020-09-11T16:55:24.563+0000][1][gc,age       ] GC(67) - age   3:    2180912 bytes,    4000832 total
[2020-09-11T16:55:24.563+0000][1][gc,heap      ] GC(67) ParNew: 74331K->5668K(76672K)
[2020-09-11T16:55:24.563+0000][1][gc,heap      ] GC(67) CMS: 62444K->62444K(439104K)
[2020-09-11T16:55:24.563+0000][1][gc,metaspace ] GC(67) Metaspace: 76677K->76677K(1120256K)
[2020-09-11T16:55:24.563+0000][1][gc           ] GC(67) Pause Young (Allocation Failure) 133M->66M(503M) 89.034ms
[2020-09-11T16:55:24.563+0000][1][gc,cpu       ] GC(67) User=0.02s Sys=0.00s Real=0.09s
[2020-09-11T16:55:24.585+0000][1][safepoint    ] Safepoint "GenCollectForAllocation", Time since last: 72263618 ns, Reaching safepoint: 149426 ns, At safepoint: 110814192 ns, Total: 110963618 ns
[2020-09-11T16:55:24.634+0000][1][safepoint    ] Safepoint "RevokeBias", Time since last: 47987479 ns, Reaching safepoint: 147092 ns, At safepoint: 1009768 ns, Total: 1156860 ns
[2020-09-11T16:55:24.650+0000][1][safepoint    ] Safepoint "RevokeBias", Time since last: 15924979 ns, Reaching safepoint: 139882 ns, At safepoint: 34383 ns, Total: 174265 ns
[2020-09-11T16:55:24.780+0000][1][safepoint    ] Safepoint "RevokeBias", Time since last: 130293178 ns, Reaching safepoint: 61281 ns, At safepoint: 24748 ns, Total: 86029 ns
[2020-09-11T16:55:24.797+0000][1][safepoint    ] Safepoint "RevokeBias", Time since last: 16870315 ns, Reaching safepoint: 64056 ns, At safepoint: 23910 ns, Total: 87966 ns
[2020-09-11T16:55:24.863+0000][1][safepoint    ] Safepoint "RevokeBias", Time since last: 63884620 ns, Reaching safepoint: 1510194 ns, At safepoint: 26322 ns, Total: 1536516 ns
[2020-09-11T16:55:25.045+0000][1][safepoint    ] Safepoint "RevokeBias", Time since last: 182551961 ns, Reaching safepoint: 64456 ns, At safepoint: 25146 ns, Total: 89602 ns
[2020-09-11T16:55:25.046+0000][1][safepoint    ] Safepoint "RevokeBias", Time since last: 801492 ns, Reaching safepoint: 31596 ns, At safepoint: 15506 ns, Total: 47102 ns
[2020-09-11T16:55:25.186+0000][1][safepoint    ] Safepoint "RevokeBias", Time since last: 139326780 ns, Reaching safepoint: 140231 ns, At safepoint: 29905 ns, Total: 170136 ns
[2020-09-11T16:55:25.273+0000][1][safepoint    ] Safepoint "RevokeBias", Time since last: 87482409 ns, Reaching safepoint: 69999 ns, At safepoint: 22687 ns, Total: 92686 ns
[2020-09-11T16:55:26.186+0000][1][safepoint    ] Safepoint "RevokeBias", Time since last: 912635067 ns, Reaching safepoint: 162684 ns, At safepoint: 9099 ns, Total: 171783 ns
[2020-09-11T16:55:26.239+0000][1][safepoint    ] Safepoint "RevokeBias", Time since last: 52791545 ns, Reaching safepoint: 277872 ns, At safepoint: 9453 ns, Total: 287325 ns
[2020-09-11T16:55:26.529+0000][1][safepoint    ] Safepoint "RevokeBias", Time since last: 289535809 ns, Reaching safepoint: 163670 ns, At safepoint: 10416 ns, Total: 174086 ns
[2020-09-11T16:55:26.874+0000][1][safepoint    ] Safepoint "RevokeBias", Time since last: 344616931 ns, Reaching safepoint: 61551 ns, At safepoint: 8748 ns, Total: 70299 ns
[2020-09-11T16:55:27.017+0000][1][safepoint    ] Safepoint "RevokeBias", Time since last: 143153578 ns, Reaching safepoint: 137044 ns, At safepoint: 9319 ns, Total: 146363 ns
[2020-09-11T16:55:27.025+0000][1][safepoint    ] Safepoint "BulkRevokeBias", Time since last: 7842958 ns, Reaching safepoint: 137411 ns, At safepoint: 205085 ns, Total: 342496 ns
[2020-09-11T16:55:27.025+0000][1][safepoint    ] Safepoint "RevokeBias", Time since last: 91956 ns, Reaching safepoint: 31975 ns, At safepoint: 5435 ns, Total: 37410 ns
[2020-09-11T16:55:27.025+0000][1][safepoint    ] Safepoint "RevokeBias", Time since last: 205720 ns, Reaching safepoint: 27523 ns, At safepoint: 5171 ns, Total: 32694 ns
[2020-09-11T16:55:27.029+0000][1][safepoint    ] Safepoint "RevokeBias", Time since last: 3823345 ns, Reaching safepoint: 126966 ns, At safepoint: 8822 ns, Total: 135788 ns
[2020-09-11T16:55:27.046+0000][1][safepoint    ] Safepoint "BulkRevokeBias", Time since last: 16308973 ns, Reaching safepoint: 136029 ns, At safepoint: 235293 ns, Total: 371322 ns
[2020-09-11T16:55:27.259+0000][1][safepoint    ] Safepoint "Deoptimize", Time since last: 212509796 ns, Reaching safepoint: 131826 ns, At safepoint: 439973 ns, Total: 571799 ns
[2020-09-11T16:55:27.514+0000][1][safepoint    ] Safepoint "RevokeBias", Time since last: 254441409 ns, Reaching safepoint: 172719 ns, At safepoint: 9909 ns, Total: 182628 ns
[2020-09-11T16:55:27.514+0000][1][safepoint    ] Safepoint "RevokeBias", Time since last: 275526 ns, Reaching safepoint: 98352 ns, At safepoint: 6001 ns, Total: 104353 ns
[2020-09-11T16:55:27.586+0000][1][safepoint    ] Safepoint "RevokeBias", Time since last: 70384320 ns, Reaching safepoint: 77283 ns, At safepoint: 1364994 ns, Total: 1442277 ns
[2020-09-11T16:55:27.613+0000][1][safepoint    ] Safepoint "RevokeBias", Time since last: 15006203 ns, Reaching safepoint: 11791330 ns, At safepoint: 23704 ns, Total: 11815034 ns
[2020-09-11T16:55:27.638+0000][1][safepoint    ] Safepoint "RevokeBias", Time since last: 25152394 ns, Reaching safepoint: 133556 ns, At safepoint: 8638 ns, Total: 142194 ns
[2020-09-11T16:55:27.841+0000][1][safepoint    ] Safepoint "RevokeBias", Time since last: 202641771 ns, Reaching safepoint: 152367 ns, At safepoint: 9949 ns, Total: 162316 ns
[2020-09-11T16:55:27.897+0000][1][safepoint    ] Safepoint "RevokeBias", Time since last: 55842972 ns, Reaching safepoint: 150626 ns, At safepoint: 10706 ns, Total: 161332 ns
[2020-09-11T16:55:27.898+0000][1][safepoint    ] Safepoint "RevokeBias", Time since last: 842352 ns, Reaching safepoint: 99895 ns, At safepoint: 6073 ns, Total: 105968 ns
[2020-09-11T16:55:28.907+0000][1][safepoint    ] Safepoint "Cleanup", Time since last: 1008613793 ns, Reaching safepoint: 83350 ns, At safepoint: 9328 ns, Total: 92678 ns
[2020-09-11T16:55:29.910+0000][1][safepoint    ] Safepoint "Cleanup", Time since last: 1002145107 ns, Reaching safepoint: 1021536 ns, At safepoint: 8771 ns, Total: 1030307 ns
[2020-09-11T16:55:30.531+0000][1][safepoint    ] Safepoint "RevokeBias", Time since last: 619967784 ns, Reaching safepoint: 1152642 ns, At safepoint: 11727 ns, Total: 1164369 ns
[2020-09-11T16:55:30.532+0000][1][safepoint    ] Safepoint "RevokeBias", Time since last: 969093 ns, Reaching safepoint: 398177 ns, At safepoint: 9844 ns, Total: 408021 ns
[2020-09-11T16:55:31.533+0000][1][safepoint    ] Safepoint "Cleanup", Time since last: 1000122443 ns, Reaching safepoint: 89803 ns, At safepoint: 5959 ns, Total: 95762 ns
[2020-09-11T16:55:32.533+0000][1][safepoint    ] Safepoint "Cleanup", Time since last: 1000129647 ns, Reaching safepoint: 106913 ns, At safepoint: 7595 ns, Total: 114508 ns
[2020-09-11T16:55:32.901+0000][1][safepoint    ] Safepoint "RevokeBias", Time since last: 367855529 ns, Reaching safepoint: 222695 ns, At safepoint: 25457 ns, Total: 248152 ns
[2020-09-11T16:55:32.918+0000][1][safepoint    ] Safepoint "RevokeBias", Time since last: 15722999 ns, Reaching safepoint: 138693 ns, At safepoint: 894388 ns, Total: 1033081 ns
[2020-09-11T16:55:32.964+0000][1][safepoint    ] Safepoint "Deoptimize", Time since last: 45129625 ns, Reaching safepoint: 722972 ns, At safepoint: 499662 ns, Total: 1222634 ns
[2020-09-11T16:55:33.388+0000][1][safepoint    ] Safepoint "RevokeBias", Time since last: 423933962 ns, Reaching safepoint: 140021 ns, At safepoint: 9318 ns, Total: 149339 ns
[2020-09-11T16:55:33.391+0000][1][safepoint    ] Safepoint "RevokeBias", Time since last: 2880960 ns, Reaching safepoint: 157375 ns, At safepoint: 7532 ns, Total: 164907 ns
[2020-09-11T16:55:33.416+0000][1][safepoint    ] Safepoint "RevokeBias", Time since last: 24797193 ns, Reaching safepoint: 137668 ns, At safepoint: 8823 ns, Total: 146491 ns
[2020-09-11T16:55:33.417+0000][1][safepoint    ] Safepoint "RevokeBias", Time since last: 714301 ns, Reaching safepoint: 99463 ns, At safepoint: 7295 ns, Total: 106758 ns
[2020-09-11T16:55:33.433+0000][1][safepoint    ] Safepoint "RevokeBias", Time since last: 15922010 ns, Reaching safepoint: 345566 ns, At safepoint: 11451 ns, Total: 357017 ns
[2020-09-11T16:55:33.468+0000][1][safepoint    ] Safepoint "RevokeBias", Time since last: 35112358 ns, Reaching safepoint: 138725 ns, At safepoint: 10206 ns, Total: 148931 ns
[2020-09-11T16:55:34.469+0000][1][safepoint    ] Safepoint "Cleanup", Time since last: 1000126996 ns, Reaching safepoint: 84120 ns, At safepoint: 8334 ns, Total: 92454 ns
[2020-09-11T16:55:35.088+0000][1][safepoint    ] Safepoint "RevokeBias", Time since last: 618916897 ns, Reaching safepoint: 171267 ns, At safepoint: 12489 ns, Total: 183756 ns
[2020-09-11T16:55:35.097+0000][1][safepoint    ] Safepoint "RevokeBias", Time since last: 4859224 ns, Reaching safepoint: 3969332 ns, At safepoint: 22987 ns, Total: 3992319 ns
[2020-09-11T16:55:35.097+0000][1][safepoint    ] Safepoint "RevokeBias", Time since last: 480994 ns, Reaching safepoint: 127403 ns, At safepoint: 7579 ns, Total: 134982 ns
[2020-09-11T16:55:35.098+0000][1][safepoint    ] Safepoint "RevokeBias", Time since last: 531662 ns, Reaching safepoint: 107435 ns, At safepoint: 7624 ns, Total: 115059 ns
[2020-09-11T16:55:35.098+0000][1][safepoint    ] Safepoint "RevokeBias", Time since last: 228702 ns, Reaching safepoint: 97182 ns, At safepoint: 6765 ns, Total: 103947 ns
[2020-09-11T16:55:35.106+0000][1][safepoint    ] Safepoint "RevokeBias", Time since last: 7219298 ns, Reaching safepoint: 136410 ns, At safepoint: 9418 ns, Total: 145828 ns
[2020-09-11T16:55:35.113+0000][1][safepoint    ] Safepoint "RevokeBias", Time since last: 7322718 ns, Reaching safepoint: 371894 ns, At safepoint: 11132 ns, Total: 383026 ns
[2020-09-11T16:55:35.114+0000][1][safepoint    ] Safepoint "RevokeBias", Time since last: 444152 ns, Reaching safepoint: 109242 ns, At safepoint: 7326 ns, Total: 116568 ns
[2020-09-11T16:55:36.114+0000][1][safepoint    ] Safepoint "Cleanup", Time since last: 1000081180 ns, Reaching safepoint: 83098 ns, At safepoint: 5972 ns, Total: 89070 ns
[2020-09-11T16:55:36.913+0000][1][safepoint    ] Safepoint "RevokeBias", Time since last: 798555656 ns, Reaching safepoint: 67490 ns, At safepoint: 18577 ns, Total: 86067 ns
[2020-09-11T16:55:36.913+0000][1][safepoint    ] Safepoint "RevokeBias", Time since last: 78789 ns, Reaching safepoint: 28982 ns, At safepoint: 37867 ns, Total: 66849 ns
[2020-09-11T16:55:37.406+0000][1][safepoint    ] Safepoint "RevokeBias", Time since last: 493013164 ns, Reaching safepoint: 172095 ns, At safepoint: 47827 ns, Total: 219922 ns
[2020-09-11T16:55:37.408+0000][1][safepoint    ] Safepoint "RevokeBias", Time since last: 1530515 ns, Reaching safepoint: 123508 ns, At safepoint: 98213 ns, Total: 221721 ns
[2020-09-11T16:55:37.645+0000][1][gc,start     ] GC(68) Pause Young (Allocation Failure)
[2020-09-11T16:55:37.645+0000][1][gc,task      ] GC(68) Using 1 workers of 1 for evacuation
[2020-09-11T16:55:37.706+0000][1][gc,age       ] GC(68) Desired survivor size 4358144 bytes, new threshold 4 (max threshold 6)
[2020-09-11T16:55:37.706+0000][1][gc,age       ] GC(68) Age table with threshold 4 (max threshold 6)
[2020-09-11T16:55:37.706+0000][1][gc,age       ] GC(68) - age   1:    1470696 bytes,    1470696 total
[2020-09-11T16:55:37.706+0000][1][gc,age       ] GC(68) - age   2:     708824 bytes,    2179520 total
[2020-09-11T16:55:37.706+0000][1][gc,age       ] GC(68) - age   3:     791416 bytes,    2970936 total
[2020-09-11T16:55:37.706+0000][1][gc,age       ] GC(68) - age   4:    2175512 bytes,    5146448 total
[2020-09-11T16:55:37.706+0000][1][gc,heap      ] GC(68) ParNew: 73828K->7277K(76672K)
[2020-09-11T16:55:37.706+0000][1][gc,heap      ] GC(68) CMS: 62444K->62444K(439104K)
[2020-09-11T16:55:37.706+0000][1][gc,metaspace ] GC(68) Metaspace: 79848K->79848K(1122304K)
[2020-09-11T16:55:37.706+0000][1][gc           ] GC(68) Pause Young (Allocation Failure) 133M->68M(503M) 61.470ms
[2020-09-11T16:55:37.706+0000][1][gc,cpu       ] GC(68) User=0.02s Sys=0.00s Real=0.06s
[2020-09-11T16:55:37.757+0000][1][safepoint    ] Safepoint "GenCollectForAllocation", Time since last: 233673809 ns, Reaching safepoint: 3431344 ns, At safepoint: 111932960 ns, Total: 115364304 ns
[2020-09-11T16:55:38.332+0000][1][safepoint    ] Safepoint "RevokeBias", Time since last: 574566928 ns, Reaching safepoint: 969805 ns, At safepoint: 10547 ns, Total: 980352 ns
[2020-09-11T16:55:38.494+0000][1][safepoint    ] Safepoint "RevokeBias", Time since last: 161020264 ns, Reaching safepoint: 162902 ns, At safepoint: 52212 ns, Total: 215114 ns
[2020-09-11T16:55:38.497+0000][1][safepoint    ] Safepoint "RevokeBias", Time since last: 631154 ns, Reaching safepoint: 3207056 ns, At safepoint: 54432 ns, Total: 3261488 ns
[2020-09-11T16:55:38.829+0000][1][safepoint    ] Safepoint "RevokeBias", Time since last: 331315905 ns, Reaching safepoint: 245935 ns, At safepoint: 10443 ns, Total: 256378 ns
[2020-09-11T16:55:38.829+0000][1][safepoint    ] Safepoint "RevokeBias", Time since last: 254362 ns, Reaching safepoint: 109075 ns, At safepoint: 7126 ns, Total: 116201 ns
[2020-09-11T16:55:39.109+0000][1][safepoint    ] Safepoint "RevokeBias", Time since last: 277086624 ns, Reaching safepoint: 2345004 ns, At safepoint: 11428 ns, Total: 2356432 ns
[2020-09-11T16:55:39.110+0000][1][safepoint    ] Safepoint "RevokeBias", Time since last: 377560 ns, Reaching safepoint: 371564 ns, At safepoint: 6586 ns, Total: 378150 ns
[2020-09-11T16:55:39.575+0000][1][safepoint    ] Safepoint "RevokeBias", Time since last: 461090357 ns, Reaching safepoint: 3857369 ns, At safepoint: 30815 ns, Total: 3888184 ns
[2020-09-11T16:55:39.576+0000][1][safepoint    ] Safepoint "RevokeBias", Time since last: 104336 ns, Reaching safepoint: 1009730 ns, At safepoint: 26002 ns, Total: 1035732 ns
[2020-09-11T16:55:39.804+0000][1][safepoint    ] Safepoint "RevokeBias", Time since last: 225455654 ns, Reaching safepoint: 2684475 ns, At safepoint: 13935 ns, Total: 2698410 ns
[2020-09-11T16:55:39.833+0000][1][safepoint    ] Safepoint "RevokeBias", Time since last: 28450911 ns, Reaching safepoint: 215712 ns, At safepoint: 23078 ns, Total: 238790 ns
[2020-09-11T16:55:39.951+0000][1][safepoint    ] Safepoint "Deoptimize", Time since last: 117825150 ns, Reaching safepoint: 141227 ns, At safepoint: 496153 ns, Total: 637380 ns
[2020-09-11T16:55:40.005+0000][1][safepoint    ] Safepoint "RevokeBias", Time since last: 53603092 ns, Reaching safepoint: 191228 ns, At safepoint: 42307 ns, Total: 233535 ns
[2020-09-11T16:55:40.029+0000][1][safepoint    ] Safepoint "RevokeBias", Time since last: 23507087 ns, Reaching safepoint: 149028 ns, At safepoint: 32123 ns, Total: 181151 ns
[2020-09-11T16:55:40.029+0000][1][safepoint    ] Safepoint "RevokeBias", Time since last: 72037 ns, Reaching safepoint: 193881 ns, At safepoint: 23331 ns, Total: 217212 ns
[2020-09-11T16:55:40.075+0000][1][safepoint    ] Safepoint "RevokeBias", Time since last: 32132364 ns, Reaching safepoint: 14024218 ns, At safepoint: 38961 ns, Total: 14063179 ns
[2020-09-11T16:55:40.181+0000][1][safepoint    ] Safepoint "Deoptimize", Time since last: 105726300 ns, Reaching safepoint: 160669 ns, At safepoint: 523102 ns, Total: 683771 ns
[2020-09-11T16:55:40.199+0000][1][safepoint    ] Safepoint "RevokeBias", Time since last: 17147095 ns, Reaching safepoint: 148536 ns, At safepoint: 42986 ns, Total: 191522 ns
[2020-09-11T16:55:40.410+0000][1][safepoint    ] Safepoint "RevokeBias", Time since last: 210918073 ns, Reaching safepoint: 296633 ns, At safepoint: 38618 ns, Total: 335251 ns
[2020-09-11T16:55:40.465+0000][1][safepoint    ] Safepoint "RevokeBias", Time since last: 50873487 ns, Reaching safepoint: 3966918 ns, At safepoint: 47938 ns, Total: 4014856 ns
[2020-09-11T16:55:40.503+0000][1][safepoint    ] Safepoint "RevokeBias", Time since last: 31999648 ns, Reaching safepoint: 5986624 ns, At safepoint: 42872 ns, Total: 6029496 ns
[2020-09-11T16:55:41.251+0000][1][safepoint    ] Safepoint "RevokeBias", Time since last: 747693789 ns, Reaching safepoint: 155091 ns, At safepoint: 19241 ns, Total: 174332 ns
[2020-09-11T16:55:41.445+0000][1][safepoint    ] Safepoint "RevokeBias", Time since last: 194231842 ns, Reaching safepoint: 158536 ns, At safepoint: 22573 ns, Total: 181109 ns
[2020-09-11T16:55:41.616+0000][1][gc,start     ] GC(69) Pause Young (Allocation Failure)
[2020-09-11T16:55:41.616+0000][1][gc,task      ] GC(69) Using 1 workers of 1 for evacuation
[2020-09-11T16:55:41.721+0000][1][gc,age       ] GC(69) Desired survivor size 4358144 bytes, new threshold 4 (max threshold 6)
[2020-09-11T16:55:41.721+0000][1][gc,age       ] GC(69) Age table with threshold 4 (max threshold 6)
[2020-09-11T16:55:41.721+0000][1][gc,age       ] GC(69) - age   1:    2081304 bytes,    2081304 total
[2020-09-11T16:55:41.721+0000][1][gc,age       ] GC(69) - age   2:    1166880 bytes,    3248184 total
[2020-09-11T16:55:41.721+0000][1][gc,age       ] GC(69) - age   3:     649520 bytes,    3897704 total
[2020-09-11T16:55:41.721+0000][1][gc,age       ] GC(69) - age   4:     788168 bytes,    4685872 total
[2020-09-11T16:55:41.721+0000][1][gc,heap      ] GC(69) ParNew: 75437K->4679K(76672K)
[2020-09-11T16:55:41.721+0000][1][gc,heap      ] GC(69) CMS: 62444K->64606K(439104K)
[2020-09-11T16:55:41.721+0000][1][gc,metaspace ] GC(69) Metaspace: 83307K->83307K(1126400K)
[2020-09-11T16:55:41.721+0000][1][gc           ] GC(69) Pause Young (Allocation Failure) 134M->67M(503M) 105.143ms
[2020-09-11T16:55:41.721+0000][1][gc,cpu       ] GC(69) User=0.04s Sys=0.00s Real=0.11s
[2020-09-11T16:55:41.781+0000][1][safepoint    ] Safepoint "GenCollectForAllocation", Time since last: 170222101 ns, Reaching safepoint: 569139 ns, At safepoint: 164767723 ns, Total: 165336862 ns
[2020-09-11T16:55:41.816+0000][1][safepoint    ] Safepoint "RevokeBias", Time since last: 34630784 ns, Reaching safepoint: 163097 ns, At safepoint: 11702 ns, Total: 174799 ns
[2020-09-11T16:55:41.881+0000][1][safepoint    ] Safepoint "Deoptimize", Time since last: 60688201 ns, Reaching safepoint: 160047 ns, At safepoint: 4577751 ns, Total: 4737798 ns
[2020-09-11T16:55:41.906+0000][1][safepoint    ] Safepoint "RevokeBias", Time since last: 24954970 ns, Reaching safepoint: 152830 ns, At safepoint: 12778 ns, Total: 165608 ns
[2020-09-11T16:55:42.018+0000][1][safepoint    ] Safepoint "RevokeBias", Time since last: 111631435 ns, Reaching safepoint: 161643 ns, At safepoint: 33370 ns, Total: 195013 ns
[2020-09-11T16:55:42.175+0000][1][safepoint    ] Safepoint "RevokeBias", Time since last: 156357647 ns, Reaching safepoint: 718198 ns, At safepoint: 25514 ns, Total: 743712 ns
[2020-09-11T16:55:42.394+0000][1][safepoint    ] Safepoint "RevokeBias", Time since last: 218391610 ns, Reaching safepoint: 106714 ns, At safepoint: 53881 ns, Total: 160595 ns
[2020-09-11T16:55:42.426+0000][1][safepoint    ] Safepoint "RevokeBias", Time since last: 32136871 ns, Reaching safepoint: 158531 ns, At safepoint: 51354 ns, Total: 209885 ns
[2020-09-11T16:55:42.470+0000][1][safepoint    ] Safepoint "RevokeBias", Time since last: 43778950 ns, Reaching safepoint: 146854 ns, At safepoint: 42466 ns, Total: 189320 ns
[2020-09-11T16:55:42.471+0000][1][safepoint    ] Safepoint "RevokeBias", Time since last: 580101 ns, Reaching safepoint: 113563 ns, At safepoint: 23658 ns, Total: 137221 ns
[2020-09-11T16:55:42.471+0000][1][safepoint    ] Safepoint "RevokeBias", Time since last: 173089 ns, Reaching safepoint: 106167 ns, At safepoint: 20160 ns, Total: 126327 ns
[2020-09-11T16:55:42.473+0000][1][safepoint    ] Safepoint "RevokeBias", Time since last: 162972 ns, Reaching safepoint: 1686701 ns, At safepoint: 31920 ns, Total: 1718621 ns
[2020-09-11T16:55:42.473+0000][1][safepoint    ] Safepoint "RevokeBias", Time since last: 299267 ns, Reaching safepoint: 104791 ns, At safepoint: 20298 ns, Total: 125089 ns
[2020-09-11T16:55:42.474+0000][1][safepoint    ] Safepoint "RevokeBias", Time since last: 597802 ns, Reaching safepoint: 106596 ns, At safepoint: 13884 ns, Total: 120480 ns
[2020-09-11T16:55:42.509+0000][1][safepoint    ] Safepoint "RevokeBias", Time since last: 34854142 ns, Reaching safepoint: 80225 ns, At safepoint: 24616 ns, Total: 104841 ns
[2020-09-11T16:55:42.510+0000][1][safepoint    ] Safepoint "RevokeBias", Time since last: 496980 ns, Reaching safepoint: 40356 ns, At safepoint: 14048 ns, Total: 54404 ns
[2020-09-11T16:55:42.510+0000][1][safepoint    ] Safepoint "RevokeBias", Time since last: 53512 ns, Reaching safepoint: 32626 ns, At safepoint: 10851 ns, Total: 43477 ns
[2020-09-11T16:55:42.510+0000][1][safepoint    ] Safepoint "RevokeBias", Time since last: 34186 ns, Reaching safepoint: 31721 ns, At safepoint: 9989 ns, Total: 41710 ns
[2020-09-11T16:55:42.598+0000][1][safepoint    ] Safepoint "RevokeBias", Time since last: 87735140 ns, Reaching safepoint: 143135 ns, At safepoint: 21147 ns, Total: 164282 ns
[2020-09-11T16:55:42.598+0000][1][safepoint    ] Safepoint "RevokeBias", Time since last: 76651 ns, Reaching safepoint: 105092 ns, At safepoint: 12860 ns, Total: 117952 ns
[2020-09-11T16:55:42.598+0000][1][safepoint    ] Safepoint "RevokeBias", Time since last: 35188 ns, Reaching safepoint: 101828 ns, At safepoint: 11503 ns, Total: 113331 ns
[2020-09-11T16:55:42.598+0000][1][safepoint    ] Safepoint "RevokeBias", Time since last: 44029 ns, Reaching safepoint: 103903 ns, At safepoint: 11607 ns, Total: 115510 ns
[2020-09-11T16:55:42.598+0000][1][safepoint    ] Safepoint "RevokeBias", Time since last: 33051 ns, Reaching safepoint: 101602 ns, At safepoint: 11194 ns, Total: 112796 ns
[2020-09-11T16:55:43.025+0000][1][safepoint    ] Safepoint "RevokeBias", Time since last: 426643812 ns, Reaching safepoint: 210138 ns, At safepoint: 24018 ns, Total: 234156 ns
[2020-09-11T16:55:43.025+0000][1][safepoint    ] Safepoint "RevokeBias", Time since last: 112052 ns, Reaching safepoint: 56578 ns, At safepoint: 16384 ns, Total: 72962 ns
[2020-09-11T16:55:43.088+0000][1][safepoint    ] Safepoint "RevokeBias", Time since last: 62880723 ns, Reaching safepoint: 81311 ns, At safepoint: 21685 ns, Total: 102996 ns
[2020-09-11T16:55:43.088+0000][1][safepoint    ] Safepoint "RevokeBias", Time since last: 81607 ns, Reaching safepoint: 33375 ns, At safepoint: 12335 ns, Total: 45710 ns
[2020-09-11T16:55:43.088+0000][1][safepoint    ] Safepoint "RevokeBias", Time since last: 35858 ns, Reaching safepoint: 31833 ns, At safepoint: 10419 ns, Total: 42252 ns
[2020-09-11T16:55:43.089+0000][1][safepoint    ] Safepoint "RevokeBias", Time since last: 32835 ns, Reaching safepoint: 31832 ns, At safepoint: 10012 ns, Total: 41844 ns
[2020-09-11T16:55:43.089+0000][1][safepoint    ] Safepoint "RevokeBias", Time since last: 32217 ns, Reaching safepoint: 31489 ns, At safepoint: 10027 ns, Total: 41516 ns
[2020-09-11T16:55:43.089+0000][1][safepoint    ] Safepoint "RevokeBias", Time since last: 31562 ns, Reaching safepoint: 31172 ns, At safepoint: 9908 ns, Total: 41080 ns
[2020-09-11T16:55:43.089+0000][1][safepoint    ] Safepoint "RevokeBias", Time since last: 31267 ns, Reaching safepoint: 475599 ns, At safepoint: 13844 ns, Total: 489443 ns
[2020-09-11T16:55:43.089+0000][1][safepoint    ] Safepoint "RevokeBias", Time since last: 40356 ns, Reaching safepoint: 32023 ns, At safepoint: 10377 ns, Total: 42400 ns
[2020-09-11T16:55:43.515+0000][1][safepoint    ] Safepoint "RevokeBias", Time since last: 425509460 ns, Reaching safepoint: 152448 ns, At safepoint: 59927 ns, Total: 212375 ns
[2020-09-11T16:55:43.561+0000][1][safepoint    ] Safepoint "RevokeBias", Time since last: 45913747 ns, Reaching safepoint: 174376 ns, At safepoint: 36794 ns, Total: 211170 ns
[2020-09-11T16:55:43.630+0000][1][safepoint    ] Safepoint "RevokeBias", Time since last: 68892096 ns, Reaching safepoint: 240502 ns, At safepoint: 23556 ns, Total: 264058 ns
[2020-09-11T16:55:43.826+0000][1][safepoint    ] Safepoint "RevokeBias", Time since last: 187499717 ns, Reaching safepoint: 8378951 ns, At safepoint: 55888 ns, Total: 8434839 ns
[2020-09-11T16:55:43.846+0000][1][safepoint    ] Safepoint "RevokeBias", Time since last: 11042434 ns, Reaching safepoint: 8770998 ns, At safepoint: 37933 ns, Total: 8808931 ns
[2020-09-11T16:55:43.865+0000][1][safepoint    ] Safepoint "RevokeBias", Time since last: 18695044 ns, Reaching safepoint: 161611 ns, At safepoint: 29483 ns, Total: 191094 ns
[2020-09-11T16:55:43.872+0000][1][safepoint    ] Safepoint "RevokeBias", Time since last: 6998419 ns, Reaching safepoint: 160642 ns, At safepoint: 24081 ns, Total: 184723 ns
[2020-09-11T16:55:43.872+0000][1][safepoint    ] Safepoint "RevokeBias", Time since last: 78231 ns, Reaching safepoint: 108285 ns, At safepoint: 14336 ns, Total: 122621 ns
[2020-09-11T16:55:43.873+0000][1][safepoint    ] Safepoint "RevokeBias", Time since last: 37144 ns, Reaching safepoint: 108080 ns, At safepoint: 13394 ns, Total: 121474 ns
[2020-09-11T16:55:43.873+0000][1][safepoint    ] Safepoint "RevokeBias", Time since last: 36383 ns, Reaching safepoint: 106266 ns, At safepoint: 12729 ns, Total: 118995 ns
[2020-09-11T16:55:43.873+0000][1][safepoint    ] Safepoint "RevokeBias", Time since last: 34935 ns, Reaching safepoint: 83812 ns, At safepoint: 12311 ns, Total: 96123 ns
[2020-09-11T16:55:43.918+0000][1][safepoint    ] Safepoint "RevokeBias", Time since last: 32804471 ns, Reaching safepoint: 12215280 ns, At safepoint: 39594 ns, Total: 12254874 ns
[2020-09-11T16:55:43.982+0000][1][safepoint    ] Safepoint "RevokeBias", Time since last: 63646068 ns, Reaching safepoint: 377777 ns, At safepoint: 27961 ns, Total: 405738 ns
[2020-09-11T16:55:44.045+0000][1][safepoint    ] Safepoint "RevokeBias", Time since last: 54641677 ns, Reaching safepoint: 8330948 ns, At safepoint: 42443 ns, Total: 8373391 ns
[2020-09-11T16:55:44.492+0000][1][safepoint    ] Safepoint "RevokeBias", Time since last: 447022922 ns, Reaching safepoint: 188901 ns, At safepoint: 27810 ns, Total: 216711 ns
[2020-09-11T16:55:44.551+0000][1][safepoint    ] Safepoint "RevokeBias", Time since last: 59123171 ns, Reaching safepoint: 168739 ns, At safepoint: 28045 ns, Total: 196784 ns
[2020-09-11T16:55:44.588+0000][1][safepoint    ] Safepoint "RevokeBias", Time since last: 35953111 ns, Reaching safepoint: 164608 ns, At safepoint: 28406 ns, Total: 193014 ns
[2020-09-11T16:55:44.621+0000][1][safepoint    ] Safepoint "BulkRevokeBias", Time since last: 21901617 ns, Reaching safepoint: 11288477 ns, At safepoint: 370076 ns, Total: 11658553 ns
[2020-09-11T16:55:44.655+0000][1][safepoint    ] Safepoint "RevokeBias", Time since last: 32966751 ns, Reaching safepoint: 1285673 ns, At safepoint: 25368 ns, Total: 1311041 ns
[2020-09-11T16:55:44.699+0000][1][safepoint    ] Safepoint "RevokeBias", Time since last: 28500770 ns, Reaching safepoint: 14886264 ns, At safepoint: 43895 ns, Total: 14930159 ns
[2020-09-11T16:55:44.726+0000][1][gc,start     ] GC(70) Pause Young (Allocation Failure)
[2020-09-11T16:55:44.726+0000][1][gc,task      ] GC(70) Using 1 workers of 1 for evacuation
[2020-09-11T16:55:44.836+0000][1][gc,age       ] GC(70) Desired survivor size 4358144 bytes, new threshold 3 (max threshold 6)
[2020-09-11T16:55:44.836+0000][1][gc,age       ] GC(70) Age table with threshold 3 (max threshold 6)
[2020-09-11T16:55:44.836+0000][1][gc,age       ] GC(70) - age   1:    2522144 bytes,    2522144 total
[2020-09-11T16:55:44.836+0000][1][gc,age       ] GC(70) - age   2:    1835056 bytes,    4357200 total
[2020-09-11T16:55:44.836+0000][1][gc,age       ] GC(70) - age   3:    1021680 bytes,    5378880 total
[2020-09-11T16:55:44.836+0000][1][gc,age       ] GC(70) - age   4:     642688 bytes,    6021568 total
[2020-09-11T16:55:44.836+0000][1][gc,heap      ] GC(70) ParNew: 72839K->8512K(76672K)
[2020-09-11T16:55:44.836+0000][1][gc,heap      ] GC(70) CMS: 64606K->65391K(439104K)
[2020-09-11T16:55:44.836+0000][1][gc,metaspace ] GC(70) Metaspace: 85190K->85190K(1128448K)
[2020-09-11T16:55:44.836+0000][1][gc           ] GC(70) Pause Young (Allocation Failure) 134M->72M(503M) 110.094ms
[2020-09-11T16:55:44.836+0000][1][gc,cpu       ] GC(70) User=0.04s Sys=0.00s Real=0.11s
[2020-09-11T16:55:44.889+0000][1][safepoint    ] Safepoint "GenCollectForAllocation", Time since last: 22026055 ns, Reaching safepoint: 5015425 ns, At safepoint: 162965929 ns, Total: 167981354 ns
[2020-09-11T16:55:44.940+0000][1][safepoint    ] Safepoint "RevokeBias", Time since last: 51259501 ns, Reaching safepoint: 160856 ns, At safepoint: 26539 ns, Total: 187395 ns
[2020-09-11T16:55:45.577+0000][1][safepoint    ] Safepoint "RevokeBias", Time since last: 636661559 ns, Reaching safepoint: 227674 ns, At safepoint: 36341 ns, Total: 264015 ns
[2020-09-11T16:55:45.633+0000][1][safepoint    ] Safepoint "RevokeBias", Time since last: 45393679 ns, Reaching safepoint: 10177216 ns, At safepoint: 50417 ns, Total: 10227633 ns
[2020-09-11T16:55:45.634+0000][1][safepoint    ] Safepoint "RevokeBias", Time since last: 819850 ns, Reaching safepoint: 117319 ns, At safepoint: 16514 ns, Total: 133833 ns
[2020-09-11T16:55:45.634+0000][1][safepoint    ] Safepoint "RevokeBias", Time since last: 60137 ns, Reaching safepoint: 113035 ns, At safepoint: 14947 ns, Total: 127982 ns
[2020-09-11T16:55:46.152+0000][1][safepoint    ] Safepoint "RevokeBias", Time since last: 517722100 ns, Reaching safepoint: 175027 ns, At safepoint: 26542 ns, Total: 201569 ns
[2020-09-11T16:55:46.608+0000][1][safepoint    ] Safepoint "RevokeBias", Time since last: 454331270 ns, Reaching safepoint: 97452 ns, At safepoint: 52930 ns, Total: 150382 ns
[2020-09-11T16:55:46.612+0000][1][safepoint    ] Safepoint "RevokeBias", Time since last: 5010905 ns, Reaching safepoint: 169880 ns, At safepoint: 43404 ns, Total: 213284 ns
[2020-09-11T16:55:46.625+0000][1][safepoint    ] Safepoint "RevokeBias", Time since last: 13123338 ns, Reaching safepoint: 180475 ns, At safepoint: 26401 ns, Total: 206876 ns
[2020-09-11T16:55:46.625+0000][1][safepoint    ] Safepoint "RevokeBias", Time since last: 145124 ns, Reaching safepoint: 120920 ns, At safepoint: 16124 ns, Total: 137044 ns
[2020-09-11T16:55:46.661+0000][1][safepoint    ] Safepoint "BulkRevokeBias", Time since last: 26588282 ns, Reaching safepoint: 166163 ns, At safepoint: 9044369 ns, Total: 9210532 ns
[2020-09-11T16:55:46.787+0000][1][safepoint    ] Safepoint "RevokeBias", Time since last: 125829948 ns, Reaching safepoint: 104055 ns, At safepoint: 21352 ns, Total: 125407 ns
[2020-09-11T16:55:46.797+0000][1][safepoint    ] Safepoint "RevokeBias", Time since last: 9755984 ns, Reaching safepoint: 375501 ns, At safepoint: 93468 ns, Total: 468969 ns
[2020-09-11T16:55:46.850+0000][1][safepoint    ] Safepoint "RevokeBias", Time since last: 35509148 ns, Reaching safepoint: 17195693 ns, At safepoint: 29334 ns, Total: 17225027 ns
[2020-09-11T16:55:46.874+0000][1][safepoint    ] Safepoint "RevokeBias", Time since last: 22852385 ns, Reaching safepoint: 641601 ns, At safepoint: 29937 ns, Total: 671538 ns
[2020-09-11T16:55:46.874+0000][1][safepoint    ] Safepoint "RevokeBias", Time since last: 122949 ns, Reaching safepoint: 111138 ns, At safepoint: 21708 ns, Total: 132846 ns
[2020-09-11T16:55:46.890+0000][1][safepoint    ] Safepoint "RevokeBias", Time since last: 15619488 ns, Reaching safepoint: 232807 ns, At safepoint: 22798 ns, Total: 255605 ns
[2020-09-11T16:55:47.046+0000][1][safepoint    ] Safepoint "RevokeBias", Time since last: 153932390 ns, Reaching safepoint: 2759960 ns, At safepoint: 33340 ns, Total: 2793300 ns
[2020-09-11T16:55:47.205+0000][1][safepoint    ] Safepoint "RevokeBias", Time since last: 156540722 ns, Reaching safepoint: 1926178 ns, At safepoint: 30439 ns, Total: 1956617 ns
[2020-09-11T16:55:47.212+0000][1][safepoint    ] Safepoint "RevokeBias", Time since last: 1090018 ns, Reaching safepoint: 6458220 ns, At safepoint: 37900 ns, Total: 6496120 ns
[2020-09-11T16:55:47.273+0000][1][safepoint    ] Safepoint "RevokeBias", Time since last: 56324716 ns, Reaching safepoint: 4089320 ns, At safepoint: 36451 ns, Total: 4125771 ns
[2020-09-11T16:55:47.285+0000][1][safepoint    ] Safepoint "RevokeBias", Time since last: 12090685 ns, Reaching safepoint: 242777 ns, At safepoint: 24137 ns, Total: 266914 ns
[2020-09-11T16:55:47.291+0000][1][safepoint    ] Safepoint "RevokeBias", Time since last: 5621950 ns, Reaching safepoint: 219296 ns, At safepoint: 32216 ns, Total: 251512 ns
[2020-09-11T16:55:47.295+0000][1][safepoint    ] Safepoint "RevokeBias", Time since last: 103446 ns, Reaching safepoint: 3374866 ns, At safepoint: 33118 ns, Total: 3407984 ns
[2020-09-11T16:55:47.295+0000][1][safepoint    ] Safepoint "RevokeBias", Time since last: 212674 ns, Reaching safepoint: 122478 ns, At safepoint: 16084 ns, Total: 138562 ns
[2020-09-11T16:55:47.300+0000][1][safepoint    ] Safepoint "RevokeBias", Time since last: 5205859 ns, Reaching safepoint: 183993 ns, At safepoint: 23887 ns, Total: 207880 ns
[2020-09-11T16:55:47.301+0000][1][safepoint    ] Safepoint "RevokeBias", Time since last: 336516 ns, Reaching safepoint: 118290 ns, At safepoint: 15676 ns, Total: 133966 ns
[2020-09-11T16:55:47.397+0000][1][safepoint    ] Safepoint "RevokeBias", Time since last: 93061721 ns, Reaching safepoint: 2920572 ns, At safepoint: 65197 ns, Total: 2985769 ns
[2020-09-11T16:55:47.417+0000][1][safepoint    ] Safepoint "RevokeBias", Time since last: 19104958 ns, Reaching safepoint: 795257 ns, At safepoint: 65028 ns, Total: 860285 ns
[2020-09-11T16:55:47.419+0000][1][safepoint    ] Safepoint "RevokeBias", Time since last: 403961 ns, Reaching safepoint: 1528802 ns, At safepoint: 56366 ns, Total: 1585168 ns
[2020-09-11T16:55:47.479+0000][1][safepoint    ] Safepoint "RevokeBias", Time since last: 60206011 ns, Reaching safepoint: 163759 ns, At safepoint: 22837 ns, Total: 186596 ns
[2020-09-11T16:55:47.533+0000][1][safepoint    ] Safepoint "RevokeBias", Time since last: 30851236 ns, Reaching safepoint: 23232161 ns, At safepoint: 34890 ns, Total: 23267051 ns
[2020-09-11T16:55:47.545+0000][1][safepoint    ] Safepoint "RevokeBias", Time since last: 11067024 ns, Reaching safepoint: 157312 ns, At safepoint: 21871 ns, Total: 179183 ns
[2020-09-11T16:55:47.580+0000][1][safepoint    ] Safepoint "RevokeBias", Time since last: 32793178 ns, Reaching safepoint: 2818899 ns, At safepoint: 59636 ns, Total: 2878535 ns
[2020-09-11T16:55:47.585+0000][1][safepoint    ] Safepoint "RevokeBias", Time since last: 3530021 ns, Reaching safepoint: 1018512 ns, At safepoint: 54285 ns, Total: 1072797 ns
[2020-09-11T16:55:47.607+0000][1][safepoint    ] Safepoint "RevokeBias", Time since last: 21672317 ns, Reaching safepoint: 375318 ns, At safepoint: 48417 ns, Total: 423735 ns
[2020-09-11T16:55:47.608+0000][1][safepoint    ] Safepoint "RevokeBias", Time since last: 551596 ns, Reaching safepoint: 670422 ns, At safepoint: 39772 ns, Total: 710194 ns
[2020-09-11T16:55:47.628+0000][1][safepoint    ] Safepoint "RevokeBias", Time since last: 17207147 ns, Reaching safepoint: 2340533 ns, At safepoint: 65654 ns, Total: 2406187 ns
[2020-09-11T16:55:47.758+0000][1][safepoint    ] Safepoint "RevokeBias", Time since last: 130296616 ns, Reaching safepoint: 167793 ns, At safepoint: 55490 ns, Total: 223283 ns
[2020-09-11T16:55:47.823+0000][1][safepoint    ] Safepoint "RevokeBias", Time since last: 62966906 ns, Reaching safepoint: 1138139 ns, At safepoint: 49501 ns, Total: 1187640 ns
[2020-09-11T16:55:47.825+0000][1][safepoint    ] Safepoint "RevokeBias", Time since last: 1784517 ns, Reaching safepoint: 154373 ns, At safepoint: 31173 ns, Total: 185546 ns
[2020-09-11T16:55:47.886+0000][1][safepoint    ] Safepoint "RevokeBias", Time since last: 60929697 ns, Reaching safepoint: 493017 ns, At safepoint: 24772 ns, Total: 517789 ns
[2020-09-11T16:55:47.886+0000][1][safepoint    ] Safepoint "RevokeBias", Time since last: 96605 ns, Reaching safepoint: 188079 ns, At safepoint: 15270 ns, Total: 203349 ns
[2020-09-11T16:55:47.921+0000][1][safepoint    ] Safepoint "RevokeBias", Time since last: 29615723 ns, Reaching safepoint: 5000998 ns, At safepoint: 68433 ns, Total: 5069431 ns
[2020-09-11T16:55:47.937+0000][1][safepoint    ] Safepoint "RevokeBias", Time since last: 14428811 ns, Reaching safepoint: 1486414 ns, At safepoint: 52604 ns, Total: 1539018 ns
[2020-09-11T16:55:47.940+0000][1][safepoint    ] Safepoint "RevokeBias", Time since last: 112105 ns, Reaching safepoint: 3231976 ns, At safepoint: 61114 ns, Total: 3293090 ns
[2020-09-11T16:55:47.945+0000][1][safepoint    ] Safepoint "RevokeBias", Time since last: 4452625 ns, Reaching safepoint: 599674 ns, At safepoint: 29404 ns, Total: 629078 ns
[2020-09-11T16:55:47.978+0000][1][safepoint    ] Safepoint "RevokeBias", Time since last: 20870451 ns, Reaching safepoint: 12004091 ns, At safepoint: 79224 ns, Total: 12083315 ns
[2020-09-11T16:55:48.010+0000][1][safepoint    ] Safepoint "RevokeBias", Time since last: 30890897 ns, Reaching safepoint: 1064956 ns, At safepoint: 22495 ns, Total: 1087451 ns
[2020-09-11T16:55:48.110+0000][1][gc,start     ] GC(71) Pause Young (Allocation Failure)
[2020-09-11T16:55:48.110+0000][1][gc,task      ] GC(71) Using 1 workers of 1 for evacuation
[2020-09-11T16:55:48.203+0000][1][gc,age       ] GC(71) Desired survivor size 4358144 bytes, new threshold 3 (max threshold 6)
[2020-09-11T16:55:48.203+0000][1][gc,age       ] GC(71) Age table with threshold 3 (max threshold 6)
[2020-09-11T16:55:48.203+0000][1][gc,age       ] GC(71) - age   1:    1578304 bytes,    1578304 total
[2020-09-11T16:55:48.203+0000][1][gc,age       ] GC(71) - age   2:    2214576 bytes,    3792880 total
[2020-09-11T16:55:48.203+0000][1][gc,age       ] GC(71) - age   3:    1786888 bytes,    5579768 total
[2020-09-11T16:55:48.203+0000][1][gc,heap      ] GC(71) ParNew: 76672K->5560K(76672K)
[2020-09-11T16:55:48.203+0000][1][gc,heap      ] GC(71) CMS: 65391K->67004K(439104K)
[2020-09-11T16:55:48.203+0000][1][gc,metaspace ] GC(71) Metaspace: 86103K->86103K(1128448K)
[2020-09-11T16:55:48.203+0000][1][gc           ] GC(71) Pause Young (Allocation Failure) 138M->70M(503M) 93.144ms
[2020-09-11T16:55:48.203+0000][1][gc,cpu       ] GC(71) User=0.02s Sys=0.00s Real=0.10s
[2020-09-11T16:55:48.285+0000][1][safepoint    ] Safepoint "GenCollectForAllocation", Time since last: 94031208 ns, Reaching safepoint: 5217055 ns, At safepoint: 175173129 ns, Total: 180390184 ns
[2020-09-11T16:55:48.293+0000][1][safepoint    ] Safepoint "RevokeBias", Time since last: 430024 ns, Reaching safepoint: 163605 ns, At safepoint: 7403070 ns, Total: 7566675 ns
[2020-09-11T16:55:48.300+0000][1][safepoint    ] Safepoint "RevokeBias", Time since last: 7489863 ns, Reaching safepoint: 176595 ns, At safepoint: 36850 ns, Total: 213445 ns
[2020-09-11T16:55:48.305+0000][1][safepoint    ] Safepoint "RevokeBias", Time since last: 88369 ns, Reaching safepoint: 134257 ns, At safepoint: 4072020 ns, Total: 4206277 ns
[2020-09-11T16:55:48.305+0000][1][safepoint    ] Safepoint "RevokeBias", Time since last: 60643 ns, Reaching safepoint: 142177 ns, At safepoint: 29848 ns, Total: 172025 ns
[2020-09-11T16:55:48.305+0000][1][safepoint    ] Safepoint "RevokeBias", Time since last: 34156 ns, Reaching safepoint: 112562 ns, At safepoint: 21735 ns, Total: 134297 ns
[2020-09-11T16:55:48.305+0000][1][safepoint    ] Safepoint "RevokeBias", Time since last: 30129 ns, Reaching safepoint: 111993 ns, At safepoint: 20605 ns, Total: 132598 ns
[2020-09-11T16:55:48.306+0000][1][safepoint    ] Safepoint "RevokeBias", Time since last: 29714 ns, Reaching safepoint: 112104 ns, At safepoint: 21485 ns, Total: 133589 ns
[2020-09-11T16:55:48.308+0000][1][safepoint    ] Safepoint "RevokeBias", Time since last: 78841 ns, Reaching safepoint: 1924235 ns, At safepoint: 37998 ns, Total: 1962233 ns
[2020-09-11T16:55:48.309+0000][1][safepoint    ] Safepoint "BulkRevokeBias", Time since last: 500090 ns, Reaching safepoint: 773395 ns, At safepoint: 453603 ns, Total: 1226998 ns
[2020-09-11T16:55:48.313+0000][1][safepoint    ] Safepoint "RevokeBias", Time since last: 457544 ns, Reaching safepoint: 3239269 ns, At safepoint: 73643 ns, Total: 3312912 ns
[2020-09-11T16:55:48.337+0000][1][safepoint    ] Safepoint "RevokeBias", Time since last: 17425620 ns, Reaching safepoint: 6398139 ns, At safepoint: 35608 ns, Total: 6433747 ns
[2020-09-11T16:55:48.339+0000][1][safepoint    ] Safepoint "RevokeBias", Time since last: 1172418 ns, Reaching safepoint: 876487 ns, At safepoint: 20079 ns, Total: 896566 ns
[2020-09-11T16:55:48.537+0000][1][safepoint    ] Safepoint "RevokeBias", Time since last: 197369184 ns, Reaching safepoint: 173962 ns, At safepoint: 22523 ns, Total: 196485 ns
[2020-09-11T16:55:48.537+0000][1][safepoint    ] Safepoint "RevokeBias", Time since last: 577468 ns, Reaching safepoint: 119458 ns, At safepoint: 14585 ns, Total: 134043 ns
[2020-09-11T16:55:48.537+0000][1][safepoint    ] Safepoint "RevokeBias", Time since last: 56513 ns, Reaching safepoint: 110988 ns, At safepoint: 13302 ns, Total: 124290 ns
[2020-09-11T16:55:48.541+0000][1][safepoint    ] Safepoint "RevokeBias", Time since last: 73140 ns, Reaching safepoint: 3106973 ns, At safepoint: 28538 ns, Total: 3135511 ns
[2020-09-11T16:55:48.549+0000][1][safepoint    ] Safepoint "RevokeBias", Time since last: 4616979 ns, Reaching safepoint: 3604698 ns, At safepoint: 32320 ns, Total: 3637018 ns
[2020-09-11T16:55:48.556+0000][1][safepoint    ] Safepoint "RevokeBias", Time since last: 6524797 ns, Reaching safepoint: 162875 ns, At safepoint: 18896 ns, Total: 181771 ns
[2020-09-11T16:55:48.566+0000][1][safepoint    ] Safepoint "RevokeBias", Time since last: 9991364 ns, Reaching safepoint: 184362 ns, At safepoint: 24639 ns, Total: 209001 ns
[2020-09-11T16:55:48.624+0000][1][safepoint    ] Safepoint "RevokeBias", Time since last: 57454231 ns, Reaching safepoint: 283337 ns, At safepoint: 28313 ns, Total: 311650 ns
[2020-09-11T16:55:48.967+0000][1][safepoint    ] Safepoint "RevokeBias", Time since last: 342921990 ns, Reaching safepoint: 90243 ns, At safepoint: 22123 ns, Total: 112366 ns
[2020-09-11T16:55:48.967+0000][1][safepoint    ] Safepoint "RevokeBias", Time since last: 559260 ns, Reaching safepoint: 41200 ns, At safepoint: 12705 ns, Total: 53905 ns
[2020-09-11T16:55:49.041+0000][1][safepoint    ] Safepoint "RevokeBias", Time since last: 74078382 ns, Reaching safepoint: 177355 ns, At safepoint: 21766 ns, Total: 199121 ns
[2020-09-11T16:55:49.086+0000][1][safepoint    ] Safepoint "RevokeBias", Time since last: 43841614 ns, Reaching safepoint: 263907 ns, At safepoint: 24110 ns, Total: 288017 ns
[2020-09-11T16:55:49.086+0000][1][safepoint    ] Safepoint "RevokeBias", Time since last: 160040 ns, Reaching safepoint: 127360 ns, At safepoint: 16420 ns, Total: 143780 ns
[2020-09-11T16:55:49.271+0000][1][safepoint    ] Safepoint "RevokeBias", Time since last: 185173226 ns, Reaching safepoint: 176267 ns, At safepoint: 20351 ns, Total: 196618 ns
[2020-09-11T16:55:49.272+0000][1][safepoint    ] Safepoint "RevokeBias", Time since last: 80232 ns, Reaching safepoint: 121083 ns, At safepoint: 13252 ns, Total: 134335 ns
[2020-09-11T16:55:50.001+0000][1][safepoint    ] Safepoint "RevokeBias", Time since last: 729272829 ns, Reaching safepoint: 188533 ns, At safepoint: 9626 ns, Total: 198159 ns
[2020-09-11T16:55:50.001+0000][1][safepoint    ] Safepoint "RevokeBias", Time since last: 268348 ns, Reaching safepoint: 121385 ns, At safepoint: 7225 ns, Total: 128610 ns
[2020-09-11T16:55:50.086+0000][1][safepoint    ] Safepoint "RevokeBias", Time since last: 78175296 ns, Reaching safepoint: 6382751 ns, At safepoint: 43035 ns, Total: 6425786 ns
[2020-09-11T16:55:50.137+0000][1][safepoint    ] Safepoint "RevokeBias", Time since last: 45968468 ns, Reaching safepoint: 5033780 ns, At safepoint: 31043 ns, Total: 5064823 ns
[2020-09-11T16:55:50.138+0000][1][safepoint    ] Safepoint "RevokeBias", Time since last: 590451 ns, Reaching safepoint: 154139 ns, At safepoint: 21179 ns, Total: 175318 ns
[2020-09-11T16:55:50.161+0000][1][safepoint    ] Safepoint "RevokeBias", Time since last: 23169153 ns, Reaching safepoint: 162925 ns, At safepoint: 23337 ns, Total: 186262 ns
[2020-09-11T16:55:50.162+0000][1][safepoint    ] Safepoint "BulkRevokeBias", Time since last: 157894 ns, Reaching safepoint: 111699 ns, At safepoint: 331472 ns, Total: 443171 ns
[2020-09-11T16:55:50.172+0000][1][safepoint    ] Safepoint "RevokeBias", Time since last: 9484292 ns, Reaching safepoint: 685654 ns, At safepoint: 30561 ns, Total: 716215 ns
[2020-09-11T16:55:50.173+0000][1][safepoint    ] Safepoint "RevokeBias", Time since last: 409348 ns, Reaching safepoint: 133980 ns, At safepoint: 27429 ns, Total: 161409 ns
[2020-09-11T16:55:50.189+0000][1][safepoint    ] Safepoint "RevokeBias", Time since last: 5072404 ns, Reaching safepoint: 11275781 ns, At safepoint: 34856 ns, Total: 11310637 ns
[2020-09-11T16:55:50.213+0000][1][safepoint    ] Safepoint "RevokeBias", Time since last: 24322017 ns, Reaching safepoint: 163822 ns, At safepoint: 23801 ns, Total: 187623 ns
[2020-09-11T16:55:50.214+0000][1][safepoint    ] Safepoint "RevokeBias", Time since last: 603605 ns, Reaching safepoint: 113414 ns, At safepoint: 15740 ns, Total: 129154 ns
[2020-09-11T16:55:50.382+0000][1][safepoint    ] Safepoint "RevokeBias", Time since last: 167650005 ns, Reaching safepoint: 169740 ns, At safepoint: 25646 ns, Total: 195386 ns
[2020-09-11T16:55:50.385+0000][1][safepoint    ] Safepoint "RevokeBias", Time since last: 2799434 ns, Reaching safepoint: 161987 ns, At safepoint: 23809 ns, Total: 185796 ns
[2020-09-11T16:55:50.388+0000][1][safepoint    ] Safepoint "RevokeBias", Time since last: 510531 ns, Reaching safepoint: 2124315 ns, At safepoint: 23354 ns, Total: 2147669 ns
[2020-09-11T16:55:50.389+0000][1][safepoint    ] Safepoint "RevokeBias", Time since last: 1039045 ns, Reaching safepoint: 153711 ns, At safepoint: 18939 ns, Total: 172650 ns
[2020-09-11T16:55:50.411+0000][1][safepoint    ] Safepoint "RevokeBias", Time since last: 22001460 ns, Reaching safepoint: 160247 ns, At safepoint: 24076 ns, Total: 184323 ns
[2020-09-11T16:55:50.419+0000][1][safepoint    ] Safepoint "RevokeBias", Time since last: 7534846 ns, Reaching safepoint: 713757 ns, At safepoint: 24427 ns, Total: 738184 ns
[2020-09-11T16:55:50.442+0000][1][safepoint    ] Safepoint "RevokeBias", Time since last: 21922572 ns, Reaching safepoint: 930123 ns, At safepoint: 84595 ns, Total: 1014718 ns
[2020-09-11T16:55:50.556+0000][1][safepoint    ] Safepoint "RevokeBias", Time since last: 113580117 ns, Reaching safepoint: 516816 ns, At safepoint: 27074 ns, Total: 543890 ns
[2020-09-11T16:55:50.638+0000][1][safepoint    ] Safepoint "RevokeBias", Time since last: 81843341 ns, Reaching safepoint: 170218 ns, At safepoint: 21475 ns, Total: 191693 ns
[2020-09-11T16:55:50.649+0000][1][safepoint    ] Safepoint "RevokeBias", Time since last: 10501754 ns, Reaching safepoint: 160452 ns, At safepoint: 22653 ns, Total: 183105 ns
[2020-09-11T16:55:50.650+0000][1][safepoint    ] Safepoint "RevokeBias", Time since last: 772978 ns, Reaching safepoint: 116934 ns, At safepoint: 15118 ns, Total: 132052 ns
[2020-09-11T16:55:50.653+0000][1][safepoint    ] Safepoint "RevokeBias", Time since last: 2939238 ns, Reaching safepoint: 149022 ns, At safepoint: 19407 ns, Total: 168429 ns
[2020-09-11T16:55:50.663+0000][1][safepoint    ] Safepoint "RevokeBias", Time since last: 10060643 ns, Reaching safepoint: 161699 ns, At safepoint: 22339 ns, Total: 184038 ns
[2020-09-11T16:55:50.664+0000][1][safepoint    ] Safepoint "RevokeBias", Time since last: 258914 ns, Reaching safepoint: 106444 ns, At safepoint: 13924 ns, Total: 120368 ns
[2020-09-11T16:55:50.679+0000][1][safepoint    ] Safepoint "RevokeBias", Time since last: 15284752 ns, Reaching safepoint: 179641 ns, At safepoint: 24878 ns, Total: 204519 ns
[2020-09-11T16:55:50.684+0000][1][safepoint    ] Safepoint "RevokeBias", Time since last: 4249620 ns, Reaching safepoint: 150625 ns, At safepoint: 19456 ns, Total: 170081 ns
[2020-09-11T16:55:50.688+0000][1][safepoint    ] Safepoint "RevokeBias", Time since last: 4098766 ns, Reaching safepoint: 169769 ns, At safepoint: 23203 ns, Total: 192972 ns
[2020-09-11T16:55:50.709+0000][1][safepoint    ] Safepoint "RevokeBias", Time since last: 21131318 ns, Reaching safepoint: 164195 ns, At safepoint: 23140 ns, Total: 187335 ns
[2020-09-11T16:55:50.714+0000][1][safepoint    ] Safepoint "RevokeBias", Time since last: 4312840 ns, Reaching safepoint: 153501 ns, At safepoint: 22371 ns, Total: 175872 ns
[2020-09-11T16:55:50.714+0000][1][safepoint    ] Safepoint "RevokeBias", Time since last: 528571 ns, Reaching safepoint: 112690 ns, At safepoint: 15580 ns, Total: 128270 ns
[2020-09-11T16:55:50.725+0000][1][safepoint    ] Safepoint "RevokeBias", Time since last: 10816644 ns, Reaching safepoint: 160251 ns, At safepoint: 23671 ns, Total: 183922 ns
[2020-09-11T16:55:50.726+0000][1][safepoint    ] Safepoint "RevokeBias", Time since last: 635286 ns, Reaching safepoint: 111825 ns, At safepoint: 14606 ns, Total: 126431 ns
[2020-09-11T16:55:50.730+0000][1][safepoint    ] Safepoint "RevokeBias", Time since last: 3565615 ns, Reaching safepoint: 151867 ns, At safepoint: 20098 ns, Total: 171965 ns
[2020-09-11T16:55:50.735+0000][1][safepoint    ] Safepoint "RevokeBias", Time since last: 4693038 ns, Reaching safepoint: 429963 ns, At safepoint: 23521 ns, Total: 453484 ns
[2020-09-11T16:55:50.737+0000][1][safepoint    ] Safepoint "RevokeBias", Time since last: 1999864 ns, Reaching safepoint: 133545 ns, At safepoint: 18248 ns, Total: 151793 ns
[2020-09-11T16:55:51.528+0000][1][safepoint    ] Safepoint "RevokeBias", Time since last: 788248643 ns, Reaching safepoint: 2734706 ns, At safepoint: 27028 ns, Total: 2761734 ns
[2020-09-11T16:55:51.545+0000][1][safepoint    ] Safepoint "RevokeBias", Time since last: 17011882 ns, Reaching safepoint: 158754 ns, At safepoint: 38931 ns, Total: 197685 ns
[2020-09-11T16:55:51.555+0000][1][safepoint    ] Safepoint "RevokeBias", Time since last: 8881492 ns, Reaching safepoint: 304062 ns, At safepoint: 24433 ns, Total: 328495 ns
[2020-09-11T16:55:51.714+0000][1][safepoint    ] Safepoint "RevokeBias", Time since last: 159345972 ns, Reaching safepoint: 86601 ns, At safepoint: 37695 ns, Total: 124296 ns
[2020-09-11T16:55:51.714+0000][1][safepoint    ] Safepoint "RevokeBias", Time since last: 116717 ns, Reaching safepoint: 38278 ns, At safepoint: 12584 ns, Total: 50862 ns
[2020-09-11T16:55:52.018+0000][1][safepoint    ] Safepoint "RevokeBias", Time since last: 303146457 ns, Reaching safepoint: 169222 ns, At safepoint: 23570 ns, Total: 192792 ns
[2020-09-11T16:55:52.061+0000][1][safepoint    ] Safepoint "RevokeBias", Time since last: 43287262 ns, Reaching safepoint: 165155 ns, At safepoint: 21503 ns, Total: 186658 ns
[2020-09-11T16:55:52.104+0000][1][safepoint    ] Safepoint "RevokeBias", Time since last: 42653178 ns, Reaching safepoint: 100939 ns, At safepoint: 25569 ns, Total: 126508 ns
[2020-09-11T16:55:52.110+0000][1][safepoint    ] Safepoint "RevokeBias", Time since last: 5906156 ns, Reaching safepoint: 91487 ns, At safepoint: 22580 ns, Total: 114067 ns
[2020-09-11T16:55:52.110+0000][1][safepoint    ] Safepoint "RevokeBias", Time since last: 132288 ns, Reaching safepoint: 56371 ns, At safepoint: 14752 ns, Total: 71123 ns
[2020-09-11T16:55:52.115+0000][1][safepoint    ] Safepoint "RevokeBias", Time since last: 5023298 ns, Reaching safepoint: 87615 ns, At safepoint: 22649 ns, Total: 110264 ns
[2020-09-11T16:55:52.115+0000][1][safepoint    ] Safepoint "RevokeBias", Time since last: 78610 ns, Reaching safepoint: 51331 ns, At safepoint: 12936 ns, Total: 64267 ns
[2020-09-11T16:55:52.115+0000][1][safepoint    ] Safepoint "RevokeBias", Time since last: 64928 ns, Reaching safepoint: 44825 ns, At safepoint: 12382 ns, Total: 57207 ns
[2020-09-11T16:55:52.137+0000][1][safepoint    ] Safepoint "RevokeBias", Time since last: 21064309 ns, Reaching safepoint: 91842 ns, At safepoint: 44162 ns, Total: 136004 ns
[2020-09-11T16:55:52.181+0000][1][safepoint    ] Safepoint "RevokeBias", Time since last: 42232641 ns, Reaching safepoint: 2042525 ns, At safepoint: 29370 ns, Total: 2071895 ns
[2020-09-11T16:55:52.181+0000][1][safepoint    ] Safepoint "RevokeBias", Time since last: 228695 ns, Reaching safepoint: 120870 ns, At safepoint: 15404 ns, Total: 136274 ns
[2020-09-11T16:55:52.206+0000][1][safepoint    ] Safepoint "RevokeBias", Time since last: 24262402 ns, Reaching safepoint: 178778 ns, At safepoint: 24203 ns, Total: 202981 ns
[2020-09-11T16:55:52.258+0000][1][safepoint    ] Safepoint "RevokeBias", Time since last: 52208890 ns, Reaching safepoint: 160350 ns, At safepoint: 19778 ns, Total: 180128 ns
[2020-09-11T16:55:52.353+0000][1][safepoint    ] Safepoint "RevokeBias", Time since last: 94429520 ns, Reaching safepoint: 95482 ns, At safepoint: 23712 ns, Total: 119194 ns
[2020-09-11T16:55:52.417+0000][1][safepoint    ] Safepoint "RevokeBias", Time since last: 64507690 ns, Reaching safepoint: 90413 ns, At safepoint: 40325 ns, Total: 130738 ns
[2020-09-11T16:55:52.439+0000][1][safepoint    ] Safepoint "RevokeBias", Time since last: 21142540 ns, Reaching safepoint: 95496 ns, At safepoint: 48225 ns, Total: 143721 ns
[2020-09-11T16:55:52.463+0000][1][gc,start     ] GC(72) Pause Young (Allocation Failure)
[2020-09-11T16:55:52.496+0000][1][gc,task      ] GC(72) Using 1 workers of 1 for evacuation
[2020-09-11T16:55:52.583+0000][1][gc,age       ] GC(72) Desired survivor size 4358144 bytes, new threshold 6 (max threshold 6)
[2020-09-11T16:55:52.583+0000][1][gc,age       ] GC(72) Age table with threshold 6 (max threshold 6)
[2020-09-11T16:55:52.583+0000][1][gc,age       ] GC(72) - age   1:    1194728 bytes,    1194728 total
[2020-09-11T16:55:52.583+0000][1][gc,age       ] GC(72) - age   2:     973184 bytes,    2167912 total
[2020-09-11T16:55:52.583+0000][1][gc,age       ] GC(72) - age   3:    2084552 bytes,    4252464 total
[2020-09-11T16:55:52.583+0000][1][gc,heap      ] GC(72) ParNew: 73720K->5476K(76672K)
[2020-09-11T16:55:52.583+0000][1][gc,heap      ] GC(72) CMS: 67004K->68780K(439104K)
[2020-09-11T16:55:52.583+0000][1][gc,metaspace ] GC(72) Metaspace: 87480K->87480K(1130496K)
[2020-09-11T16:55:52.583+0000][1][gc           ] GC(72) Pause Young (Allocation Failure) 137M->72M(503M) 120.038ms
[2020-09-11T16:55:52.583+0000][1][gc,cpu       ] GC(72) User=0.02s Sys=0.00s Real=0.12s
[2020-09-11T16:55:52.625+0000][1][safepoint    ] Safepoint "GenCollectForAllocation", Time since last: 23943701 ns, Reaching safepoint: 102149 ns, At safepoint: 162113332 ns, Total: 162215481 ns
[2020-09-11T16:55:53.132+0000][1][safepoint    ] Safepoint "RevokeBias", Time since last: 506635875 ns, Reaching safepoint: 100074 ns, At safepoint: 53302 ns, Total: 153376 ns
[2020-09-11T16:55:53.133+0000][1][safepoint    ] Safepoint "RevokeBias", Time since last: 1309247 ns, Reaching safepoint: 79806 ns, At safepoint: 39722 ns, Total: 119528 ns
[2020-09-11T16:55:53.282+0000][1][safepoint    ] Safepoint "RevokeBias", Time since last: 148747201 ns, Reaching safepoint: 106010 ns, At safepoint: 23445 ns, Total: 129455 ns
[2020-09-11T16:55:53.283+0000][1][safepoint    ] Safepoint "RevokeBias", Time since last: 1031264 ns, Reaching safepoint: 56797 ns, At safepoint: 20968 ns, Total: 77765 ns
[2020-09-11T16:55:53.283+0000][1][safepoint    ] Safepoint "RevokeBias", Time since last: 45168 ns, Reaching safepoint: 37446 ns, At safepoint: 10715 ns, Total: 48161 ns
[2020-09-11T16:55:53.283+0000][1][safepoint    ] Safepoint "RevokeBias", Time since last: 33876 ns, Reaching safepoint: 36684 ns, At safepoint: 10471 ns, Total: 47155 ns
[2020-09-11T16:55:53.283+0000][1][safepoint    ] Safepoint "RevokeBias", Time since last: 64225 ns, Reaching safepoint: 40603 ns, At safepoint: 11323 ns, Total: 51926 ns
[2020-09-11T16:55:53.284+0000][1][safepoint    ] Safepoint "RevokeBias", Time since last: 372977 ns, Reaching safepoint: 39331 ns, At safepoint: 11412 ns, Total: 50743 ns
[2020-09-11T16:55:53.284+0000][1][safepoint    ] Safepoint "RevokeBias", Time since last: 46527 ns, Reaching safepoint: 37140 ns, At safepoint: 10952 ns, Total: 48092 ns
[2020-09-11T16:55:53.294+0000][1][safepoint    ] Safepoint "RevokeBias", Time since last: 10049734 ns, Reaching safepoint: 100648 ns, At safepoint: 26023 ns, Total: 126671 ns
[2020-09-11T16:55:53.298+0000][1][safepoint    ] Safepoint "RevokeBias", Time since last: 4316033 ns, Reaching safepoint: 81550 ns, At safepoint: 21894 ns, Total: 103444 ns
[2020-09-11T16:55:53.299+0000][1][safepoint    ] Safepoint "RevokeBias", Time since last: 281013 ns, Reaching safepoint: 38609 ns, At safepoint: 13112 ns, Total: 51721 ns
[2020-09-11T16:55:53.318+0000][1][safepoint    ] Safepoint "RevokeBias", Time since last: 19267091 ns, Reaching safepoint: 239223 ns, At safepoint: 24619 ns, Total: 263842 ns
[2020-09-11T16:55:53.319+0000][1][safepoint    ] Safepoint "RevokeBias", Time since last: 492151 ns, Reaching safepoint: 114328 ns, At safepoint: 15357 ns, Total: 129685 ns
[2020-09-11T16:55:53.324+0000][1][safepoint    ] Safepoint "RevokeBias", Time since last: 4863714 ns, Reaching safepoint: 157979 ns, At safepoint: 20866 ns, Total: 178845 ns
[2020-09-11T16:55:53.324+0000][1][safepoint    ] Safepoint "RevokeBias", Time since last: 140983 ns, Reaching safepoint: 107820 ns, At safepoint: 14286 ns, Total: 122106 ns
[2020-09-11T16:55:54.325+0000][1][safepoint    ] Safepoint "Cleanup", Time since last: 1000098449 ns, Reaching safepoint: 196136 ns, At safepoint: 8598 ns, Total: 204734 ns
[2020-09-11T16:55:55.133+0000][1][safepoint    ] Safepoint "RevokeBias", Time since last: 808600473 ns, Reaching safepoint: 100950 ns, At safepoint: 21489 ns, Total: 122439 ns
[2020-09-11T16:55:55.142+0000][1][safepoint    ] Safepoint "RevokeBias", Time since last: 8995018 ns, Reaching safepoint: 164536 ns, At safepoint: 20835 ns, Total: 185371 ns
[2020-09-11T16:55:55.285+0000][1][safepoint    ] Safepoint "RevokeBias", Time since last: 142367386 ns, Reaching safepoint: 92980 ns, At safepoint: 21547 ns, Total: 114527 ns
[2020-09-11T16:55:55.530+0000][1][safepoint    ] Safepoint "RevokeBias", Time since last: 244547009 ns, Reaching safepoint: 171172 ns, At safepoint: 23332 ns, Total: 194504 ns
[2020-09-11T16:55:55.780+0000][1][safepoint    ] Safepoint "RevokeBias", Time since last: 249801707 ns, Reaching safepoint: 93781 ns, At safepoint: 21533 ns, Total: 115314 ns
[2020-09-11T16:55:56.175+0000][1][safepoint    ] Safepoint "RevokeBias", Time since last: 395106646 ns, Reaching safepoint: 163540 ns, At safepoint: 23686 ns, Total: 187226 ns
[2020-09-11T16:55:56.175+0000][1][safepoint    ] Safepoint "RevokeBias", Time since last: 278707 ns, Reaching safepoint: 113200 ns, At safepoint: 15879 ns, Total: 129079 ns
[2020-09-11T16:55:56.175+0000][1][safepoint    ] Safepoint "RevokeBias", Time since last: 54426 ns, Reaching safepoint: 110367 ns, At safepoint: 13519 ns, Total: 123886 ns
[2020-09-11T16:55:56.176+0000][1][safepoint    ] Safepoint "RevokeBias", Time since last: 62844 ns, Reaching safepoint: 108504 ns, At safepoint: 12525 ns, Total: 121029 ns
[2020-09-11T16:55:56.176+0000][1][safepoint    ] Safepoint "RevokeBias", Time since last: 187261 ns, Reaching safepoint: 109586 ns, At safepoint: 13938 ns, Total: 123524 ns
[2020-09-11T16:55:56.211+0000][1][safepoint    ] Safepoint "RevokeBias", Time since last: 35073611 ns, Reaching safepoint: 88103 ns, At safepoint: 21110 ns, Total: 109213 ns
[2020-09-11T16:55:56.211+0000][1][safepoint    ] Safepoint "RevokeBias", Time since last: 165196 ns, Reaching safepoint: 36852 ns, At safepoint: 14602 ns, Total: 51454 ns
[2020-09-11T16:55:56.921+0000][1][safepoint    ] Safepoint "RevokeBias", Time since last: 708309196 ns, Reaching safepoint: 1337319 ns, At safepoint: 26779 ns, Total: 1364098 ns
[2020-09-11T16:55:56.933+0000][1][safepoint    ] Safepoint "RevokeBias", Time since last: 11800794 ns, Reaching safepoint: 187336 ns, At safepoint: 121807 ns, Total: 309143 ns
[2020-09-11T16:55:56.933+0000][1][safepoint    ] Safepoint "RevokeBias", Time since last: 103226 ns, Reaching safepoint: 127439 ns, At safepoint: 105893 ns, Total: 233332 ns
[2020-09-11T16:55:56.942+0000][1][safepoint    ] Safepoint "RevokeBias", Time since last: 8024636 ns, Reaching safepoint: 179542 ns, At safepoint: 100798 ns, Total: 280340 ns
[2020-09-11T16:55:56.952+0000][1][safepoint    ] Safepoint "RevokeBias", Time since last: 9589751 ns, Reaching safepoint: 168381 ns, At safepoint: 34483 ns, Total: 202864 ns
[2020-09-11T16:55:56.985+0000][1][safepoint    ] Safepoint "RevokeBias", Time since last: 26577715 ns, Reaching safepoint: 6759193 ns, At safepoint: 40005 ns, Total: 6799198 ns
[2020-09-11T16:55:57.045+0000][1][safepoint    ] Safepoint "RevokeBias", Time since last: 60281799 ns, Reaching safepoint: 198157 ns, At safepoint: 26220 ns, Total: 224377 ns
[2020-09-11T16:55:57.052+0000][1][safepoint    ] Safepoint "RevokeBias", Time since last: 318994 ns, Reaching safepoint: 6393352 ns, At safepoint: 34318 ns, Total: 6427670 ns
[2020-09-11T16:55:57.053+0000][1][safepoint    ] Safepoint "RevokeBias", Time since last: 883084 ns, Reaching safepoint: 104362 ns, At safepoint: 15963 ns, Total: 120325 ns
[2020-09-11T16:55:57.053+0000][1][safepoint    ] Safepoint "RevokeBias", Time since last: 94515 ns, Reaching safepoint: 111135 ns, At safepoint: 14311 ns, Total: 125446 ns
[2020-09-11T16:55:57.057+0000][1][safepoint    ] Safepoint "RevokeBias", Time since last: 3467796 ns, Reaching safepoint: 125190 ns, At safepoint: 23965 ns, Total: 149155 ns
[2020-09-11T16:55:57.064+0000][1][safepoint    ] Safepoint "RevokeBias", Time since last: 7231284 ns, Reaching safepoint: 179617 ns, At safepoint: 22885 ns, Total: 202502 ns
[2020-09-11T16:55:57.097+0000][1][safepoint    ] Safepoint "RevokeBias", Time since last: 32450701 ns, Reaching safepoint: 246808 ns, At safepoint: 44258 ns, Total: 291066 ns
[2020-09-11T16:55:57.127+0000][1][safepoint    ] Safepoint "RevokeBias", Time since last: 29869060 ns, Reaching safepoint: 174853 ns, At safepoint: 49065 ns, Total: 223918 ns
[2020-09-11T16:55:57.133+0000][1][safepoint    ] Safepoint "RevokeBias", Time since last: 5492127 ns, Reaching safepoint: 175793 ns, At safepoint: 52733 ns, Total: 228526 ns
[2020-09-11T16:55:57.154+0000][1][safepoint    ] Safepoint "RevokeBias", Time since last: 21117060 ns, Reaching safepoint: 243345 ns, At safepoint: 52204 ns, Total: 295549 ns
[2020-09-11T16:55:57.449+0000][1][safepoint    ] Safepoint "RevokeBias", Time since last: 287283785 ns, Reaching safepoint: 7201626 ns, At safepoint: 31672 ns, Total: 7233298 ns
[2020-09-11T16:55:57.450+0000][1][safepoint    ] Safepoint "RevokeBias", Time since last: 603920 ns, Reaching safepoint: 512338 ns, At safepoint: 40911 ns, Total: 553249 ns
[2020-09-11T16:55:58.158+0000][1][safepoint    ] Safepoint "RevokeBias", Time since last: 707282710 ns, Reaching safepoint: 123915 ns, At safepoint: 21314 ns, Total: 145229 ns
[2020-09-11T16:55:58.590+0000][1][safepoint    ] Safepoint "RevokeBias", Time since last: 432010407 ns, Reaching safepoint: 231609 ns, At safepoint: 27856 ns, Total: 259465 ns
[2020-09-11T16:55:58.590+0000][1][safepoint    ] Safepoint "RevokeBias", Time since last: 179089 ns, Reaching safepoint: 132744 ns, At safepoint: 15780 ns, Total: 148524 ns
[2020-09-11T16:55:58.592+0000][1][safepoint    ] Safepoint "RevokeBias", Time since last: 553651 ns, Reaching safepoint: 1257750 ns, At safepoint: 18227 ns, Total: 1275977 ns
[2020-09-11T16:55:58.594+0000][1][safepoint    ] Safepoint "RevokeBias", Time since last: 1138768 ns, Reaching safepoint: 495444 ns, At safepoint: 19354 ns, Total: 514798 ns
[2020-09-11T16:55:58.601+0000][1][safepoint    ] Safepoint "RevokeBias", Time since last: 6867193 ns, Reaching safepoint: 198951 ns, At safepoint: 25784 ns, Total: 224735 ns
[2020-09-11T16:55:58.980+0000][1][safepoint    ] Safepoint "RevokeBias", Time since last: 378256130 ns, Reaching safepoint: 1026757 ns, At safepoint: 25191 ns, Total: 1051948 ns
[2020-09-11T16:55:58.989+0000][1][safepoint    ] Safepoint "RevokeBias", Time since last: 4607409 ns, Reaching safepoint: 4250013 ns, At safepoint: 32152 ns, Total: 4282165 ns
[2020-09-11T16:55:59.020+0000][1][safepoint    ] Safepoint "RevokeBias", Time since last: 31017828 ns, Reaching safepoint: 158923 ns, At safepoint: 21283 ns, Total: 180206 ns
[2020-09-11T16:55:59.225+0000][1][safepoint    ] Safepoint "RevokeBias", Time since last: 204528695 ns, Reaching safepoint: 86829 ns, At safepoint: 19641 ns, Total: 106470 ns
[2020-09-11T16:55:59.249+0000][1][safepoint    ] Safepoint "RevokeBias", Time since last: 23964856 ns, Reaching safepoint: 224846 ns, At safepoint: 23384 ns, Total: 248230 ns
[2020-09-11T16:55:59.251+0000][1][safepoint    ] Safepoint "RevokeBias", Time since last: 782013 ns, Reaching safepoint: 1310106 ns, At safepoint: 25243 ns, Total: 1335349 ns
[2020-09-11T16:55:59.277+0000][1][safepoint    ] Safepoint "RevokeBias", Time since last: 24173495 ns, Reaching safepoint: 1621307 ns, At safepoint: 28427 ns, Total: 1649734 ns
[2020-09-11T16:55:59.297+0000][1][safepoint    ] Safepoint "RevokeBias", Time since last: 19661961 ns, Reaching safepoint: 157694 ns, At safepoint: 21471 ns, Total: 179165 ns
[2020-09-11T16:55:59.602+0000][1][safepoint    ] Safepoint "RevokeBias", Time since last: 304752479 ns, Reaching safepoint: 175342 ns, At safepoint: 21819 ns, Total: 197161 ns
[2020-09-11T16:55:59.602+0000][1][safepoint    ] Safepoint "RevokeBias", Time since last: 123337 ns, Reaching safepoint: 109189 ns, At safepoint: 13662 ns, Total: 122851 ns
[2020-09-11T16:55:59.867+0000][1][safepoint    ] Safepoint "RevokeBias", Time since last: 265056900 ns, Reaching safepoint: 174486 ns, At safepoint: 24687 ns, Total: 199173 ns
[2020-09-11T16:56:00.480+0000][1][safepoint    ] Safepoint "RevokeBias", Time since last: 612197307 ns, Reaching safepoint: 106365 ns, At safepoint: 29998 ns, Total: 136363 ns
[2020-09-11T16:56:00.480+0000][1][safepoint    ] Safepoint "RevokeBias", Time since last: 105685 ns, Reaching safepoint: 37056 ns, At safepoint: 12197 ns, Total: 49253 ns
[2020-09-11T16:56:00.481+0000][1][safepoint    ] Safepoint "BulkRevokeBias", Time since last: 588833 ns, Reaching safepoint: 38711 ns, At safepoint: 274397 ns, Total: 313108 ns
[2020-09-11T16:56:00.495+0000][1][safepoint    ] Safepoint "RevokeBias", Time since last: 13850121 ns, Reaching safepoint: 177482 ns, At safepoint: 25093 ns, Total: 202575 ns
[2020-09-11T16:56:00.495+0000][1][safepoint    ] Safepoint "RevokeBias", Time since last: 85585 ns, Reaching safepoint: 114496 ns, At safepoint: 14363 ns, Total: 128859 ns
[2020-09-11T16:56:00.630+0000][1][safepoint    ] Safepoint "RevokeBias", Time since last: 134786940 ns, Reaching safepoint: 98706 ns, At safepoint: 22056 ns, Total: 120762 ns
[2020-09-11T16:56:00.638+0000][1][safepoint    ] Safepoint "RevokeBias", Time since last: 8293367 ns, Reaching safepoint: 86829 ns, At safepoint: 21306 ns, Total: 108135 ns
[2020-09-11T16:56:00.638+0000][1][safepoint    ] Safepoint "RevokeBias", Time since last: 84200 ns, Reaching safepoint: 35181 ns, At safepoint: 11086 ns, Total: 46267 ns
[2020-09-11T16:56:00.899+0000][1][safepoint    ] Safepoint "RevokeBias", Time since last: 260702600 ns, Reaching safepoint: 84445 ns, At safepoint: 19220 ns, Total: 103665 ns
[2020-09-11T16:56:01.436+0000][1][gc,start     ] GC(73) Pause Young (Allocation Failure)
[2020-09-11T16:56:01.436+0000][1][gc,task      ] GC(73) Using 1 workers of 1 for evacuation
[2020-09-11T16:56:01.499+0000][1][gc,age       ] GC(73) Desired survivor size 4358144 bytes, new threshold 4 (max threshold 6)
[2020-09-11T16:56:01.499+0000][1][gc,age       ] GC(73) Age table with threshold 4 (max threshold 6)
[2020-09-11T16:56:01.499+0000][1][gc,age       ] GC(73) - age   1:     701768 bytes,     701768 total
[2020-09-11T16:56:01.499+0000][1][gc,age       ] GC(73) - age   2:     875520 bytes,    1577288 total
[2020-09-11T16:56:01.499+0000][1][gc,age       ] GC(73) - age   3:     953936 bytes,    2531224 total
[2020-09-11T16:56:01.499+0000][1][gc,age       ] GC(73) - age   4:    2017760 bytes,    4548984 total
[2020-09-11T16:56:01.499+0000][1][gc,heap      ] GC(73) ParNew: 73618K->4483K(76672K)
[2020-09-11T16:56:01.499+0000][1][gc,heap      ] GC(73) CMS: 68780K->68780K(439104K)
[2020-09-11T16:56:01.499+0000][1][gc,metaspace ] GC(73) Metaspace: 87856K->87856K(1130496K)
[2020-09-11T16:56:01.499+0000][1][gc           ] GC(73) Pause Young (Allocation Failure) 139M->71M(503M) 62.509ms
[2020-09-11T16:56:01.499+0000][1][gc,cpu       ] GC(73) User=0.01s Sys=0.00s Real=0.06s
[2020-09-11T16:56:01.508+0000][1][safepoint    ] Safepoint "GenCollectForAllocation", Time since last: 537003319 ns, Reaching safepoint: 98280 ns, At safepoint: 71709481 ns, Total: 71807761 ns
[2020-09-11T16:56:02.534+0000][1][safepoint    ] Safepoint "Cleanup", Time since last: 1022918932 ns, Reaching safepoint: 2723439 ns, At safepoint: 14137 ns, Total: 2737576 ns
[2020-09-11T16:56:03.534+0000][1][safepoint    ] Safepoint "Cleanup", Time since last: 1000119337 ns, Reaching safepoint: 93179 ns, At safepoint: 7769 ns, Total: 100948 ns
[2020-09-11T16:56:04.352+0000][1][safepoint    ] Safepoint "RevokeBias", Time since last: 817956300 ns, Reaching safepoint: 186766 ns, At safepoint: 24459 ns, Total: 211225 ns
[2020-09-11T16:56:04.372+0000][1][safepoint    ] Safepoint "RevokeBias", Time since last: 17922819 ns, Reaching safepoint: 1802713 ns, At safepoint: 29662 ns, Total: 1832375 ns
[2020-09-11T16:56:04.373+0000][1][safepoint    ] Safepoint "RevokeBias", Time since last: 95974 ns, Reaching safepoint: 1069551 ns, At safepoint: 22428 ns, Total: 1091979 ns
[2020-09-11T16:56:04.373+0000][1][safepoint    ] Safepoint "RevokeBias", Time since last: 183124 ns, Reaching safepoint: 208492 ns, At safepoint: 14784 ns, Total: 223276 ns
[2020-09-11T16:56:04.373+0000][1][safepoint    ] Safepoint "RevokeBias", Time since last: 57385 ns, Reaching safepoint: 137115 ns, At safepoint: 13684 ns, Total: 150799 ns
[2020-09-11T16:56:04.374+0000][1][safepoint    ] Safepoint "RevokeBias", Time since last: 234657 ns, Reaching safepoint: 136058 ns, At safepoint: 13324 ns, Total: 149382 ns
[2020-09-11T16:56:04.382+0000][1][safepoint    ] Safepoint "RevokeBias", Time since last: 42031 ns, Reaching safepoint: 8060958 ns, At safepoint: 29999 ns, Total: 8090957 ns
[2020-09-11T16:56:04.383+0000][1][safepoint    ] Safepoint "RevokeBias", Time since last: 97885 ns, Reaching safepoint: 1032520 ns, At safepoint: 25778 ns, Total: 1058298 ns
[2020-09-11T16:56:04.384+0000][1][safepoint    ] Safepoint "RevokeBias", Time since last: 42104 ns, Reaching safepoint: 721019 ns, At safepoint: 27944 ns, Total: 748963 ns
[2020-09-11T16:56:04.391+0000][1][safepoint    ] Safepoint "RevokeBias", Time since last: 6721497 ns, Reaching safepoint: 170480 ns, At safepoint: 49052 ns, Total: 219532 ns
[2020-09-11T16:56:04.398+0000][1][safepoint    ] Safepoint "RevokeBias", Time since last: 107768 ns, Reaching safepoint: 107881 ns, At safepoint: 6953493 ns, Total: 7061374 ns
[2020-09-11T16:56:04.398+0000][1][safepoint    ] Safepoint "RevokeBias", Time since last: 92961 ns, Reaching safepoint: 160133 ns, At safepoint: 29136 ns, Total: 189269 ns
[2020-09-11T16:56:04.399+0000][1][safepoint    ] Safepoint "RevokeBias", Time since last: 40315 ns, Reaching safepoint: 104277 ns, At safepoint: 21814 ns, Total: 126091 ns
[2020-09-11T16:56:04.399+0000][1][safepoint    ] Safepoint "RevokeBias", Time since last: 36747 ns, Reaching safepoint: 237625 ns, At safepoint: 21781 ns, Total: 259406 ns
[2020-09-11T16:56:04.399+0000][1][safepoint    ] Safepoint "RevokeBias", Time since last: 217543 ns, Reaching safepoint: 104491 ns, At safepoint: 20221 ns, Total: 124712 ns
[2020-09-11T16:56:04.399+0000][1][safepoint    ] Safepoint "RevokeBias", Time since last: 45437 ns, Reaching safepoint: 103249 ns, At safepoint: 19600 ns, Total: 122849 ns
[2020-09-11T16:56:04.399+0000][1][safepoint    ] Safepoint "RevokeBias", Time since last: 36335 ns, Reaching safepoint: 102837 ns, At safepoint: 19447 ns, Total: 122284 ns
[2020-09-11T16:56:04.402+0000][1][safepoint    ] Safepoint "RevokeBias", Time since last: 35739 ns, Reaching safepoint: 113152 ns, At safepoint: 2735674 ns, Total: 2848826 ns
[2020-09-11T16:56:04.403+0000][1][safepoint    ] Safepoint "RevokeBias", Time since last: 832959 ns, Reaching safepoint: 154249 ns, At safepoint: 36014 ns, Total: 190263 ns
[2020-09-11T16:56:04.456+0000][1][safepoint    ] Safepoint "RevokeBias", Time since last: 29415580 ns, Reaching safepoint: 87418 ns, At safepoint: 23391444 ns, Total: 23478862 ns
[2020-09-11T16:56:04.457+0000][1][safepoint    ] Safepoint "RevokeBias", Time since last: 52985 ns, Reaching safepoint: 286317 ns, At safepoint: 22113 ns, Total: 308430 ns
[2020-09-11T16:56:04.466+0000][1][safepoint    ] Safepoint "RevokeBias", Time since last: 8956299 ns, Reaching safepoint: 165248 ns, At safepoint: 20908 ns, Total: 186156 ns
[2020-09-11T16:56:04.466+0000][1][safepoint    ] Safepoint "RevokeBias", Time since last: 84071 ns, Reaching safepoint: 104744 ns, At safepoint: 13458 ns, Total: 118202 ns
[2020-09-11T16:56:04.469+0000][1][safepoint    ] Safepoint "RevokeBias", Time since last: 2790897 ns, Reaching safepoint: 91144 ns, At safepoint: 15872 ns, Total: 107016 ns
[2020-09-11T16:56:04.477+0000][1][safepoint    ] Safepoint "RevokeBias", Time since last: 4314503 ns, Reaching safepoint: 3650979 ns, At safepoint: 30553 ns, Total: 3681532 ns
[2020-09-11T16:56:04.494+0000][1][safepoint    ] Safepoint "RevokeBias", Time since last: 15795820 ns, Reaching safepoint: 1491714 ns, At safepoint: 25339 ns, Total: 1517053 ns
[2020-09-11T16:56:04.510+0000][1][safepoint    ] Safepoint "RevokeBias", Time since last: 14609052 ns, Reaching safepoint: 905233 ns, At safepoint: 24063 ns, Total: 929296 ns
[2020-09-11T16:56:04.510+0000][1][safepoint    ] Safepoint "RevokeBias", Time since last: 140543 ns, Reaching safepoint: 587880 ns, At safepoint: 14423 ns, Total: 602303 ns
[2020-09-11T16:56:04.511+0000][1][safepoint    ] Safepoint "RevokeBias", Time since last: 44482 ns, Reaching safepoint: 779319 ns, At safepoint: 13951 ns, Total: 793270 ns
[2020-09-11T16:56:04.511+0000][1][safepoint    ] Safepoint "RevokeBias", Time since last: 41747 ns, Reaching safepoint: 107389 ns, At safepoint: 21099 ns, Total: 128488 ns
[2020-09-11T16:56:04.512+0000][1][safepoint    ] Safepoint "RevokeBias", Time since last: 34425 ns, Reaching safepoint: 487028 ns, At safepoint: 21127 ns, Total: 508155 ns
[2020-09-11T16:56:04.513+0000][1][safepoint    ] Safepoint "RevokeBias", Time since last: 37059 ns, Reaching safepoint: 731450 ns, At safepoint: 24995 ns, Total: 756445 ns
[2020-09-11T16:56:04.513+0000][1][safepoint    ] Safepoint "RevokeBias", Time since last: 41854 ns, Reaching safepoint: 337325 ns, At safepoint: 23254 ns, Total: 360579 ns
[2020-09-11T16:56:04.514+0000][1][safepoint    ] Safepoint "RevokeBias", Time since last: 38002 ns, Reaching safepoint: 599987 ns, At safepoint: 24559 ns, Total: 624546 ns
[2020-09-11T16:56:04.515+0000][1][safepoint    ] Safepoint "RevokeBias", Time since last: 300990 ns, Reaching safepoint: 544662 ns, At safepoint: 15136 ns, Total: 559798 ns
[2020-09-11T16:56:04.517+0000][1][safepoint    ] Safepoint "RevokeBias", Time since last: 41844 ns, Reaching safepoint: 2050848 ns, At safepoint: 27580 ns, Total: 2078428 ns
[2020-09-11T16:56:04.518+0000][1][safepoint    ] Safepoint "RevokeBias", Time since last: 71547 ns, Reaching safepoint: 669075 ns, At safepoint: 15379 ns, Total: 684454 ns
[2020-09-11T16:56:04.521+0000][1][safepoint    ] Safepoint "BulkRevokeBias", Time since last: 46856 ns, Reaching safepoint: 3166098 ns, At safepoint: 266832 ns, Total: 3432930 ns
[2020-09-11T16:56:04.614+0000][1][safepoint    ] Safepoint "RevokeBias", Time since last: 92693226 ns, Reaching safepoint: 198583 ns, At safepoint: 22043 ns, Total: 220626 ns
[2020-09-11T16:56:04.801+0000][1][safepoint    ] Safepoint "RevokeBias", Time since last: 186298995 ns, Reaching safepoint: 180351 ns, At safepoint: 23421 ns, Total: 203772 ns
[2020-09-11T16:56:05.353+0000][1][safepoint    ] Safepoint "RevokeBias", Time since last: 552682922 ns, Reaching safepoint: 170616 ns, At safepoint: 24303 ns, Total: 194919 ns
[2020-09-11T16:56:05.436+0000][1][safepoint    ] Safepoint "RevokeBias", Time since last: 82449549 ns, Reaching safepoint: 174874 ns, At safepoint: 24914 ns, Total: 199788 ns
[2020-09-11T16:56:05.509+0000][1][safepoint    ] Safepoint "RevokeBias", Time since last: 72827625 ns, Reaching safepoint: 172397 ns, At safepoint: 24166 ns, Total: 196563 ns
[2020-09-11T16:56:05.528+0000][1][safepoint    ] Safepoint "RevokeBias", Time since last: 19113996 ns, Reaching safepoint: 167927 ns, At safepoint: 22926 ns, Total: 190853 ns
[2020-09-11T16:56:05.532+0000][1][safepoint    ] Safepoint "RevokeBias", Time since last: 3574724 ns, Reaching safepoint: 183330 ns, At safepoint: 21242 ns, Total: 204572 ns
[2020-09-11T16:56:05.537+0000][1][safepoint    ] Safepoint "RevokeBias", Time since last: 4635384 ns, Reaching safepoint: 185700 ns, At safepoint: 23512 ns, Total: 209212 ns
[2020-09-11T16:56:05.537+0000][1][safepoint    ] Safepoint "RevokeBias", Time since last: 84458 ns, Reaching safepoint: 113711 ns, At safepoint: 14059 ns, Total: 127770 ns
[2020-09-11T16:56:05.537+0000][1][safepoint    ] Safepoint "RevokeBias", Time since last: 37939 ns, Reaching safepoint: 111821 ns, At safepoint: 13014 ns, Total: 124835 ns
[2020-09-11T16:56:05.579+0000][1][safepoint    ] Safepoint "RevokeBias", Time since last: 41567559 ns, Reaching safepoint: 164178 ns, At safepoint: 20065 ns, Total: 184243 ns
[2020-09-11T16:56:06.579+0000][1][safepoint    ] Safepoint "Cleanup", Time since last: 1000131106 ns, Reaching safepoint: 115512 ns, At safepoint: 8769 ns, Total: 124281 ns
[2020-09-11T16:56:06.907+0000][1][safepoint    ] Safepoint "RevokeBias", Time since last: 327908043 ns, Reaching safepoint: 98229 ns, At safepoint: 27500 ns, Total: 125729 ns
[2020-09-11T16:56:06.998+0000][1][safepoint    ] Safepoint "RevokeBias", Time since last: 89926635 ns, Reaching safepoint: 191417 ns, At safepoint: 22979 ns, Total: 214396 ns
[2020-09-11T16:56:07.099+0000][1][safepoint    ] Safepoint "RevokeBias", Time since last: 94749919 ns, Reaching safepoint: 6945942 ns, At safepoint: 34538 ns, Total: 6980480 ns
[2020-09-11T16:56:07.103+0000][1][safepoint    ] Safepoint "RevokeBias", Time since last: 3581463 ns, Reaching safepoint: 147642 ns, At safepoint: 20149 ns, Total: 167791 ns
[2020-09-11T16:56:07.112+0000][1][safepoint    ] Safepoint "RevokeBias", Time since last: 8289981 ns, Reaching safepoint: 165481 ns, At safepoint: 23870 ns, Total: 189351 ns
[2020-09-11T16:56:07.785+0000][1][safepoint    ] Safepoint "RevokeBias", Time since last: 673313758 ns, Reaching safepoint: 103395 ns, At safepoint: 23701 ns, Total: 127096 ns
[2020-09-11T16:56:08.563+0000][1][safepoint    ] Safepoint "RevokeBias", Time since last: 777688928 ns, Reaching safepoint: 123273 ns, At safepoint: 21213 ns, Total: 144486 ns
[2020-09-11T16:56:08.566+0000][1][safepoint    ] Safepoint "RevokeBias", Time since last: 2784812 ns, Reaching safepoint: 169597 ns, At safepoint: 17682 ns, Total: 187279 ns
[2020-09-11T16:56:08.992+0000][1][safepoint    ] Safepoint "RevokeBias", Time since last: 425797711 ns, Reaching safepoint: 90674 ns, At safepoint: 36133 ns, Total: 126807 ns
[2020-09-11T16:56:09.056+0000][1][safepoint    ] Safepoint "RevokeBias", Time since last: 64578536 ns, Reaching safepoint: 84829 ns, At safepoint: 18510 ns, Total: 103339 ns
[2020-09-11T16:56:09.057+0000][1][safepoint    ] Safepoint "RevokeBias", Time since last: 423779 ns, Reaching safepoint: 293099 ns, At safepoint: 15658 ns, Total: 308757 ns
[2020-09-11T16:56:09.496+0000][1][safepoint    ] Safepoint "RevokeBias", Time since last: 439110861 ns, Reaching safepoint: 87354 ns, At safepoint: 20507 ns, Total: 107861 ns
[2020-09-11T16:56:10.497+0000][1][safepoint    ] Safepoint "Cleanup", Time since last: 1000107712 ns, Reaching safepoint: 104778 ns, At safepoint: 7392 ns, Total: 112170 ns
[2020-09-11T16:56:11.499+0000][1][safepoint    ] Safepoint "Cleanup", Time since last: 1002180227 ns, Reaching safepoint: 138030 ns, At safepoint: 11421 ns, Total: 149451 ns
[2020-09-11T16:56:12.499+0000][1][safepoint    ] Safepoint "Cleanup", Time since last: 1000122582 ns, Reaching safepoint: 125105 ns, At safepoint: 7646 ns, Total: 132751 ns
[2020-09-11T16:56:13.274+0000][1][safepoint    ] Safepoint "RevokeBias", Time since last: 773778995 ns, Reaching safepoint: 1487614 ns, At safepoint: 31781 ns, Total: 1519395 ns
[2020-09-11T16:56:14.275+0000][1][safepoint    ] Safepoint "Cleanup", Time since last: 1000171701 ns, Reaching safepoint: 154128 ns, At safepoint: 12735 ns, Total: 166863 ns
[2020-09-11T16:56:14.623+0000][1][safepoint    ] Safepoint "RevokeBias", Time since last: 348019134 ns, Reaching safepoint: 214591 ns, At safepoint: 22512 ns, Total: 237103 ns
[2020-09-11T16:56:14.625+0000][1][safepoint    ] Safepoint "RevokeBias", Time since last: 2051027 ns, Reaching safepoint: 193323 ns, At safepoint: 18913 ns, Total: 212236 ns
[2020-09-11T16:56:15.594+0000][1][safepoint    ] Safepoint "RevokeBias", Time since last: 968266353 ns, Reaching safepoint: 111128 ns, At safepoint: 26801 ns, Total: 137929 ns
[2020-09-11T16:56:16.119+0000][1][safepoint    ] Safepoint "RevokeBias", Time since last: 525047953 ns, Reaching safepoint: 264334 ns, At safepoint: 23600 ns, Total: 287934 ns
[2020-09-11T16:56:16.121+0000][1][safepoint    ] Safepoint "RevokeBias", Time since last: 1632965 ns, Reaching safepoint: 230651 ns, At safepoint: 21260 ns, Total: 251911 ns
[2020-09-11T16:56:16.134+0000][1][safepoint    ] Safepoint "RevokeBias", Time since last: 13099611 ns, Reaching safepoint: 232967 ns, At safepoint: 24609 ns, Total: 257576 ns
[2020-09-11T16:56:16.136+0000][1][safepoint    ] Safepoint "RevokeBias", Time since last: 1414948 ns, Reaching safepoint: 224618 ns, At safepoint: 18244 ns, Total: 242862 ns
[2020-09-11T16:56:16.146+0000][1][safepoint    ] Safepoint "RevokeBias", Time since last: 9824277 ns, Reaching safepoint: 234780 ns, At safepoint: 22704 ns, Total: 257484 ns
[2020-09-11T16:56:16.692+0000][1][safepoint    ] Safepoint "RevokeBias", Time since last: 545792825 ns, Reaching safepoint: 188140 ns, At safepoint: 21143 ns, Total: 209283 ns
[2020-09-11T16:56:16.940+0000][1][safepoint    ] Safepoint "RevokeBias", Time since last: 247217251 ns, Reaching safepoint: 262550 ns, At safepoint: 22770 ns, Total: 285320 ns
[2020-09-11T16:56:16.940+0000][1][safepoint    ] Safepoint "RevokeBias", Time since last: 148207 ns, Reaching safepoint: 124943 ns, At safepoint: 15775 ns, Total: 140718 ns
[2020-09-11T16:56:17.507+0000][1][safepoint    ] Safepoint "RevokeBias", Time since last: 567004992 ns, Reaching safepoint: 139682 ns, At safepoint: 22206 ns, Total: 161888 ns
[2020-09-11T16:56:17.705+0000][1][gc,start     ] GC(74) Pause Young (Allocation Failure)
[2020-09-11T16:56:17.705+0000][1][gc,task      ] GC(74) Using 1 workers of 1 for evacuation
[2020-09-11T16:56:17.733+0000][1][gc,age       ] GC(74) Desired survivor size 4358144 bytes, new threshold 3 (max threshold 6)
[2020-09-11T16:56:17.752+0000][1][gc,age       ] GC(74) Age table with threshold 3 (max threshold 6)
[2020-09-11T16:56:17.752+0000][1][gc,age       ] GC(74) - age   1:    3342576 bytes,    3342576 total
[2020-09-11T16:56:17.752+0000][1][gc,age       ] GC(74) - age   2:     502216 bytes,    3844792 total
[2020-09-11T16:56:17.752+0000][1][gc,age       ] GC(74) - age   3:     870744 bytes,    4715536 total
[2020-09-11T16:56:17.752+0000][1][gc,age       ] GC(74) - age   4:     940056 bytes,    5655592 total
[2020-09-11T16:56:17.752+0000][1][gc,heap      ] GC(74) ParNew: 72643K->8512K(76672K)
[2020-09-11T16:56:17.752+0000][1][gc,heap      ] GC(74) CMS: 68780K->70791K(439104K)
[2020-09-11T16:56:17.752+0000][1][gc,metaspace ] GC(74) Metaspace: 89178K->89178K(1132544K)
[2020-09-11T16:56:17.752+0000][1][gc           ] GC(74) Pause Young (Allocation Failure) 138M->77M(503M) 47.007ms
[2020-09-11T16:56:17.752+0000][1][gc,cpu       ] GC(74) User=0.02s Sys=0.00s Real=0.04s
[2020-09-11T16:56:17.756+0000][1][safepoint    ] Safepoint "GenCollectForAllocation", Time since last: 197535139 ns, Reaching safepoint: 722952 ns, At safepoint: 50595388 ns, Total: 51318340 ns
[2020-09-11T16:56:18.763+0000][1][safepoint    ] Safepoint "Cleanup", Time since last: 1006982658 ns, Reaching safepoint: 112286 ns, At safepoint: 11320 ns, Total: 123606 ns
[2020-09-11T16:56:19.210+0000][1][safepoint    ] Safepoint "RevokeBias", Time since last: 446477404 ns, Reaching safepoint: 170983 ns, At safepoint: 23183 ns, Total: 194166 ns
[2020-09-11T16:56:19.439+0000][1][safepoint    ] Safepoint "RevokeBias", Time since last: 229050755 ns, Reaching safepoint: 204182 ns, At safepoint: 23828 ns, Total: 228010 ns
[2020-09-11T16:56:19.440+0000][1][safepoint    ] Safepoint "RevokeBias", Time since last: 1405437 ns, Reaching safepoint: 162085 ns, At safepoint: 17425 ns, Total: 179510 ns
[2020-09-11T16:56:20.441+0000][1][safepoint    ] Safepoint "Cleanup", Time since last: 1000099486 ns, Reaching safepoint: 123522 ns, At safepoint: 7970 ns, Total: 131492 ns
[2020-09-11T16:56:21.275+0000][1][safepoint    ] Safepoint "RevokeBias", Time since last: 834067122 ns, Reaching safepoint: 89607 ns, At safepoint: 25104 ns, Total: 114711 ns
[2020-09-11T16:56:21.553+0000][1][safepoint    ] Safepoint "RevokeBias", Time since last: 277942994 ns, Reaching safepoint: 85636 ns, At safepoint: 24632 ns, Total: 110268 ns
[2020-09-11T16:56:22.553+0000][1][safepoint    ] Safepoint "Cleanup", Time since last: 1000091171 ns, Reaching safepoint: 139244 ns, At safepoint: 8423 ns, Total: 147667 ns
[2020-09-11T16:56:23.553+0000][1][safepoint    ] Safepoint "Cleanup", Time since last: 1000110486 ns, Reaching safepoint: 209534 ns, At safepoint: 10157 ns, Total: 219691 ns
[2020-09-11T16:56:24.554+0000][1][safepoint    ] Safepoint "Cleanup", Time since last: 1000116040 ns, Reaching safepoint: 118272 ns, At safepoint: 10494 ns, Total: 128766 ns
[2020-09-11T16:56:24.780+0000][1][safepoint    ] Safepoint "RevokeBias", Time since last: 225662705 ns, Reaching safepoint: 173970 ns, At safepoint: 25307 ns, Total: 199277 ns
[2020-09-11T16:56:24.780+0000][1][safepoint    ] Safepoint "RevokeBias", Time since last: 177643 ns, Reaching safepoint: 150101 ns, At safepoint: 18625 ns, Total: 168726 ns
[2020-09-11T16:56:25.417+0000][1][safepoint    ] Safepoint "RevokeBias", Time since last: 636732707 ns, Reaching safepoint: 144005 ns, At safepoint: 26669 ns, Total: 170674 ns
[2020-09-11T16:56:26.417+0000][1][safepoint    ] Safepoint "Cleanup", Time since last: 1000191089 ns, Reaching safepoint: 199236 ns, At safepoint: 12399 ns, Total: 211635 ns
[2020-09-11T16:56:27.152+0000][1][safepoint    ] Safepoint "RevokeBias", Time since last: 734777154 ns, Reaching safepoint: 203503 ns, At safepoint: 220865 ns, Total: 424368 ns
[2020-09-11T16:56:28.153+0000][1][safepoint    ] Safepoint "Cleanup", Time since last: 1000126556 ns, Reaching safepoint: 119497 ns, At safepoint: 8799 ns, Total: 128296 ns
[2020-09-11T16:56:29.153+0000][1][safepoint    ] Safepoint "Cleanup", Time since last: 1000130294 ns, Reaching safepoint: 106825 ns, At safepoint: 9565 ns, Total: 116390 ns
[2020-09-11T16:56:30.153+0000][1][safepoint    ] Safepoint "Cleanup", Time since last: 1000116220 ns, Reaching safepoint: 106145 ns, At safepoint: 10842 ns, Total: 116987 ns
[2020-09-11T16:56:31.153+0000][1][safepoint    ] Safepoint "Cleanup", Time since last: 1000118040 ns, Reaching safepoint: 103315 ns, At safepoint: 10273 ns, Total: 113588 ns
[2020-09-11T16:56:32.154+0000][1][safepoint    ] Safepoint "Cleanup", Time since last: 1000113040 ns, Reaching safepoint: 99159 ns, At safepoint: 10164 ns, Total: 109323 ns
[2020-09-11T16:56:33.154+0000][1][safepoint    ] Safepoint "Cleanup", Time since last: 1000119218 ns, Reaching safepoint: 106627 ns, At safepoint: 11283 ns, Total: 117910 ns
[2020-09-11T16:56:34.154+0000][1][safepoint    ] Safepoint "Cleanup", Time since last: 1000119655 ns, Reaching safepoint: 97309 ns, At safepoint: 10391 ns, Total: 107700 ns
[2020-09-11T16:56:35.154+0000][1][safepoint    ] Safepoint "Cleanup", Time since last: 1000116697 ns, Reaching safepoint: 103414 ns, At safepoint: 10661 ns, Total: 114075 ns
[2020-09-11T16:56:35.381+0000][1][safepoint    ] Safepoint "RevokeBias", Time since last: 224002518 ns, Reaching safepoint: 2537504 ns, At safepoint: 31042 ns, Total: 2568546 ns
[2020-09-11T16:56:36.381+0000][1][safepoint    ] Safepoint "Cleanup", Time since last: 1000116538 ns, Reaching safepoint: 101847 ns, At safepoint: 10233 ns, Total: 112080 ns
[2020-09-11T16:56:37.293+0000][1][safepoint    ] Safepoint "RevokeBias", Time since last: 911143739 ns, Reaching safepoint: 570541 ns, At safepoint: 23660 ns, Total: 594201 ns
[2020-09-11T16:56:38.293+0000][1][safepoint    ] Safepoint "Cleanup", Time since last: 1000118984 ns, Reaching safepoint: 121319 ns, At safepoint: 8017 ns, Total: 129336 ns
[2020-09-11T16:56:39.293+0000][1][safepoint    ] Safepoint "Cleanup", Time since last: 1000111339 ns, Reaching safepoint: 102680 ns, At safepoint: 8206 ns, Total: 110886 ns
[2020-09-11T16:56:40.294+0000][1][safepoint    ] Safepoint "Cleanup", Time since last: 1000117222 ns, Reaching safepoint: 95441 ns, At safepoint: 7393 ns, Total: 102834 ns
[2020-09-11T16:56:41.294+0000][1][safepoint    ] Safepoint "Cleanup", Time since last: 1000126133 ns, Reaching safepoint: 100745 ns, At safepoint: 8423 ns, Total: 109168 ns
[2020-09-11T16:56:42.294+0000][1][safepoint    ] Safepoint "Cleanup", Time since last: 1000126879 ns, Reaching safepoint: 110610 ns, At safepoint: 10736 ns, Total: 121346 ns
[2020-09-11T16:56:43.294+0000][1][safepoint    ] Safepoint "Cleanup", Time since last: 1000122991 ns, Reaching safepoint: 105227 ns, At safepoint: 10410 ns, Total: 115637 ns
[2020-09-11T16:56:44.217+0000][1][gc,start     ] GC(75) Pause Young (Allocation Failure)
[2020-09-11T16:56:44.217+0000][1][gc,task      ] GC(75) Using 1 workers of 1 for evacuation
[2020-09-11T16:56:44.263+0000][1][gc,age       ] GC(75) Desired survivor size 4358144 bytes, new threshold 6 (max threshold 6)
[2020-09-11T16:56:44.263+0000][1][gc,age       ] GC(75) Age table with threshold 6 (max threshold 6)
[2020-09-11T16:56:44.263+0000][1][gc,age       ] GC(75) - age   1:      74560 bytes,      74560 total
[2020-09-11T16:56:44.263+0000][1][gc,age       ] GC(75) - age   2:    2751072 bytes,    2825632 total
[2020-09-11T16:56:44.263+0000][1][gc,age       ] GC(75) - age   3:     486088 bytes,    3311720 total
[2020-09-11T16:56:44.263+0000][1][gc,heap      ] GC(75) ParNew: 76643K->5255K(76672K)
[2020-09-11T16:56:44.263+0000][1][gc,heap      ] GC(75) CMS: 70791K->72613K(439104K)
[2020-09-11T16:56:44.263+0000][1][gc,metaspace ] GC(75) Metaspace: 89427K->89427K(1132544K)
[2020-09-11T16:56:44.263+0000][1][gc           ] GC(75) Pause Young (Allocation Failure) 143M->76M(503M) 46.093ms
[2020-09-11T16:56:44.263+0000][1][gc,cpu       ] GC(75) User=0.01s Sys=0.00s Real=0.05s
[2020-09-11T16:56:44.269+0000][1][safepoint    ] Safepoint "GenCollectForAllocation", Time since last: 922550240 ns, Reaching safepoint: 92555 ns, At safepoint: 52023506 ns, Total: 52116061 ns
[2020-09-11T16:56:45.271+0000][1][safepoint    ] Safepoint "Cleanup", Time since last: 1002195564 ns, Reaching safepoint: 89963 ns, At safepoint: 7307 ns, Total: 97270 ns
[2020-09-11T16:56:45.330+0000][1][safepoint    ] Safepoint "RevokeBias", Time since last: 58989867 ns, Reaching safepoint: 105906 ns, At safepoint: 23960 ns, Total: 129866 ns
[2020-09-11T16:56:46.331+0000][1][safepoint    ] Safepoint "Cleanup", Time since last: 1000110361 ns, Reaching safepoint: 107740 ns, At safepoint: 10623 ns, Total: 118363 ns
[2020-09-11T16:56:47.333+0000][1][safepoint    ] Safepoint "Cleanup", Time since last: 1000129001 ns, Reaching safepoint: 2160746 ns, At safepoint: 14100 ns, Total: 2174846 ns
[2020-09-11T16:56:47.473+0000][1][safepoint    ] Safepoint "RevokeBias", Time since last: 136515682 ns, Reaching safepoint: 3440398 ns, At safepoint: 31997 ns, Total: 3472395 ns
[2020-09-11T16:56:49.325+0000][1][safepoint    ] Safepoint "Cleanup", Time since last: 1851971281 ns, Reaching safepoint: 169763 ns, At safepoint: 9010 ns, Total: 178773 ns
[2020-09-11T16:56:50.325+0000][1][safepoint    ] Safepoint "Cleanup", Time since last: 1000112328 ns, Reaching safepoint: 94097 ns, At safepoint: 8657 ns, Total: 102754 ns
[2020-09-11T16:56:51.326+0000][1][safepoint    ] Safepoint "Cleanup", Time since last: 1000847230 ns, Reaching safepoint: 91896 ns, At safepoint: 7672 ns, Total: 99568 ns
[2020-09-11T16:56:52.326+0000][1][safepoint    ] Safepoint "Cleanup", Time since last: 1000118757 ns, Reaching safepoint: 92995 ns, At safepoint: 10451 ns, Total: 103446 ns
[2020-09-11T16:56:52.867+0000][1][safepoint    ] Safepoint "RevokeBias", Time since last: 539877224 ns, Reaching safepoint: 184334 ns, At safepoint: 20448 ns, Total: 204782 ns
[2020-09-11T16:56:52.884+0000][1][safepoint    ] Safepoint "RevokeBias", Time since last: 17125596 ns, Reaching safepoint: 142365 ns, At safepoint: 23860 ns, Total: 166225 ns
[2020-09-11T16:56:52.918+0000][1][safepoint    ] Safepoint "RevokeBias", Time since last: 33008059 ns, Reaching safepoint: 1251796 ns, At safepoint: 25906 ns, Total: 1277702 ns
[2020-09-11T16:56:52.933+0000][1][safepoint    ] Safepoint "RevokeBias", Time since last: 10706133 ns, Reaching safepoint: 4102805 ns, At safepoint: 32827 ns, Total: 4135632 ns
[2020-09-11T16:56:52.937+0000][1][safepoint    ] Safepoint "RevokeBias", Time since last: 924492 ns, Reaching safepoint: 3010901 ns, At safepoint: 28769 ns, Total: 3039670 ns
[2020-09-11T16:56:53.937+0000][1][safepoint    ] Safepoint "Cleanup", Time since last: 1000112962 ns, Reaching safepoint: 107593 ns, At safepoint: 7862 ns, Total: 115455 ns
[2020-09-11T16:56:54.937+0000][1][safepoint    ] Safepoint "Cleanup", Time since last: 1000115281 ns, Reaching safepoint: 98476 ns, At safepoint: 7921 ns, Total: 106397 ns
[2020-09-11T16:56:55.350+0000][1][safepoint    ] Safepoint "RevokeBias", Time since last: 411878225 ns, Reaching safepoint: 398139 ns, At safepoint: 26472 ns, Total: 424611 ns
[2020-09-11T16:56:56.350+0000][1][safepoint    ] Safepoint "Cleanup", Time since last: 1000569018 ns, Reaching safepoint: 99069 ns, At safepoint: 8075 ns, Total: 107144 ns
[2020-09-11T16:56:57.219+0000][1][safepoint    ] Safepoint "RevokeBias", Time since last: 868587262 ns, Reaching safepoint: 114971 ns, At safepoint: 24639 ns, Total: 139610 ns
[2020-09-11T16:56:58.219+0000][1][safepoint    ] Safepoint "Cleanup", Time since last: 1000119472 ns, Reaching safepoint: 126112 ns, At safepoint: 8587 ns, Total: 134699 ns
[2020-09-11T16:56:59.220+0000][1][safepoint    ] Safepoint "Cleanup", Time since last: 1000123050 ns, Reaching safepoint: 100468 ns, At safepoint: 8335 ns, Total: 108803 ns
[2020-09-11T16:57:00.220+0000][1][safepoint    ] Safepoint "Cleanup", Time since last: 1000172665 ns, Reaching safepoint: 94199 ns, At safepoint: 8203 ns, Total: 102402 ns
[2020-09-11T16:57:01.220+0000][1][safepoint    ] Safepoint "Cleanup", Time since last: 1000564010 ns, Reaching safepoint: 98120 ns, At safepoint: 10329 ns, Total: 108449 ns
[2020-09-11T16:57:02.221+0000][1][safepoint    ] Safepoint "Cleanup", Time since last: 1000113874 ns, Reaching safepoint: 91640 ns, At safepoint: 8260 ns, Total: 99900 ns
[2020-09-11T16:57:03.221+0000][1][safepoint    ] Safepoint "Cleanup", Time since last: 1000068839 ns, Reaching safepoint: 95190 ns, At safepoint: 7461 ns, Total: 102651 ns
[2020-09-11T16:57:04.221+0000][1][safepoint    ] Safepoint "Cleanup", Time since last: 1000120321 ns, Reaching safepoint: 105176 ns, At safepoint: 9198 ns, Total: 114374 ns
[2020-09-11T16:57:05.221+0000][1][safepoint    ] Safepoint "Cleanup", Time since last: 1000117659 ns, Reaching safepoint: 97442 ns, At safepoint: 10563 ns, Total: 108005 ns
[2020-09-11T16:57:05.388+0000][1][safepoint    ] Safepoint "RevokeBias", Time since last: 166822907 ns, Reaching safepoint: 208251 ns, At safepoint: 29179 ns, Total: 237430 ns
[2020-09-11T16:57:06.389+0000][1][safepoint    ] Safepoint "Cleanup", Time since last: 1000211102 ns, Reaching safepoint: 109504 ns, At safepoint: 8050 ns, Total: 117554 ns
[2020-09-11T16:57:06.962+0000][1][gc,start     ] GC(76) Pause Young (Allocation Failure)
[2020-09-11T16:57:06.962+0000][1][gc,task      ] GC(76) Using 1 workers of 1 for evacuation
[2020-09-11T16:57:06.987+0000][1][gc,age       ] GC(76) Desired survivor size 4358144 bytes, new threshold 6 (max threshold 6)
[2020-09-11T16:57:06.987+0000][1][gc,age       ] GC(76) Age table with threshold 6 (max threshold 6)
[2020-09-11T16:57:06.987+0000][1][gc,age       ] GC(76) - age   1:     306688 bytes,     306688 total
[2020-09-11T16:57:06.987+0000][1][gc,age       ] GC(76) - age   2:      12184 bytes,     318872 total
[2020-09-11T16:57:06.987+0000][1][gc,age       ] GC(76) - age   3:    2749336 bytes,    3068208 total
[2020-09-11T16:57:06.987+0000][1][gc,age       ] GC(76) - age   4:     485992 bytes,    3554200 total
[2020-09-11T16:57:06.987+0000][1][gc,heap      ] GC(76) ParNew: 73415K->3739K(76672K)
[2020-09-11T16:57:06.987+0000][1][gc,heap      ] GC(76) CMS: 72613K->72613K(439104K)
[2020-09-11T16:57:06.987+0000][1][gc,metaspace ] GC(76) Metaspace: 89749K->89749K(1132544K)
[2020-09-11T16:57:06.987+0000][1][gc           ] GC(76) Pause Young (Allocation Failure) 142M->74M(503M) 25.273ms
[2020-09-11T16:57:06.987+0000][1][gc,cpu       ] GC(76) User=0.01s Sys=0.00s Real=0.02s
[2020-09-11T16:57:06.998+0000][1][safepoint    ] Safepoint "GenCollectForAllocation", Time since last: 572836761 ns, Reaching safepoint: 215284 ns, At safepoint: 35936168 ns, Total: 36151452 ns
[2020-09-11T16:57:07.225+0000][1][safepoint    ] Safepoint "RevokeBias", Time since last: 224804653 ns, Reaching safepoint: 2473807 ns, At safepoint: 252776 ns, Total: 2726583 ns
[2020-09-11T16:57:08.226+0000][1][safepoint    ] Safepoint "Cleanup", Time since last: 1000131030 ns, Reaching safepoint: 126167 ns, At safepoint: 10637 ns, Total: 136804 ns
[2020-09-11T16:57:09.226+0000][1][safepoint    ] Safepoint "Cleanup", Time since last: 1000123663 ns, Reaching safepoint: 104576 ns, At safepoint: 8858 ns, Total: 113434 ns
[2020-09-11T16:57:10.226+0000][1][safepoint    ] Safepoint "Cleanup", Time since last: 1000175164 ns, Reaching safepoint: 162800 ns, At safepoint: 17971 ns, Total: 180771 ns
[2020-09-11T16:57:11.226+0000][1][safepoint    ] Safepoint "Cleanup", Time since last: 1000170286 ns, Reaching safepoint: 131964 ns, At safepoint: 8504 ns, Total: 140468 ns
[2020-09-11T16:57:12.227+0000][1][safepoint    ] Safepoint "Cleanup", Time since last: 1000135871 ns, Reaching safepoint: 130477 ns, At safepoint: 6765 ns, Total: 137242 ns
[2020-09-11T16:57:13.227+0000][1][safepoint    ] Safepoint "Cleanup", Time since last: 1000106213 ns, Reaching safepoint: 99972 ns, At safepoint: 8454 ns, Total: 108426 ns
[2020-09-11T16:57:14.227+0000][1][safepoint    ] Safepoint "Cleanup", Time since last: 1000176104 ns, Reaching safepoint: 117161 ns, At safepoint: 7241 ns, Total: 124402 ns
[2020-09-11T16:57:15.227+0000][1][safepoint    ] Safepoint "Cleanup", Time since last: 1000161857 ns, Reaching safepoint: 128102 ns, At safepoint: 8005 ns, Total: 136107 ns
[2020-09-11T16:57:15.334+0000][1][safepoint    ] Safepoint "RevokeBias", Time since last: 106258810 ns, Reaching safepoint: 111116 ns, At safepoint: 23760 ns, Total: 134876 ns
[2020-09-11T16:57:16.334+0000][1][safepoint    ] Safepoint "Cleanup", Time since last: 1000168658 ns, Reaching safepoint: 178603 ns, At safepoint: 19482 ns, Total: 198085 ns
[2020-09-11T16:57:17.040+0000][1][safepoint    ] Safepoint "RevokeBias", Time since last: 703038406 ns, Reaching safepoint: 2197675 ns, At safepoint: 27229 ns, Total: 2224904 ns
[2020-09-11T16:57:18.040+0000][1][safepoint    ] Safepoint "Cleanup", Time since last: 1000191094 ns, Reaching safepoint: 151219 ns, At safepoint: 7877 ns, Total: 159096 ns
[2020-09-11T16:57:19.040+0000][1][safepoint    ] Safepoint "Cleanup", Time since last: 1000169363 ns, Reaching safepoint: 179549 ns, At safepoint: 18846 ns, Total: 198395 ns
[2020-09-11T16:57:20.041+0000][1][safepoint    ] Safepoint "Cleanup", Time since last: 1000222746 ns, Reaching safepoint: 174962 ns, At safepoint: 18509 ns, Total: 193471 ns
[2020-09-11T16:57:21.041+0000][1][safepoint    ] Safepoint "Cleanup", Time since last: 1000208629 ns, Reaching safepoint: 179642 ns, At safepoint: 18556 ns, Total: 198198 ns
[2020-09-11T16:57:21.222+0000][1][safepoint    ] Safepoint "RevokeBias", Time since last: 180407201 ns, Reaching safepoint: 211742 ns, At safepoint: 12348 ns, Total: 224090 ns
[2020-09-11T16:57:21.222+0000][1][safepoint    ] Safepoint "RevokeBias", Time since last: 275160 ns, Reaching safepoint: 191972 ns, At safepoint: 8145 ns, Total: 200117 ns
[2020-09-11T16:57:21.234+0000][1][safepoint    ] Safepoint "RevokeBias", Time since last: 11717135 ns, Reaching safepoint: 170169 ns, At safepoint: 12107 ns, Total: 182276 ns
[2020-09-11T16:57:21.234+0000][1][safepoint    ] Safepoint "RevokeBias", Time since last: 90101 ns, Reaching safepoint: 135859 ns, At safepoint: 8232 ns, Total: 144091 ns
[2020-09-11T16:57:21.234+0000][1][safepoint    ] Safepoint "RevokeBias", Time since last: 41337 ns, Reaching safepoint: 121518 ns, At safepoint: 6812 ns, Total: 128330 ns
[2020-09-11T16:57:22.235+0000][1][safepoint    ] Safepoint "Cleanup", Time since last: 1000151010 ns, Reaching safepoint: 217766 ns, At safepoint: 20687 ns, Total: 238453 ns
[2020-09-11T16:57:23.235+0000][1][safepoint    ] Safepoint "Cleanup", Time since last: 1000172785 ns, Reaching safepoint: 104785 ns, At safepoint: 10525 ns, Total: 115310 ns
[2020-09-11T16:57:24.235+0000][1][safepoint    ] Safepoint "Cleanup", Time since last: 1000151832 ns, Reaching safepoint: 161736 ns, At safepoint: 8461 ns, Total: 170197 ns
[2020-09-11T16:57:25.236+0000][1][safepoint    ] Safepoint "Cleanup", Time since last: 1000187331 ns, Reaching safepoint: 175646 ns, At safepoint: 19394 ns, Total: 195040 ns
[2020-09-11T16:57:25.335+0000][1][safepoint    ] Safepoint "RevokeBias", Time since last: 98941825 ns, Reaching safepoint: 190532 ns, At safepoint: 24459 ns, Total: 214991 ns
[2020-09-11T16:57:25.836+0000][1][gc,start     ] GC(77) Pause Young (Allocation Failure)
[2020-09-11T16:57:25.836+0000][1][gc,task      ] GC(77) Using 1 workers of 1 for evacuation
[2020-09-11T16:57:25.845+0000][1][gc,age       ] GC(77) Desired survivor size 4358144 bytes, new threshold 6 (max threshold 6)
[2020-09-11T16:57:25.845+0000][1][gc,age       ] GC(77) Age table with threshold 6 (max threshold 6)
[2020-09-11T16:57:25.845+0000][1][gc,age       ] GC(77) - age   1:     743640 bytes,     743640 total
[2020-09-11T16:57:25.845+0000][1][gc,age       ] GC(77) - age   2:      57176 bytes,     800816 total
[2020-09-11T16:57:25.845+0000][1][gc,age       ] GC(77) - age   3:      10096 bytes,     810912 total
[2020-09-11T16:57:25.845+0000][1][gc,age       ] GC(77) - age   4:    2747984 bytes,    3558896 total
[2020-09-11T16:57:25.845+0000][1][gc,age       ] GC(77) - age   5:     485912 bytes,    4044808 total
[2020-09-11T16:57:25.845+0000][1][gc,heap      ] GC(77) ParNew: 71899K->7076K(76672K)
[2020-09-11T16:57:25.845+0000][1][gc,heap      ] GC(77) CMS: 72613K->72613K(439104K)
[2020-09-11T16:57:25.845+0000][1][gc,metaspace ] GC(77) Metaspace: 91416K->91416K(1132544K)
[2020-09-11T16:57:25.845+0000][1][gc           ] GC(77) Pause Young (Allocation Failure) 141M->77M(503M) 9.429ms
[2020-09-11T16:57:25.845+0000][1][gc,cpu       ] GC(77) User=0.01s Sys=0.00s Real=0.01s
[2020-09-11T16:57:25.846+0000][1][safepoint    ] Safepoint "GenCollectForAllocation", Time since last: 500779076 ns, Reaching safepoint: 216678 ns, At safepoint: 9546079 ns, Total: 9762757 ns
[2020-09-11T16:57:26.846+0000][1][safepoint    ] Safepoint "Cleanup", Time since last: 1000285330 ns, Reaching safepoint: 88498 ns, At safepoint: 18692 ns, Total: 107190 ns
[2020-09-11T16:57:27.056+0000][1][safepoint    ] Safepoint "RevokeBias", Time since last: 210026620 ns, Reaching safepoint: 220929 ns, At safepoint: 214543 ns, Total: 435472 ns
[2020-09-11T16:57:28.057+0000][1][safepoint    ] Safepoint "Cleanup", Time since last: 1000172818 ns, Reaching safepoint: 150234 ns, At safepoint: 8729 ns, Total: 158963 ns
[2020-09-11T16:57:29.057+0000][1][safepoint    ] Safepoint "Cleanup", Time since last: 1000165799 ns, Reaching safepoint: 173471 ns, At safepoint: 19087 ns, Total: 192558 ns
[2020-09-11T16:57:30.057+0000][1][safepoint    ] Safepoint "Cleanup", Time since last: 1000164666 ns, Reaching safepoint: 173925 ns, At safepoint: 19686 ns, Total: 193611 ns
[2020-09-11T16:57:31.058+0000][1][safepoint    ] Safepoint "Cleanup", Time since last: 1000186705 ns, Reaching safepoint: 143548 ns, At safepoint: 9017 ns, Total: 152565 ns
[2020-09-11T16:57:32.058+0000][1][safepoint    ] Safepoint "Cleanup", Time since last: 1000147821 ns, Reaching safepoint: 173357 ns, At safepoint: 19472 ns, Total: 192829 ns
[2020-09-11T16:57:33.059+0000][1][safepoint    ] Safepoint "Cleanup", Time since last: 1000178266 ns, Reaching safepoint: 178593 ns, At safepoint: 18409 ns, Total: 197002 ns
[2020-09-11T16:57:35.059+0000][1][safepoint    ] Safepoint "Cleanup", Time since last: 2000311307 ns, Reaching safepoint: 131545 ns, At safepoint: 8910 ns, Total: 140455 ns
[2020-09-11T16:57:35.297+0000][1][safepoint    ] Safepoint "RevokeBias", Time since last: 237671906 ns, Reaching safepoint: 227326 ns, At safepoint: 24463 ns, Total: 251789 ns
[2020-09-11T16:57:37.084+0000][1][safepoint    ] Safepoint "RevokeBias", Time since last: 1786700294 ns, Reaching safepoint: 172297 ns, At safepoint: 22864 ns, Total: 195161 ns
[2020-09-11T16:57:38.084+0000][1][safepoint    ] Safepoint "Cleanup", Time since last: 1000182414 ns, Reaching safepoint: 154929 ns, At safepoint: 9143 ns, Total: 164072 ns
[2020-09-11T16:57:39.085+0000][1][safepoint    ] Safepoint "Cleanup", Time since last: 1000176499 ns, Reaching safepoint: 338904 ns, At safepoint: 20400 ns, Total: 359304 ns
[2020-09-11T16:57:40.085+0000][1][safepoint    ] Safepoint "Cleanup", Time since last: 1000230858 ns, Reaching safepoint: 133460 ns, At safepoint: 12709 ns, Total: 146169 ns
[2020-09-11T16:57:41.085+0000][1][safepoint    ] Safepoint "Cleanup", Time since last: 1000163567 ns, Reaching safepoint: 170689 ns, At safepoint: 18983 ns, Total: 189672 ns
[2020-09-11T16:57:42.086+0000][1][safepoint    ] Safepoint "Cleanup", Time since last: 1000252797 ns, Reaching safepoint: 123119 ns, At safepoint: 8530 ns, Total: 131649 ns
[2020-09-11T16:57:42.639+0000][1][safepoint    ] Safepoint "RevokeBias", Time since last: 552607912 ns, Reaching safepoint: 201053 ns, At safepoint: 23952 ns, Total: 225005 ns
[2020-09-11T16:57:42.639+0000][1][safepoint    ] Safepoint "RevokeBias", Time since last: 68374 ns, Reaching safepoint: 126278 ns, At safepoint: 14270 ns, Total: 140548 ns
[2020-09-11T16:57:42.641+0000][1][safepoint    ] Safepoint "RevokeBias", Time since last: 952782 ns, Reaching safepoint: 1058475 ns, At safepoint: 17850 ns, Total: 1076325 ns
[2020-09-11T16:57:42.642+0000][1][safepoint    ] Safepoint "RevokeBias", Time since last: 892964 ns, Reaching safepoint: 530221 ns, At safepoint: 15477 ns, Total: 545698 ns
[2020-09-11T16:57:43.643+0000][1][safepoint    ] Safepoint "Cleanup", Time since last: 1000165495 ns, Reaching safepoint: 207610 ns, At safepoint: 21810 ns, Total: 229420 ns
[2020-09-11T16:57:44.643+0000][1][safepoint    ] Safepoint "Cleanup", Time since last: 1000250630 ns, Reaching safepoint: 121670 ns, At safepoint: 7811 ns, Total: 129481 ns
[2020-09-11T16:57:45.326+0000][1][safepoint    ] Safepoint "RevokeBias", Time since last: 682320475 ns, Reaching safepoint: 208956 ns, At safepoint: 48595 ns, Total: 257551 ns
[2020-09-11T16:57:46.326+0000][1][safepoint    ] Safepoint "Cleanup", Time since last: 1000240865 ns, Reaching safepoint: 190494 ns, At safepoint: 19772 ns, Total: 210266 ns
[2020-09-11T16:57:47.063+0000][1][safepoint    ] Safepoint "RevokeBias", Time since last: 736873334 ns, Reaching safepoint: 112891 ns, At safepoint: 21618 ns, Total: 134509 ns
[2020-09-11T16:57:47.178+0000][1][gc,start     ] GC(78) Pause Young (Allocation Failure)
[2020-09-11T16:57:47.178+0000][1][gc,task      ] GC(78) Using 1 workers of 1 for evacuation
[2020-09-11T16:57:47.190+0000][1][gc,age       ] GC(78) Desired survivor size 4358144 bytes, new threshold 6 (max threshold 6)
[2020-09-11T16:57:47.190+0000][1][gc,age       ] GC(78) Age table with threshold 6 (max threshold 6)
[2020-09-11T16:57:47.190+0000][1][gc,age       ] GC(78) - age   1:     588352 bytes,     588352 total
[2020-09-11T16:57:47.190+0000][1][gc,age       ] GC(78) - age   2:     693440 bytes,    1281792 total
[2020-09-11T16:57:47.190+0000][1][gc,age       ] GC(78) - age   3:      55160 bytes,    1336952 total
[2020-09-11T16:57:47.190+0000][1][gc,age       ] GC(78) - age   4:       9824 bytes,    1346776 total
[2020-09-11T16:57:47.190+0000][1][gc,age       ] GC(78) - age   5:    2746744 bytes,    4093520 total
[2020-09-11T16:57:47.190+0000][1][gc,age       ] GC(78) - age   6:     485832 bytes,    4579352 total
[2020-09-11T16:57:47.190+0000][1][gc,heap      ] GC(78) ParNew: 75236K->4731K(76672K)
[2020-09-11T16:57:47.190+0000][1][gc,heap      ] GC(78) CMS: 72613K->72613K(439104K)
[2020-09-11T16:57:47.190+0000][1][gc,metaspace ] GC(78) Metaspace: 91597K->91597K(1134592K)
[2020-09-11T16:57:47.190+0000][1][gc           ] GC(78) Pause Young (Allocation Failure) 144M->75M(503M) 12.336ms
[2020-09-11T16:57:47.190+0000][1][gc,cpu       ] GC(78) User=0.01s Sys=0.00s Real=0.01s
[2020-09-11T16:57:47.194+0000][1][safepoint    ] Safepoint "GenCollectForAllocation", Time since last: 114812196 ns, Reaching safepoint: 192062 ns, At safepoint: 16238726 ns, Total: 16430788 ns
[2020-09-11T16:57:48.201+0000][1][safepoint    ] Safepoint "Cleanup", Time since last: 1006488121 ns, Reaching safepoint: 203961 ns, At safepoint: 19257 ns, Total: 223218 ns
[2020-09-11T16:57:49.202+0000][1][safepoint    ] Safepoint "Cleanup", Time since last: 1000224504 ns, Reaching safepoint: 262710 ns, At safepoint: 20169 ns, Total: 282879 ns
[2020-09-11T16:57:50.094+0000][1][safepoint    ] Safepoint "RevokeBias", Time since last: 891235759 ns, Reaching safepoint: 1574468 ns, At safepoint: 28077 ns, Total: 1602545 ns
[2020-09-11T16:57:50.883+0000][1][safepoint    ] Safepoint "RevokeBias", Time since last: 786991678 ns, Reaching safepoint: 1539194 ns, At safepoint: 25248 ns, Total: 1564442 ns
[2020-09-11T16:57:50.883+0000][1][safepoint    ] Safepoint "RevokeBias", Time since last: 181198 ns, Reaching safepoint: 112121 ns, At safepoint: 14520 ns, Total: 126641 ns
[2020-09-11T16:57:50.906+0000][1][safepoint    ] Safepoint "Deoptimize", Time since last: 13551162 ns, Reaching safepoint: 8061018 ns, At safepoint: 816650 ns, Total: 8877668 ns
[2020-09-11T16:57:50.942+0000][1][safepoint    ] Safepoint "Deoptimize", Time since last: 32071182 ns, Reaching safepoint: 3095270 ns, At safepoint: 750851 ns, Total: 3846121 ns
[2020-09-11T16:57:50.942+0000][1][safepoint    ] Safepoint "RevokeBias", Time since last: 727465 ns, Reaching safepoint: 136835 ns, At safepoint: 18179 ns, Total: 155014 ns
[2020-09-11T16:57:51.293+0000][1][safepoint    ] Safepoint "RevokeBias", Time since last: 350302670 ns, Reaching safepoint: 183112 ns, At safepoint: 25629 ns, Total: 208741 ns
[2020-09-11T16:57:51.294+0000][1][safepoint    ] Safepoint "RevokeBias", Time since last: 668203 ns, Reaching safepoint: 111467 ns, At safepoint: 15219 ns, Total: 126686 ns
[2020-09-11T16:57:51.294+0000][1][safepoint    ] Safepoint "RevokeBias", Time since last: 172756 ns, Reaching safepoint: 110997 ns, At safepoint: 13557 ns, Total: 124554 ns
[2020-09-11T16:57:51.297+0000][1][safepoint    ] Safepoint "RevokeBias", Time since last: 2752528 ns, Reaching safepoint: 124422 ns, At safepoint: 23834 ns, Total: 148256 ns
[2020-09-11T16:57:51.330+0000][1][safepoint    ] Safepoint "Deoptimize", Time since last: 28857351 ns, Reaching safepoint: 3050188 ns, At safepoint: 780056 ns, Total: 3830244 ns
[2020-09-11T16:57:51.488+0000][1][safepoint    ] Safepoint "RevokeBias", Time since last: 157635579 ns, Reaching safepoint: 162708 ns, At safepoint: 28631 ns, Total: 191339 ns
[2020-09-11T16:57:51.495+0000][1][safepoint    ] Safepoint "RevokeBias", Time since last: 6970932 ns, Reaching safepoint: 157235 ns, At safepoint: 20086 ns, Total: 177321 ns
[2020-09-11T16:57:51.618+0000][1][safepoint    ] Safepoint "RevokeBias", Time since last: 123101249 ns, Reaching safepoint: 162535 ns, At safepoint: 21272 ns, Total: 183807 ns
[2020-09-11T16:57:51.625+0000][1][safepoint    ] Safepoint "RevokeBias", Time since last: 6961685 ns, Reaching safepoint: 160510 ns, At safepoint: 22461 ns, Total: 182971 ns
[2020-09-11T16:57:51.625+0000][1][safepoint    ] Safepoint "RevokeBias", Time since last: 71442 ns, Reaching safepoint: 106944 ns, At safepoint: 13784 ns, Total: 120728 ns
[2020-09-11T16:57:51.625+0000][1][safepoint    ] Safepoint "RevokeBias", Time since last: 35957 ns, Reaching safepoint: 106814 ns, At safepoint: 12550 ns, Total: 119364 ns
[2020-09-11T16:57:51.626+0000][1][safepoint    ] Safepoint "RevokeBias", Time since last: 35257 ns, Reaching safepoint: 105962 ns, At safepoint: 11859 ns, Total: 117821 ns
[2020-09-11T16:57:51.632+0000][1][safepoint    ] Safepoint "RevokeBias", Time since last: 6124198 ns, Reaching safepoint: 168461 ns, At safepoint: 21292 ns, Total: 189753 ns
[2020-09-11T16:57:51.788+0000][1][safepoint    ] Safepoint "RevokeBias", Time since last: 155937431 ns, Reaching safepoint: 165220 ns, At safepoint: 21221 ns, Total: 186441 ns
[2020-09-11T16:57:51.835+0000][1][safepoint    ] Safepoint "RevokeBias", Time since last: 46430819 ns, Reaching safepoint: 160913 ns, At safepoint: 21945 ns, Total: 182858 ns
[2020-09-11T16:57:51.862+0000][1][safepoint    ] Safepoint "RevokeBias", Time since last: 27013571 ns, Reaching safepoint: 161343 ns, At safepoint: 20552 ns, Total: 181895 ns
[2020-09-11T16:57:52.862+0000][1][safepoint    ] Safepoint "Cleanup", Time since last: 1000113274 ns, Reaching safepoint: 102212 ns, At safepoint: 7512 ns, Total: 109724 ns
[2020-09-11T16:57:53.862+0000][1][safepoint    ] Safepoint "Cleanup", Time since last: 1000131106 ns, Reaching safepoint: 105863 ns, At safepoint: 7881 ns, Total: 113744 ns
[2020-09-11T16:57:54.863+0000][1][safepoint    ] Safepoint "Cleanup", Time since last: 1000124963 ns, Reaching safepoint: 126395 ns, At safepoint: 7862 ns, Total: 134257 ns
[2020-09-11T16:57:55.345+0000][1][safepoint    ] Safepoint "RevokeBias", Time since last: 482376259 ns, Reaching safepoint: 114753 ns, At safepoint: 24279 ns, Total: 139032 ns
[2020-09-11T16:57:55.619+0000][1][safepoint    ] Safepoint "RevokeBias", Time since last: 273880135 ns, Reaching safepoint: 135048 ns, At safepoint: 23665 ns, Total: 158713 ns
[2020-09-11T16:57:55.643+0000][1][safepoint    ] Safepoint "RevokeBias", Time since last: 21655797 ns, Reaching safepoint: 2363901 ns, At safepoint: 27721 ns, Total: 2391622 ns
[2020-09-11T16:57:55.645+0000][1][safepoint    ] Safepoint "RevokeBias", Time since last: 168847 ns, Reaching safepoint: 1492073 ns, At safepoint: 14985 ns, Total: 1507058 ns
[2020-09-11T16:57:55.649+0000][1][safepoint    ] Safepoint "RevokeBias", Time since last: 180558 ns, Reaching safepoint: 3786194 ns, At safepoint: 14210 ns, Total: 3800404 ns
[2020-09-11T16:57:55.649+0000][1][safepoint    ] Safepoint "RevokeBias", Time since last: 58964 ns, Reaching safepoint: 553658 ns, At safepoint: 14186 ns, Total: 567844 ns
[2020-09-11T16:57:55.729+0000][1][safepoint    ] Safepoint "RevokeBias", Time since last: 79341374 ns, Reaching safepoint: 584014 ns, At safepoint: 26426 ns, Total: 610440 ns
[2020-09-11T16:57:55.875+0000][1][gc,start     ] GC(79) Pause Young (Allocation Failure)
[2020-09-11T16:57:55.875+0000][1][gc,task      ] GC(79) Using 1 workers of 1 for evacuation
[2020-09-11T16:57:55.929+0000][1][gc,age       ] GC(79) Desired survivor size 4358144 bytes, new threshold 6 (max threshold 6)
[2020-09-11T16:57:55.929+0000][1][gc,age       ] GC(79) Age table with threshold 6 (max threshold 6)
[2020-09-11T16:57:55.929+0000][1][gc,age       ] GC(79) - age   1:     338096 bytes,     338096 total
[2020-09-11T16:57:55.929+0000][1][gc,age       ] GC(79) - age   2:      44240 bytes,     382336 total
[2020-09-11T16:57:55.929+0000][1][gc,age       ] GC(79) - age   3:     675000 bytes,    1057336 total
[2020-09-11T16:57:55.929+0000][1][gc,age       ] GC(79) - age   4:      53080 bytes,    1110416 total
[2020-09-11T16:57:55.929+0000][1][gc,age       ] GC(79) - age   5:       9824 bytes,    1120240 total
[2020-09-11T16:57:55.929+0000][1][gc,age       ] GC(79) - age   6:     518768 bytes,    1639008 total
[2020-09-11T16:57:55.929+0000][1][gc,heap      ] GC(79) ParNew: 72891K->3945K(76672K)
[2020-09-11T16:57:55.929+0000][1][gc,heap      ] GC(79) CMS: 72613K->73112K(439104K)
[2020-09-11T16:57:55.929+0000][1][gc,metaspace ] GC(79) Metaspace: 92520K->92520K(1134592K)
[2020-09-11T16:57:55.929+0000][1][gc           ] GC(79) Pause Young (Allocation Failure) 142M->75M(503M) 53.942ms
[2020-09-11T16:57:55.929+0000][1][gc,cpu       ] GC(79) User=0.01s Sys=0.00s Real=0.05s
[2020-09-11T16:57:55.929+0000][1][safepoint    ] Safepoint "GenCollectForAllocation", Time since last: 145545803 ns, Reaching safepoint: 162970 ns, At safepoint: 54013433 ns, Total: 54176403 ns
[2020-09-11T16:57:56.937+0000][1][safepoint    ] Safepoint "Cleanup", Time since last: 1008123678 ns, Reaching safepoint: 160455 ns, At safepoint: 8580 ns, Total: 169035 ns
[2020-09-11T16:57:56.951+0000][1][safepoint    ] Safepoint "RevokeBias", Time since last: 13660497 ns, Reaching safepoint: 173132 ns, At safepoint: 22316 ns, Total: 195448 ns
[2020-09-11T16:57:57.305+0000][1][safepoint    ] Safepoint "RevokeBias", Time since last: 353038949 ns, Reaching safepoint: 521961 ns, At safepoint: 229633 ns, Total: 751594 ns
[2020-09-11T16:57:58.305+0000][1][safepoint    ] Safepoint "Cleanup", Time since last: 1000116681 ns, Reaching safepoint: 120440 ns, At safepoint: 8615 ns, Total: 129055 ns
[2020-09-11T16:57:59.306+0000][1][safepoint    ] Safepoint "Cleanup", Time since last: 1000131596 ns, Reaching safepoint: 103214 ns, At safepoint: 8131 ns, Total: 111345 ns
[2020-09-11T16:58:00.306+0000][1][safepoint    ] Safepoint "Cleanup", Time since last: 1000124311 ns, Reaching safepoint: 101314 ns, At safepoint: 11275 ns, Total: 112589 ns
[2020-09-11T16:58:01.306+0000][1][safepoint    ] Safepoint "Cleanup", Time since last: 1000117070 ns, Reaching safepoint: 96900 ns, At safepoint: 7409 ns, Total: 104309 ns
[2020-09-11T16:58:02.306+0000][1][safepoint    ] Safepoint "Cleanup", Time since last: 1000111068 ns, Reaching safepoint: 102899 ns, At safepoint: 9762 ns, Total: 112661 ns
[2020-09-11T16:58:03.306+0000][1][safepoint    ] Safepoint "Cleanup", Time since last: 1000136856 ns, Reaching safepoint: 107231 ns, At safepoint: 10112 ns, Total: 117343 ns
[2020-09-11T16:58:04.307+0000][1][safepoint    ] Safepoint "Cleanup", Time since last: 1000143086 ns, Reaching safepoint: 184063 ns, At safepoint: 18532 ns, Total: 202595 ns
[2020-09-11T16:58:05.080+0000][1][safepoint    ] Safepoint "RevokeBias", Time since last: 770267141 ns, Reaching safepoint: 2301689 ns, At safepoint: 172455 ns, Total: 2474144 ns
[2020-09-11T16:58:05.080+0000][1][safepoint    ] Safepoint "RevokeBias", Time since last: 82097 ns, Reaching safepoint: 134807 ns, At safepoint: 120596 ns, Total: 255403 ns
[2020-09-11T16:58:05.302+0000][1][safepoint    ] Safepoint "RevokeBias", Time since last: 222399884 ns, Reaching safepoint: 113017 ns, At safepoint: 22873 ns, Total: 135890 ns
[2020-09-11T16:58:05.788+0000][1][safepoint    ] Safepoint "RevokeBias", Time since last: 485178208 ns, Reaching safepoint: 92040 ns, At safepoint: 23239 ns, Total: 115279 ns
[2020-09-11T16:58:05.800+0000][1][safepoint    ] Safepoint "RevokeBias", Time since last: 11851129 ns, Reaching safepoint: 229101 ns, At safepoint: 26287 ns, Total: 255388 ns
[2020-09-11T16:58:05.800+0000][1][safepoint    ] Safepoint "RevokeBias", Time since last: 194304 ns, Reaching safepoint: 161245 ns, At safepoint: 15219 ns, Total: 176464 ns
[2020-09-11T16:58:05.800+0000][1][safepoint    ] Safepoint "RevokeBias", Time since last: 101747 ns, Reaching safepoint: 163465 ns, At safepoint: 12789 ns, Total: 176254 ns
[2020-09-11T16:58:05.801+0000][1][safepoint    ] Safepoint "RevokeBias", Time since last: 47603 ns, Reaching safepoint: 177774 ns, At safepoint: 11684 ns, Total: 189458 ns
[2020-09-11T16:58:05.811+0000][1][safepoint    ] Safepoint "RevokeBias", Time since last: 10173353 ns, Reaching safepoint: 203960 ns, At safepoint: 22229 ns, Total: 226189 ns
[2020-09-11T16:58:06.812+0000][1][safepoint    ] Safepoint "Cleanup", Time since last: 1000145320 ns, Reaching safepoint: 277787 ns, At safepoint: 19648 ns, Total: 297435 ns
[2020-09-11T16:58:06.943+0000][1][safepoint    ] Safepoint "RevokeBias", Time since last: 131511661 ns, Reaching safepoint: 205254 ns, At safepoint: 42141 ns, Total: 247395 ns
[2020-09-11T16:58:07.048+0000][1][safepoint    ] Safepoint "RevokeBias", Time since last: 104258366 ns, Reaching safepoint: 240135 ns, At safepoint: 298352 ns, Total: 538487 ns
[2020-09-11T16:58:08.048+0000][1][safepoint    ] Safepoint "Cleanup", Time since last: 1000178367 ns, Reaching safepoint: 144366 ns, At safepoint: 8499 ns, Total: 152865 ns
[2020-09-11T16:58:08.584+0000][1][gc,start     ] GC(80) Pause Young (Allocation Failure)
[2020-09-11T16:58:08.584+0000][1][gc,task      ] GC(80) Using 1 workers of 1 for evacuation
[2020-09-11T16:58:08.599+0000][1][gc,age       ] GC(80) Desired survivor size 4358144 bytes, new threshold 6 (max threshold 6)
[2020-09-11T16:58:08.599+0000][1][gc,age       ] GC(80) Age table with threshold 6 (max threshold 6)
[2020-09-11T16:58:08.599+0000][1][gc,age       ] GC(80) - age   1:     141936 bytes,     141936 total
[2020-09-11T16:58:08.599+0000][1][gc,age       ] GC(80) - age   2:     292808 bytes,     434744 total
[2020-09-11T16:58:08.599+0000][1][gc,age       ] GC(80) - age   3:      30952 bytes,     465696 total
[2020-09-11T16:58:08.599+0000][1][gc,age       ] GC(80) - age   4:     674904 bytes,    1140600 total
[2020-09-11T16:58:08.599+0000][1][gc,age       ] GC(80) - age   5:      52792 bytes,    1193392 total
[2020-09-11T16:58:08.599+0000][1][gc,age       ] GC(80) - age   6:       9824 bytes,    1203216 total
[2020-09-11T16:58:08.599+0000][1][gc,heap      ] GC(80) ParNew: 72105K->1586K(76672K)
[2020-09-11T16:58:08.599+0000][1][gc,heap      ] GC(80) CMS: 73112K->73624K(439104K)
[2020-09-11T16:58:08.599+0000][1][gc,metaspace ] GC(80) Metaspace: 92829K->92829K(1134592K)
[2020-09-11T16:58:08.599+0000][1][gc           ] GC(80) Pause Young (Allocation Failure) 141M->73M(503M) 15.444ms
[2020-09-11T16:58:08.599+0000][1][gc,cpu       ] GC(80) User=0.01s Sys=0.00s Real=0.01s
[2020-09-11T16:58:08.601+0000][1][safepoint    ] Safepoint "GenCollectForAllocation", Time since last: 535206288 ns, Reaching safepoint: 97939 ns, At safepoint: 17040419 ns, Total: 17138358 ns
[2020-09-11T16:58:09.605+0000][1][safepoint    ] Safepoint "Cleanup", Time since last: 1004397051 ns, Reaching safepoint: 102808 ns, At safepoint: 20924 ns, Total: 123732 ns
[2020-09-11T16:58:10.606+0000][1][safepoint    ] Safepoint "Cleanup", Time since last: 1000527920 ns, Reaching safepoint: 88012 ns, At safepoint: 8229 ns, Total: 96241 ns
[2020-09-11T16:58:11.606+0000][1][safepoint    ] Safepoint "Cleanup", Time since last: 1000114447 ns, Reaching safepoint: 97469 ns, At safepoint: 7798 ns, Total: 105267 ns
[2020-09-11T16:58:12.607+0000][1][safepoint    ] Safepoint "Cleanup", Time since last: 1000144570 ns, Reaching safepoint: 192782 ns, At safepoint: 18703 ns, Total: 211485 ns
[2020-09-11T16:58:15.327+0000][1][safepoint    ] Safepoint "RevokeBias", Time since last: 2720080429 ns, Reaching safepoint: 111760 ns, At safepoint: 24265 ns, Total: 136025 ns
[2020-09-11T16:58:15.823+0000][1][safepoint    ] Safepoint "RevokeBias", Time since last: 495751609 ns, Reaching safepoint: 83362 ns, At safepoint: 21397 ns, Total: 104759 ns
[2020-09-11T16:58:15.861+0000][1][safepoint    ] Safepoint "RevokeBias", Time since last: 36359176 ns, Reaching safepoint: 1903211 ns, At safepoint: 33666 ns, Total: 1936877 ns
[2020-09-11T16:58:15.862+0000][1][safepoint    ] Safepoint "RevokeBias", Time since last: 511647 ns, Reaching safepoint: 152140 ns, At safepoint: 20842 ns, Total: 172982 ns
[2020-09-11T16:58:15.863+0000][1][safepoint    ] Safepoint "RevokeBias", Time since last: 152339 ns, Reaching safepoint: 1689854 ns, At safepoint: 23576 ns, Total: 1713430 ns
[2020-09-11T16:58:15.865+0000][1][safepoint    ] Safepoint "RevokeBias", Time since last: 92894 ns, Reaching safepoint: 1315240 ns, At safepoint: 22458 ns, Total: 1337698 ns
[2020-09-11T16:58:15.905+0000][1][safepoint    ] Safepoint "RevokeBias", Time since last: 38843230 ns, Reaching safepoint: 1159310 ns, At safepoint: 26482 ns, Total: 1185792 ns
[2020-09-11T16:58:15.914+0000][1][safepoint    ] Safepoint "BulkRevokeBias", Time since last: 9164804 ns, Reaching safepoint: 162981 ns, At safepoint: 263935 ns, Total: 426916 ns
[2020-09-11T16:58:16.915+0000][1][safepoint    ] Safepoint "Cleanup", Time since last: 1000118653 ns, Reaching safepoint: 106178 ns, At safepoint: 7837 ns, Total: 114015 ns
[2020-09-11T16:58:16.943+0000][1][safepoint    ] Safepoint "RevokeBias", Time since last: 28536601 ns, Reaching safepoint: 208459 ns, At safepoint: 26462 ns, Total: 234921 ns
[2020-09-11T16:58:17.141+0000][1][safepoint    ] Safepoint "RevokeBias", Time since last: 193323583 ns, Reaching safepoint: 4064406 ns, At safepoint: 32530 ns, Total: 4096936 ns
[2020-09-11T16:58:18.141+0000][1][safepoint    ] Safepoint "Cleanup", Time since last: 1000121297 ns, Reaching safepoint: 126580 ns, At safepoint: 7914 ns, Total: 134494 ns
[2020-09-11T16:58:19.088+0000][1][safepoint    ] Safepoint "RevokeBias", Time since last: 946720317 ns, Reaching safepoint: 204384 ns, At safepoint: 21719 ns, Total: 226103 ns
[2020-09-11T16:58:19.095+0000][1][safepoint    ] Safepoint "RevokeBias", Time since last: 7073345 ns, Reaching safepoint: 257056 ns, At safepoint: 21219 ns, Total: 278275 ns
[2020-09-11T16:58:19.101+0000][1][safepoint    ] Safepoint "RevokeBias", Time since last: 5593792 ns, Reaching safepoint: 208095 ns, At safepoint: 21251 ns, Total: 229346 ns
[2020-09-11T16:58:19.117+0000][1][safepoint    ] Safepoint "RevokeBias", Time since last: 12387226 ns, Reaching safepoint: 3384375 ns, At safepoint: 30857 ns, Total: 3415232 ns
[2020-09-11T16:58:19.117+0000][1][safepoint    ] Safepoint "RevokeBias", Time since last: 180113 ns, Reaching safepoint: 127340 ns, At safepoint: 13598 ns, Total: 140938 ns
[2020-09-11T16:58:19.118+0000][1][safepoint    ] Safepoint "RevokeBias", Time since last: 616104 ns, Reaching safepoint: 124694 ns, At safepoint: 13306 ns, Total: 138000 ns
[2020-09-11T16:58:19.121+0000][1][safepoint    ] Safepoint "RevokeBias", Time since last: 106725 ns, Reaching safepoint: 2569881 ns, At safepoint: 20411 ns, Total: 2590292 ns
[2020-09-11T16:58:19.952+0000][1][safepoint    ] Safepoint "RevokeBias", Time since last: 830624557 ns, Reaching safepoint: 202705 ns, At safepoint: 48487 ns, Total: 251192 ns
[2020-09-11T16:58:19.952+0000][1][safepoint    ] Safepoint "RevokeBias", Time since last: 260942 ns, Reaching safepoint: 104617 ns, At safepoint: 33243 ns, Total: 137860 ns
[2020-09-11T16:58:19.959+0000][1][safepoint    ] Safepoint "RevokeBias", Time since last: 6320739 ns, Reaching safepoint: 344660 ns, At safepoint: 46731 ns, Total: 391391 ns
[2020-09-11T16:58:19.965+0000][1][safepoint    ] Safepoint "RevokeBias", Time since last: 5954247 ns, Reaching safepoint: 213636 ns, At safepoint: 21624 ns, Total: 235260 ns
[2020-09-11T16:58:19.966+0000][1][safepoint    ] Safepoint "RevokeBias", Time since last: 592647 ns, Reaching safepoint: 166684 ns, At safepoint: 16044 ns, Total: 182728 ns
[2020-09-11T16:58:19.966+0000][1][safepoint    ] Safepoint "RevokeBias", Time since last: 110792 ns, Reaching safepoint: 166722 ns, At safepoint: 13882 ns, Total: 180604 ns
[2020-09-11T16:58:19.966+0000][1][safepoint    ] Safepoint "RevokeBias", Time since last: 53525 ns, Reaching safepoint: 71919 ns, At safepoint: 12969 ns, Total: 84888 ns
[2020-09-11T16:58:19.973+0000][1][safepoint    ] Safepoint "RevokeBias", Time since last: 6212762 ns, Reaching safepoint: 207062 ns, At safepoint: 22239 ns, Total: 229301 ns
[2020-09-11T16:58:19.973+0000][1][safepoint    ] Safepoint "RevokeBias", Time since last: 538812 ns, Reaching safepoint: 165017 ns, At safepoint: 15867 ns, Total: 180884 ns
[2020-09-11T16:58:19.980+0000][1][safepoint    ] Safepoint "Deoptimize", Time since last: 5121957 ns, Reaching safepoint: 204817 ns, At safepoint: 848159 ns, Total: 1052976 ns
[2020-09-11T16:58:19.999+0000][1][safepoint    ] Safepoint "RevokeBias", Time since last: 19347901 ns, Reaching safepoint: 208231 ns, At safepoint: 22724 ns, Total: 230955 ns
[2020-09-11T16:58:20.015+0000][1][safepoint    ] Safepoint "RevokeBias", Time since last: 15396304 ns, Reaching safepoint: 166968 ns, At safepoint: 37941 ns, Total: 204909 ns
[2020-09-11T16:58:20.176+0000][1][safepoint    ] Safepoint "RevokeBias", Time since last: 161371295 ns, Reaching safepoint: 106912 ns, At safepoint: 22096 ns, Total: 129008 ns
[2020-09-11T16:58:20.176+0000][1][safepoint    ] Safepoint "RevokeBias", Time since last: 116726 ns, Reaching safepoint: 76536 ns, At safepoint: 17179 ns, Total: 93715 ns
[2020-09-11T16:58:20.180+0000][1][safepoint    ] Safepoint "RevokeBias", Time since last: 3449231 ns, Reaching safepoint: 98310 ns, At safepoint: 19790 ns, Total: 118100 ns
[2020-09-11T16:58:20.182+0000][1][safepoint    ] Safepoint "RevokeBias", Time since last: 1323916 ns, Reaching safepoint: 260045 ns, At safepoint: 22157 ns, Total: 282202 ns
[2020-09-11T16:58:22.879+0000][1][gc,start     ] GC(81) Pause Young (Allocation Failure)
[2020-09-11T16:58:22.879+0000][1][gc,task      ] GC(81) Using 1 workers of 1 for evacuation
[2020-09-11T16:58:22.927+0000][1][gc,age       ] GC(81) Desired survivor size 4358144 bytes, new threshold 6 (max threshold 6)
[2020-09-11T16:58:22.927+0000][1][gc,age       ] GC(81) Age table with threshold 6 (max threshold 6)
[2020-09-11T16:58:22.927+0000][1][gc,age       ] GC(81) - age   1:     540416 bytes,     540416 total
[2020-09-11T16:58:22.927+0000][1][gc,age       ] GC(81) - age   2:      96728 bytes,     637144 total
[2020-09-11T16:58:22.927+0000][1][gc,age       ] GC(81) - age   3:     291496 bytes,     928640 total
[2020-09-11T16:58:22.927+0000][1][gc,age       ] GC(81) - age   4:      27200 bytes,     955840 total
[2020-09-11T16:58:22.927+0000][1][gc,age       ] GC(81) - age   5:     674592 bytes,    1630432 total
[2020-09-11T16:58:22.927+0000][1][gc,age       ] GC(81) - age   6:      52792 bytes,    1683224 total
[2020-09-11T16:58:22.927+0000][1][gc,heap      ] GC(81) ParNew: 69746K->2555K(76672K)
[2020-09-11T16:58:22.928+0000][1][gc,heap      ] GC(81) CMS: 73624K->73634K(439104K)
[2020-09-11T16:58:22.928+0000][1][gc,metaspace ] GC(81) Metaspace: 93202K->93202K(1134592K)
[2020-09-11T16:58:22.928+0000][1][gc           ] GC(81) Pause Young (Allocation Failure) 140M->74M(503M) 48.830ms
[2020-09-11T16:58:22.928+0000][1][gc,cpu       ] GC(81) User=0.01s Sys=0.00s Real=0.05s
[2020-09-11T16:58:22.945+0000][1][safepoint    ] Safepoint "GenCollectForAllocation", Time since last: 2696817665 ns, Reaching safepoint: 247522 ns, At safepoint: 66729383 ns, Total: 66976905 ns
[2020-09-11T16:58:23.954+0000][1][safepoint    ] Safepoint "Cleanup", Time since last: 1008768459 ns, Reaching safepoint: 105821 ns, At safepoint: 9592 ns, Total: 115413 ns
[2020-09-11T16:58:24.955+0000][1][safepoint    ] Safepoint "Cleanup", Time since last: 1000113151 ns, Reaching safepoint: 102588 ns, At safepoint: 9186 ns, Total: 111774 ns
[2020-09-11T16:58:25.263+0000][1][safepoint    ] Safepoint "RevokeBias", Time since last: 307927758 ns, Reaching safepoint: 224312 ns, At safepoint: 28130 ns, Total: 252442 ns
[2020-09-11T16:58:25.263+0000][1][safepoint    ] Safepoint "RevokeBias", Time since last: 64031 ns, Reaching safepoint: 125971 ns, At safepoint: 14827 ns, Total: 140798 ns
[2020-09-11T16:58:25.263+0000][1][safepoint    ] Safepoint "RevokeBias", Time since last: 35603 ns, Reaching safepoint: 124921 ns, At safepoint: 12529 ns, Total: 137450 ns
[2020-09-11T16:58:25.263+0000][1][safepoint    ] Safepoint "RevokeBias", Time since last: 34276 ns, Reaching safepoint: 125139 ns, At safepoint: 12483 ns, Total: 137622 ns
[2020-09-11T16:58:25.263+0000][1][safepoint    ] Safepoint "RevokeBias", Time since last: 34261 ns, Reaching safepoint: 132097 ns, At safepoint: 13222 ns, Total: 145319 ns
[2020-09-11T16:58:25.264+0000][1][safepoint    ] Safepoint "RevokeBias", Time since last: 97521 ns, Reaching safepoint: 122880 ns, At safepoint: 12412 ns, Total: 135292 ns
[2020-09-11T16:58:25.264+0000][1][safepoint    ] Safepoint "RevokeBias", Time since last: 33409 ns, Reaching safepoint: 123850 ns, At safepoint: 12336 ns, Total: 136186 ns
[2020-09-11T16:58:25.314+0000][1][safepoint    ] Safepoint "RevokeBias", Time since last: 49464795 ns, Reaching safepoint: 192065 ns, At safepoint: 26462 ns, Total: 218527 ns
[2020-09-11T16:58:26.955+0000][1][safepoint    ] Safepoint "RevokeBias", Time since last: 1640704506 ns, Reaching safepoint: 1110078 ns, At safepoint: 27747 ns, Total: 1137825 ns
[2020-09-11T16:58:27.190+0000][1][safepoint    ] Safepoint "BulkRevokeBias", Time since last: 229296020 ns, Reaching safepoint: 4232497 ns, At safepoint: 1059287 ns, Total: 5291784 ns
[2020-09-11T16:58:27.373+0000][1][safepoint    ] Safepoint "RevokeBias", Time since last: 182811173 ns, Reaching safepoint: 182773 ns, At safepoint: 26291 ns, Total: 209064 ns
[2020-09-11T16:58:28.373+0000][1][safepoint    ] Safepoint "Cleanup", Time since last: 1000179625 ns, Reaching safepoint: 203123 ns, At safepoint: 20283 ns, Total: 223406 ns
[2020-09-11T16:58:30.374+0000][1][safepoint    ] Safepoint "Cleanup", Time since last: 2000274471 ns, Reaching safepoint: 149167 ns, At safepoint: 8913 ns, Total: 158080 ns
[2020-09-11T16:58:32.374+0000][1][safepoint    ] Safepoint "Cleanup", Time since last: 2000252431 ns, Reaching safepoint: 194416 ns, At safepoint: 19859 ns, Total: 214275 ns
[2020-09-11T16:58:34.375+0000][1][safepoint    ] Safepoint "Cleanup", Time since last: 2000348381 ns, Reaching safepoint: 196969 ns, At safepoint: 22007 ns, Total: 218976 ns
[2020-09-11T16:58:35.303+0000][1][safepoint    ] Safepoint "RevokeBias", Time since last: 927803987 ns, Reaching safepoint: 122125 ns, At safepoint: 27570 ns, Total: 149695 ns
[2020-09-11T16:58:36.303+0000][1][safepoint    ] Safepoint "Cleanup", Time since last: 1000173087 ns, Reaching safepoint: 132293 ns, At safepoint: 9473 ns, Total: 141766 ns
[2020-09-11T16:58:36.921+0000][1][safepoint    ] Safepoint "RevokeBias", Time since last: 616779094 ns, Reaching safepoint: 990659 ns, At safepoint: 29148 ns, Total: 1019807 ns
[2020-09-11T16:58:37.158+0000][1][safepoint    ] Safepoint "RevokeBias", Time since last: 236356146 ns, Reaching safepoint: 207430 ns, At safepoint: 25962 ns, Total: 233392 ns
[2020-09-11T16:58:38.158+0000][1][safepoint    ] Safepoint "Cleanup", Time since last: 1000176522 ns, Reaching safepoint: 206734 ns, At safepoint: 19886 ns, Total: 226620 ns
[2020-09-11T16:58:39.158+0000][1][safepoint    ] Safepoint "Cleanup", Time since last: 1000216075 ns, Reaching safepoint: 120352 ns, At safepoint: 7556 ns, Total: 127908 ns
[2020-09-11T16:58:40.158+0000][1][safepoint    ] Safepoint "Cleanup", Time since last: 1000102343 ns, Reaching safepoint: 97102 ns, At safepoint: 7787 ns, Total: 104889 ns
[2020-09-11T16:58:43.159+0000][1][safepoint    ] Safepoint "Cleanup", Time since last: 3000625053 ns, Reaching safepoint: 193286 ns, At safepoint: 19118 ns, Total: 212404 ns
[2020-09-11T16:58:44.160+0000][1][safepoint    ] Safepoint "Cleanup", Time since last: 1000243640 ns, Reaching safepoint: 130988 ns, At safepoint: 8241 ns, Total: 139229 ns
[2020-09-11T16:58:45.160+0000][1][safepoint    ] Safepoint "Cleanup", Time since last: 1000654768 ns, Reaching safepoint: 104264 ns, At safepoint: 8460 ns, Total: 112724 ns
[2020-09-11T16:58:45.327+0000][1][safepoint    ] Safepoint "RevokeBias", Time since last: 166043002 ns, Reaching safepoint: 181831 ns, At safepoint: 25716 ns, Total: 207547 ns
[2020-09-11T16:58:45.983+0000][1][gc,start     ] GC(82) Pause Young (Allocation Failure)
[2020-09-11T16:58:45.983+0000][1][gc,task      ] GC(82) Using 1 workers of 1 for evacuation
[2020-09-11T16:58:45.997+0000][1][gc,age       ] GC(82) Desired survivor size 4358144 bytes, new threshold 6 (max threshold 6)
[2020-09-11T16:58:45.997+0000][1][gc,age       ] GC(82) Age table with threshold 6 (max threshold 6)
[2020-09-11T16:58:45.997+0000][1][gc,age       ] GC(82) - age   1:    2254504 bytes,    2254504 total
[2020-09-11T16:58:45.997+0000][1][gc,age       ] GC(82) - age   2:     337752 bytes,    2592256 total
[2020-09-11T16:58:45.997+0000][1][gc,age       ] GC(82) - age   3:      91328 bytes,    2683584 total
[2020-09-11T16:58:45.997+0000][1][gc,age       ] GC(82) - age   4:     274816 bytes,    2958400 total
[2020-09-11T16:58:45.997+0000][1][gc,age       ] GC(82) - age   5:      26888 bytes,    2985288 total
[2020-09-11T16:58:45.997+0000][1][gc,age       ] GC(82) - age   6:     674592 bytes,    3659880 total
[2020-09-11T16:58:45.997+0000][1][gc,heap      ] GC(82) ParNew: 70715K->4656K(76672K)
[2020-09-11T16:58:45.997+0000][1][gc,heap      ] GC(82) CMS: 73634K->73686K(439104K)
[2020-09-11T16:58:45.997+0000][1][gc,metaspace ] GC(82) Metaspace: 93301K->93301K(1134592K)
[2020-09-11T16:58:45.997+0000][1][gc           ] GC(82) Pause Young (Allocation Failure) 140M->76M(503M) 13.579ms
[2020-09-11T16:58:45.997+0000][1][gc,cpu       ] GC(82) User=0.01s Sys=0.00s Real=0.01s
[2020-09-11T16:58:45.997+0000][1][safepoint    ] Safepoint "GenCollectForAllocation", Time since last: 656195934 ns, Reaching safepoint: 289444 ns, At safepoint: 13660484 ns, Total: 13949928 ns
[2020-09-11T16:58:47.001+0000][1][safepoint    ] Safepoint "Cleanup", Time since last: 1003956942 ns, Reaching safepoint: 223910 ns, At safepoint: 11081 ns, Total: 234991 ns
[2020-09-11T16:58:47.047+0000][1][safepoint    ] Safepoint "RevokeBias", Time since last: 45778651 ns, Reaching safepoint: 287004 ns, At safepoint: 225469 ns, Total: 512473 ns
[2020-09-11T16:58:48.048+0000][1][safepoint    ] Safepoint "Cleanup", Time since last: 1000178579 ns, Reaching safepoint: 230679 ns, At safepoint: 23420 ns, Total: 254099 ns
[2020-09-11T16:58:53.049+0000][1][safepoint    ] Safepoint "Cleanup", Time since last: 5000721855 ns, Reaching safepoint: 217997 ns, At safepoint: 144966 ns, Total: 362963 ns
[2020-09-11T16:58:54.049+0000][1][safepoint    ] Safepoint "Cleanup", Time since last: 1000208545 ns, Reaching safepoint: 186638 ns, At safepoint: 19184 ns, Total: 205822 ns
[2020-09-11T16:58:55.050+0000][1][safepoint    ] Safepoint "Cleanup", Time since last: 1000188466 ns, Reaching safepoint: 180871 ns, At safepoint: 20100 ns, Total: 200971 ns
[2020-09-11T16:58:55.359+0000][1][safepoint    ] Safepoint "RevokeBias", Time since last: 308986019 ns, Reaching safepoint: 117383 ns, At safepoint: 24304 ns, Total: 141687 ns
[2020-09-11T16:58:57.133+0000][1][safepoint    ] Safepoint "RevokeBias", Time since last: 1771016901 ns, Reaching safepoint: 3124266 ns, At safepoint: 231970 ns, Total: 3356236 ns
[2020-09-11T16:58:58.134+0000][1][safepoint    ] Safepoint "Cleanup", Time since last: 1000167441 ns, Reaching safepoint: 176772 ns, At safepoint: 9482 ns, Total: 186254 ns
[2020-09-11T16:59:00.134+0000][1][safepoint    ] Safepoint "Cleanup", Time since last: 2000312356 ns, Reaching safepoint: 128488 ns, At safepoint: 8289 ns, Total: 136777 ns
[2020-09-11T16:59:01.134+0000][1][safepoint    ] Safepoint "Cleanup", Time since last: 1000199065 ns, Reaching safepoint: 123584 ns, At safepoint: 8915 ns, Total: 132499 ns
[2020-09-11T16:59:03.685+0000][1][safepoint    ] Safepoint "Cleanup", Time since last: 2000348143 ns, Reaching safepoint: 550740407 ns, At safepoint: 10964 ns, Total: 550751371 ns
[2020-09-11T16:59:05.670+0000][1][safepoint    ] Safepoint "BulkRevokeBias", Time since last: 1984190840 ns, Reaching safepoint: 142195 ns, At safepoint: 347408 ns, Total: 489603 ns
[2020-09-11T16:59:07.137+0000][1][safepoint    ] Safepoint "RevokeBias", Time since last: 1463452437 ns, Reaching safepoint: 3155537 ns, At safepoint: 264594 ns, Total: 3420131 ns
[2020-09-11T16:59:07.144+0000][1][gc,start     ] GC(83) Pause Young (Allocation Failure)
[2020-09-11T16:59:07.144+0000][1][gc,task      ] GC(83) Using 1 workers of 1 for evacuation
[2020-09-11T16:59:07.170+0000][1][gc,age       ] GC(83) Desired survivor size 4358144 bytes, new threshold 6 (max threshold 6)
[2020-09-11T16:59:07.170+0000][1][gc,age       ] GC(83) Age table with threshold 6 (max threshold 6)
[2020-09-11T16:59:07.170+0000][1][gc,age       ] GC(83) - age   1:     384952 bytes,     384952 total
[2020-09-11T16:59:07.170+0000][1][gc,age       ] GC(83) - age   2:    2193920 bytes,    2578872 total
[2020-09-11T16:59:07.170+0000][1][gc,age       ] GC(83) - age   3:     335864 bytes,    2914736 total
[2020-09-11T16:59:07.170+0000][1][gc,age       ] GC(83) - age   4:      91040 bytes,    3005776 total
[2020-09-11T16:59:07.170+0000][1][gc,age       ] GC(83) - age   5:     274736 bytes,    3280512 total
[2020-09-11T16:59:07.170+0000][1][gc,age       ] GC(83) - age   6:      26888 bytes,    3307400 total
[2020-09-11T16:59:07.170+0000][1][gc,heap      ] GC(83) ParNew: 72797K->6137K(76672K)
[2020-09-11T16:59:07.170+0000][1][gc,heap      ] GC(83) CMS: 73686K->74352K(439104K)
[2020-09-11T16:59:07.170+0000][1][gc,metaspace ] GC(83) Metaspace: 93426K->93426K(1134592K)
[2020-09-11T16:59:07.170+0000][1][gc           ] GC(83) Pause Young (Allocation Failure) 143M->78M(503M) 26.305ms
[2020-09-11T16:59:07.170+0000][1][gc,cpu       ] GC(83) User=0.01s Sys=0.00s Real=0.02s
[2020-09-11T16:59:07.171+0000][1][safepoint    ] Safepoint "GenCollectForAllocation", Time since last: 7090482 ns, Reaching safepoint: 96791 ns, At safepoint: 26925597 ns, Total: 27022388 ns
[2020-09-11T16:59:08.187+0000][1][safepoint    ] Safepoint "Cleanup", Time since last: 1015954267 ns, Reaching safepoint: 116164 ns, At safepoint: 10553 ns, Total: 126717 ns
[2020-09-11T16:59:09.187+0000][1][safepoint    ] Safepoint "Cleanup", Time since last: 1000114862 ns, Reaching safepoint: 119321 ns, At safepoint: 9747 ns, Total: 129068 ns
[2020-09-11T16:59:10.188+0000][1][safepoint    ] Safepoint "Cleanup", Time since last: 1000115215 ns, Reaching safepoint: 99260 ns, At safepoint: 10087 ns, Total: 109347 ns
[2020-09-11T16:59:13.188+0000][1][safepoint    ] Safepoint "Cleanup", Time since last: 3000280623 ns, Reaching safepoint: 104250 ns, At safepoint: 9223 ns, Total: 113473 ns
[2020-09-11T16:59:14.188+0000][1][safepoint    ] Safepoint "Cleanup", Time since last: 1000125819 ns, Reaching safepoint: 102074 ns, At safepoint: 10578 ns, Total: 112652 ns
[2020-09-11T16:59:15.188+0000][1][safepoint    ] Safepoint "Cleanup", Time since last: 1000114155 ns, Reaching safepoint: 101567 ns, At safepoint: 10278 ns, Total: 111845 ns
[2020-09-11T16:59:15.347+0000][1][safepoint    ] Safepoint "RevokeBias", Time since last: 158206465 ns, Reaching safepoint: 186919 ns, At safepoint: 28795 ns, Total: 215714 ns
[2020-09-11T16:59:16.347+0000][1][safepoint    ] Safepoint "Cleanup", Time since last: 1000114086 ns, Reaching safepoint: 101885 ns, At safepoint: 9805 ns, Total: 111690 ns
[2020-09-11T16:59:17.135+0000][1][safepoint    ] Safepoint "RevokeBias", Time since last: 787725408 ns, Reaching safepoint: 236913 ns, At safepoint: 228488 ns, Total: 465401 ns
[2020-09-11T16:59:18.136+0000][1][safepoint    ] Safepoint "Cleanup", Time since last: 1000114731 ns, Reaching safepoint: 111213 ns, At safepoint: 10199 ns, Total: 121412 ns
[2020-09-11T16:59:20.136+0000][1][safepoint    ] Safepoint "Cleanup", Time since last: 2000192208 ns, Reaching safepoint: 104915 ns, At safepoint: 9864 ns, Total: 114779 ns
[2020-09-11T16:59:23.136+0000][1][safepoint    ] Safepoint "Cleanup", Time since last: 3000281094 ns, Reaching safepoint: 102204 ns, At safepoint: 7563 ns, Total: 109767 ns
[2020-09-11T16:59:25.419+0000][1][safepoint    ] Safepoint "RevokeBias", Time since last: 2282639427 ns, Reaching safepoint: 105964 ns, At safepoint: 27346 ns, Total: 133310 ns
[2020-09-11T16:59:26.419+0000][1][safepoint    ] Safepoint "Cleanup", Time since last: 1000119579 ns, Reaching safepoint: 107587 ns, At safepoint: 9390 ns, Total: 116977 ns
[2020-09-11T16:59:27.142+0000][1][safepoint    ] Safepoint "RevokeBias", Time since last: 722034397 ns, Reaching safepoint: 253859 ns, At safepoint: 216153 ns, Total: 470012 ns
[2020-09-11T16:59:27.279+0000][1][gc,start     ] GC(84) Pause Young (Allocation Failure)
[2020-09-11T16:59:27.279+0000][1][gc,task      ] GC(84) Using 1 workers of 1 for evacuation
[2020-09-11T16:59:27.297+0000][1][gc,age       ] GC(84) Desired survivor size 4358144 bytes, new threshold 6 (max threshold 6)
[2020-09-11T16:59:27.297+0000][1][gc,age       ] GC(84) Age table with threshold 6 (max threshold 6)
[2020-09-11T16:59:27.297+0000][1][gc,age       ] GC(84) - age   1:     541416 bytes,     541416 total
[2020-09-11T16:59:27.297+0000][1][gc,age       ] GC(84) - age   2:      23768 bytes,     565184 total
[2020-09-11T16:59:27.297+0000][1][gc,age       ] GC(84) - age   3:    2189864 bytes,    2755048 total
[2020-09-11T16:59:27.297+0000][1][gc,age       ] GC(84) - age   4:     335864 bytes,    3090912 total
[2020-09-11T16:59:27.297+0000][1][gc,age       ] GC(84) - age   5:      91040 bytes,    3181952 total
[2020-09-11T16:59:27.297+0000][1][gc,age       ] GC(84) - age   6:     274736 bytes,    3456688 total
[2020-09-11T16:59:27.297+0000][1][gc,heap      ] GC(84) ParNew: 74297K->3956K(76672K)
[2020-09-11T16:59:27.297+0000][1][gc,heap      ] GC(84) CMS: 74352K->74378K(439104K)
[2020-09-11T16:59:27.297+0000][1][gc,metaspace ] GC(84) Metaspace: 93595K->93595K(1134592K)
[2020-09-11T16:59:27.297+0000][1][gc           ] GC(84) Pause Young (Allocation Failure) 145M->76M(503M) 17.423ms
[2020-09-11T16:59:27.297+0000][1][gc,cpu       ] GC(84) User=0.01s Sys=0.00s Real=0.02s
[2020-09-11T16:59:27.307+0000][1][safepoint    ] Safepoint "GenCollectForAllocation", Time since last: 137316200 ns, Reaching safepoint: 180004 ns, At safepoint: 27715935 ns, Total: 27895939 ns
[2020-09-11T16:59:28.321+0000][1][safepoint    ] Safepoint "Cleanup", Time since last: 1013873559 ns, Reaching safepoint: 99568 ns, At safepoint: 7776 ns, Total: 107344 ns
[2020-09-11T16:59:29.321+0000][1][safepoint    ] Safepoint "Cleanup", Time since last: 1000117682 ns, Reaching safepoint: 108630 ns, At safepoint: 8152 ns, Total: 116782 ns
[2020-09-11T16:59:30.321+0000][1][safepoint    ] Safepoint "Cleanup", Time since last: 1000118599 ns, Reaching safepoint: 96786 ns, At safepoint: 10024 ns, Total: 106810 ns
[2020-09-11T16:59:31.322+0000][1][safepoint    ] Safepoint "Cleanup", Time since last: 1000113085 ns, Reaching safepoint: 96144 ns, At safepoint: 8909 ns, Total: 105053 ns
[2020-09-11T16:59:32.322+0000][1][safepoint    ] Safepoint "Cleanup", Time since last: 1000112904 ns, Reaching safepoint: 106149 ns, At safepoint: 10254 ns, Total: 116403 ns
[2020-09-11T16:59:33.322+0000][1][safepoint    ] Safepoint "Cleanup", Time since last: 1000128579 ns, Reaching safepoint: 95848 ns, At safepoint: 10302 ns, Total: 106150 ns
[2020-09-11T16:59:34.322+0000][1][safepoint    ] Safepoint "Cleanup", Time since last: 1000118012 ns, Reaching safepoint: 97706 ns, At safepoint: 10187 ns, Total: 107893 ns
[2020-09-11T16:59:35.176+0000][1][safepoint    ] Safepoint "RevokeBias", Time since last: 853630556 ns, Reaching safepoint: 332319 ns, At safepoint: 29395 ns, Total: 361714 ns
[2020-09-11T16:59:35.177+0000][1][safepoint    ] Safepoint "RevokeBias", Time since last: 76329 ns, Reaching safepoint: 227102 ns, At safepoint: 20998 ns, Total: 248100 ns
[2020-09-11T16:59:35.177+0000][1][safepoint    ] Safepoint "RevokeBias", Time since last: 48633 ns, Reaching safepoint: 166547 ns, At safepoint: 17318 ns, Total: 183865 ns
[2020-09-11T16:59:35.177+0000][1][safepoint    ] Safepoint "RevokeBias", Time since last: 43166 ns, Reaching safepoint: 159615 ns, At safepoint: 16771 ns, Total: 176386 ns
[2020-09-11T16:59:35.177+0000][1][safepoint    ] Safepoint "RevokeBias", Time since last: 39640 ns, Reaching safepoint: 152689 ns, At safepoint: 14639 ns, Total: 167328 ns
[2020-09-11T16:59:35.177+0000][1][safepoint    ] Safepoint "RevokeBias", Time since last: 37700 ns, Reaching safepoint: 148169 ns, At safepoint: 14342 ns, Total: 162511 ns
[2020-09-11T16:59:35.178+0000][1][safepoint    ] Safepoint "RevokeBias", Time since last: 35987 ns, Reaching safepoint: 143957 ns, At safepoint: 23103 ns, Total: 167060 ns
[2020-09-11T16:59:35.328+0000][1][safepoint    ] Safepoint "RevokeBias", Time since last: 149947018 ns, Reaching safepoint: 109011 ns, At safepoint: 22751 ns, Total: 131762 ns
[2020-09-11T16:59:36.328+0000][1][safepoint    ] Safepoint "Cleanup", Time since last: 1000118642 ns, Reaching safepoint: 121717 ns, At safepoint: 10337 ns, Total: 132054 ns
[2020-09-11T16:59:37.138+0000][1][safepoint    ] Safepoint "RevokeBias", Time since last: 809136900 ns, Reaching safepoint: 329881 ns, At safepoint: 237472 ns, Total: 567353 ns
[2020-09-11T16:59:38.138+0000][1][safepoint    ] Safepoint "Cleanup", Time since last: 1000115816 ns, Reaching safepoint: 131665 ns, At safepoint: 7949 ns, Total: 139614 ns
[2020-09-11T16:59:39.138+0000][1][safepoint    ] Safepoint "Cleanup", Time since last: 1000131902 ns, Reaching safepoint: 102276 ns, At safepoint: 7753 ns, Total: 110029 ns
[2020-09-11T16:59:40.139+0000][1][safepoint    ] Safepoint "Cleanup", Time since last: 1000147881 ns, Reaching safepoint: 169295 ns, At safepoint: 17430 ns, Total: 186725 ns
[2020-09-11T16:59:41.139+0000][1][safepoint    ] Safepoint "Cleanup", Time since last: 1000230011 ns, Reaching safepoint: 178512 ns, At safepoint: 19041 ns, Total: 197553 ns
[2020-09-11T16:59:42.139+0000][1][safepoint    ] Safepoint "Cleanup", Time since last: 1000214774 ns, Reaching safepoint: 172819 ns, At safepoint: 18393 ns, Total: 191212 ns
[2020-09-11T16:59:43.140+0000][1][safepoint    ] Safepoint "Cleanup", Time since last: 1000228568 ns, Reaching safepoint: 184330 ns, At safepoint: 19585 ns, Total: 203915 ns
[2020-09-11T16:59:44.140+0000][1][safepoint    ] Safepoint "Cleanup", Time since last: 1000223037 ns, Reaching safepoint: 187530 ns, At safepoint: 19010 ns, Total: 206540 ns
[2020-09-11T16:59:45.141+0000][1][safepoint    ] Safepoint "Cleanup", Time since last: 1000234658 ns, Reaching safepoint: 118041 ns, At safepoint: 6840 ns, Total: 124881 ns
[2020-09-11T16:59:45.363+0000][1][safepoint    ] Safepoint "RevokeBias", Time since last: 221754995 ns, Reaching safepoint: 110353 ns, At safepoint: 22785 ns, Total: 133138 ns
[2020-09-11T16:59:46.363+0000][1][safepoint    ] Safepoint "Cleanup", Time since last: 1000190955 ns, Reaching safepoint: 173545 ns, At safepoint: 19822 ns, Total: 193367 ns
[2020-09-11T16:59:47.027+0000][1][safepoint    ] Safepoint "RevokeBias", Time since last: 663839489 ns, Reaching safepoint: 203931 ns, At safepoint: 22249 ns, Total: 226180 ns
[2020-09-11T16:59:48.027+0000][1][safepoint    ] Safepoint "Cleanup", Time since last: 1000181839 ns, Reaching safepoint: 221167 ns, At safepoint: 23150 ns, Total: 244317 ns
[2020-09-11T16:59:49.028+0000][1][safepoint    ] Safepoint "Cleanup", Time since last: 1000198505 ns, Reaching safepoint: 134248 ns, At safepoint: 8648 ns, Total: 142896 ns
[2020-09-11T16:59:50.028+0000][1][safepoint    ] Safepoint "Cleanup", Time since last: 1000198836 ns, Reaching safepoint: 172600 ns, At safepoint: 18275 ns, Total: 190875 ns
[2020-09-11T16:59:51.029+0000][1][safepoint    ] Safepoint "Cleanup", Time since last: 1000208856 ns, Reaching safepoint: 187874 ns, At safepoint: 18854 ns, Total: 206728 ns
[2020-09-11T16:59:51.081+0000][1][gc,start     ] GC(85) Pause Young (Allocation Failure)
[2020-09-11T16:59:51.081+0000][1][gc,task      ] GC(85) Using 1 workers of 1 for evacuation
[2020-09-11T16:59:51.090+0000][1][gc,age       ] GC(85) Desired survivor size 4358144 bytes, new threshold 6 (max threshold 6)
[2020-09-11T16:59:51.090+0000][1][gc,age       ] GC(85) Age table with threshold 6 (max threshold 6)
[2020-09-11T16:59:51.090+0000][1][gc,age       ] GC(85) - age   1:      54056 bytes,      54056 total
[2020-09-11T16:59:51.090+0000][1][gc,age       ] GC(85) - age   2:      28024 bytes,      82080 total
[2020-09-11T16:59:51.090+0000][1][gc,age       ] GC(85) - age   3:      22312 bytes,     104392 total
[2020-09-11T16:59:51.090+0000][1][gc,age       ] GC(85) - age   4:    2189552 bytes,    2293944 total
[2020-09-11T16:59:51.090+0000][1][gc,age       ] GC(85) - age   5:     335864 bytes,    2629808 total
[2020-09-11T16:59:51.090+0000][1][gc,age       ] GC(85) - age   6:      90768 bytes,    2720576 total
[2020-09-11T16:59:51.090+0000][1][gc,heap      ] GC(85) ParNew: 72116K->3026K(76672K)
[2020-09-11T16:59:51.090+0000][1][gc,heap      ] GC(85) CMS: 74378K->74651K(439104K)
[2020-09-11T16:59:51.090+0000][1][gc,metaspace ] GC(85) Metaspace: 93693K->93693K(1136640K)
[2020-09-11T16:59:51.090+0000][1][gc           ] GC(85) Pause Young (Allocation Failure) 143M->75M(503M) 9.299ms
[2020-09-11T16:59:51.090+0000][1][gc,cpu       ] GC(85) User=0.00s Sys=0.00s Real=0.01s
[2020-09-11T16:59:51.090+0000][1][safepoint    ] Safepoint "GenCollectForAllocation", Time since last: 51829784 ns, Reaching safepoint: 256508 ns, At safepoint: 9383091 ns, Total: 9639599 ns
[2020-09-11T16:59:52.093+0000][1][safepoint    ] Safepoint "Cleanup", Time since last: 1003136597 ns, Reaching safepoint: 291338 ns, At safepoint: 48996 ns, Total: 340334 ns
[2020-09-11T16:59:53.094+0000][1][safepoint    ] Safepoint "Cleanup", Time since last: 1000151592 ns, Reaching safepoint: 100993 ns, At safepoint: 5335 ns, Total: 106328 ns
[2020-09-11T16:59:54.094+0000][1][safepoint    ] Safepoint "Cleanup", Time since last: 1000141991 ns, Reaching safepoint: 127655 ns, At safepoint: 6679 ns, Total: 134334 ns
[2020-09-11T16:59:55.094+0000][1][safepoint    ] Safepoint "Cleanup", Time since last: 1000109090 ns, Reaching safepoint: 99900 ns, At safepoint: 6006 ns, Total: 105906 ns
[2020-09-11T16:59:55.376+0000][1][safepoint    ] Safepoint "RevokeBias", Time since last: 281119966 ns, Reaching safepoint: 230469 ns, At safepoint: 49714 ns, Total: 280183 ns
[2020-09-11T16:59:56.376+0000][1][safepoint    ] Safepoint "Cleanup", Time since last: 1000184528 ns, Reaching safepoint: 151798 ns, At safepoint: 7727 ns, Total: 159525 ns
[2020-09-11T16:59:57.026+0000][1][safepoint    ] Safepoint "RevokeBias", Time since last: 649507518 ns, Reaching safepoint: 368402 ns, At safepoint: 247817 ns, Total: 616219 ns
[2020-09-11T16:59:58.026+0000][1][safepoint    ] Safepoint "Cleanup", Time since last: 1000117395 ns, Reaching safepoint: 104795 ns, At safepoint: 7444 ns, Total: 112239 ns
[2020-09-11T16:59:59.027+0000][1][safepoint    ] Safepoint "Cleanup", Time since last: 1000180420 ns, Reaching safepoint: 183404 ns, At safepoint: 19738 ns, Total: 203142 ns
[2020-09-11T17:00:00.027+0000][1][safepoint    ] Safepoint "Cleanup", Time since last: 1000218265 ns, Reaching safepoint: 136427 ns, At safepoint: 8710 ns, Total: 145137 ns
[2020-09-11T17:00:01.027+0000][1][safepoint    ] Safepoint "Cleanup", Time since last: 1000203037 ns, Reaching safepoint: 171728 ns, At safepoint: 18692 ns, Total: 190420 ns
[2020-09-11T17:00:02.028+0000][1][safepoint    ] Safepoint "Cleanup", Time since last: 1000220076 ns, Reaching safepoint: 118332 ns, At safepoint: 6985 ns, Total: 125317 ns
[2020-09-11T17:00:03.028+0000][1][safepoint    ] Safepoint "Cleanup", Time since last: 1000124494 ns, Reaching safepoint: 108754 ns, At safepoint: 12490 ns, Total: 121244 ns
[2020-09-11T17:00:04.028+0000][1][safepoint    ] Safepoint "Cleanup", Time since last: 1000187387 ns, Reaching safepoint: 115251 ns, At safepoint: 8291 ns, Total: 123542 ns
[2020-09-11T17:00:05.029+0000][1][safepoint    ] Safepoint "Cleanup", Time since last: 1000169100 ns, Reaching safepoint: 120270 ns, At safepoint: 7936 ns, Total: 128206 ns
[2020-09-11T17:00:05.323+0000][1][safepoint    ] Safepoint "RevokeBias", Time since last: 294144888 ns, Reaching safepoint: 126551 ns, At safepoint: 22989 ns, Total: 149540 ns
[2020-09-11T17:00:06.323+0000][1][safepoint    ] Safepoint "Cleanup", Time since last: 1000188034 ns, Reaching safepoint: 145256 ns, At safepoint: 7886 ns, Total: 153142 ns
[2020-09-11T17:00:07.031+0000][1][safepoint    ] Safepoint "RevokeBias", Time since last: 707168413 ns, Reaching safepoint: 215400 ns, At safepoint: 27375 ns, Total: 242775 ns
[2020-09-11T17:00:08.031+0000][1][safepoint    ] Safepoint "Cleanup", Time since last: 1000121417 ns, Reaching safepoint: 104474 ns, At safepoint: 7880 ns, Total: 112354 ns
[2020-09-11T17:00:09.031+0000][1][safepoint    ] Safepoint "Cleanup", Time since last: 1000210110 ns, Reaching safepoint: 223393 ns, At safepoint: 24042 ns, Total: 247435 ns
[2020-09-11T17:00:10.032+0000][1][safepoint    ] Safepoint "Cleanup", Time since last: 1000238626 ns, Reaching safepoint: 173113 ns, At safepoint: 18733 ns, Total: 191846 ns
[2020-09-11T17:00:11.032+0000][1][safepoint    ] Safepoint "Cleanup", Time since last: 1000236520 ns, Reaching safepoint: 121477 ns, At safepoint: 7344 ns, Total: 128821 ns
[2020-09-11T17:00:12.033+0000][1][safepoint    ] Safepoint "Cleanup", Time since last: 1000186620 ns, Reaching safepoint: 115262 ns, At safepoint: 7494 ns, Total: 122756 ns
[2020-09-11T17:00:13.033+0000][1][safepoint    ] Safepoint "Cleanup", Time since last: 1000120760 ns, Reaching safepoint: 96782 ns, At safepoint: 34297 ns, Total: 131079 ns
[2020-09-11T17:00:14.033+0000][1][safepoint    ] Safepoint "Cleanup", Time since last: 1000190120 ns, Reaching safepoint: 109297 ns, At safepoint: 7824 ns, Total: 117121 ns
[2020-09-11T17:00:14.844+0000][1][gc,start     ] GC(86) Pause Young (Allocation Failure)
[2020-09-11T17:00:14.844+0000][1][gc,task      ] GC(86) Using 1 workers of 1 for evacuation
[2020-09-11T17:00:14.851+0000][1][gc,age       ] GC(86) Desired survivor size 4358144 bytes, new threshold 6 (max threshold 6)
[2020-09-11T17:00:14.851+0000][1][gc,age       ] GC(86) Age table with threshold 6 (max threshold 6)
[2020-09-11T17:00:14.851+0000][1][gc,age       ] GC(86) - age   1:      71904 bytes,      71904 total
[2020-09-11T17:00:14.851+0000][1][gc,age       ] GC(86) - age   2:       7792 bytes,      79696 total
[2020-09-11T17:00:14.851+0000][1][gc,age       ] GC(86) - age   3:      10320 bytes,      90016 total
[2020-09-11T17:00:14.851+0000][1][gc,age       ] GC(86) - age   4:      22024 bytes,     112040 total
[2020-09-11T17:00:14.851+0000][1][gc,age       ] GC(86) - age   5:    2189552 bytes,    2301592 total
[2020-09-11T17:00:14.851+0000][1][gc,age       ] GC(86) - age   6:     335864 bytes,    2637456 total
[2020-09-11T17:00:14.851+0000][1][gc,heap      ] GC(86) ParNew: 71125K->2749K(76672K)
[2020-09-11T17:00:14.851+0000][1][gc,heap      ] GC(86) CMS: 74651K->74741K(439104K)
[2020-09-11T17:00:14.851+0000][1][gc,metaspace ] GC(86) Metaspace: 93775K->93775K(1136640K)
[2020-09-11T17:00:14.851+0000][1][gc           ] GC(86) Pause Young (Allocation Failure) 142M->75M(503M) 6.678ms
[2020-09-11T17:00:14.851+0000][1][gc,cpu       ] GC(86) User=0.01s Sys=0.00s Real=0.00s
[2020-09-11T17:00:14.851+0000][1][safepoint    ] Safepoint "GenCollectForAllocation", Time since last: 810948021 ns, Reaching safepoint: 171206 ns, At safepoint: 6770342 ns, Total: 6941548 ns
[2020-09-11T17:00:15.297+0000][1][safepoint    ] Safepoint "RevokeBias", Time since last: 446026370 ns, Reaching safepoint: 102232 ns, At safepoint: 21659 ns, Total: 123891 ns
[2020-09-11T17:00:16.297+0000][1][safepoint    ] Safepoint "Cleanup", Time since last: 1000190725 ns, Reaching safepoint: 115843 ns, At safepoint: 8096 ns, Total: 123939 ns
[2020-09-11T17:00:17.043+0000][1][safepoint    ] Safepoint "RevokeBias", Time since last: 745261267 ns, Reaching safepoint: 249134 ns, At safepoint: 23389 ns, Total: 272523 ns
[2020-09-11T17:00:18.043+0000][1][safepoint    ] Safepoint "Cleanup", Time since last: 1000117838 ns, Reaching safepoint: 117837 ns, At safepoint: 7729 ns, Total: 125566 ns
[2020-09-11T17:00:21.044+0000][1][safepoint    ] Safepoint "Cleanup", Time since last: 3000320391 ns, Reaching safepoint: 106893 ns, At safepoint: 18193 ns, Total: 125086 ns
[2020-09-11T17:00:23.044+0000][1][safepoint    ] Safepoint "Cleanup", Time since last: 2000226679 ns, Reaching safepoint: 103820 ns, At safepoint: 8021 ns, Total: 111841 ns
[2020-09-11T17:00:24.044+0000][1][safepoint    ] Safepoint "Cleanup", Time since last: 1000140253 ns, Reaching safepoint: 109515 ns, At safepoint: 8263 ns, Total: 117778 ns
[2020-09-11T17:00:25.383+0000][1][safepoint    ] Safepoint "RevokeBias", Time since last: 1338137813 ns, Reaching safepoint: 111255 ns, At safepoint: 24271 ns, Total: 135526 ns
[2020-09-11T17:00:27.256+0000][1][safepoint    ] Safepoint "RevokeBias", Time since last: 1871787058 ns, Reaching safepoint: 1585962 ns, At safepoint: 29306 ns, Total: 1615268 ns
[2020-09-11T17:00:28.256+0000][1][safepoint    ] Safepoint "Cleanup", Time since last: 1000126413 ns, Reaching safepoint: 109639 ns, At safepoint: 11852 ns, Total: 121491 ns
[2020-09-11T17:00:31.257+0000][1][safepoint    ] Safepoint "Cleanup", Time since last: 3000279588 ns, Reaching safepoint: 101333 ns, At safepoint: 8746 ns, Total: 110079 ns
[2020-09-11T17:00:32.257+0000][1][safepoint    ] Safepoint "Cleanup", Time since last: 1000117567 ns, Reaching safepoint: 116597 ns, At safepoint: 8240 ns, Total: 124837 ns
[2020-09-11T17:00:33.257+0000][1][safepoint    ] Safepoint "Cleanup", Time since last: 1000175288 ns, Reaching safepoint: 200597 ns, At safepoint: 21399 ns, Total: 221996 ns
[2020-09-11T17:00:34.258+0000][1][safepoint    ] Safepoint "Cleanup", Time since last: 1000216990 ns, Reaching safepoint: 121416 ns, At safepoint: 9576 ns, Total: 130992 ns
[2020-09-11T17:00:35.258+0000][1][safepoint    ] Safepoint "Cleanup", Time since last: 1000101860 ns, Reaching safepoint: 257173 ns, At safepoint: 20150 ns, Total: 277323 ns
[2020-09-11T17:00:35.324+0000][1][safepoint    ] Safepoint "RevokeBias", Time since last: 66019952 ns, Reaching safepoint: 200065 ns, At safepoint: 23871 ns, Total: 223936 ns
[2020-09-11T17:00:36.145+0000][1][gc,start     ] GC(87) Pause Young (Allocation Failure)
[2020-09-11T17:00:36.145+0000][1][gc,task      ] GC(87) Using 1 workers of 1 for evacuation
[2020-09-11T17:00:36.152+0000][1][gc,age       ] GC(87) Desired survivor size 4358144 bytes, new threshold 6 (max threshold 6)
[2020-09-11T17:00:36.152+0000][1][gc,age       ] GC(87) Age table with threshold 6 (max threshold 6)
[2020-09-11T17:00:36.152+0000][1][gc,age       ] GC(87) - age   1:      71040 bytes,      71040 total
[2020-09-11T17:00:36.152+0000][1][gc,age       ] GC(87) - age   2:      11192 bytes,      82232 total
[2020-09-11T17:00:36.152+0000][1][gc,age       ] GC(87) - age   3:       5976 bytes,      88208 total
[2020-09-11T17:00:36.152+0000][1][gc,age       ] GC(87) - age   4:      10320 bytes,      98528 total
[2020-09-11T17:00:36.152+0000][1][gc,age       ] GC(87) - age   5:      22024 bytes,     120552 total
[2020-09-11T17:00:36.152+0000][1][gc,age       ] GC(87) - age   6:    2189280 bytes,    2309832 total
[2020-09-11T17:00:36.152+0000][1][gc,heap      ] GC(87) ParNew: 70909K->2619K(76672K)
[2020-09-11T17:00:36.152+0000][1][gc,heap      ] GC(87) CMS: 74741K->75078K(439104K)
[2020-09-11T17:00:36.152+0000][1][gc,metaspace ] GC(87) Metaspace: 93869K->93869K(1136640K)
[2020-09-11T17:00:36.152+0000][1][gc           ] GC(87) Pause Young (Allocation Failure) 142M->75M(503M) 6.961ms
[2020-09-11T17:00:36.152+0000][1][gc,cpu       ] GC(87) User=0.00s Sys=0.00s Real=0.00s
[2020-09-11T17:00:36.152+0000][1][safepoint    ] Safepoint "GenCollectForAllocation", Time since last: 820872608 ns, Reaching safepoint: 308541 ns, At safepoint: 7040311 ns, Total: 7348852 ns
[2020-09-11T17:00:37.056+0000][1][safepoint    ] Safepoint "RevokeBias", Time since last: 903227738 ns, Reaching safepoint: 520139 ns, At safepoint: 252968 ns, Total: 773107 ns
[2020-09-11T17:00:38.057+0000][1][safepoint    ] Safepoint "Cleanup", Time since last: 1000140560 ns, Reaching safepoint: 258296 ns, At safepoint: 20447 ns, Total: 278743 ns
[2020-09-11T17:00:38.279+0000][1][safepoint    ] Safepoint "RevokeBias", Time since last: 221503929 ns, Reaching safepoint: 269171 ns, At safepoint: 92195 ns, Total: 361366 ns
[2020-09-11T17:00:39.279+0000][1][safepoint    ] Safepoint "Cleanup", Time since last: 1000208559 ns, Reaching safepoint: 138035 ns, At safepoint: 9704 ns, Total: 147739 ns
[2020-09-11T17:00:40.279+0000][1][safepoint    ] Safepoint "Cleanup", Time since last: 1000113256 ns, Reaching safepoint: 95419 ns, At safepoint: 7672 ns, Total: 103091 ns
[2020-09-11T17:00:41.279+0000][1][safepoint    ] Safepoint "Cleanup", Time since last: 1000115445 ns, Reaching safepoint: 95765 ns, At safepoint: 7715 ns, Total: 103480 ns
[2020-09-11T17:00:42.280+0000][1][safepoint    ] Safepoint "Cleanup", Time since last: 1000093041 ns, Reaching safepoint: 115083 ns, At safepoint: 10032 ns, Total: 125115 ns
[2020-09-11T17:00:43.280+0000][1][safepoint    ] Safepoint "Cleanup", Time since last: 1000108493 ns, Reaching safepoint: 100000 ns, At safepoint: 7578 ns, Total: 107578 ns
[2020-09-11T17:00:44.280+0000][1][safepoint    ] Safepoint "Cleanup", Time since last: 1000133314 ns, Reaching safepoint: 100542 ns, At safepoint: 8025 ns, Total: 108567 ns
[2020-09-11T17:00:45.280+0000][1][safepoint    ] Safepoint "Cleanup", Time since last: 1000118399 ns, Reaching safepoint: 120269 ns, At safepoint: 7711 ns, Total: 127980 ns
[2020-09-11T17:00:45.334+0000][1][safepoint    ] Safepoint "RevokeBias", Time since last: 52974454 ns, Reaching safepoint: 183193 ns, At safepoint: 22798 ns, Total: 205991 ns
[2020-09-11T17:00:46.334+0000][1][safepoint    ] Safepoint "Cleanup", Time since last: 1000194858 ns, Reaching safepoint: 121072 ns, At safepoint: 7416 ns, Total: 128488 ns
[2020-09-11T17:00:47.103+0000][1][safepoint    ] Safepoint "RevokeBias", Time since last: 768391480 ns, Reaching safepoint: 318955 ns, At safepoint: 232232 ns, Total: 551187 ns
[2020-09-11T17:00:47.521+0000][1][safepoint    ] Safepoint "RevokeBias", Time since last: 417637599 ns, Reaching safepoint: 112134 ns, At safepoint: 21658 ns, Total: 133792 ns
[2020-09-11T17:00:47.521+0000][1][safepoint    ] Safepoint "RevokeBias", Time since last: 235519 ns, Reaching safepoint: 56656 ns, At safepoint: 12595 ns, Total: 69251 ns
[2020-09-11T17:00:48.521+0000][1][safepoint    ] Safepoint "Cleanup", Time since last: 1000089310 ns, Reaching safepoint: 106087 ns, At safepoint: 10250 ns, Total: 116337 ns
[2020-09-11T17:00:49.521+0000][1][safepoint    ] Safepoint "Cleanup", Time since last: 1000193320 ns, Reaching safepoint: 112416 ns, At safepoint: 11088 ns, Total: 123504 ns
[2020-09-11T17:00:50.522+0000][1][safepoint    ] Safepoint "Cleanup", Time since last: 1000143881 ns, Reaching safepoint: 180507 ns, At safepoint: 19080 ns, Total: 199587 ns
[2020-09-11T17:00:51.522+0000][1][safepoint    ] Safepoint "Cleanup", Time since last: 1000184421 ns, Reaching safepoint: 144930 ns, At safepoint: 7422 ns, Total: 152352 ns
[2020-09-11T17:00:52.524+0000][1][safepoint    ] Safepoint "Cleanup", Time since last: 1000145538 ns, Reaching safepoint: 1470715 ns, At safepoint: 7508 ns, Total: 1478223 ns
[2020-09-11T17:00:53.524+0000][1][safepoint    ] Safepoint "Cleanup", Time since last: 1000167753 ns, Reaching safepoint: 130579 ns, At safepoint: 8951 ns, Total: 139530 ns
[2020-09-11T17:00:54.524+0000][1][safepoint    ] Safepoint "Cleanup", Time since last: 1000206964 ns, Reaching safepoint: 194373 ns, At safepoint: 20236 ns, Total: 214609 ns
[2020-09-11T17:00:55.296+0000][1][safepoint    ] Safepoint "RevokeBias", Time since last: 771106620 ns, Reaching safepoint: 109932 ns, At safepoint: 23991 ns, Total: 133923 ns
[2020-09-11T17:00:56.296+0000][1][safepoint    ] Safepoint "Cleanup", Time since last: 1000172182 ns, Reaching safepoint: 112610 ns, At safepoint: 7824 ns, Total: 120434 ns
[2020-09-11T17:00:57.081+0000][1][gc,start     ] GC(88) Pause Young (Allocation Failure)
[2020-09-11T17:00:57.081+0000][1][gc,task      ] GC(88) Using 1 workers of 1 for evacuation
[2020-09-11T17:00:57.092+0000][1][gc,age       ] GC(88) Desired survivor size 4358144 bytes, new threshold 6 (max threshold 6)
[2020-09-11T17:00:57.092+0000][1][gc,age       ] GC(88) Age table with threshold 6 (max threshold 6)
[2020-09-11T17:00:57.092+0000][1][gc,age       ] GC(88) - age   1:     430816 bytes,     430816 total
[2020-09-11T17:00:57.092+0000][1][gc,age       ] GC(88) - age   2:       8984 bytes,     439800 total
[2020-09-11T17:00:57.092+0000][1][gc,age       ] GC(88) - age   3:       8856 bytes,     448656 total
[2020-09-11T17:00:57.092+0000][1][gc,age       ] GC(88) - age   4:       5832 bytes,     454488 total
[2020-09-11T17:00:57.092+0000][1][gc,age       ] GC(88) - age   5:      10280 bytes,     464768 total
[2020-09-11T17:00:57.092+0000][1][gc,age       ] GC(88) - age   6:      21576 bytes,     486344 total
[2020-09-11T17:00:57.092+0000][1][gc,heap      ] GC(88) ParNew: 70779K->2346K(76672K)
[2020-09-11T17:00:57.092+0000][1][gc,heap      ] GC(88) CMS: 75078K->77216K(439104K)
[2020-09-11T17:00:57.092+0000][1][gc,metaspace ] GC(88) Metaspace: 93997K->93997K(1136640K)
[2020-09-11T17:00:57.092+0000][1][gc           ] GC(88) Pause Young (Allocation Failure) 142M->77M(503M) 11.299ms
[2020-09-11T17:00:57.092+0000][1][gc,cpu       ] GC(88) User=0.01s Sys=0.00s Real=0.01s
[2020-09-11T17:00:57.098+0000][1][safepoint    ] Safepoint "GenCollectForAllocation", Time since last: 784298833 ns, Reaching safepoint: 252195 ns, At safepoint: 17801203 ns, Total: 18053398 ns
[2020-09-11T17:00:57.112+0000][1][safepoint    ] Safepoint "RevokeBias", Time since last: 13494499 ns, Reaching safepoint: 91125 ns, At safepoint: 35451 ns, Total: 126576 ns
[2020-09-11T17:00:58.123+0000][1][safepoint    ] Safepoint "Cleanup", Time since last: 1011151189 ns, Reaching safepoint: 110895 ns, At safepoint: 10166 ns, Total: 121061 ns
[2020-09-11T17:00:59.123+0000][1][safepoint    ] Safepoint "Cleanup", Time since last: 1000109852 ns, Reaching safepoint: 93166 ns, At safepoint: 9217 ns, Total: 102383 ns
[2020-09-11T17:01:00.124+0000][1][safepoint    ] Safepoint "Cleanup", Time since last: 1000191974 ns, Reaching safepoint: 178262 ns, At safepoint: 20310 ns, Total: 198572 ns
[2020-09-11T17:01:01.124+0000][1][safepoint    ] Safepoint "Cleanup", Time since last: 1000227725 ns, Reaching safepoint: 162015 ns, At safepoint: 16458 ns, Total: 178473 ns
[2020-09-11T17:01:02.125+0000][1][safepoint    ] Safepoint "Cleanup", Time since last: 1000189051 ns, Reaching safepoint: 183003 ns, At safepoint: 20417 ns, Total: 203420 ns
[2020-09-11T17:01:03.125+0000][1][safepoint    ] Safepoint "Cleanup", Time since last: 1000225545 ns, Reaching safepoint: 100120 ns, At safepoint: 7994 ns, Total: 108114 ns
[2020-09-11T17:01:04.125+0000][1][safepoint    ] Safepoint "Cleanup", Time since last: 1000152245 ns, Reaching safepoint: 179542 ns, At safepoint: 22475 ns, Total: 202017 ns
[2020-09-11T17:01:05.126+0000][1][safepoint    ] Safepoint "Cleanup", Time since last: 1000214982 ns, Reaching safepoint: 173972 ns, At safepoint: 19575 ns, Total: 193547 ns
[2020-09-11T17:01:05.297+0000][1][safepoint    ] Safepoint "RevokeBias", Time since last: 170651066 ns, Reaching safepoint: 178352 ns, At safepoint: 22468 ns, Total: 200820 ns
[2020-09-11T17:01:06.297+0000][1][safepoint    ] Safepoint "Cleanup", Time since last: 1000281292 ns, Reaching safepoint: 162460 ns, At safepoint: 18997 ns, Total: 181457 ns
[2020-09-11T17:01:07.177+0000][1][safepoint    ] Safepoint "RevokeBias", Time since last: 879309702 ns, Reaching safepoint: 533635 ns, At safepoint: 255088 ns, Total: 788723 ns
[2020-09-11T17:01:08.177+0000][1][safepoint    ] Safepoint "Cleanup", Time since last: 1000112512 ns, Reaching safepoint: 145233 ns, At safepoint: 8910 ns, Total: 154143 ns
[2020-09-11T17:01:09.178+0000][1][safepoint    ] Safepoint "Cleanup", Time since last: 1000173947 ns, Reaching safepoint: 198786 ns, At safepoint: 23210 ns, Total: 221996 ns
[2020-09-11T17:01:10.178+0000][1][safepoint    ] Safepoint "Cleanup", Time since last: 1000226632 ns, Reaching safepoint: 169896 ns, At safepoint: 19438 ns, Total: 189334 ns
[2020-09-11T17:01:11.179+0000][1][safepoint    ] Safepoint "Cleanup", Time since last: 1000301743 ns, Reaching safepoint: 101283 ns, At safepoint: 7463 ns, Total: 108746 ns
[2020-09-11T17:01:12.179+0000][1][safepoint    ] Safepoint "Cleanup", Time since last: 1000145146 ns, Reaching safepoint: 197683 ns, At safepoint: 20193 ns, Total: 217876 ns
[2020-09-11T17:01:15.180+0000][1][safepoint    ] Safepoint "Cleanup", Time since last: 3000451942 ns, Reaching safepoint: 184263 ns, At safepoint: 19408 ns, Total: 203671 ns
[2020-09-11T17:01:15.299+0000][1][safepoint    ] Safepoint "RevokeBias", Time since last: 118615871 ns, Reaching safepoint: 938786 ns, At safepoint: 24683 ns, Total: 963469 ns
[2020-09-11T17:01:17.190+0000][1][safepoint    ] Safepoint "RevokeBias", Time since last: 1890035174 ns, Reaching safepoint: 242900 ns, At safepoint: 236315 ns, Total: 479215 ns
[2020-09-11T17:01:17.342+0000][1][gc,start     ] GC(89) Pause Young (Allocation Failure)
[2020-09-11T17:01:17.342+0000][1][gc,task      ] GC(89) Using 1 workers of 1 for evacuation
[2020-09-11T17:01:17.369+0000][1][gc,age       ] GC(89) Desired survivor size 4358144 bytes, new threshold 6 (max threshold 6)
[2020-09-11T17:01:17.370+0000][1][gc,age       ] GC(89) Age table with threshold 6 (max threshold 6)
[2020-09-11T17:01:17.370+0000][1][gc,age       ] GC(89) - age   1:     577240 bytes,     577240 total
[2020-09-11T17:01:17.370+0000][1][gc,age       ] GC(89) - age   2:      62608 bytes,     639848 total
[2020-09-11T17:01:17.370+0000][1][gc,age       ] GC(89) - age   3:       7616 bytes,     647464 total
[2020-09-11T17:01:17.370+0000][1][gc,age       ] GC(89) - age   4:       7328 bytes,     654792 total
[2020-09-11T17:01:17.370+0000][1][gc,age       ] GC(89) - age   5:       5560 bytes,     660352 total
[2020-09-11T17:01:17.370+0000][1][gc,age       ] GC(89) - age   6:       9968 bytes,     670320 total
[2020-09-11T17:01:17.370+0000][1][gc,heap      ] GC(89) ParNew: 70506K->705K(76672K)
[2020-09-11T17:01:17.370+0000][1][gc,heap      ] GC(89) CMS: 77216K->77237K(439104K)
[2020-09-11T17:01:17.370+0000][1][gc,metaspace ] GC(89) Metaspace: 94087K->94087K(1136640K)
[2020-09-11T17:01:17.370+0000][1][gc           ] GC(89) Pause Young (Allocation Failure) 144M->76M(503M) 27.791ms
[2020-09-11T17:01:17.370+0000][1][gc,cpu       ] GC(89) User=0.01s Sys=0.00s Real=0.02s
[2020-09-11T17:01:17.370+0000][1][safepoint    ] Safepoint "GenCollectForAllocation", Time since last: 151886799 ns, Reaching safepoint: 171571 ns, At safepoint: 27858888 ns, Total: 28030459 ns
[2020-09-11T17:01:18.388+0000][1][safepoint    ] Safepoint "Cleanup", Time since last: 1018435542 ns, Reaching safepoint: 223252 ns, At safepoint: 19565 ns, Total: 242817 ns
[2020-09-11T17:01:19.389+0000][1][safepoint    ] Safepoint "Cleanup", Time since last: 1000213643 ns, Reaching safepoint: 199785 ns, At safepoint: 18071 ns, Total: 217856 ns
[2020-09-11T17:01:20.389+0000][1][safepoint    ] Safepoint "Cleanup", Time since last: 1000224932 ns, Reaching safepoint: 157661 ns, At safepoint: 18496 ns, Total: 176157 ns
[2020-09-11T17:01:21.390+0000][1][safepoint    ] Safepoint "Cleanup", Time since last: 1000221773 ns, Reaching safepoint: 160051 ns, At safepoint: 17580 ns, Total: 177631 ns
[2020-09-11T17:01:22.390+0000][1][safepoint    ] Safepoint "Cleanup", Time since last: 1000233624 ns, Reaching safepoint: 182328 ns, At safepoint: 20604 ns, Total: 202932 ns
[2020-09-11T17:01:23.390+0000][1][safepoint    ] Safepoint "Cleanup", Time since last: 1000232493 ns, Reaching safepoint: 129568 ns, At safepoint: 8590 ns, Total: 138158 ns
[2020-09-11T17:01:24.391+0000][1][safepoint    ] Safepoint "Cleanup", Time since last: 1000185850 ns, Reaching safepoint: 189849 ns, At safepoint: 19759 ns, Total: 209608 ns
[2020-09-11T17:01:25.325+0000][1][safepoint    ] Safepoint "RevokeBias", Time since last: 931106648 ns, Reaching safepoint: 3087967 ns, At safepoint: 56466 ns, Total: 3144433 ns
[2020-09-11T17:01:26.325+0000][1][safepoint    ] Safepoint "Cleanup", Time since last: 1000216827 ns, Reaching safepoint: 111323 ns, At safepoint: 6588 ns, Total: 117911 ns
[2020-09-11T17:01:27.115+0000][1][safepoint    ] Safepoint "RevokeBias", Time since last: 789852132 ns, Reaching safepoint: 192633 ns, At safepoint: 21602 ns, Total: 214235 ns
[2020-09-11T17:01:28.116+0000][1][safepoint    ] Safepoint "Cleanup", Time since last: 1000126762 ns, Reaching safepoint: 108394 ns, At safepoint: 8593 ns, Total: 116987 ns
[2020-09-11T17:01:29.116+0000][1][safepoint    ] Safepoint "Cleanup", Time since last: 1000153170 ns, Reaching safepoint: 185108 ns, At safepoint: 22415 ns, Total: 207523 ns
[2020-09-11T17:01:30.116+0000][1][safepoint    ] Safepoint "Cleanup", Time since last: 1000223204 ns, Reaching safepoint: 179822 ns, At safepoint: 19923 ns, Total: 199745 ns
[2020-09-11T17:01:31.117+0000][1][safepoint    ] Safepoint "Cleanup", Time since last: 1000158534 ns, Reaching safepoint: 91502 ns, At safepoint: 7612 ns, Total: 99114 ns
[2020-09-11T17:01:32.117+0000][1][safepoint    ] Safepoint "Cleanup", Time since last: 1000185298 ns, Reaching safepoint: 170263 ns, At safepoint: 19174 ns, Total: 189437 ns
[2020-09-11T17:01:33.117+0000][1][safepoint    ] Safepoint "Cleanup", Time since last: 1000220442 ns, Reaching safepoint: 124639 ns, At safepoint: 8324 ns, Total: 132963 ns
[2020-09-11T17:01:34.118+0000][1][safepoint    ] Safepoint "Cleanup", Time since last: 1000207705 ns, Reaching safepoint: 188833 ns, At safepoint: 22926 ns, Total: 211759 ns
[2020-09-11T17:01:35.118+0000][1][safepoint    ] Safepoint "Cleanup", Time since last: 1000209204 ns, Reaching safepoint: 171323 ns, At safepoint: 18974 ns, Total: 190297 ns
[2020-09-11T17:01:35.320+0000][1][safepoint    ] Safepoint "RevokeBias", Time since last: 201110654 ns, Reaching safepoint: 152229 ns, At safepoint: 33633 ns, Total: 185862 ns
[2020-09-11T17:01:36.320+0000][1][safepoint    ] Safepoint "Cleanup", Time since last: 1000188877 ns, Reaching safepoint: 174380 ns, At safepoint: 18439 ns, Total: 192819 ns
[2020-09-11T17:01:37.074+0000][1][safepoint    ] Safepoint "RevokeBias", Time since last: 753929128 ns, Reaching safepoint: 175743 ns, At safepoint: 21686 ns, Total: 197429 ns
[2020-09-11T17:01:38.074+0000][1][safepoint    ] Safepoint "Cleanup", Time since last: 1000187616 ns, Reaching safepoint: 131021 ns, At safepoint: 10731 ns, Total: 141752 ns
[2020-09-11T17:01:39.075+0000][1][safepoint    ] Safepoint "Cleanup", Time since last: 1000185797 ns, Reaching safepoint: 212965 ns, At safepoint: 19903 ns, Total: 232868 ns
[2020-09-11T17:01:40.075+0000][1][safepoint    ] Safepoint "Cleanup", Time since last: 1000209259 ns, Reaching safepoint: 186755 ns, At safepoint: 22140 ns, Total: 208895 ns
[2020-09-11T17:01:41.076+0000][1][safepoint    ] Safepoint "Cleanup", Time since last: 1000221856 ns, Reaching safepoint: 177223 ns, At safepoint: 107444 ns, Total: 284667 ns
[2020-09-11T17:01:41.267+0000][1][gc,start     ] GC(90) Pause Young (Allocation Failure)
[2020-09-11T17:01:41.267+0000][1][gc,task      ] GC(90) Using 1 workers of 1 for evacuation
[2020-09-11T17:01:41.273+0000][1][gc,age       ] GC(90) Desired survivor size 4358144 bytes, new threshold 6 (max threshold 6)
[2020-09-11T17:01:41.273+0000][1][gc,age       ] GC(90) Age table with threshold 6 (max threshold 6)
[2020-09-11T17:01:41.273+0000][1][gc,age       ] GC(90) - age   1:      70768 bytes,      70768 total
[2020-09-11T17:01:41.273+0000][1][gc,age       ] GC(90) - age   2:       9728 bytes,      80496 total
[2020-09-11T17:01:41.273+0000][1][gc,age       ] GC(90) - age   3:      44552 bytes,     125048 total
[2020-09-11T17:01:41.273+0000][1][gc,age       ] GC(90) - age   4:       7616 bytes,     132664 total
[2020-09-11T17:01:41.273+0000][1][gc,age       ] GC(90) - age   5:       7328 bytes,     139992 total
[2020-09-11T17:01:41.273+0000][1][gc,age       ] GC(90) - age   6:       5560 bytes,     145552 total
[2020-09-11T17:01:41.273+0000][1][gc,heap      ] GC(90) ParNew: 68865K->667K(76672K)
[2020-09-11T17:01:41.273+0000][1][gc,heap      ] GC(90) CMS: 77237K->77247K(439104K)
[2020-09-11T17:01:41.273+0000][1][gc,metaspace ] GC(90) Metaspace: 94187K->94187K(1136640K)
[2020-09-11T17:01:41.273+0000][1][gc           ] GC(90) Pause Young (Allocation Failure) 142M->76M(503M) 5.730ms
[2020-09-11T17:01:41.273+0000][1][gc,cpu       ] GC(90) User=0.00s Sys=0.00s Real=0.01s
[2020-09-11T17:01:41.274+0000][1][safepoint    ] Safepoint "GenCollectForAllocation", Time since last: 191455690 ns, Reaching safepoint: 199318 ns, At safepoint: 6153706 ns, Total: 6353024 ns
[2020-09-11T17:01:42.277+0000][1][safepoint    ] Safepoint "Cleanup", Time since last: 1003434184 ns, Reaching safepoint: 87696 ns, At safepoint: 6252 ns, Total: 93948 ns
[2020-09-11T17:01:43.277+0000][1][safepoint    ] Safepoint "Cleanup", Time since last: 1000161060 ns, Reaching safepoint: 162182 ns, At safepoint: 14052 ns, Total: 176234 ns
[2020-09-11T17:01:44.278+0000][1][safepoint    ] Safepoint "Cleanup", Time since last: 1000176341 ns, Reaching safepoint: 173615 ns, At safepoint: 17593 ns, Total: 191208 ns
[2020-09-11T17:01:45.278+0000][1][safepoint    ] Safepoint "Cleanup", Time since last: 1000143842 ns, Reaching safepoint: 93818 ns, At safepoint: 7256 ns, Total: 101074 ns
[2020-09-11T17:01:45.319+0000][1][safepoint    ] Safepoint "RevokeBias", Time since last: 40579718 ns, Reaching safepoint: 184355 ns, At safepoint: 23868 ns, Total: 208223 ns
[2020-09-11T17:01:46.319+0000][1][safepoint    ] Safepoint "Cleanup", Time since last: 1000175415 ns, Reaching safepoint: 174394 ns, At safepoint: 21265 ns, Total: 195659 ns
[2020-09-11T17:01:47.086+0000][1][safepoint    ] Safepoint "RevokeBias", Time since last: 766167911 ns, Reaching safepoint: 226339 ns, At safepoint: 229015 ns, Total: 455354 ns
[2020-09-11T17:01:48.086+0000][1][safepoint    ] Safepoint "Cleanup", Time since last: 1000143034 ns, Reaching safepoint: 231331 ns, At safepoint: 7904 ns, Total: 239235 ns
[2020-09-11T17:01:49.087+0000][1][safepoint    ] Safepoint "Cleanup", Time since last: 1000147939 ns, Reaching safepoint: 173217 ns, At safepoint: 18883 ns, Total: 192100 ns
[2020-09-11T17:01:50.119+0000][1][safepoint    ] Safepoint "Cleanup", Time since last: 1032176992 ns, Reaching safepoint: 171981 ns, At safepoint: 19932 ns, Total: 191913 ns
[2020-09-11T17:01:51.119+0000][1][safepoint    ] Safepoint "Cleanup", Time since last: 1000219263 ns, Reaching safepoint: 171687 ns, At safepoint: 20223 ns, Total: 191910 ns
[2020-09-11T17:01:52.120+0000][1][safepoint    ] Safepoint "Cleanup", Time since last: 1000183586 ns, Reaching safepoint: 186084 ns, At safepoint: 20410 ns, Total: 206494 ns
[2020-09-11T17:01:53.121+0000][1][safepoint    ] Safepoint "Cleanup", Time since last: 1000127907 ns, Reaching safepoint: 1064195 ns, At safepoint: 19618 ns, Total: 1083813 ns
[2020-09-11T17:01:54.121+0000][1][safepoint    ] Safepoint "Cleanup", Time since last: 1000173024 ns, Reaching safepoint: 201994 ns, At safepoint: 18001 ns, Total: 219995 ns
[2020-09-11T17:01:55.122+0000][1][safepoint    ] Safepoint "Cleanup", Time since last: 1000222448 ns, Reaching safepoint: 171516 ns, At safepoint: 19214 ns, Total: 190730 ns
[2020-09-11T17:01:55.369+0000][1][safepoint    ] Safepoint "RevokeBias", Time since last: 247196571 ns, Reaching safepoint: 476276 ns, At safepoint: 53452 ns, Total: 529728 ns
[2020-09-11T17:01:56.370+0000][1][safepoint    ] Safepoint "Cleanup", Time since last: 1000185345 ns, Reaching safepoint: 132631 ns, At safepoint: 8360 ns, Total: 140991 ns
[2020-09-11T17:01:57.075+0000][1][safepoint    ] Safepoint "RevokeBias", Time since last: 704255053 ns, Reaching safepoint: 272619 ns, At safepoint: 236431 ns, Total: 509050 ns
[2020-09-11T17:01:58.075+0000][1][safepoint    ] Safepoint "Cleanup", Time since last: 1000118671 ns, Reaching safepoint: 112770 ns, At safepoint: 8786 ns, Total: 121556 ns
[2020-09-11T17:01:59.075+0000][1][safepoint    ] Safepoint "Cleanup", Time since last: 1000146699 ns, Reaching safepoint: 143630 ns, At safepoint: 7543 ns, Total: 151173 ns
[2020-09-11T17:02:00.075+0000][1][safepoint    ] Safepoint "Cleanup", Time since last: 1000181625 ns, Reaching safepoint: 114572 ns, At safepoint: 8960 ns, Total: 123532 ns
[2020-09-11T17:02:01.076+0000][1][safepoint    ] Safepoint "Cleanup", Time since last: 1000179780 ns, Reaching safepoint: 177531 ns, At safepoint: 19946 ns, Total: 197477 ns
[2020-09-11T17:02:02.076+0000][1][safepoint    ] Safepoint "Cleanup", Time since last: 1000223652 ns, Reaching safepoint: 170140 ns, At safepoint: 19595 ns, Total: 189735 ns
[2020-09-11T17:02:03.077+0000][1][safepoint    ] Safepoint "Cleanup", Time since last: 1000207108 ns, Reaching safepoint: 112954 ns, At safepoint: 7013 ns, Total: 119967 ns
[2020-09-11T17:02:05.077+0000][1][safepoint    ] Safepoint "Cleanup", Time since last: 2000264277 ns, Reaching safepoint: 99959 ns, At safepoint: 7348 ns, Total: 107307 ns
[2020-09-11T17:02:05.316+0000][1][safepoint    ] Safepoint "RevokeBias", Time since last: 238507734 ns, Reaching safepoint: 166759 ns, At safepoint: 22783 ns, Total: 189542 ns
[2020-09-11T17:02:06.310+0000][1][gc,start     ] GC(91) Pause Young (Allocation Failure)
[2020-09-11T17:02:06.310+0000][1][gc,task      ] GC(91) Using 1 workers of 1 for evacuation
[2020-09-11T17:02:06.318+0000][1][gc,age       ] GC(91) Desired survivor size 4358144 bytes, new threshold 6 (max threshold 6)
[2020-09-11T17:02:06.318+0000][1][gc,age       ] GC(91) Age table with threshold 6 (max threshold 6)
[2020-09-11T17:02:06.318+0000][1][gc,age       ] GC(91) - age   1:      70184 bytes,      70184 total
[2020-09-11T17:02:06.318+0000][1][gc,age       ] GC(91) - age   2:       8720 bytes,      78904 total
[2020-09-11T17:02:06.318+0000][1][gc,age       ] GC(91) - age   3:       4680 bytes,      83584 total
[2020-09-11T17:02:06.318+0000][1][gc,age       ] GC(91) - age   4:      44512 bytes,     128096 total
[2020-09-11T17:02:06.318+0000][1][gc,age       ] GC(91) - age   5:       7616 bytes,     135712 total
[2020-09-11T17:02:06.318+0000][1][gc,age       ] GC(91) - age   6:       7056 bytes,     142768 total
[2020-09-11T17:02:06.318+0000][1][gc,heap      ] GC(91) ParNew: 68827K->202K(76672K)
[2020-09-11T17:02:06.318+0000][1][gc,heap      ] GC(91) CMS: 77247K->77252K(439104K)
[2020-09-11T17:02:06.318+0000][1][gc,metaspace ] GC(91) Metaspace: 94223K->94223K(1136640K)
[2020-09-11T17:02:06.318+0000][1][gc           ] GC(91) Pause Young (Allocation Failure) 142M->75M(503M) 8.507ms
[2020-09-11T17:02:06.318+0000][1][gc,cpu       ] GC(91) User=0.00s Sys=0.00s Real=0.01s
[2020-09-11T17:02:06.318+0000][1][safepoint    ] Safepoint "GenCollectForAllocation", Time since last: 993745110 ns, Reaching safepoint: 279628 ns, At safepoint: 8589315 ns, Total: 8868943 ns
[2020-09-11T17:02:07.093+0000][1][safepoint    ] Safepoint "BulkRevokeBias", Time since last: 774311812 ns, Reaching safepoint: 344492 ns, At safepoint: 570920 ns, Total: 915412 ns
[2020-09-11T17:02:07.142+0000][1][safepoint    ] Safepoint "RevokeBias", Time since last: 48031067 ns, Reaching safepoint: 217553 ns, At safepoint: 24324 ns, Total: 241877 ns
[2020-09-11T17:02:09.142+0000][1][safepoint    ] Safepoint "Cleanup", Time since last: 2000194212 ns, Reaching safepoint: 102356 ns, At safepoint: 8970 ns, Total: 111326 ns
[2020-09-11T17:02:12.144+0000][1][safepoint    ] Safepoint "Cleanup", Time since last: 3001915312 ns, Reaching safepoint: 98564 ns, At safepoint: 8882 ns, Total: 107446 ns
[2020-09-11T17:02:15.321+0000][1][safepoint    ] Safepoint "RevokeBias", Time since last: 3176497378 ns, Reaching safepoint: 103543 ns, At safepoint: 22868 ns, Total: 126411 ns
[2020-09-11T17:02:16.321+0000][1][safepoint    ] Safepoint "Cleanup", Time since last: 1000135206 ns, Reaching safepoint: 105309 ns, At safepoint: 16344 ns, Total: 121653 ns
[2020-09-11T17:02:17.097+0000][1][safepoint    ] Safepoint "RevokeBias", Time since last: 776022978 ns, Reaching safepoint: 299801 ns, At safepoint: 236193 ns, Total: 535994 ns
[2020-09-11T17:02:18.098+0000][1][safepoint    ] Safepoint "Cleanup", Time since last: 1000116087 ns, Reaching safepoint: 101352 ns, At safepoint: 10254 ns, Total: 111606 ns
[2020-09-11T17:02:19.098+0000][1][safepoint    ] Safepoint "Cleanup", Time since last: 1000115264 ns, Reaching safepoint: 100261 ns, At safepoint: 10275 ns, Total: 110536 ns
[2020-09-11T17:02:22.098+0000][1][safepoint    ] Safepoint "Cleanup", Time since last: 3000272926 ns, Reaching safepoint: 100844 ns, At safepoint: 11711 ns, Total: 112555 ns
[2020-09-11T17:02:23.099+0000][1][safepoint    ] Safepoint "Cleanup", Time since last: 1000120156 ns, Reaching safepoint: 103946 ns, At safepoint: 10434 ns, Total: 114380 ns
[2020-09-11T17:02:24.099+0000][1][safepoint    ] Safepoint "Cleanup", Time since last: 1000101492 ns, Reaching safepoint: 106627 ns, At safepoint: 10185 ns, Total: 116812 ns
[2020-09-11T17:02:25.313+0000][1][safepoint    ] Safepoint "RevokeBias", Time since last: 1213713333 ns, Reaching safepoint: 180723 ns, At safepoint: 22771 ns, Total: 203494 ns
[2020-09-11T17:02:26.313+0000][1][safepoint    ] Safepoint "Cleanup", Time since last: 1000103045 ns, Reaching safepoint: 185587 ns, At safepoint: 10919 ns, Total: 196506 ns
[2020-09-11T17:02:27.005+0000][1][gc,start     ] GC(92) Pause Young (Allocation Failure)
[2020-09-11T17:02:27.005+0000][1][gc,task      ] GC(92) Using 1 workers of 1 for evacuation
[2020-09-11T17:02:27.014+0000][1][gc,age       ] GC(92) Desired survivor size 4358144 bytes, new threshold 6 (max threshold 6)
[2020-09-11T17:02:27.014+0000][1][gc,age       ] GC(92) Age table with threshold 6 (max threshold 6)
[2020-09-11T17:02:27.014+0000][1][gc,age       ] GC(92) - age   1:     358912 bytes,     358912 total
[2020-09-11T17:02:27.014+0000][1][gc,age       ] GC(92) - age   2:       5376 bytes,     364288 total
[2020-09-11T17:02:27.014+0000][1][gc,age       ] GC(92) - age   3:       6480 bytes,     370768 total
[2020-09-11T17:02:27.014+0000][1][gc,age       ] GC(92) - age   4:       4680 bytes,     375448 total
[2020-09-11T17:02:27.014+0000][1][gc,age       ] GC(92) - age   5:      43272 bytes,     418720 total
[2020-09-11T17:02:27.014+0000][1][gc,age       ] GC(92) - age   6:       7344 bytes,     426064 total
[2020-09-11T17:02:27.014+0000][1][gc,heap      ] GC(92) ParNew: 68362K->465K(76672K)
[2020-09-11T17:02:27.014+0000][1][gc,heap      ] GC(92) CMS: 77252K->77259K(439104K)
[2020-09-11T17:02:27.014+0000][1][gc,metaspace ] GC(92) Metaspace: 94285K->94285K(1136640K)
[2020-09-11T17:02:27.014+0000][1][gc           ] GC(92) Pause Young (Allocation Failure) 142M->75M(503M) 9.423ms
[2020-09-11T17:02:27.014+0000][1][gc,cpu       ] GC(92) User=0.01s Sys=0.00s Real=0.01s
[2020-09-11T17:02:27.014+0000][1][safepoint    ] Safepoint "GenCollectForAllocation", Time since last: 691820636 ns, Reaching safepoint: 182837 ns, At safepoint: 9497156 ns, Total: 9679993 ns
[2020-09-11T17:02:27.099+0000][1][safepoint    ] Safepoint "RevokeBias", Time since last: 84316022 ns, Reaching safepoint: 231130 ns, At safepoint: 256859 ns, Total: 487989 ns
[2020-09-11T17:02:28.099+0000][1][safepoint    ] Safepoint "Cleanup", Time since last: 1000111545 ns, Reaching safepoint: 103442 ns, At safepoint: 8121 ns, Total: 111563 ns
[2020-09-11T17:02:32.100+0000][1][safepoint    ] Safepoint "Cleanup", Time since last: 4000345293 ns, Reaching safepoint: 101274 ns, At safepoint: 10605 ns, Total: 111879 ns
[2020-09-11T17:02:33.100+0000][1][safepoint    ] Safepoint "Cleanup", Time since last: 1000112322 ns, Reaching safepoint: 98648 ns, At safepoint: 8276 ns, Total: 106924 ns
[2020-09-11T17:02:34.100+0000][1][safepoint    ] Safepoint "Cleanup", Time since last: 1000114122 ns, Reaching safepoint: 121853 ns, At safepoint: 9755 ns, Total: 131608 ns
[2020-09-11T17:02:35.101+0000][1][safepoint    ] Safepoint "Cleanup", Time since last: 1000141866 ns, Reaching safepoint: 99601 ns, At safepoint: 10561 ns, Total: 110162 ns
[2020-09-11T17:02:35.325+0000][1][safepoint    ] Safepoint "RevokeBias", Time since last: 224553078 ns, Reaching safepoint: 178450 ns, At safepoint: 25401 ns, Total: 203851 ns
[2020-09-11T17:02:37.297+0000][1][safepoint    ] Safepoint "RevokeBias", Time since last: 1962549043 ns, Reaching safepoint: 8866575 ns, At safepoint: 33903 ns, Total: 8900478 ns
[2020-09-11T17:02:38.297+0000][1][safepoint    ] Safepoint "Cleanup", Time since last: 1000258603 ns, Reaching safepoint: 97825 ns, At safepoint: 8186 ns, Total: 106011 ns
[2020-09-11T17:02:39.303+0000][1][safepoint    ] Safepoint "Cleanup", Time since last: 1005963015 ns, Reaching safepoint: 168633 ns, At safepoint: 8624 ns, Total: 177257 ns
[2020-09-11T17:02:45.304+0000][1][safepoint    ] Safepoint "Cleanup", Time since last: 6000515727 ns, Reaching safepoint: 140973 ns, At safepoint: 8482 ns, Total: 149455 ns
[2020-09-11T17:02:45.319+0000][1][safepoint    ] Safepoint "BulkRevokeBias", Time since last: 14148339 ns, Reaching safepoint: 173075 ns, At safepoint: 248940 ns, Total: 422015 ns
[2020-09-11T17:02:46.319+0000][1][safepoint    ] Safepoint "Cleanup", Time since last: 1000122470 ns, Reaching safepoint: 97461 ns, At safepoint: 8124 ns, Total: 105585 ns
[2020-09-11T17:02:47.113+0000][1][safepoint    ] Safepoint "RevokeBias", Time since last: 792085942 ns, Reaching safepoint: 1983819 ns, At safepoint: 243658 ns, Total: 2227477 ns
[2020-09-11T17:02:47.205+0000][1][gc,start     ] GC(93) Pause Young (Allocation Failure)
[2020-09-11T17:02:47.205+0000][1][gc,task      ] GC(93) Using 1 workers of 1 for evacuation
[2020-09-11T17:02:47.214+0000][1][gc,age       ] GC(93) Desired survivor size 4358144 bytes, new threshold 6 (max threshold 6)
[2020-09-11T17:02:47.214+0000][1][gc,age       ] GC(93) Age table with threshold 6 (max threshold 6)
[2020-09-11T17:02:47.214+0000][1][gc,age       ] GC(93) - age   1:     585456 bytes,     585456 total
[2020-09-11T17:02:47.214+0000][1][gc,age       ] GC(93) - age   2:      24608 bytes,     610064 total
[2020-09-11T17:02:47.214+0000][1][gc,age       ] GC(93) - age   3:       2776 bytes,     612840 total
[2020-09-11T17:02:47.214+0000][1][gc,age       ] GC(93) - age   4:       6480 bytes,     619320 total
[2020-09-11T17:02:47.214+0000][1][gc,age       ] GC(93) - age   5:       4680 bytes,     624000 total
[2020-09-11T17:02:47.214+0000][1][gc,age       ] GC(93) - age   6:      43272 bytes,     667272 total
[2020-09-11T17:02:47.214+0000][1][gc,heap      ] GC(93) ParNew: 68625K->701K(76672K)
[2020-09-11T17:02:47.214+0000][1][gc,heap      ] GC(93) CMS: 77259K->77266K(439104K)
[2020-09-11T17:02:47.214+0000][1][gc,metaspace ] GC(93) Metaspace: 94347K->94347K(1136640K)
[2020-09-11T17:02:47.214+0000][1][gc           ] GC(93) Pause Young (Allocation Failure) 142M->76M(503M) 9.221ms
[2020-09-11T17:02:47.214+0000][1][gc,cpu       ] GC(93) User=0.01s Sys=0.00s Real=0.01s
[2020-09-11T17:02:47.229+0000][1][safepoint    ] Safepoint "GenCollectForAllocation", Time since last: 90641814 ns, Reaching safepoint: 1054521 ns, At safepoint: 23960126 ns, Total: 25014647 ns
[2020-09-11T17:02:48.261+0000][1][safepoint    ] Safepoint "Cleanup", Time since last: 1032105692 ns, Reaching safepoint: 117239 ns, At safepoint: 8421 ns, Total: 125660 ns
[2020-09-11T17:02:49.385+0000][1][safepoint    ] Safepoint "Cleanup", Time since last: 1123793473 ns, Reaching safepoint: 98055 ns, At safepoint: 7926 ns, Total: 105981 ns
[2020-09-11T17:02:51.390+0000][1][safepoint    ] Safepoint "Cleanup", Time since last: 2003909912 ns, Reaching safepoint: 1149560 ns, At safepoint: 12441 ns, Total: 1162001 ns
[2020-09-11T17:02:53.390+0000][1][safepoint    ] Safepoint "Cleanup", Time since last: 2000178291 ns, Reaching safepoint: 93860 ns, At safepoint: 8188 ns, Total: 102048 ns
[2020-09-11T17:02:55.322+0000][1][safepoint    ] Safepoint "RevokeBias", Time since last: 1931049340 ns, Reaching safepoint: 186309 ns, At safepoint: 23883 ns, Total: 210192 ns
[2020-09-11T17:02:57.078+0000][1][safepoint    ] Safepoint "RevokeBias", Time since last: 1755756494 ns, Reaching safepoint: 191112 ns, At safepoint: 22536 ns, Total: 213648 ns
[2020-09-11T17:02:58.078+0000][1][safepoint    ] Safepoint "Cleanup", Time since last: 1000109356 ns, Reaching safepoint: 101524 ns, At safepoint: 9700 ns, Total: 111224 ns
[2020-09-11T17:03:01.078+0000][1][safepoint    ] Safepoint "Cleanup", Time since last: 3000274357 ns, Reaching safepoint: 138939 ns, At safepoint: 12623 ns, Total: 151562 ns
[2020-09-11T17:03:02.078+0000][1][safepoint    ] Safepoint "Cleanup", Time since last: 1000120611 ns, Reaching safepoint: 96230 ns, At safepoint: 11480 ns, Total: 107710 ns
[2020-09-11T17:03:05.318+0000][1][safepoint    ] Safepoint "RevokeBias", Time since last: 3239819199 ns, Reaching safepoint: 101728 ns, At safepoint: 22242 ns, Total: 123970 ns
[2020-09-11T17:03:07.136+0000][1][safepoint    ] Safepoint "RevokeBias", Time since last: 1816907484 ns, Reaching safepoint: 383952 ns, At safepoint: 225536 ns, Total: 609488 ns
[2020-09-11T17:03:08.136+0000][1][safepoint    ] Safepoint "Cleanup", Time since last: 1000124545 ns, Reaching safepoint: 137855 ns, At safepoint: 14652 ns, Total: 152507 ns
[2020-09-11T17:03:10.136+0000][1][safepoint    ] Safepoint "Cleanup", Time since last: 2000216898 ns, Reaching safepoint: 103558 ns, At safepoint: 11914 ns, Total: 115472 ns
[2020-09-11T17:03:11.377+0000][1][gc,start     ] GC(94) Pause Young (Allocation Failure)
[2020-09-11T17:03:11.377+0000][1][gc,task      ] GC(94) Using 1 workers of 1 for evacuation
[2020-09-11T17:03:11.388+0000][1][gc,age       ] GC(94) Desired survivor size 4358144 bytes, new threshold 6 (max threshold 6)
[2020-09-11T17:03:11.388+0000][1][gc,age       ] GC(94) Age table with threshold 6 (max threshold 6)
[2020-09-11T17:03:11.388+0000][1][gc,age       ] GC(94) - age   1:      71256 bytes,      71256 total
[2020-09-11T17:03:11.388+0000][1][gc,age       ] GC(94) - age   2:       8192 bytes,      79448 total
[2020-09-11T17:03:11.388+0000][1][gc,age       ] GC(94) - age   3:       4056 bytes,      83504 total
[2020-09-11T17:03:11.388+0000][1][gc,age       ] GC(94) - age   4:       2488 bytes,      85992 total
[2020-09-11T17:03:11.388+0000][1][gc,age       ] GC(94) - age   5:       6480 bytes,      92472 total
[2020-09-11T17:03:11.388+0000][1][gc,age       ] GC(94) - age   6:       4368 bytes,      96840 total
[2020-09-11T17:03:11.388+0000][1][gc,heap      ] GC(94) ParNew: 68861K->576K(76672K)
[2020-09-11T17:03:11.388+0000][1][gc,heap      ] GC(94) CMS: 77266K->77309K(439104K)
[2020-09-11T17:03:11.388+0000][1][gc,metaspace ] GC(94) Metaspace: 94399K->94399K(1136640K)
[2020-09-11T17:03:11.388+0000][1][gc           ] GC(94) Pause Young (Allocation Failure) 142M->76M(503M) 11.167ms
[2020-09-11T17:03:11.388+0000][1][gc,cpu       ] GC(94) User=0.01s Sys=0.00s Real=0.01s
[2020-09-11T17:03:11.397+0000][1][safepoint    ] Safepoint "GenCollectForAllocation", Time since last: 1237751822 ns, Reaching safepoint: 2643776 ns, At safepoint: 19911205 ns, Total: 22554981 ns
[2020-09-11T17:03:15.338+0000][1][safepoint    ] Safepoint "RevokeBias", Time since last: 3941365863 ns, Reaching safepoint: 177391 ns, At safepoint: 25036 ns, Total: 202427 ns
[2020-09-11T17:03:17.113+0000][1][safepoint    ] Safepoint "RevokeBias", Time since last: 1771641771 ns, Reaching safepoint: 2538041 ns, At safepoint: 294256 ns, Total: 2832297 ns
[2020-09-11T17:03:18.113+0000][1][safepoint    ] Safepoint "Cleanup", Time since last: 1000125249 ns, Reaching safepoint: 102599 ns, At safepoint: 11310 ns, Total: 113909 ns
[2020-09-11T17:03:22.114+0000][1][safepoint    ] Safepoint "Cleanup", Time since last: 4000334433 ns, Reaching safepoint: 96520 ns, At safepoint: 9437 ns, Total: 105957 ns
[2020-09-11T17:03:22.616+0000][1][safepoint    ] Safepoint "RevokeBias", Time since last: 502085835 ns, Reaching safepoint: 714276 ns, At safepoint: 25913 ns, Total: 740189 ns
[2020-09-11T17:03:22.617+0000][1][safepoint    ] Safepoint "RevokeBias", Time since last: 110394 ns, Reaching safepoint: 125819 ns, At safepoint: 17718 ns, Total: 143537 ns
[2020-09-11T17:03:22.659+0000][1][safepoint    ] Safepoint "RevokeBias", Time since last: 42453035 ns, Reaching safepoint: 203992 ns, At safepoint: 22868 ns, Total: 226860 ns
[2020-09-11T17:03:22.660+0000][1][safepoint    ] Safepoint "BulkRevokeBias", Time since last: 59611 ns, Reaching safepoint: 347525 ns, At safepoint: 276790 ns, Total: 624315 ns
[2020-09-11T17:03:22.661+0000][1][safepoint    ] Safepoint "RevokeBias", Time since last: 503457 ns, Reaching safepoint: 140171 ns, At safepoint: 16110 ns, Total: 156281 ns
[2020-09-11T17:03:22.664+0000][1][safepoint    ] Safepoint "RevokeBias", Time since last: 3166964 ns, Reaching safepoint: 171069 ns, At safepoint: 21880 ns, Total: 192949 ns
[2020-09-11T17:03:22.664+0000][1][safepoint    ] Safepoint "RevokeBias", Time since last: 60817 ns, Reaching safepoint: 114401 ns, At safepoint: 14654 ns, Total: 129055 ns
[2020-09-11T17:03:22.666+0000][1][safepoint    ] Safepoint "RevokeBias", Time since last: 931834 ns, Reaching safepoint: 793652 ns, At safepoint: 17952 ns, Total: 811604 ns
[2020-09-11T17:03:22.667+0000][1][safepoint    ] Safepoint "RevokeBias", Time since last: 46173 ns, Reaching safepoint: 800730 ns, At safepoint: 17295 ns, Total: 818025 ns
[2020-09-11T17:03:22.668+0000][1][safepoint    ] Safepoint "RevokeBias", Time since last: 777828 ns, Reaching safepoint: 319975 ns, At safepoint: 17592 ns, Total: 337567 ns
[2020-09-11T17:03:22.681+0000][1][safepoint    ] Safepoint "RevokeBias", Time since last: 11098009 ns, Reaching safepoint: 1974050 ns, At safepoint: 26579 ns, Total: 2000629 ns
[2020-09-11T17:03:22.685+0000][1][safepoint    ] Safepoint "RevokeBias", Time since last: 221424 ns, Reaching safepoint: 3671907 ns, At safepoint: 27599 ns, Total: 3699506 ns
[2020-09-11T17:03:22.881+0000][1][safepoint    ] Safepoint "RevokeBias", Time since last: 196496340 ns, Reaching safepoint: 87480 ns, At safepoint: 21671 ns, Total: 109151 ns
[2020-09-11T17:03:22.882+0000][1][safepoint    ] Safepoint "RevokeBias", Time since last: 68280 ns, Reaching safepoint: 31895 ns, At safepoint: 12344 ns, Total: 44239 ns
[2020-09-11T17:03:22.882+0000][1][safepoint    ] Safepoint "RevokeBias", Time since last: 32119 ns, Reaching safepoint: 30039 ns, At safepoint: 10378 ns, Total: 40417 ns
[2020-09-11T17:03:22.882+0000][1][safepoint    ] Safepoint "RevokeBias", Time since last: 30052 ns, Reaching safepoint: 29836 ns, At safepoint: 10038 ns, Total: 39874 ns
[2020-09-11T17:03:22.882+0000][1][safepoint    ] Safepoint "RevokeBias", Time since last: 29571 ns, Reaching safepoint: 29665 ns, At safepoint: 10127 ns, Total: 39792 ns
[2020-09-11T17:03:22.882+0000][1][safepoint    ] Safepoint "RevokeBias", Time since last: 29322 ns, Reaching safepoint: 29279 ns, At safepoint: 10003 ns, Total: 39282 ns
[2020-09-11T17:03:22.882+0000][1][safepoint    ] Safepoint "RevokeBias", Time since last: 28959 ns, Reaching safepoint: 29089 ns, At safepoint: 10070 ns, Total: 39159 ns
[2020-09-11T17:03:23.415+0000][1][safepoint    ] Safepoint "RevokeBias", Time since last: 532369884 ns, Reaching safepoint: 165482 ns, At safepoint: 25298 ns, Total: 190780 ns
[2020-09-11T17:03:23.415+0000][1][safepoint    ] Safepoint "RevokeBias", Time since last: 68090 ns, Reaching safepoint: 139611 ns, At safepoint: 17553 ns, Total: 157164 ns
[2020-09-11T17:03:23.415+0000][1][safepoint    ] Safepoint "RevokeBias", Time since last: 43164 ns, Reaching safepoint: 124079 ns, At safepoint: 16198 ns, Total: 140277 ns
[2020-09-11T17:03:23.415+0000][1][safepoint    ] Safepoint "RevokeBias", Time since last: 38794 ns, Reaching safepoint: 120611 ns, At safepoint: 16049 ns, Total: 136660 ns
[2020-09-11T17:03:23.415+0000][1][safepoint    ] Safepoint "RevokeBias", Time since last: 37907 ns, Reaching safepoint: 117812 ns, At safepoint: 15104 ns, Total: 132916 ns
[2020-09-11T17:03:23.417+0000][1][safepoint    ] Safepoint "RevokeBias", Time since last: 317983 ns, Reaching safepoint: 1231839 ns, At safepoint: 17639 ns, Total: 1249478 ns
[2020-09-11T17:03:24.417+0000][1][safepoint    ] Safepoint "Cleanup", Time since last: 1000108017 ns, Reaching safepoint: 100657 ns, At safepoint: 12211 ns, Total: 112868 ns
[2020-09-11T17:03:25.311+0000][1][safepoint    ] Safepoint "RevokeBias", Time since last: 893964791 ns, Reaching safepoint: 175641 ns, At safepoint: 26477 ns, Total: 202118 ns
[2020-09-11T17:03:26.311+0000][1][safepoint    ] Safepoint "Cleanup", Time since last: 1000123722 ns, Reaching safepoint: 100309 ns, At safepoint: 11477 ns, Total: 111786 ns
[2020-09-11T17:03:27.096+0000][1][safepoint    ] Safepoint "RevokeBias", Time since last: 784099004 ns, Reaching safepoint: 231757 ns, At safepoint: 226720 ns, Total: 458477 ns
[2020-09-11T17:03:27.225+0000][1][gc,start     ] GC(95) Pause Young (Allocation Failure)
[2020-09-11T17:03:27.225+0000][1][gc,task      ] GC(95) Using 1 workers of 1 for evacuation
[2020-09-11T17:03:27.235+0000][1][gc,age       ] GC(95) Desired survivor size 4358144 bytes, new threshold 6 (max threshold 6)
[2020-09-11T17:03:27.235+0000][1][gc,age       ] GC(95) Age table with threshold 6 (max threshold 6)
[2020-09-11T17:03:27.235+0000][1][gc,age       ] GC(95) - age   1:     663112 bytes,     663112 total
[2020-09-11T17:03:27.235+0000][1][gc,age       ] GC(95) - age   2:      12160 bytes,     675272 total
[2020-09-11T17:03:27.235+0000][1][gc,age       ] GC(95) - age   3:       5144 bytes,     680416 total
[2020-09-11T17:03:27.235+0000][1][gc,age       ] GC(95) - age   4:       3784 bytes,     684200 total
[2020-09-11T17:03:27.235+0000][1][gc,age       ] GC(95) - age   5:       2488 bytes,     686688 total
[2020-09-11T17:03:27.235+0000][1][gc,age       ] GC(95) - age   6:       6480 bytes,     693168 total
[2020-09-11T17:03:27.235+0000][1][gc,heap      ] GC(95) ParNew: 68736K->809K(76672K)
[2020-09-11T17:03:27.235+0000][1][gc,heap      ] GC(95) CMS: 77309K->77313K(439104K)
[2020-09-11T17:03:27.235+0000][1][gc,metaspace ] GC(95) Metaspace: 94451K->94451K(1136640K)
[2020-09-11T17:03:27.235+0000][1][gc           ] GC(95) Pause Young (Allocation Failure) 142M->76M(503M) 10.151ms
[2020-09-11T17:03:27.235+0000][1][gc,cpu       ] GC(95) User=0.00s Sys=0.00s Real=0.01s
[2020-09-11T17:03:27.241+0000][1][safepoint    ] Safepoint "GenCollectForAllocation", Time since last: 124784444 ns, Reaching safepoint: 4074065 ns, At safepoint: 15929090 ns, Total: 20003155 ns
[2020-09-11T17:03:31.250+0000][1][safepoint    ] Safepoint "Cleanup", Time since last: 4009460777 ns, Reaching safepoint: 101502 ns, At safepoint: 12098 ns, Total: 113600 ns
[2020-09-11T17:03:32.251+0000][1][safepoint    ] Safepoint "Cleanup", Time since last: 1000117831 ns, Reaching safepoint: 96130 ns, At safepoint: 9347 ns, Total: 105477 ns
[2020-09-11T17:03:35.253+0000][1][safepoint    ] Safepoint "RevokeBias", Time since last: 3001790425 ns, Reaching safepoint: 292485 ns, At safepoint: 23167 ns, Total: 315652 ns
[2020-09-11T17:03:35.253+0000][1][safepoint    ] Safepoint "RevokeBias", Time since last: 98202 ns, Reaching safepoint: 123460 ns, At safepoint: 14231 ns, Total: 137691 ns
[2020-09-11T17:03:35.253+0000][1][safepoint    ] Safepoint "RevokeBias", Time since last: 46512 ns, Reaching safepoint: 124398 ns, At safepoint: 14059 ns, Total: 138457 ns
[2020-09-11T17:03:35.253+0000][1][safepoint    ] Safepoint "RevokeBias", Time since last: 34768 ns, Reaching safepoint: 121405 ns, At safepoint: 13489 ns, Total: 134894 ns
[2020-09-11T17:03:35.253+0000][1][safepoint    ] Safepoint "RevokeBias", Time since last: 33498 ns, Reaching safepoint: 121896 ns, At safepoint: 13156 ns, Total: 135052 ns
[2020-09-11T17:03:35.254+0000][1][safepoint    ] Safepoint "RevokeBias", Time since last: 32995 ns, Reaching safepoint: 120018 ns, At safepoint: 13003 ns, Total: 133021 ns
[2020-09-11T17:03:35.254+0000][1][safepoint    ] Safepoint "BulkRevokeBias", Time since last: 33216 ns, Reaching safepoint: 120423 ns, At safepoint: 511345 ns, Total: 631768 ns
[2020-09-11T17:03:35.313+0000][1][safepoint    ] Safepoint "RevokeBias", Time since last: 54936113 ns, Reaching safepoint: 3613579 ns, At safepoint: 28325 ns, Total: 3641904 ns
[2020-09-11T17:03:37.085+0000][1][safepoint    ] Safepoint "RevokeBias", Time since last: 1771406172 ns, Reaching safepoint: 229926 ns, At safepoint: 212828 ns, Total: 442754 ns
[2020-09-11T17:03:38.085+0000][1][safepoint    ] Safepoint "Cleanup", Time since last: 1000151226 ns, Reaching safepoint: 100772 ns, At safepoint: 11541 ns, Total: 112313 ns
[2020-09-11T17:03:40.085+0000][1][safepoint    ] Safepoint "Cleanup", Time since last: 2000204676 ns, Reaching safepoint: 99989 ns, At safepoint: 11470 ns, Total: 111459 ns
[2020-09-11T17:03:42.086+0000][1][safepoint    ] Safepoint "Cleanup", Time since last: 2000190570 ns, Reaching safepoint: 116195 ns, At safepoint: 12395 ns, Total: 128590 ns
[2020-09-11T17:03:43.086+0000][1][safepoint    ] Safepoint "Cleanup", Time since last: 1000112534 ns, Reaching safepoint: 100534 ns, At safepoint: 12216 ns, Total: 112750 ns
[2020-09-11T17:03:45.304+0000][1][safepoint    ] Safepoint "RevokeBias", Time since last: 2215194037 ns, Reaching safepoint: 2655624 ns, At safepoint: 25228 ns, Total: 2680852 ns
[2020-09-11T17:03:47.185+0000][1][safepoint    ] Safepoint "RevokeBias", Time since last: 1878966044 ns, Reaching safepoint: 2234497 ns, At safepoint: 236931 ns, Total: 2471428 ns
[2020-09-11T17:03:48.185+0000][1][safepoint    ] Safepoint "Cleanup", Time since last: 1000124755 ns, Reaching safepoint: 111849 ns, At safepoint: 21786 ns, Total: 133635 ns
[2020-09-11T17:03:49.186+0000][1][safepoint    ] Safepoint "Cleanup", Time since last: 1000118880 ns, Reaching safepoint: 92446 ns, At safepoint: 7587 ns, Total: 100033 ns
[2020-09-11T17:03:51.460+0000][1][gc,start     ] GC(96) Pause Young (Allocation Failure)
[2020-09-11T17:03:51.460+0000][1][gc,task      ] GC(96) Using 1 workers of 1 for evacuation
[2020-09-11T17:03:51.469+0000][1][gc,age       ] GC(96) Desired survivor size 4358144 bytes, new threshold 6 (max threshold 6)
[2020-09-11T17:03:51.469+0000][1][gc,age       ] GC(96) Age table with threshold 6 (max threshold 6)
[2020-09-11T17:03:51.469+0000][1][gc,age       ] GC(96) - age   1:      69128 bytes,      69128 total
[2020-09-11T17:03:51.469+0000][1][gc,age       ] GC(96) - age   2:     110536 bytes,     179664 total
[2020-09-11T17:03:51.469+0000][1][gc,age       ] GC(96) - age   3:       4952 bytes,     184616 total
[2020-09-11T17:03:51.469+0000][1][gc,age       ] GC(96) - age   4:       4832 bytes,     189448 total
[2020-09-11T17:03:51.469+0000][1][gc,age       ] GC(96) - age   5:       3784 bytes,     193232 total
[2020-09-11T17:03:51.469+0000][1][gc,age       ] GC(96) - age   6:       2488 bytes,     195720 total
[2020-09-11T17:03:51.469+0000][1][gc,heap      ] GC(96) ParNew: 68969K->548K(76672K)
[2020-09-11T17:03:51.469+0000][1][gc,heap      ] GC(96) CMS: 77313K->77319K(439104K)
[2020-09-11T17:03:51.469+0000][1][gc,metaspace ] GC(96) Metaspace: 94493K->94493K(1136640K)
[2020-09-11T17:03:51.469+0000][1][gc           ] GC(96) Pause Young (Allocation Failure) 142M->76M(503M) 9.368ms
[2020-09-11T17:03:51.469+0000][1][gc,cpu       ] GC(96) User=0.00s Sys=0.00s Real=0.01s
[2020-09-11T17:03:51.483+0000][1][safepoint    ] Safepoint "GenCollectForAllocation", Time since last: 2273872934 ns, Reaching safepoint: 168389 ns, At safepoint: 23045899 ns, Total: 23214288 ns
[2020-09-11T17:03:53.486+0000][1][safepoint    ] Safepoint "Cleanup", Time since last: 2002956448 ns, Reaching safepoint: 92408 ns, At safepoint: 8673 ns, Total: 101081 ns
[2020-09-11T17:03:54.486+0000][1][safepoint    ] Safepoint "Cleanup", Time since last: 1000406099 ns, Reaching safepoint: 85900 ns, At safepoint: 8922 ns, Total: 94822 ns
[2020-09-11T17:03:55.355+0000][1][safepoint    ] Safepoint "RevokeBias", Time since last: 868418363 ns, Reaching safepoint: 176815 ns, At safepoint: 25619 ns, Total: 202434 ns
[2020-09-11T17:03:57.119+0000][1][safepoint    ] Safepoint "RevokeBias", Time since last: 1762311980 ns, Reaching safepoint: 1762759 ns, At safepoint: 227272 ns, Total: 1990031 ns
[2020-09-11T17:03:58.119+0000][1][safepoint    ] Safepoint "Cleanup", Time since last: 1000127894 ns, Reaching safepoint: 97521 ns, At safepoint: 12419 ns, Total: 109940 ns
[2020-09-11T17:04:01.120+0000][1][safepoint    ] Safepoint "Cleanup", Time since last: 3000309938 ns, Reaching safepoint: 96381 ns, At safepoint: 12607 ns, Total: 108988 ns
[2020-09-11T17:04:05.319+0000][1][safepoint    ] Safepoint "RevokeBias", Time since last: 4199401214 ns, Reaching safepoint: 188732 ns, At safepoint: 26032 ns, Total: 214764 ns
[2020-09-11T17:04:07.174+0000][1][safepoint    ] Safepoint "RevokeBias", Time since last: 1854364860 ns, Reaching safepoint: 223866 ns, At safepoint: 225801 ns, Total: 449667 ns
[2020-09-11T17:04:08.175+0000][1][safepoint    ] Safepoint "Cleanup", Time since last: 1000121363 ns, Reaching safepoint: 132928 ns, At safepoint: 10195 ns, Total: 143123 ns
[2020-09-11T17:04:09.175+0000][1][safepoint    ] Safepoint "Cleanup", Time since last: 1000124426 ns, Reaching safepoint: 100806 ns, At safepoint: 12476 ns, Total: 113282 ns
[2020-09-11T17:04:15.314+0000][1][safepoint    ] Safepoint "RevokeBias", Time since last: 6138967136 ns, Reaching safepoint: 187057 ns, At safepoint: 24814 ns, Total: 211871 ns
[2020-09-11T17:04:16.314+0000][1][safepoint    ] Safepoint "Cleanup", Time since last: 1000114869 ns, Reaching safepoint: 113996 ns, At safepoint: 13706 ns, Total: 127702 ns
[2020-09-11T17:04:16.514+0000][1][gc,start     ] GC(97) Pause Young (Allocation Failure)
[2020-09-11T17:04:16.514+0000][1][gc,task      ] GC(97) Using 1 workers of 1 for evacuation
[2020-09-11T17:04:16.523+0000][1][gc,age       ] GC(97) Desired survivor size 4358144 bytes, new threshold 6 (max threshold 6)
[2020-09-11T17:04:16.523+0000][1][gc,age       ] GC(97) Age table with threshold 6 (max threshold 6)
[2020-09-11T17:04:16.523+0000][1][gc,age       ] GC(97) - age   1:      70464 bytes,      70464 total
[2020-09-11T17:04:16.523+0000][1][gc,age       ] GC(97) - age   2:      21368 bytes,      91832 total
[2020-09-11T17:04:16.523+0000][1][gc,age       ] GC(97) - age   3:      91896 bytes,     183728 total
[2020-09-11T17:04:16.523+0000][1][gc,age       ] GC(97) - age   4:       4664 bytes,     188392 total
[2020-09-11T17:04:16.523+0000][1][gc,age       ] GC(97) - age   5:       4832 bytes,     193224 total
[2020-09-11T17:04:16.523+0000][1][gc,age       ] GC(97) - age   6:       3784 bytes,     197008 total
[2020-09-11T17:04:16.523+0000][1][gc,heap      ] GC(97) ParNew: 68708K->369K(76672K)
[2020-09-11T17:04:16.523+0000][1][gc,heap      ] GC(97) CMS: 77319K->77322K(439104K)
[2020-09-11T17:04:16.523+0000][1][gc,metaspace ] GC(97) Metaspace: 94583K->94583K(1136640K)
[2020-09-11T17:04:16.523+0000][1][gc           ] GC(97) Pause Young (Allocation Failure) 142M->75M(503M) 9.694ms
[2020-09-11T17:04:16.523+0000][1][gc,cpu       ] GC(97) User=0.01s Sys=0.00s Real=0.01s
[2020-09-11T17:04:16.525+0000][1][safepoint    ] Safepoint "GenCollectForAllocation", Time since last: 199283624 ns, Reaching safepoint: 163363 ns, At safepoint: 11132419 ns, Total: 11295782 ns
[2020-09-11T17:04:17.107+0000][1][safepoint    ] Safepoint "RevokeBias", Time since last: 581823389 ns, Reaching safepoint: 92841 ns, At safepoint: 21662 ns, Total: 114503 ns
[2020-09-11T17:04:18.107+0000][1][safepoint    ] Safepoint "Cleanup", Time since last: 1000114759 ns, Reaching safepoint: 109068 ns, At safepoint: 11581 ns, Total: 120649 ns
[2020-09-11T17:04:25.315+0000][1][safepoint    ] Safepoint "RevokeBias", Time since last: 7207804862 ns, Reaching safepoint: 177225 ns, At safepoint: 22905 ns, Total: 200130 ns
[2020-09-11T17:04:27.149+0000][1][safepoint    ] Safepoint "RevokeBias", Time since last: 1830268225 ns, Reaching safepoint: 3693123 ns, At safepoint: 225875 ns, Total: 3918998 ns
[2020-09-11T17:04:28.149+0000][1][safepoint    ] Safepoint "Cleanup", Time since last: 1000123069 ns, Reaching safepoint: 101494 ns, At safepoint: 12122 ns, Total: 113616 ns
[2020-09-11T17:04:31.150+0000][1][safepoint    ] Safepoint "Cleanup", Time since last: 3000284656 ns, Reaching safepoint: 99825 ns, At safepoint: 11627 ns, Total: 111452 ns
[2020-09-11T17:04:35.150+0000][1][safepoint    ] Safepoint "Cleanup", Time since last: 4000370562 ns, Reaching safepoint: 98333 ns, At safepoint: 12014 ns, Total: 110347 ns
[2020-09-11T17:04:35.359+0000][1][safepoint    ] Safepoint "RevokeBias", Time since last: 208325623 ns, Reaching safepoint: 174705 ns, At safepoint: 24511 ns, Total: 199216 ns
[2020-09-11T17:04:37.124+0000][1][gc,start     ] GC(98) Pause Young (Allocation Failure)
[2020-09-11T17:04:37.124+0000][1][gc,task      ] GC(98) Using 1 workers of 1 for evacuation
[2020-09-11T17:04:37.132+0000][1][gc,age       ] GC(98) Desired survivor size 4358144 bytes, new threshold 6 (max threshold 6)
[2020-09-11T17:04:37.132+0000][1][gc,age       ] GC(98) Age table with threshold 6 (max threshold 6)
[2020-09-11T17:04:37.132+0000][1][gc,age       ] GC(98) - age   1:     365600 bytes,     365600 total
[2020-09-11T17:04:37.132+0000][1][gc,age       ] GC(98) - age   2:       9352 bytes,     374952 total
[2020-09-11T17:04:37.132+0000][1][gc,age       ] GC(98) - age   3:      21064 bytes,     396016 total
[2020-09-11T17:04:37.132+0000][1][gc,age       ] GC(98) - age   4:      91624 bytes,     487640 total
[2020-09-11T17:04:37.132+0000][1][gc,age       ] GC(98) - age   5:       4664 bytes,     492304 total
[2020-09-11T17:04:37.132+0000][1][gc,age       ] GC(98) - age   6:       4832 bytes,     497136 total
[2020-09-11T17:04:37.132+0000][1][gc,heap      ] GC(98) ParNew: 68529K->591K(76672K)
[2020-09-11T17:04:37.132+0000][1][gc,heap      ] GC(98) CMS: 77322K->77325K(439104K)
[2020-09-11T17:04:37.132+0000][1][gc,metaspace ] GC(98) Metaspace: 94695K->94695K(1136640K)
[2020-09-11T17:04:37.132+0000][1][gc           ] GC(98) Pause Young (Allocation Failure) 142M->76M(503M) 7.933ms
[2020-09-11T17:04:37.132+0000][1][gc,cpu       ] GC(98) User=0.00s Sys=0.00s Real=0.00s
[2020-09-11T17:04:37.138+0000][1][safepoint    ] Safepoint "GenCollectForAllocation", Time since last: 1765143946 ns, Reaching safepoint: 243088 ns, At safepoint: 13736399 ns, Total: 13979487 ns
[2020-09-11T17:04:37.162+0000][1][safepoint    ] Safepoint "RevokeBias", Time since last: 23457760 ns, Reaching safepoint: 89936 ns, At safepoint: 33581 ns, Total: 123517 ns
[2020-09-11T17:04:38.174+0000][1][safepoint    ] Safepoint "Cleanup", Time since last: 1012374387 ns, Reaching safepoint: 102882 ns, At safepoint: 11972 ns, Total: 114854 ns
[2020-09-11T17:04:39.174+0000][1][safepoint    ] Safepoint "Cleanup", Time since last: 1000117153 ns, Reaching safepoint: 99976 ns, At safepoint: 11356 ns, Total: 111332 ns
[2020-09-11T17:04:43.177+0000][1][safepoint    ] Safepoint "Cleanup", Time since last: 4002691789 ns, Reaching safepoint: 111668 ns, At safepoint: 9576 ns, Total: 121244 ns
[2020-09-11T17:04:45.347+0000][1][safepoint    ] Safepoint "RevokeBias", Time since last: 2169911626 ns, Reaching safepoint: 101101 ns, At safepoint: 22680 ns, Total: 123781 ns
[2020-09-11T17:04:46.347+0000][1][safepoint    ] Safepoint "Cleanup", Time since last: 1000117875 ns, Reaching safepoint: 98871 ns, At safepoint: 12522 ns, Total: 111393 ns
[2020-09-11T17:04:47.091+0000][1][safepoint    ] Safepoint "RevokeBias", Time since last: 743066899 ns, Reaching safepoint: 240649 ns, At safepoint: 236093 ns, Total: 476742 ns
[2020-09-11T17:04:48.091+0000][1][safepoint    ] Safepoint "Cleanup", Time since last: 1000115968 ns, Reaching safepoint: 127244 ns, At safepoint: 13012 ns, Total: 140256 ns
[2020-09-11T17:04:52.092+0000][1][safepoint    ] Safepoint "Cleanup", Time since last: 4000363422 ns, Reaching safepoint: 97291 ns, At safepoint: 12594 ns, Total: 109885 ns
[2020-09-11T17:04:54.092+0000][1][safepoint    ] Safepoint "Cleanup", Time since last: 2000203648 ns, Reaching safepoint: 99220 ns, At safepoint: 11260 ns, Total: 110480 ns
[2020-09-11T17:04:55.311+0000][1][safepoint    ] Safepoint "RevokeBias", Time since last: 1218518657 ns, Reaching safepoint: 172160 ns, At safepoint: 26198 ns, Total: 198358 ns
[2020-09-11T17:04:57.117+0000][1][safepoint    ] Safepoint "RevokeBias", Time since last: 1802321556 ns, Reaching safepoint: 3980540 ns, At safepoint: 234905 ns, Total: 4215445 ns
[2020-09-11T17:04:57.213+0000][1][gc,start     ] GC(99) Pause Young (Allocation Failure)
[2020-09-11T17:04:57.213+0000][1][gc,task      ] GC(99) Using 1 workers of 1 for evacuation
[2020-09-11T17:04:57.223+0000][1][gc,age       ] GC(99) Desired survivor size 4358144 bytes, new threshold 6 (max threshold 6)
[2020-09-11T17:04:57.223+0000][1][gc,age       ] GC(99) Age table with threshold 6 (max threshold 6)
[2020-09-11T17:04:57.223+0000][1][gc,age       ] GC(99) - age   1:     538304 bytes,     538304 total
[2020-09-11T17:04:57.223+0000][1][gc,age       ] GC(99) - age   2:       3032 bytes,     541336 total
[2020-09-11T17:04:57.223+0000][1][gc,age       ] GC(99) - age   3:       4672 bytes,     546008 total
[2020-09-11T17:04:57.223+0000][1][gc,age       ] GC(99) - age   4:      16592 bytes,     562600 total
[2020-09-11T17:04:57.223+0000][1][gc,age       ] GC(99) - age   5:      91624 bytes,     654224 total
[2020-09-11T17:04:57.223+0000][1][gc,age       ] GC(99) - age   6:       4664 bytes,     658888 total
[2020-09-11T17:04:57.223+0000][1][gc,heap      ] GC(99) ParNew: 68751K->787K(76672K)
[2020-09-11T17:04:57.223+0000][1][gc,heap      ] GC(99) CMS: 77325K->77330K(439104K)
[2020-09-11T17:04:57.223+0000][1][gc,metaspace ] GC(99) Metaspace: 94733K->94733K(1136640K)
[2020-09-11T17:04:57.223+0000][1][gc           ] GC(99) Pause Young (Allocation Failure) 142M->76M(503M) 9.614ms
[2020-09-11T17:04:57.223+0000][1][gc,cpu       ] GC(99) User=0.00s Sys=0.00s Real=0.01s
[2020-09-11T17:04:57.232+0000][1][safepoint    ] Safepoint "GenCollectForAllocation", Time since last: 95724262 ns, Reaching safepoint: 173647 ns, At safepoint: 19113379 ns, Total: 19287026 ns
[2020-09-11T17:04:58.241+0000][1][safepoint    ] Safepoint "Cleanup", Time since last: 1008707255 ns, Reaching safepoint: 102670 ns, At safepoint: 12639 ns, Total: 115309 ns
[2020-09-11T17:04:59.241+0000][1][safepoint    ] Safepoint "Cleanup", Time since last: 1000120086 ns, Reaching safepoint: 95027 ns, At safepoint: 12194 ns, Total: 107221 ns
[2020-09-11T17:05:00.241+0000][1][safepoint    ] Safepoint "Cleanup", Time since last: 1000120579 ns, Reaching safepoint: 103300 ns, At safepoint: 13189 ns, Total: 116489 ns
[2020-09-11T17:05:01.242+0000][1][safepoint    ] Safepoint "Cleanup", Time since last: 1000119207 ns, Reaching safepoint: 96104 ns, At safepoint: 10839 ns, Total: 106943 ns
[2020-09-11T17:05:02.242+0000][1][safepoint    ] Safepoint "Cleanup", Time since last: 1000117810 ns, Reaching safepoint: 94225 ns, At safepoint: 11722 ns, Total: 105947 ns
[2020-09-11T17:05:03.242+0000][1][safepoint    ] Safepoint "Cleanup", Time since last: 1000119116 ns, Reaching safepoint: 95015 ns, At safepoint: 11620 ns, Total: 106635 ns
[2020-09-11T17:05:04.249+0000][1][safepoint    ] Safepoint "Cleanup", Time since last: 1002647052 ns, Reaching safepoint: 4080651 ns, At safepoint: 12178 ns, Total: 4092829 ns
[2020-09-11T17:05:05.249+0000][1][safepoint    ] Safepoint "Cleanup", Time since last: 1000119110 ns, Reaching safepoint: 99849 ns, At safepoint: 12971 ns, Total: 112820 ns
[2020-09-11T17:05:05.310+0000][1][safepoint    ] Safepoint "RevokeBias", Time since last: 60274042 ns, Reaching safepoint: 177958 ns, At safepoint: 25832 ns, Total: 203790 ns
[2020-09-11T17:05:05.342+0000][1][safepoint    ] Safepoint "RevokeBias", Time since last: 32251583 ns, Reaching safepoint: 229068 ns, At safepoint: 29392 ns, Total: 258460 ns
[2020-09-11T17:05:05.343+0000][1][safepoint    ] Safepoint "BulkRevokeBias", Time since last: 73910 ns, Reaching safepoint: 236331 ns, At safepoint: 421495 ns, Total: 657826 ns
[2020-09-11T17:05:06.344+0000][1][safepoint    ] Safepoint "Cleanup", Time since last: 1001280234 ns, Reaching safepoint: 98588 ns, At safepoint: 12257 ns, Total: 110845 ns
[2020-09-11T17:05:07.101+0000][1][safepoint    ] Safepoint "RevokeBias", Time since last: 753291747 ns, Reaching safepoint: 3465693 ns, At safepoint: 242171 ns, Total: 3707864 ns
[2020-09-11T17:05:08.101+0000][1][safepoint    ] Safepoint "Cleanup", Time since last: 1000125839 ns, Reaching safepoint: 113669 ns, At safepoint: 13611 ns, Total: 127280 ns
[2020-09-11T17:05:09.102+0000][1][safepoint    ] Safepoint "Cleanup", Time since last: 1000764762 ns, Reaching safepoint: 94739 ns, At safepoint: 10241 ns, Total: 104980 ns
[2020-09-11T17:05:10.103+0000][1][safepoint    ] Safepoint "Cleanup", Time since last: 1000116814 ns, Reaching safepoint: 91697 ns, At safepoint: 11185 ns, Total: 102882 ns
[2020-09-11T17:05:11.103+0000][1][safepoint    ] Safepoint "Cleanup", Time since last: 1000116273 ns, Reaching safepoint: 107036 ns, At safepoint: 13493 ns, Total: 120529 ns
[2020-09-11T17:05:12.103+0000][1][safepoint    ] Safepoint "Cleanup", Time since last: 1000118055 ns, Reaching safepoint: 92698 ns, At safepoint: 11422 ns, Total: 104120 ns
[2020-09-11T17:05:13.103+0000][1][safepoint    ] Safepoint "Cleanup", Time since last: 1000116623 ns, Reaching safepoint: 92400 ns, At safepoint: 11773 ns, Total: 104173 ns
[2020-09-11T17:05:14.103+0000][1][safepoint    ] Safepoint "Cleanup", Time since last: 1000120047 ns, Reaching safepoint: 120201 ns, At safepoint: 11804 ns, Total: 132005 ns
[2020-09-11T17:05:15.104+0000][1][safepoint    ] Safepoint "Cleanup", Time since last: 1000113203 ns, Reaching safepoint: 91479 ns, At safepoint: 11486 ns, Total: 102965 ns
[2020-09-11T17:05:15.328+0000][1][safepoint    ] Safepoint "RevokeBias", Time since last: 224320954 ns, Reaching safepoint: 95373 ns, At safepoint: 23215 ns, Total: 118588 ns
[2020-09-11T17:05:16.328+0000][1][safepoint    ] Safepoint "Cleanup", Time since last: 1000102081 ns, Reaching safepoint: 86971 ns, At safepoint: 7498 ns, Total: 94469 ns
[2020-09-11T17:05:17.178+0000][1][safepoint    ] Safepoint "RevokeBias", Time since last: 848857442 ns, Reaching safepoint: 225579 ns, At safepoint: 229102 ns, Total: 454681 ns
[2020-09-11T17:05:18.178+0000][1][safepoint    ] Safepoint "Cleanup", Time since last: 1000113818 ns, Reaching safepoint: 99149 ns, At safepoint: 11424 ns, Total: 110573 ns
[2020-09-11T17:05:19.178+0000][1][safepoint    ] Safepoint "Cleanup", Time since last: 1000123148 ns, Reaching safepoint: 91321 ns, At safepoint: 10582 ns, Total: 101903 ns
[2020-09-11T17:05:20.178+0000][1][safepoint    ] Safepoint "Cleanup", Time since last: 1000113947 ns, Reaching safepoint: 96536 ns, At safepoint: 10462 ns, Total: 106998 ns
[2020-09-11T17:05:21.179+0000][1][safepoint    ] Safepoint "Cleanup", Time since last: 1000115555 ns, Reaching safepoint: 89290 ns, At safepoint: 11026 ns, Total: 100316 ns
[2020-09-11T17:05:21.577+0000][1][gc,start     ] GC(100) Pause Young (Allocation Failure)
[2020-09-11T17:05:21.577+0000][1][gc,task      ] GC(100) Using 1 workers of 1 for evacuation
[2020-09-11T17:05:21.587+0000][1][gc,age       ] GC(100) Desired survivor size 4358144 bytes, new threshold 6 (max threshold 6)
[2020-09-11T17:05:21.587+0000][1][gc,age       ] GC(100) Age table with threshold 6 (max threshold 6)
[2020-09-11T17:05:21.587+0000][1][gc,age       ] GC(100) - age   1:      50696 bytes,      50696 total
[2020-09-11T17:05:21.587+0000][1][gc,age       ] GC(100) - age   2:      25880 bytes,      76576 total
[2020-09-11T17:05:21.587+0000][1][gc,age       ] GC(100) - age   3:       1152 bytes,      77728 total
[2020-09-11T17:05:21.587+0000][1][gc,age       ] GC(100) - age   4:       4384 bytes,      82112 total
[2020-09-11T17:05:21.587+0000][1][gc,age       ] GC(100) - age   5:      16592 bytes,      98704 total
[2020-09-11T17:05:21.587+0000][1][gc,age       ] GC(100) - age   6:      91360 bytes,     190064 total
[2020-09-11T17:05:21.587+0000][1][gc,heap      ] GC(100) ParNew: 68947K->581K(76672K)
[2020-09-11T17:05:21.587+0000][1][gc,heap      ] GC(100) CMS: 77330K->77334K(439104K)
[2020-09-11T17:05:21.587+0000][1][gc,metaspace ] GC(100) Metaspace: 94750K->94750K(1136640K)
[2020-09-11T17:05:21.587+0000][1][gc           ] GC(100) Pause Young (Allocation Failure) 142M->76M(503M) 9.823ms
[2020-09-11T17:05:21.587+0000][1][gc,cpu       ] GC(100) User=0.00s Sys=0.00s Real=0.01s
[2020-09-11T17:05:21.587+0000][1][safepoint    ] Safepoint "GenCollectForAllocation", Time since last: 398647544 ns, Reaching safepoint: 134676 ns, At safepoint: 9948265 ns, Total: 10082941 ns
[2020-09-11T17:05:22.595+0000][1][safepoint    ] Safepoint "Cleanup", Time since last: 1008023827 ns, Reaching safepoint: 90889 ns, At safepoint: 25895 ns, Total: 116784 ns
[2020-09-11T17:05:22.939+0000][1][safepoint    ] Safepoint "RevokeBias", Time since last: 342981562 ns, Reaching safepoint: 213533 ns, At safepoint: 95442 ns, Total: 308975 ns
[2020-09-11T17:05:22.939+0000][1][safepoint    ] Safepoint "RevokeBias", Time since last: 56256 ns, Reaching safepoint: 62017 ns, At safepoint: 25642 ns, Total: 87659 ns
[2020-09-11T17:05:22.939+0000][1][safepoint    ] Safepoint "RevokeBias", Time since last: 32816 ns, Reaching safepoint: 40993 ns, At safepoint: 22245 ns, Total: 63238 ns
[2020-09-11T17:05:22.939+0000][1][safepoint    ] Safepoint "RevokeBias", Time since last: 28576 ns, Reaching safepoint: 39265 ns, At safepoint: 21529 ns, Total: 60794 ns
[2020-09-11T17:05:22.939+0000][1][safepoint    ] Safepoint "RevokeBias", Time since last: 39108 ns, Reaching safepoint: 49875 ns, At safepoint: 23721 ns, Total: 73596 ns
[2020-09-11T17:05:22.939+0000][1][safepoint    ] Safepoint "RevokeBias", Time since last: 30698 ns, Reaching safepoint: 36651 ns, At safepoint: 21016 ns, Total: 57667 ns
[2020-09-11T17:05:23.940+0000][1][safepoint    ] Safepoint "Cleanup", Time since last: 1000610767 ns, Reaching safepoint: 97520 ns, At safepoint: 12014 ns, Total: 109534 ns
[2020-09-11T17:05:24.940+0000][1][safepoint    ] Safepoint "Cleanup", Time since last: 1000117811 ns, Reaching safepoint: 99652 ns, At safepoint: 11878 ns, Total: 111530 ns
[2020-09-11T17:05:25.335+0000][1][safepoint    ] Safepoint "RevokeBias", Time since last: 395061188 ns, Reaching safepoint: 173864 ns, At safepoint: 24998 ns, Total: 198862 ns
[2020-09-11T17:05:26.336+0000][1][safepoint    ] Safepoint "Cleanup", Time since last: 1000111743 ns, Reaching safepoint: 92271 ns, At safepoint: 10677 ns, Total: 102948 ns
[2020-09-11T17:05:27.098+0000][1][safepoint    ] Safepoint "RevokeBias", Time since last: 761648573 ns, Reaching safepoint: 736072 ns, At safepoint: 267198 ns, Total: 1003270 ns
[2020-09-11T17:05:28.099+0000][1][safepoint    ] Safepoint "Cleanup", Time since last: 1000119213 ns, Reaching safepoint: 101509 ns, At safepoint: 13103 ns, Total: 114612 ns
[2020-09-11T17:05:29.099+0000][1][safepoint    ] Safepoint "Cleanup", Time since last: 1000121874 ns, Reaching safepoint: 92637 ns, At safepoint: 12671 ns, Total: 105308 ns
[2020-09-11T17:05:30.099+0000][1][safepoint    ] Safepoint "Cleanup", Time since last: 1000117387 ns, Reaching safepoint: 93536 ns, At safepoint: 11560 ns, Total: 105096 ns
[2020-09-11T17:05:31.099+0000][1][safepoint    ] Safepoint "Cleanup", Time since last: 1000123928 ns, Reaching safepoint: 93375 ns, At safepoint: 14047 ns, Total: 107422 ns
[2020-09-11T17:05:32.099+0000][1][safepoint    ] Safepoint "Cleanup", Time since last: 1000117097 ns, Reaching safepoint: 92238 ns, At safepoint: 12040 ns, Total: 104278 ns
[2020-09-11T17:05:33.100+0000][1][safepoint    ] Safepoint "Cleanup", Time since last: 1000117505 ns, Reaching safepoint: 93579 ns, At safepoint: 11574 ns, Total: 105153 ns
[2020-09-11T17:05:34.100+0000][1][safepoint    ] Safepoint "Cleanup", Time since last: 1000116358 ns, Reaching safepoint: 90878 ns, At safepoint: 11764 ns, Total: 102642 ns
[2020-09-11T17:05:35.100+0000][1][safepoint    ] Safepoint "Cleanup", Time since last: 1000118078 ns, Reaching safepoint: 103390 ns, At safepoint: 12624 ns, Total: 116014 ns
[2020-09-11T17:05:35.309+0000][1][safepoint    ] Safepoint "RevokeBias", Time since last: 209053707 ns, Reaching safepoint: 175481 ns, At safepoint: 25032 ns, Total: 200513 ns
[2020-09-11T17:05:36.310+0000][1][safepoint    ] Safepoint "Cleanup", Time since last: 1000113779 ns, Reaching safepoint: 97244 ns, At safepoint: 12364 ns, Total: 109608 ns
[2020-09-11T17:05:37.173+0000][1][safepoint    ] Safepoint "RevokeBias", Time since last: 863682396 ns, Reaching safepoint: 95306 ns, At safepoint: 22228 ns, Total: 117534 ns
[2020-09-11T17:05:38.174+0000][1][safepoint    ] Safepoint "Cleanup", Time since last: 1000113985 ns, Reaching safepoint: 104331 ns, At safepoint: 11539 ns, Total: 115870 ns
[2020-09-11T17:05:38.563+0000][1][safepoint    ] Safepoint "RevokeBias", Time since last: 388835405 ns, Reaching safepoint: 174209 ns, At safepoint: 26550 ns, Total: 200759 ns
[2020-09-11T17:05:38.992+0000][1][safepoint    ] Safepoint "RevokeBias", Time since last: 428868110 ns, Reaching safepoint: 174116 ns, At safepoint: 26725 ns, Total: 200841 ns
[2020-09-11T17:05:39.056+0000][1][safepoint    ] Safepoint "RevokeBias", Time since last: 64528766 ns, Reaching safepoint: 182986 ns, At safepoint: 36454 ns, Total: 219440 ns
[2020-09-11T17:05:39.496+0000][1][safepoint    ] Safepoint "RevokeBias", Time since last: 439673421 ns, Reaching safepoint: 164457 ns, At safepoint: 23785 ns, Total: 188242 ns
[2020-09-11T17:05:40.501+0000][1][safepoint    ] Safepoint "Cleanup", Time since last: 1004438217 ns, Reaching safepoint: 95068 ns, At safepoint: 10066 ns, Total: 105134 ns
[2020-09-11T17:05:41.501+0000][1][safepoint    ] Safepoint "Cleanup", Time since last: 1000111444 ns, Reaching safepoint: 94603 ns, At safepoint: 12139 ns, Total: 106742 ns
[2020-09-11T17:05:42.501+0000][1][safepoint    ] Safepoint "Cleanup", Time since last: 1000117598 ns, Reaching safepoint: 97820 ns, At safepoint: 11632 ns, Total: 109452 ns
[2020-09-11T17:05:43.502+0000][1][safepoint    ] Safepoint "Cleanup", Time since last: 1000116192 ns, Reaching safepoint: 219964 ns, At safepoint: 14428 ns, Total: 234392 ns
[2020-09-11T17:05:43.695+0000][1][gc,start     ] GC(101) Pause Young (Allocation Failure)
[2020-09-11T17:05:43.695+0000][1][gc,task      ] GC(101) Using 1 workers of 1 for evacuation
[2020-09-11T17:05:43.700+0000][1][gc,age       ] GC(101) Desired survivor size 4358144 bytes, new threshold 6 (max threshold 6)
[2020-09-11T17:05:43.700+0000][1][gc,age       ] GC(101) Age table with threshold 6 (max threshold 6)
[2020-09-11T17:05:43.700+0000][1][gc,age       ] GC(101) - age   1:      65480 bytes,      65480 total
[2020-09-11T17:05:43.700+0000][1][gc,age       ] GC(101) - age   2:       6208 bytes,      71688 total
[2020-09-11T17:05:43.700+0000][1][gc,age       ] GC(101) - age   3:       8784 bytes,      80472 total
[2020-09-11T17:05:43.700+0000][1][gc,age       ] GC(101) - age   4:       1152 bytes,      81624 total
[2020-09-11T17:05:43.700+0000][1][gc,age       ] GC(101) - age   5:       4384 bytes,      86008 total
[2020-09-11T17:05:43.700+0000][1][gc,age       ] GC(101) - age   6:      16592 bytes,     102600 total
[2020-09-11T17:05:43.700+0000][1][gc,heap      ] GC(101) ParNew: 68741K->191K(76672K)
[2020-09-11T17:05:43.700+0000][1][gc,heap      ] GC(101) CMS: 77334K->77424K(439104K)
[2020-09-11T17:05:43.700+0000][1][gc,metaspace ] GC(101) Metaspace: 94775K->94775K(1136640K)
[2020-09-11T17:05:43.701+0000][1][gc           ] GC(101) Pause Young (Allocation Failure) 142M->75M(503M) 5.449ms
[2020-09-11T17:05:43.701+0000][1][gc,cpu       ] GC(101) User=0.00s Sys=0.00s Real=0.00s
[2020-09-11T17:05:43.705+0000][1][safepoint    ] Safepoint "GenCollectForAllocation", Time since last: 193280295 ns, Reaching safepoint: 94003 ns, At safepoint: 9739321 ns, Total: 9833324 ns
[2020-09-11T17:05:44.623+0000][1][safepoint    ] Safepoint "RevokeBias", Time since last: 917835553 ns, Reaching safepoint: 100023 ns, At safepoint: 38644 ns, Total: 138667 ns
[2020-09-11T17:05:45.349+0000][1][safepoint    ] Safepoint "RevokeBias", Time since last: 726456891 ns, Reaching safepoint: 110605 ns, At safepoint: 37647 ns, Total: 148252 ns
[2020-09-11T17:05:45.594+0000][1][safepoint    ] Safepoint "RevokeBias", Time since last: 244121156 ns, Reaching safepoint: 89650 ns, At safepoint: 38683 ns, Total: 128333 ns
[2020-09-11T17:05:46.594+0000][1][safepoint    ] Safepoint "Cleanup", Time since last: 1000291808 ns, Reaching safepoint: 89630 ns, At safepoint: 9273 ns, Total: 98903 ns
[2020-09-11T17:05:46.960+0000][1][safepoint    ] Safepoint "RevokeBias", Time since last: 365265291 ns, Reaching safepoint: 271616 ns, At safepoint: 25661 ns, Total: 297277 ns
[2020-09-11T17:05:47.083+0000][1][safepoint    ] Safepoint "BulkRevokeBias", Time since last: 121602113 ns, Reaching safepoint: 1669137 ns, At safepoint: 529922 ns, Total: 2199059 ns
[2020-09-11T17:05:47.170+0000][1][safepoint    ] Safepoint "RevokeBias", Time since last: 86053366 ns, Reaching safepoint: 172456 ns, At safepoint: 26489 ns, Total: 198945 ns
[2020-09-11T17:05:48.170+0000][1][safepoint    ] Safepoint "Cleanup", Time since last: 1000117176 ns, Reaching safepoint: 97364 ns, At safepoint: 11718 ns, Total: 109082 ns
[2020-09-11T17:05:49.170+0000][1][safepoint    ] Safepoint "Cleanup", Time since last: 1000119961 ns, Reaching safepoint: 94092 ns, At safepoint: 12173 ns, Total: 106265 ns
[2020-09-11T17:05:50.171+0000][1][safepoint    ] Safepoint "Cleanup", Time since last: 1000883647 ns, Reaching safepoint: 92846 ns, At safepoint: 9351 ns, Total: 102197 ns
[2020-09-11T17:05:51.171+0000][1][safepoint    ] Safepoint "Cleanup", Time since last: 1000108328 ns, Reaching safepoint: 87313 ns, At safepoint: 8120 ns, Total: 95433 ns
[2020-09-11T17:05:51.248+0000][1][safepoint    ] Safepoint "RevokeBias", Time since last: 76956405 ns, Reaching safepoint: 87961 ns, At safepoint: 25182 ns, Total: 113143 ns
[2020-09-11T17:05:51.325+0000][1][safepoint    ] Safepoint "RevokeBias", Time since last: 76275171 ns, Reaching safepoint: 87444 ns, At safepoint: 26141 ns, Total: 113585 ns
[2020-09-11T17:05:52.325+0000][1][safepoint    ] Safepoint "Cleanup", Time since last: 1000144537 ns, Reaching safepoint: 96125 ns, At safepoint: 8901 ns, Total: 105026 ns
[2020-09-11T17:05:53.325+0000][1][safepoint    ] Safepoint "Cleanup", Time since last: 1000106162 ns, Reaching safepoint: 95024 ns, At safepoint: 8744 ns, Total: 103768 ns
[2020-09-11T17:05:54.325+0000][1][safepoint    ] Safepoint "Cleanup", Time since last: 1000114842 ns, Reaching safepoint: 95295 ns, At safepoint: 11725 ns, Total: 107020 ns
[2020-09-11T17:05:54.779+0000][1][safepoint    ] Safepoint "RevokeBias", Time since last: 453972746 ns, Reaching safepoint: 87823 ns, At safepoint: 23129 ns, Total: 110952 ns
[2020-09-11T17:05:55.311+0000][1][safepoint    ] Safepoint "RevokeBias", Time since last: 531395585 ns, Reaching safepoint: 178822 ns, At safepoint: 24881 ns, Total: 203703 ns
[2020-09-11T17:05:56.311+0000][1][safepoint    ] Safepoint "Cleanup", Time since last: 1000112969 ns, Reaching safepoint: 93818 ns, At safepoint: 11641 ns, Total: 105459 ns
[2020-09-11T17:05:57.153+0000][1][safepoint    ] Safepoint "RevokeBias", Time since last: 840651444 ns, Reaching safepoint: 943413 ns, At safepoint: 254945 ns, Total: 1198358 ns
[2020-09-11T17:05:58.153+0000][1][safepoint    ] Safepoint "Cleanup", Time since last: 1000113435 ns, Reaching safepoint: 98581 ns, At safepoint: 11839 ns, Total: 110420 ns
[2020-09-11T17:05:59.154+0000][1][safepoint    ] Safepoint "Cleanup", Time since last: 1000118250 ns, Reaching safepoint: 98432 ns, At safepoint: 11650 ns, Total: 110082 ns
[2020-09-11T17:06:00.154+0000][1][safepoint    ] Safepoint "Cleanup", Time since last: 1000115553 ns, Reaching safepoint: 92158 ns, At safepoint: 11012 ns, Total: 103170 ns
[2020-09-11T17:06:01.154+0000][1][safepoint    ] Safepoint "Cleanup", Time since last: 1000113579 ns, Reaching safepoint: 93172 ns, At safepoint: 11502 ns, Total: 104674 ns
[2020-09-11T17:06:02.154+0000][1][safepoint    ] Safepoint "Cleanup", Time since last: 1000118189 ns, Reaching safepoint: 92979 ns, At safepoint: 11762 ns, Total: 104741 ns
[2020-09-11T17:06:03.155+0000][1][safepoint    ] Safepoint "Cleanup", Time since last: 1000848727 ns, Reaching safepoint: 105679 ns, At safepoint: 13122 ns, Total: 118801 ns
[2020-09-11T17:06:04.155+0000][1][safepoint    ] Safepoint "Cleanup", Time since last: 1000119160 ns, Reaching safepoint: 92862 ns, At safepoint: 10926 ns, Total: 103788 ns
[2020-09-11T17:06:05.156+0000][1][safepoint    ] Safepoint "Cleanup", Time since last: 1000116473 ns, Reaching safepoint: 95459 ns, At safepoint: 12086 ns, Total: 107545 ns
[2020-09-11T17:06:05.306+0000][1][safepoint    ] Safepoint "RevokeBias", Time since last: 150493050 ns, Reaching safepoint: 173425 ns, At safepoint: 26122 ns, Total: 199547 ns
[2020-09-11T17:06:06.307+0000][1][safepoint    ] Safepoint "Cleanup", Time since last: 1000128781 ns, Reaching safepoint: 109156 ns, At safepoint: 8676 ns, Total: 117832 ns
[2020-09-11T17:06:06.945+0000][1][gc,start     ] GC(102) Pause Young (Allocation Failure)
[2020-09-11T17:06:06.947+0000][1][gc,task      ] GC(102) Using 1 workers of 1 for evacuation
[2020-09-11T17:06:06.955+0000][1][gc,age       ] GC(102) Desired survivor size 4358144 bytes, new threshold 6 (max threshold 6)
[2020-09-11T17:06:06.955+0000][1][gc,age       ] GC(102) Age table with threshold 6 (max threshold 6)
[2020-09-11T17:06:06.955+0000][1][gc,age       ] GC(102) - age   1:     108400 bytes,     108400 total
[2020-09-11T17:06:06.955+0000][1][gc,age       ] GC(102) - age   2:       6104 bytes,     114504 total
[2020-09-11T17:06:06.955+0000][1][gc,age       ] GC(102) - age   3:       3320 bytes,     117824 total
[2020-09-11T17:06:06.955+0000][1][gc,age       ] GC(102) - age   4:       2664 bytes,     120488 total
[2020-09-11T17:06:06.955+0000][1][gc,age       ] GC(102) - age   5:       1152 bytes,     121640 total
[2020-09-11T17:06:06.955+0000][1][gc,age       ] GC(102) - age   6:       4384 bytes,     126024 total
[2020-09-11T17:06:06.955+0000][1][gc,heap      ] GC(102) ParNew: 68345K->170K(76672K)
[2020-09-11T17:06:06.955+0000][1][gc,heap      ] GC(102) CMS: 77424K->77441K(439104K)
[2020-09-11T17:06:06.955+0000][1][gc,metaspace ] GC(102) Metaspace: 94792K->94792K(1136640K)
[2020-09-11T17:06:06.955+0000][1][gc           ] GC(102) Pause Young (Allocation Failure) 142M->75M(503M) 10.571ms
[2020-09-11T17:06:06.955+0000][1][gc,cpu       ] GC(102) User=0.00s Sys=0.00s Real=0.01s
[2020-09-11T17:06:06.963+0000][1][safepoint    ] Safepoint "GenCollectForAllocation", Time since last: 637555273 ns, Reaching safepoint: 671501 ns, At safepoint: 18222950 ns, Total: 18894451 ns
[2020-09-11T17:06:07.183+0000][1][safepoint    ] Safepoint "RevokeBias", Time since last: 219197980 ns, Reaching safepoint: 209819 ns, At safepoint: 27425 ns, Total: 237244 ns
[2020-09-11T17:06:08.183+0000][1][safepoint    ] Safepoint "Cleanup", Time since last: 1000114409 ns, Reaching safepoint: 97572 ns, At safepoint: 12399 ns, Total: 109971 ns
[2020-09-11T17:06:09.183+0000][1][safepoint    ] Safepoint "Cleanup", Time since last: 1000116805 ns, Reaching safepoint: 93261 ns, At safepoint: 11253 ns, Total: 104514 ns
[2020-09-11T17:06:10.183+0000][1][safepoint    ] Safepoint "Cleanup", Time since last: 1000122335 ns, Reaching safepoint: 94038 ns, At safepoint: 12303 ns, Total: 106341 ns
[2020-09-11T17:06:11.183+0000][1][safepoint    ] Safepoint "Cleanup", Time since last: 1000131112 ns, Reaching safepoint: 106309 ns, At safepoint: 13764 ns, Total: 120073 ns
[2020-09-11T17:06:12.184+0000][1][safepoint    ] Safepoint "Cleanup", Time since last: 1000121926 ns, Reaching safepoint: 92568 ns, At safepoint: 11610 ns, Total: 104178 ns
[2020-09-11T17:06:13.184+0000][1][safepoint    ] Safepoint "Cleanup", Time since last: 1000121052 ns, Reaching safepoint: 95903 ns, At safepoint: 12046 ns, Total: 107949 ns
[2020-09-11T17:06:14.184+0000][1][safepoint    ] Safepoint "Cleanup", Time since last: 1000120672 ns, Reaching safepoint: 93626 ns, At safepoint: 12627 ns, Total: 106253 ns
[2020-09-11T17:06:15.184+0000][1][safepoint    ] Safepoint "Cleanup", Time since last: 1000120728 ns, Reaching safepoint: 92168 ns, At safepoint: 11589 ns, Total: 103757 ns
[2020-09-11T17:06:15.369+0000][1][safepoint    ] Safepoint "RevokeBias", Time since last: 184945435 ns, Reaching safepoint: 184644 ns, At safepoint: 26662 ns, Total: 211306 ns
[2020-09-11T17:06:16.370+0000][1][safepoint    ] Safepoint "Cleanup", Time since last: 1000106775 ns, Reaching safepoint: 92622 ns, At safepoint: 12197 ns, Total: 104819 ns
[2020-09-11T17:06:17.105+0000][1][safepoint    ] Safepoint "RevokeBias", Time since last: 734363803 ns, Reaching safepoint: 224827 ns, At safepoint: 219832 ns, Total: 444659 ns
[2020-09-11T17:06:18.105+0000][1][safepoint    ] Safepoint "Cleanup", Time since last: 1000115234 ns, Reaching safepoint: 98497 ns, At safepoint: 123435 ns, Total: 221932 ns
[2020-09-11T17:06:19.105+0000][1][safepoint    ] Safepoint "Cleanup", Time since last: 1000150843 ns, Reaching safepoint: 92861 ns, At safepoint: 12289 ns, Total: 105150 ns
[2020-09-11T17:06:20.105+0000][1][safepoint    ] Safepoint "Cleanup", Time since last: 1000117333 ns, Reaching safepoint: 93111 ns, At safepoint: 12326 ns, Total: 105437 ns
[2020-09-11T17:06:21.106+0000][1][safepoint    ] Safepoint "Cleanup", Time since last: 1000115765 ns, Reaching safepoint: 92412 ns, At safepoint: 10781 ns, Total: 103193 ns
[2020-09-11T17:06:22.106+0000][1][safepoint    ] Safepoint "Cleanup", Time since last: 1000122074 ns, Reaching safepoint: 99089 ns, At safepoint: 13443 ns, Total: 112532 ns
[2020-09-11T17:06:23.106+0000][1][safepoint    ] Safepoint "Cleanup", Time since last: 1000121749 ns, Reaching safepoint: 100347 ns, At safepoint: 12616 ns, Total: 112963 ns
[2020-09-11T17:06:24.106+0000][1][safepoint    ] Safepoint "Cleanup", Time since last: 1000120417 ns, Reaching safepoint: 92668 ns, At safepoint: 12093 ns, Total: 104761 ns
[2020-09-11T17:06:25.106+0000][1][safepoint    ] Safepoint "Cleanup", Time since last: 1000120729 ns, Reaching safepoint: 92483 ns, At safepoint: 11271 ns, Total: 103754 ns
[2020-09-11T17:06:25.330+0000][1][safepoint    ] Safepoint "BulkRevokeBias", Time since last: 223324720 ns, Reaching safepoint: 175576 ns, At safepoint: 240519 ns, Total: 416095 ns
[2020-09-11T17:06:26.330+0000][1][safepoint    ] Safepoint "Cleanup", Time since last: 1000119579 ns, Reaching safepoint: 93200 ns, At safepoint: 11851 ns, Total: 105051 ns
[2020-09-11T17:06:27.087+0000][1][safepoint    ] Safepoint "RevokeBias", Time since last: 756089058 ns, Reaching safepoint: 223093 ns, At safepoint: 230254 ns, Total: 453347 ns
[2020-09-11T17:06:27.089+0000][1][gc,start     ] GC(103) Pause Young (Allocation Failure)
[2020-09-11T17:06:27.089+0000][1][gc,task      ] GC(103) Using 1 workers of 1 for evacuation
[2020-09-11T17:06:27.103+0000][1][gc,age       ] GC(103) Desired survivor size 4358144 bytes, new threshold 6 (max threshold 6)
[2020-09-11T17:06:27.103+0000][1][gc,age       ] GC(103) Age table with threshold 6 (max threshold 6)
[2020-09-11T17:06:27.103+0000][1][gc,age       ] GC(103) - age   1:     453520 bytes,     453520 total
[2020-09-11T17:06:27.103+0000][1][gc,age       ] GC(103) - age   2:      20272 bytes,     473792 total
[2020-09-11T17:06:27.103+0000][1][gc,age       ] GC(103) - age   3:       4176 bytes,     477968 total
[2020-09-11T17:06:27.103+0000][1][gc,age       ] GC(103) - age   4:       3320 bytes,     481288 total
[2020-09-11T17:06:27.103+0000][1][gc,age       ] GC(103) - age   5:       2352 bytes,     483640 total
[2020-09-11T17:06:27.103+0000][1][gc,age       ] GC(103) - age   6:       1152 bytes,     484792 total
[2020-09-11T17:06:27.103+0000][1][gc,heap      ] GC(103) ParNew: 68330K->568K(76672K)
[2020-09-11T17:06:27.103+0000][1][gc,heap      ] GC(103) CMS: 77441K->77445K(439104K)
[2020-09-11T17:06:27.103+0000][1][gc,metaspace ] GC(103) Metaspace: 94836K->94836K(1136640K)
[2020-09-11T17:06:27.103+0000][1][gc           ] GC(103) Pause Young (Allocation Failure) 142M->76M(503M) 13.980ms
[2020-09-11T17:06:27.103+0000][1][gc,cpu       ] GC(103) User=0.01s Sys=0.00s Real=0.02s
[2020-09-11T17:06:27.114+0000][1][safepoint    ] Safepoint "GenCollectForAllocation", Time since last: 1013130 ns, Reaching safepoint: 856801 ns, At safepoint: 25256196 ns, Total: 26112997 ns
[2020-09-11T17:06:28.127+0000][1][safepoint    ] Safepoint "Cleanup", Time since last: 1012808658 ns, Reaching safepoint: 99043 ns, At safepoint: 12657 ns, Total: 111700 ns
[2020-09-11T17:06:29.127+0000][1][safepoint    ] Safepoint "Cleanup", Time since last: 1000117564 ns, Reaching safepoint: 93582 ns, At safepoint: 10730 ns, Total: 104312 ns
[2020-09-11T17:06:30.127+0000][1][safepoint    ] Safepoint "Cleanup", Time since last: 1000115680 ns, Reaching safepoint: 89168 ns, At safepoint: 9160 ns, Total: 98328 ns
[2020-09-11T17:06:31.128+0000][1][safepoint    ] Safepoint "Cleanup", Time since last: 1000117693 ns, Reaching safepoint: 91204 ns, At safepoint: 11754 ns, Total: 102958 ns
[2020-09-11T17:06:32.128+0000][1][safepoint    ] Safepoint "Cleanup", Time since last: 1000131035 ns, Reaching safepoint: 98665 ns, At safepoint: 12535 ns, Total: 111200 ns
[2020-09-11T17:06:33.128+0000][1][safepoint    ] Safepoint "Cleanup", Time since last: 1000116025 ns, Reaching safepoint: 90700 ns, At safepoint: 11884 ns, Total: 102584 ns
[2020-09-11T17:06:34.128+0000][1][safepoint    ] Safepoint "Cleanup", Time since last: 1000118197 ns, Reaching safepoint: 94801 ns, At safepoint: 11621 ns, Total: 106422 ns
[2020-09-11T17:06:35.129+0000][1][safepoint    ] Safepoint "Cleanup", Time since last: 1000115375 ns, Reaching safepoint: 91951 ns, At safepoint: 11430 ns, Total: 103381 ns
[2020-09-11T17:06:35.316+0000][1][safepoint    ] Safepoint "RevokeBias", Time since last: 187415859 ns, Reaching safepoint: 169731 ns, At safepoint: 25220 ns, Total: 194951 ns
[2020-09-11T17:06:36.316+0000][1][safepoint    ] Safepoint "Cleanup", Time since last: 1000108536 ns, Reaching safepoint: 98084 ns, At safepoint: 10867 ns, Total: 108951 ns
[2020-09-11T17:06:37.114+0000][1][safepoint    ] Safepoint "RevokeBias", Time since last: 796874098 ns, Reaching safepoint: 229667 ns, At safepoint: 230931 ns, Total: 460598 ns
[2020-09-11T17:06:38.114+0000][1][safepoint    ] Safepoint "Cleanup", Time since last: 1000122752 ns, Reaching safepoint: 103428 ns, At safepoint: 12339 ns, Total: 115767 ns
[2020-09-11T17:06:39.114+0000][1][safepoint    ] Safepoint "Cleanup", Time since last: 1000124205 ns, Reaching safepoint: 98328 ns, At safepoint: 8875 ns, Total: 107203 ns
[2020-09-11T17:06:40.114+0000][1][safepoint    ] Safepoint "Cleanup", Time since last: 1000111946 ns, Reaching safepoint: 89843 ns, At safepoint: 9748 ns, Total: 99591 ns
[2020-09-11T17:06:41.115+0000][1][safepoint    ] Safepoint "Cleanup", Time since last: 1000119014 ns, Reaching safepoint: 92223 ns, At safepoint: 10671 ns, Total: 102894 ns
[2020-09-11T17:06:42.115+0000][1][safepoint    ] Safepoint "Cleanup", Time since last: 1000120114 ns, Reaching safepoint: 91663 ns, At safepoint: 11967 ns, Total: 103630 ns
[2020-09-11T17:06:43.115+0000][1][safepoint    ] Safepoint "Cleanup", Time since last: 1000116578 ns, Reaching safepoint: 91148 ns, At safepoint: 11757 ns, Total: 102905 ns
[2020-09-11T17:06:44.115+0000][1][safepoint    ] Safepoint "Cleanup", Time since last: 1000121329 ns, Reaching safepoint: 97391 ns, At safepoint: 12494 ns, Total: 109885 ns
[2020-09-11T17:06:45.121+0000][1][safepoint    ] Safepoint "Cleanup", Time since last: 1005288502 ns, Reaching safepoint: 117304 ns, At safepoint: 25375 ns, Total: 142679 ns
[2020-09-11T17:06:45.312+0000][1][safepoint    ] Safepoint "RevokeBias", Time since last: 191024845 ns, Reaching safepoint: 173311 ns, At safepoint: 25426 ns, Total: 198737 ns
[2020-09-11T17:06:46.312+0000][1][safepoint    ] Safepoint "Cleanup", Time since last: 1000114213 ns, Reaching safepoint: 118160 ns, At safepoint: 11471 ns, Total: 129631 ns
[2020-09-11T17:06:47.273+0000][1][safepoint    ] Safepoint "RevokeBias", Time since last: 945013309 ns, Reaching safepoint: 15401230 ns, At safepoint: 30528 ns, Total: 15431758 ns
[2020-09-11T17:06:47.441+0000][1][gc,start     ] GC(104) Pause Young (Allocation Failure)
[2020-09-11T17:06:47.441+0000][1][gc,task      ] GC(104) Using 1 workers of 1 for evacuation
[2020-09-11T17:06:47.456+0000][1][gc,age       ] GC(104) Desired survivor size 4358144 bytes, new threshold 6 (max threshold 6)
[2020-09-11T17:06:47.456+0000][1][gc,age       ] GC(104) Age table with threshold 6 (max threshold 6)
[2020-09-11T17:06:47.456+0000][1][gc,age       ] GC(104) - age   1:     596952 bytes,     596952 total
[2020-09-11T17:06:47.456+0000][1][gc,age       ] GC(104) - age   2:      24552 bytes,     621504 total
[2020-09-11T17:06:47.456+0000][1][gc,age       ] GC(104) - age   3:      12984 bytes,     634488 total
[2020-09-11T17:06:47.456+0000][1][gc,age       ] GC(104) - age   4:       4176 bytes,     638664 total
[2020-09-11T17:06:47.456+0000][1][gc,age       ] GC(104) - age   5:       3320 bytes,     641984 total
[2020-09-11T17:06:47.456+0000][1][gc,age       ] GC(104) - age   6:       2352 bytes,     644336 total
[2020-09-11T17:06:47.456+0000][1][gc,heap      ] GC(104) ParNew: 68728K->766K(76672K)
[2020-09-11T17:06:47.456+0000][1][gc,heap      ] GC(104) CMS: 77445K->77446K(439104K)
[2020-09-11T17:06:47.456+0000][1][gc,metaspace ] GC(104) Metaspace: 94858K->94858K(1136640K)
[2020-09-11T17:06:47.456+0000][1][gc           ] GC(104) Pause Young (Allocation Failure) 142M->76M(503M) 14.859ms
[2020-09-11T17:06:47.456+0000][1][gc,cpu       ] GC(104) User=0.01s Sys=0.00s Real=0.01s
[2020-09-11T17:06:47.477+0000][1][safepoint    ] Safepoint "GenCollectForAllocation", Time since last: 168125327 ns, Reaching safepoint: 167305 ns, At safepoint: 35877432 ns, Total: 36044737 ns
[2020-09-11T17:06:48.489+0000][1][safepoint    ] Safepoint "Cleanup", Time since last: 1012142593 ns, Reaching safepoint: 95570 ns, At safepoint: 8120 ns, Total: 103690 ns
[2020-09-11T17:06:49.489+0000][1][safepoint    ] Safepoint "Cleanup", Time since last: 1000111570 ns, Reaching safepoint: 89088 ns, At safepoint: 10384 ns, Total: 99472 ns
[2020-09-11T17:06:50.490+0000][1][safepoint    ] Safepoint "Cleanup", Time since last: 1000122126 ns, Reaching safepoint: 99311 ns, At safepoint: 11233 ns, Total: 110544 ns
[2020-09-11T17:06:51.490+0000][1][safepoint    ] Safepoint "Cleanup", Time since last: 1000111483 ns, Reaching safepoint: 87513 ns, At safepoint: 10875 ns, Total: 98388 ns
[2020-09-11T17:06:52.490+0000][1][safepoint    ] Safepoint "Cleanup", Time since last: 1000111798 ns, Reaching safepoint: 91734 ns, At safepoint: 10729 ns, Total: 102463 ns
[2020-09-11T17:06:53.490+0000][1][safepoint    ] Safepoint "Cleanup", Time since last: 1000112355 ns, Reaching safepoint: 87324 ns, At safepoint: 8764 ns, Total: 96088 ns
[2020-09-11T17:06:54.490+0000][1][safepoint    ] Safepoint "Cleanup", Time since last: 1000105871 ns, Reaching safepoint: 89331 ns, At safepoint: 9712 ns, Total: 99043 ns
[2020-09-11T17:06:55.361+0000][1][safepoint    ] Safepoint "RevokeBias", Time since last: 870562363 ns, Reaching safepoint: 92236 ns, At safepoint: 22522 ns, Total: 114758 ns
[2020-09-11T17:06:56.361+0000][1][safepoint    ] Safepoint "Cleanup", Time since last: 1000110058 ns, Reaching safepoint: 97842 ns, At safepoint: 12745 ns, Total: 110587 ns
[2020-09-11T17:06:57.177+0000][1][safepoint    ] Safepoint "RevokeBias", Time since last: 815885167 ns, Reaching safepoint: 98733 ns, At safepoint: 21445 ns, Total: 120178 ns
[2020-09-11T17:06:58.177+0000][1][safepoint    ] Safepoint "Cleanup", Time since last: 1000112703 ns, Reaching safepoint: 94770 ns, At safepoint: 9914 ns, Total: 104684 ns
[2020-09-11T17:06:59.178+0000][1][safepoint    ] Safepoint "Cleanup", Time since last: 1000120241 ns, Reaching safepoint: 95850 ns, At safepoint: 11478 ns, Total: 107328 ns
[2020-09-11T17:07:00.178+0000][1][safepoint    ] Safepoint "Cleanup", Time since last: 1000111549 ns, Reaching safepoint: 89263 ns, At safepoint: 9970 ns, Total: 99233 ns
[2020-09-11T17:07:01.178+0000][1][safepoint    ] Safepoint "Cleanup", Time since last: 1000116836 ns, Reaching safepoint: 91796 ns, At safepoint: 11707 ns, Total: 103503 ns
[2020-09-11T17:07:02.178+0000][1][safepoint    ] Safepoint "Cleanup", Time since last: 1000118498 ns, Reaching safepoint: 96383 ns, At safepoint: 12477 ns, Total: 108860 ns
[2020-09-11T17:07:03.179+0000][1][safepoint    ] Safepoint "Cleanup", Time since last: 1000118595 ns, Reaching safepoint: 92532 ns, At safepoint: 11575 ns, Total: 104107 ns
[2020-09-11T17:07:04.179+0000][1][safepoint    ] Safepoint "Cleanup", Time since last: 1000118615 ns, Reaching safepoint: 91175 ns, At safepoint: 12480 ns, Total: 103655 ns
[2020-09-11T17:07:05.179+0000][1][safepoint    ] Safepoint "Cleanup", Time since last: 1000119237 ns, Reaching safepoint: 100930 ns, At safepoint: 13438 ns, Total: 114368 ns
[2020-09-11T17:07:05.328+0000][1][safepoint    ] Safepoint "RevokeBias", Time since last: 148253434 ns, Reaching safepoint: 178680 ns, At safepoint: 25757 ns, Total: 204437 ns
[2020-09-11T17:07:06.328+0000][1][safepoint    ] Safepoint "Cleanup", Time since last: 1000128938 ns, Reaching safepoint: 96534 ns, At safepoint: 12799 ns, Total: 109333 ns
[2020-09-11T17:07:07.089+0000][1][safepoint    ] Safepoint "RevokeBias", Time since last: 756888727 ns, Reaching safepoint: 4299811 ns, At safepoint: 263798 ns, Total: 4563609 ns
[2020-09-11T17:07:08.089+0000][1][safepoint    ] Safepoint "Cleanup", Time since last: 1000127208 ns, Reaching safepoint: 105779 ns, At safepoint: 10498 ns, Total: 116277 ns
[2020-09-11T17:07:09.090+0000][1][safepoint    ] Safepoint "Cleanup", Time since last: 1000124785 ns, Reaching safepoint: 99337 ns, At safepoint: 12553 ns, Total: 111890 ns
[2020-09-11T17:07:10.090+0000][1][safepoint    ] Safepoint "Cleanup", Time since last: 1000122082 ns, Reaching safepoint: 90501 ns, At safepoint: 11162 ns, Total: 101663 ns
[2020-09-11T17:07:11.090+0000][1][safepoint    ] Safepoint "Cleanup", Time since last: 1000127368 ns, Reaching safepoint: 89704 ns, At safepoint: 11979 ns, Total: 101683 ns
[2020-09-11T17:07:11.688+0000][1][gc,start     ] GC(105) Pause Young (Allocation Failure)
[2020-09-11T17:07:11.688+0000][1][gc,task      ] GC(105) Using 1 workers of 1 for evacuation
[2020-09-11T17:07:11.693+0000][1][gc,age       ] GC(105) Desired survivor size 4358144 bytes, new threshold 6 (max threshold 6)
[2020-09-11T17:07:11.693+0000][1][gc,age       ] GC(105) Age table with threshold 6 (max threshold 6)
[2020-09-11T17:07:11.693+0000][1][gc,age       ] GC(105) - age   1:      71856 bytes,      71856 total
[2020-09-11T17:07:11.693+0000][1][gc,age       ] GC(105) - age   2:      11664 bytes,      83520 total
[2020-09-11T17:07:11.693+0000][1][gc,age       ] GC(105) - age   3:       7232 bytes,      90752 total
[2020-09-11T17:07:11.693+0000][1][gc,age       ] GC(105) - age   4:      11528 bytes,     102280 total
[2020-09-11T17:07:11.693+0000][1][gc,age       ] GC(105) - age   5:       3864 bytes,     106144 total
[2020-09-11T17:07:11.693+0000][1][gc,age       ] GC(105) - age   6:       3320 bytes,     109464 total
[2020-09-11T17:07:11.693+0000][1][gc,heap      ] GC(105) ParNew: 68926K->567K(76672K)
[2020-09-11T17:07:11.693+0000][1][gc,heap      ] GC(105) CMS: 77446K->77449K(439104K)
[2020-09-11T17:07:11.693+0000][1][gc,metaspace ] GC(105) Metaspace: 94900K->94900K(1136640K)
[2020-09-11T17:07:11.697+0000][1][gc           ] GC(105) Pause Young (Allocation Failure) 142M->76M(503M) 9.118ms
[2020-09-11T17:07:11.697+0000][1][gc,cpu       ] GC(105) User=0.01s Sys=0.00s Real=0.01s
[2020-09-11T17:07:11.697+0000][1][safepoint    ] Safepoint "GenCollectForAllocation", Time since last: 597374374 ns, Reaching safepoint: 162071 ns, At safepoint: 9214463 ns, Total: 9376534 ns
[2020-09-11T17:07:12.704+0000][1][safepoint    ] Safepoint "Cleanup", Time since last: 1007048622 ns, Reaching safepoint: 175459 ns, At safepoint: 23782 ns, Total: 199241 ns
[2020-09-11T17:07:13.704+0000][1][safepoint    ] Safepoint "Cleanup", Time since last: 1000124684 ns, Reaching safepoint: 160756 ns, At safepoint: 22005 ns, Total: 182761 ns
[2020-09-11T17:07:14.705+0000][1][safepoint    ] Safepoint "Cleanup", Time since last: 1000109821 ns, Reaching safepoint: 162053 ns, At safepoint: 10844 ns, Total: 172897 ns
[2020-09-11T17:07:15.309+0000][1][safepoint    ] Safepoint "RevokeBias", Time since last: 604319934 ns, Reaching safepoint: 98923 ns, At safepoint: 29698 ns, Total: 128621 ns
[2020-09-11T17:07:16.309+0000][1][safepoint    ] Safepoint "Cleanup", Time since last: 1000113291 ns, Reaching safepoint: 89993 ns, At safepoint: 11650 ns, Total: 101643 ns
[2020-09-11T17:07:17.097+0000][1][safepoint    ] Safepoint "RevokeBias", Time since last: 787620452 ns, Reaching safepoint: 101540 ns, At safepoint: 21761 ns, Total: 123301 ns
[2020-09-11T17:07:18.105+0000][1][safepoint    ] Safepoint "Cleanup", Time since last: 1007658463 ns, Reaching safepoint: 87434 ns, At safepoint: 9866 ns, Total: 97300 ns
[2020-09-11T17:07:19.105+0000][1][safepoint    ] Safepoint "Cleanup", Time since last: 1000119743 ns, Reaching safepoint: 93439 ns, At safepoint: 11054 ns, Total: 104493 ns
[2020-09-11T17:07:20.105+0000][1][safepoint    ] Safepoint "Cleanup", Time since last: 1000146741 ns, Reaching safepoint: 95977 ns, At safepoint: 13758 ns, Total: 109735 ns
[2020-09-11T17:07:21.106+0000][1][safepoint    ] Safepoint "Cleanup", Time since last: 1000120688 ns, Reaching safepoint: 91366 ns, At safepoint: 12803 ns, Total: 104169 ns
[2020-09-11T17:07:22.106+0000][1][safepoint    ] Safepoint "Cleanup", Time since last: 1000120472 ns, Reaching safepoint: 92718 ns, At safepoint: 12072 ns, Total: 104790 ns
[2020-09-11T17:07:23.106+0000][1][safepoint    ] Safepoint "Cleanup", Time since last: 1000115819 ns, Reaching safepoint: 94273 ns, At safepoint: 9465 ns, Total: 103738 ns
[2020-09-11T17:07:24.106+0000][1][safepoint    ] Safepoint "Cleanup", Time since last: 1000120015 ns, Reaching safepoint: 99881 ns, At safepoint: 12452 ns, Total: 112333 ns
[2020-09-11T17:07:25.320+0000][1][safepoint    ] Safepoint "RevokeBias", Time since last: 1213538640 ns, Reaching safepoint: 174305 ns, At safepoint: 25144 ns, Total: 199449 ns
[2020-09-11T17:07:27.098+0000][1][safepoint    ] Safepoint "RevokeBias", Time since last: 1777201167 ns, Reaching safepoint: 373741 ns, At safepoint: 261480 ns, Total: 635221 ns
[2020-09-11T17:07:28.098+0000][1][safepoint    ] Safepoint "Cleanup", Time since last: 1000115096 ns, Reaching safepoint: 95440 ns, At safepoint: 11920 ns, Total: 107360 ns
[2020-09-11T17:07:35.316+0000][1][safepoint    ] Safepoint "RevokeBias", Time since last: 7217736898 ns, Reaching safepoint: 98352 ns, At safepoint: 24419 ns, Total: 122771 ns
[2020-09-11T17:07:36.723+0000][1][gc,start     ] GC(106) Pause Young (Allocation Failure)
[2020-09-11T17:07:36.723+0000][1][gc,task      ] GC(106) Using 1 workers of 1 for evacuation
[2020-09-11T17:07:36.728+0000][1][gc,age       ] GC(106) Desired survivor size 4358144 bytes, new threshold 6 (max threshold 6)
[2020-09-11T17:07:36.728+0000][1][gc,age       ] GC(106) Age table with threshold 6 (max threshold 6)
[2020-09-11T17:07:36.728+0000][1][gc,age       ] GC(106) - age   1:      67928 bytes,      67928 total
[2020-09-11T17:07:36.728+0000][1][gc,age       ] GC(106) - age   2:      10288 bytes,      78216 total
[2020-09-11T17:07:36.728+0000][1][gc,age       ] GC(106) - age   3:       9608 bytes,      87824 total
[2020-09-11T17:07:36.728+0000][1][gc,age       ] GC(106) - age   4:       6960 bytes,      94784 total
[2020-09-11T17:07:36.728+0000][1][gc,age       ] GC(106) - age   5:      11528 bytes,     106312 total
[2020-09-11T17:07:36.728+0000][1][gc,age       ] GC(106) - age   6:       3864 bytes,     110176 total
[2020-09-11T17:07:36.728+0000][1][gc,heap      ] GC(106) ParNew: 68727K->161K(76672K)
[2020-09-11T17:07:36.728+0000][1][gc,heap      ] GC(106) CMS: 77449K->77452K(439104K)
[2020-09-11T17:07:36.728+0000][1][gc,metaspace ] GC(106) Metaspace: 94928K->94928K(1136640K)
[2020-09-11T17:07:36.728+0000][1][gc           ] GC(106) Pause Young (Allocation Failure) 142M->75M(503M) 4.843ms
[2020-09-11T17:07:36.728+0000][1][gc,cpu       ] GC(106) User=0.00s Sys=0.00s Real=0.00s
[2020-09-11T17:07:36.732+0000][1][safepoint    ] Safepoint "GenCollectForAllocation", Time since last: 1407317110 ns, Reaching safepoint: 165287 ns, At safepoint: 8296733 ns, Total: 8462020 ns
[2020-09-11T17:07:37.087+0000][1][safepoint    ] Safepoint "RevokeBias", Time since last: 355294970 ns, Reaching safepoint: 93724 ns, At safepoint: 21219 ns, Total: 114943 ns
[2020-09-11T17:07:40.087+0000][1][safepoint    ] Safepoint "Cleanup", Time since last: 3000270210 ns, Reaching safepoint: 97457 ns, At safepoint: 11606 ns, Total: 109063 ns
[2020-09-11T17:07:42.088+0000][1][safepoint    ] Safepoint "Cleanup", Time since last: 2000207640 ns, Reaching safepoint: 92445 ns, At safepoint: 11935 ns, Total: 104380 ns
[2020-09-11T17:07:43.088+0000][1][safepoint    ] Safepoint "Cleanup", Time since last: 1000127038 ns, Reaching safepoint: 107549 ns, At safepoint: 11738 ns, Total: 119287 ns
[2020-09-11T17:07:44.088+0000][1][safepoint    ] Safepoint "Cleanup", Time since last: 1000118457 ns, Reaching safepoint: 92241 ns, At safepoint: 11688 ns, Total: 103929 ns
[2020-09-11T17:07:45.089+0000][1][safepoint    ] Safepoint "Cleanup", Time since last: 1000129304 ns, Reaching safepoint: 102063 ns, At safepoint: 11811 ns, Total: 113874 ns
[2020-09-11T17:07:45.315+0000][1][safepoint    ] Safepoint "RevokeBias", Time since last: 226277655 ns, Reaching safepoint: 180827 ns, At safepoint: 24871 ns, Total: 205698 ns
[2020-09-11T17:07:46.315+0000][1][safepoint    ] Safepoint "Cleanup", Time since last: 1000109800 ns, Reaching safepoint: 89845 ns, At safepoint: 10757 ns, Total: 100602 ns
[2020-09-11T17:07:47.117+0000][1][safepoint    ] Safepoint "RevokeBias", Time since last: 800079881 ns, Reaching safepoint: 1511491 ns, At safepoint: 263088 ns, Total: 1774579 ns
[2020-09-11T17:07:48.117+0000][1][safepoint    ] Safepoint "Cleanup", Time since last: 1000109076 ns, Reaching safepoint: 116733 ns, At safepoint: 11036 ns, Total: 127769 ns
[2020-09-11T17:07:49.118+0000][1][safepoint    ] Safepoint "Cleanup", Time since last: 1000109150 ns, Reaching safepoint: 92171 ns, At safepoint: 11377 ns, Total: 103548 ns
[2020-09-11T17:07:50.118+0000][1][safepoint    ] Safepoint "Cleanup", Time since last: 1000114224 ns, Reaching safepoint: 91880 ns, At safepoint: 11470 ns, Total: 103350 ns
[2020-09-11T17:07:51.118+0000][1][safepoint    ] Safepoint "Cleanup", Time since last: 1000117445 ns, Reaching safepoint: 92556 ns, At safepoint: 11257 ns, Total: 103813 ns
[2020-09-11T17:07:52.118+0000][1][safepoint    ] Safepoint "Cleanup", Time since last: 1000117615 ns, Reaching safepoint: 92128 ns, At safepoint: 12308 ns, Total: 104436 ns
[2020-09-11T17:07:53.118+0000][1][safepoint    ] Safepoint "Cleanup", Time since last: 1000118961 ns, Reaching safepoint: 94258 ns, At safepoint: 8988 ns, Total: 103246 ns
[2020-09-11T17:07:54.119+0000][1][safepoint    ] Safepoint "Cleanup", Time since last: 1000120391 ns, Reaching safepoint: 96348 ns, At safepoint: 12455 ns, Total: 108803 ns
[2020-09-11T17:07:55.119+0000][1][safepoint    ] Safepoint "Cleanup", Time since last: 1000117757 ns, Reaching safepoint: 90915 ns, At safepoint: 11809 ns, Total: 102724 ns
[2020-09-11T17:07:55.322+0000][1][safepoint    ] Safepoint "RevokeBias", Time since last: 202791459 ns, Reaching safepoint: 94463 ns, At safepoint: 24377 ns, Total: 118840 ns
[2020-09-11T17:07:56.325+0000][1][safepoint    ] Safepoint "Cleanup", Time since last: 1003018331 ns, Reaching safepoint: 86809 ns, At safepoint: 9498 ns, Total: 96307 ns
[2020-09-11T17:07:56.994+0000][1][gc,start     ] GC(107) Pause Young (Allocation Failure)
[2020-09-11T17:07:56.994+0000][1][gc,task      ] GC(107) Using 1 workers of 1 for evacuation
[2020-09-11T17:07:57.003+0000][1][gc,age       ] GC(107) Desired survivor size 4358144 bytes, new threshold 6 (max threshold 6)
[2020-09-11T17:07:57.003+0000][1][gc,age       ] GC(107) Age table with threshold 6 (max threshold 6)
[2020-09-11T17:07:57.003+0000][1][gc,age       ] GC(107) - age   1:     355968 bytes,     355968 total
[2020-09-11T17:07:57.003+0000][1][gc,age       ] GC(107) - age   2:       5864 bytes,     361832 total
[2020-09-11T17:07:57.003+0000][1][gc,age       ] GC(107) - age   3:       8320 bytes,     370152 total
[2020-09-11T17:07:57.003+0000][1][gc,age       ] GC(107) - age   4:       9024 bytes,     379176 total
[2020-09-11T17:07:57.003+0000][1][gc,age       ] GC(107) - age   5:       6960 bytes,     386136 total
[2020-09-11T17:07:57.003+0000][1][gc,age       ] GC(107) - age   6:      11528 bytes,     397664 total
[2020-09-11T17:07:57.003+0000][1][gc,heap      ] GC(107) ParNew: 68321K->484K(76672K)
[2020-09-11T17:07:57.003+0000][1][gc,heap      ] GC(107) CMS: 77452K->77456K(439104K)
[2020-09-11T17:07:57.003+0000][1][gc,metaspace ] GC(107) Metaspace: 94951K->94951K(1136640K)
[2020-09-11T17:07:57.003+0000][1][gc           ] GC(107) Pause Young (Allocation Failure) 142M->76M(503M) 9.254ms
[2020-09-11T17:07:57.003+0000][1][gc,cpu       ] GC(107) User=0.00s Sys=0.00s Real=0.01s
[2020-09-11T17:07:57.003+0000][1][safepoint    ] Safepoint "GenCollectForAllocation", Time since last: 669127938 ns, Reaching safepoint: 162229 ns, At safepoint: 9321560 ns, Total: 9483789 ns
[2020-09-11T17:07:57.085+0000][1][safepoint    ] Safepoint "RevokeBias", Time since last: 80983678 ns, Reaching safepoint: 219385 ns, At safepoint: 329484 ns, Total: 548869 ns
[2020-09-11T17:07:58.085+0000][1][safepoint    ] Safepoint "Cleanup", Time since last: 1000113615 ns, Reaching safepoint: 91475 ns, At safepoint: 11314 ns, Total: 102789 ns
[2020-09-11T17:07:59.085+0000][1][safepoint    ] Safepoint "Cleanup", Time since last: 1000117066 ns, Reaching safepoint: 90514 ns, At safepoint: 10886 ns, Total: 101400 ns
[2020-09-11T17:08:00.086+0000][1][safepoint    ] Safepoint "Cleanup", Time since last: 1000111841 ns, Reaching safepoint: 96087 ns, At safepoint: 11543 ns, Total: 107630 ns
[2020-09-11T17:08:01.086+0000][1][safepoint    ] Safepoint "Cleanup", Time since last: 1000117451 ns, Reaching safepoint: 92335 ns, At safepoint: 11906 ns, Total: 104241 ns
[2020-09-11T17:08:02.086+0000][1][safepoint    ] Safepoint "Cleanup", Time since last: 1000116052 ns, Reaching safepoint: 91276 ns, At safepoint: 11473 ns, Total: 102749 ns
[2020-09-11T17:08:03.086+0000][1][safepoint    ] Safepoint "Cleanup", Time since last: 1000115532 ns, Reaching safepoint: 92145 ns, At safepoint: 11265 ns, Total: 103410 ns
[2020-09-11T17:08:04.087+0000][1][safepoint    ] Safepoint "Cleanup", Time since last: 1000135116 ns, Reaching safepoint: 97762 ns, At safepoint: 9212 ns, Total: 106974 ns
[2020-09-11T17:08:05.087+0000][1][safepoint    ] Safepoint "Cleanup", Time since last: 1000117529 ns, Reaching safepoint: 93729 ns, At safepoint: 11581 ns, Total: 105310 ns
[2020-09-11T17:08:05.369+0000][1][safepoint    ] Safepoint "RevokeBias", Time since last: 281511886 ns, Reaching safepoint: 175401 ns, At safepoint: 24848 ns, Total: 200249 ns
[2020-09-11T17:08:06.369+0000][1][safepoint    ] Safepoint "Cleanup", Time since last: 1000120978 ns, Reaching safepoint: 97986 ns, At safepoint: 45503 ns, Total: 143489 ns
[2020-09-11T17:08:07.117+0000][1][safepoint    ] Safepoint "RevokeBias", Time since last: 744406412 ns, Reaching safepoint: 3239955 ns, At safepoint: 246067 ns, Total: 3486022 ns
[2020-09-11T17:08:08.117+0000][1][safepoint    ] Safepoint "Cleanup", Time since last: 1000114189 ns, Reaching safepoint: 115927 ns, At safepoint: 13516 ns, Total: 129443 ns
[2020-09-11T17:08:09.117+0000][1][safepoint    ] Safepoint "Cleanup", Time since last: 1000115532 ns, Reaching safepoint: 91382 ns, At safepoint: 11124 ns, Total: 102506 ns
[2020-09-11T17:08:10.117+0000][1][safepoint    ] Safepoint "Cleanup", Time since last: 1000122758 ns, Reaching safepoint: 89967 ns, At safepoint: 11291 ns, Total: 101258 ns
[2020-09-11T17:08:11.118+0000][1][safepoint    ] Safepoint "Cleanup", Time since last: 1000118657 ns, Reaching safepoint: 92298 ns, At safepoint: 11745 ns, Total: 104043 ns
[2020-09-11T17:08:12.118+0000][1][safepoint    ] Safepoint "Cleanup", Time since last: 1000130643 ns, Reaching safepoint: 105780 ns, At safepoint: 12474 ns, Total: 118254 ns
[2020-09-11T17:08:13.118+0000][1][safepoint    ] Safepoint "Cleanup", Time since last: 1000116755 ns, Reaching safepoint: 91525 ns, At safepoint: 12269 ns, Total: 103794 ns
[2020-09-11T17:08:14.118+0000][1][safepoint    ] Safepoint "Cleanup", Time since last: 1000122803 ns, Reaching safepoint: 91037 ns, At safepoint: 12083 ns, Total: 103120 ns
[2020-09-11T17:08:15.118+0000][1][safepoint    ] Safepoint "Cleanup", Time since last: 1000119150 ns, Reaching safepoint: 91327 ns, At safepoint: 11812 ns, Total: 103139 ns
[2020-09-11T17:08:15.316+0000][1][safepoint    ] Safepoint "RevokeBias", Time since last: 197624484 ns, Reaching safepoint: 186471 ns, At safepoint: 25449 ns, Total: 211920 ns
[2020-09-11T17:08:16.317+0000][1][safepoint    ] Safepoint "Cleanup", Time since last: 1000111851 ns, Reaching safepoint: 90111 ns, At safepoint: 10631 ns, Total: 100742 ns
[2020-09-11T17:08:17.077+0000][1][safepoint    ] Safepoint "RevokeBias", Time since last: 758070618 ns, Reaching safepoint: 2352141 ns, At safepoint: 233551 ns, Total: 2585692 ns
[2020-09-11T17:08:17.161+0000][1][gc,start     ] GC(108) Pause Young (Allocation Failure)
[2020-09-11T17:08:17.161+0000][1][gc,task      ] GC(108) Using 1 workers of 1 for evacuation
[2020-09-11T17:08:17.168+0000][1][gc,age       ] GC(108) Desired survivor size 4358144 bytes, new threshold 6 (max threshold 6)
[2020-09-11T17:08:17.168+0000][1][gc,age       ] GC(108) Age table with threshold 6 (max threshold 6)
[2020-09-11T17:08:17.168+0000][1][gc,age       ] GC(108) - age   1:     587688 bytes,     587688 total
[2020-09-11T17:08:17.168+0000][1][gc,age       ] GC(108) - age   2:      21136 bytes,     608824 total
[2020-09-11T17:08:17.168+0000][1][gc,age       ] GC(108) - age   3:       3952 bytes,     612776 total
[2020-09-11T17:08:17.168+0000][1][gc,age       ] GC(108) - age   4:       6432 bytes,     619208 total
[2020-09-11T17:08:17.168+0000][1][gc,age       ] GC(108) - age   5:       2824 bytes,     622032 total
[2020-09-11T17:08:17.168+0000][1][gc,age       ] GC(108) - age   6:       6960 bytes,     628992 total
[2020-09-11T17:08:17.168+0000][1][gc,heap      ] GC(108) ParNew: 68644K->643K(76672K)
[2020-09-11T17:08:17.168+0000][1][gc,heap      ] GC(108) CMS: 77456K->77467K(439104K)
[2020-09-11T17:08:17.168+0000][1][gc,metaspace ] GC(108) Metaspace: 94964K->94964K(1136640K)
[2020-09-11T17:08:17.168+0000][1][gc           ] GC(108) Pause Young (Allocation Failure) 142M->76M(503M) 6.977ms
[2020-09-11T17:08:17.168+0000][1][gc,cpu       ] GC(108) User=0.01s Sys=0.00s Real=0.00s
[2020-09-11T17:08:17.177+0000][1][safepoint    ] Safepoint "GenCollectForAllocation", Time since last: 79154157 ns, Reaching safepoint: 4531327 ns, At safepoint: 15940314 ns, Total: 20471641 ns
[2020-09-11T17:08:18.187+0000][1][safepoint    ] Safepoint "Cleanup", Time since last: 1009829339 ns, Reaching safepoint: 93583 ns, At safepoint: 11219 ns, Total: 104802 ns
[2020-09-11T17:08:19.187+0000][1][safepoint    ] Safepoint "Cleanup", Time since last: 1000136573 ns, Reaching safepoint: 131387 ns, At safepoint: 12393 ns, Total: 143780 ns
[2020-09-11T17:08:20.187+0000][1][safepoint    ] Safepoint "Cleanup", Time since last: 1000110574 ns, Reaching safepoint: 94841 ns, At safepoint: 11507 ns, Total: 106348 ns
[2020-09-11T17:08:21.187+0000][1][safepoint    ] Safepoint "Cleanup", Time since last: 1000104169 ns, Reaching safepoint: 90387 ns, At safepoint: 10884 ns, Total: 101271 ns
[2020-09-11T17:08:22.188+0000][1][safepoint    ] Safepoint "Cleanup", Time since last: 1000119095 ns, Reaching safepoint: 91847 ns, At safepoint: 10799 ns, Total: 102646 ns
[2020-09-11T17:08:23.188+0000][1][safepoint    ] Safepoint "Cleanup", Time since last: 1000117843 ns, Reaching safepoint: 95526 ns, At safepoint: 9282 ns, Total: 104808 ns
[2020-09-11T17:08:24.188+0000][1][safepoint    ] Safepoint "Cleanup", Time since last: 1000124943 ns, Reaching safepoint: 103016 ns, At safepoint: 13163 ns, Total: 116179 ns
[2020-09-11T17:08:25.188+0000][1][safepoint    ] Safepoint "Cleanup", Time since last: 1000122650 ns, Reaching safepoint: 91914 ns, At safepoint: 11402 ns, Total: 103316 ns
[2020-09-11T17:08:25.346+0000][1][safepoint    ] Safepoint "RevokeBias", Time since last: 157565176 ns, Reaching safepoint: 175476 ns, At safepoint: 24209 ns, Total: 199685 ns
[2020-09-11T17:08:26.346+0000][1][safepoint    ] Safepoint "Cleanup", Time since last: 1000108473 ns, Reaching safepoint: 90617 ns, At safepoint: 10741 ns, Total: 101358 ns
[2020-09-11T17:08:27.089+0000][1][safepoint    ] Safepoint "RevokeBias", Time since last: 741839497 ns, Reaching safepoint: 443464 ns, At safepoint: 23042 ns, Total: 466506 ns
[2020-09-11T17:08:28.089+0000][1][safepoint    ] Safepoint "Cleanup", Time since last: 1000147321 ns, Reaching safepoint: 97699 ns, At safepoint: 12558 ns, Total: 110257 ns
[2020-09-11T17:08:29.089+0000][1][safepoint    ] Safepoint "Cleanup", Time since last: 1000119256 ns, Reaching safepoint: 91692 ns, At safepoint: 11131 ns, Total: 102823 ns
[2020-09-11T17:08:30.089+0000][1][safepoint    ] Safepoint "Cleanup", Time since last: 1000117602 ns, Reaching safepoint: 95640 ns, At safepoint: 12502 ns, Total: 108142 ns
[2020-09-11T17:08:31.090+0000][1][safepoint    ] Safepoint "Cleanup", Time since last: 1000133554 ns, Reaching safepoint: 91437 ns, At safepoint: 12185 ns, Total: 103622 ns
[2020-09-11T17:08:32.090+0000][1][safepoint    ] Safepoint "Cleanup", Time since last: 1000116027 ns, Reaching safepoint: 92392 ns, At safepoint: 11686 ns, Total: 104078 ns
[2020-09-11T17:08:33.090+0000][1][safepoint    ] Safepoint "Cleanup", Time since last: 1000118094 ns, Reaching safepoint: 94626 ns, At safepoint: 12288 ns, Total: 106914 ns
[2020-09-11T17:08:34.090+0000][1][safepoint    ] Safepoint "Cleanup", Time since last: 1000114791 ns, Reaching safepoint: 93686 ns, At safepoint: 11411 ns, Total: 105097 ns
[2020-09-11T17:08:35.315+0000][1][safepoint    ] Safepoint "RevokeBias", Time since last: 1224477963 ns, Reaching safepoint: 171642 ns, At safepoint: 25299 ns, Total: 196941 ns
[2020-09-11T17:08:36.315+0000][1][safepoint    ] Safepoint "Cleanup", Time since last: 1000106885 ns, Reaching safepoint: 101168 ns, At safepoint: 11357 ns, Total: 112525 ns
[2020-09-11T17:08:37.102+0000][1][safepoint    ] Safepoint "RevokeBias", Time since last: 786001848 ns, Reaching safepoint: 241460 ns, At safepoint: 267715 ns, Total: 509175 ns
[2020-09-11T17:08:41.525+0000][1][gc,start     ] GC(109) Pause Young (Allocation Failure)
[2020-09-11T17:08:41.525+0000][1][gc,task      ] GC(109) Using 1 workers of 1 for evacuation
[2020-09-11T17:08:41.536+0000][1][gc,age       ] GC(109) Desired survivor size 4358144 bytes, new threshold 6 (max threshold 6)
[2020-09-11T17:08:41.536+0000][1][gc,age       ] GC(109) Age table with threshold 6 (max threshold 6)
[2020-09-11T17:08:41.536+0000][1][gc,age       ] GC(109) - age   1:     184656 bytes,     184656 total
[2020-09-11T17:08:41.536+0000][1][gc,age       ] GC(109) - age   2:      14856 bytes,     199512 total
[2020-09-11T17:08:41.536+0000][1][gc,age       ] GC(109) - age   3:       3504 bytes,     203016 total
[2020-09-11T17:08:41.536+0000][1][gc,age       ] GC(109) - age   4:       3952 bytes,     206968 total
[2020-09-11T17:08:41.536+0000][1][gc,age       ] GC(109) - age   5:       6432 bytes,     213400 total
[2020-09-11T17:08:41.536+0000][1][gc,age       ] GC(109) - age   6:       2744 bytes,     216144 total
[2020-09-11T17:08:41.536+0000][1][gc,heap      ] GC(109) ParNew: 68803K->541K(76672K)
[2020-09-11T17:08:41.536+0000][1][gc,heap      ] GC(109) CMS: 77467K->77474K(439104K)
[2020-09-11T17:08:41.536+0000][1][gc,metaspace ] GC(109) Metaspace: 95010K->95010K(1136640K)
[2020-09-11T17:08:41.536+0000][1][gc           ] GC(109) Pause Young (Allocation Failure) 142M->76M(503M) 11.315ms
[2020-09-11T17:08:41.536+0000][1][gc,cpu       ] GC(109) User=0.00s Sys=0.00s Real=0.01s
[2020-09-11T17:08:41.536+0000][1][safepoint    ] Safepoint "GenCollectForAllocation", Time since last: 4421539861 ns, Reaching safepoint: 1712665 ns, At safepoint: 11472819 ns, Total: 13185484 ns
[2020-09-11T17:08:42.545+0000][1][safepoint    ] Safepoint "Cleanup", Time since last: 1008047449 ns, Reaching safepoint: 111405 ns, At safepoint: 20641 ns, Total: 132046 ns
[2020-09-11T17:08:45.394+0000][1][safepoint    ] Safepoint "RevokeBias", Time since last: 2849496157 ns, Reaching safepoint: 179451 ns, At safepoint: 27666 ns, Total: 207117 ns
[2020-09-11T17:08:47.170+0000][1][safepoint    ] Safepoint "RevokeBias", Time since last: 1775543162 ns, Reaching safepoint: 593395 ns, At safepoint: 26984 ns, Total: 620379 ns
[2020-09-11T17:08:48.171+0000][1][safepoint    ] Safepoint "Cleanup", Time since last: 1000116964 ns, Reaching safepoint: 101530 ns, At safepoint: 11675 ns, Total: 113205 ns
[2020-09-11T17:08:49.171+0000][1][safepoint    ] Safepoint "Cleanup", Time since last: 1000119384 ns, Reaching safepoint: 120232 ns, At safepoint: 12404 ns, Total: 132636 ns
[2020-09-11T17:08:53.171+0000][1][safepoint    ] Safepoint "Cleanup", Time since last: 4000355394 ns, Reaching safepoint: 96802 ns, At safepoint: 12928 ns, Total: 109730 ns
[2020-09-11T17:08:55.172+0000][1][safepoint    ] Safepoint "Cleanup", Time since last: 2000198240 ns, Reaching safepoint: 91595 ns, At safepoint: 9074 ns, Total: 100669 ns
[2020-09-11T17:08:55.318+0000][1][safepoint    ] Safepoint "RevokeBias", Time since last: 146061597 ns, Reaching safepoint: 96284 ns, At safepoint: 22709 ns, Total: 118993 ns
[2020-09-11T17:08:57.141+0000][1][safepoint    ] Safepoint "RevokeBias", Time since last: 1821390180 ns, Reaching safepoint: 1682242 ns, At safepoint: 275896 ns, Total: 1958138 ns
[2020-09-11T17:08:58.141+0000][1][safepoint    ] Safepoint "Cleanup", Time since last: 1000116961 ns, Reaching safepoint: 103824 ns, At safepoint: 11733 ns, Total: 115557 ns
[2020-09-11T17:09:05.319+0000][1][safepoint    ] Safepoint "RevokeBias", Time since last: 7176921459 ns, Reaching safepoint: 175019 ns, At safepoint: 25207 ns, Total: 200226 ns
[2020-09-11T17:09:06.828+0000][1][gc,start     ] GC(110) Pause Young (Allocation Failure)
[2020-09-11T17:09:06.828+0000][1][gc,task      ] GC(110) Using 1 workers of 1 for evacuation
[2020-09-11T17:09:06.842+0000][1][gc,age       ] GC(110) Desired survivor size 4358144 bytes, new threshold 6 (max threshold 6)
[2020-09-11T17:09:06.842+0000][1][gc,age       ] GC(110) Age table with threshold 6 (max threshold 6)
[2020-09-11T17:09:06.842+0000][1][gc,age       ] GC(110) - age   1:      65712 bytes,      65712 total
[2020-09-11T17:09:06.842+0000][1][gc,age       ] GC(110) - age   2:       5304 bytes,      71016 total
[2020-09-11T17:09:06.842+0000][1][gc,age       ] GC(110) - age   3:      12440 bytes,      83456 total
[2020-09-11T17:09:06.842+0000][1][gc,age       ] GC(110) - age   4:       3232 bytes,      86688 total
[2020-09-11T17:09:06.842+0000][1][gc,age       ] GC(110) - age   5:       3952 bytes,      90640 total
[2020-09-11T17:09:06.842+0000][1][gc,age       ] GC(110) - age   6:       6432 bytes,      97072 total
[2020-09-11T17:09:06.842+0000][1][gc,heap      ] GC(110) ParNew: 68701K->188K(76672K)
[2020-09-11T17:09:06.842+0000][1][gc,heap      ] GC(110) CMS: 77474K->77476K(439104K)
[2020-09-11T17:09:06.842+0000][1][gc,metaspace ] GC(110) Metaspace: 95028K->95028K(1136640K)
[2020-09-11T17:09:06.842+0000][1][gc           ] GC(110) Pause Young (Allocation Failure) 142M->75M(503M) 13.972ms
[2020-09-11T17:09:06.842+0000][1][gc,cpu       ] GC(110) User=0.01s Sys=0.00s Real=0.02s
[2020-09-11T17:09:06.844+0000][1][safepoint    ] Safepoint "GenCollectForAllocation", Time since last: 1508383479 ns, Reaching safepoint: 1373295 ns, At safepoint: 16063812 ns, Total: 17437107 ns
[2020-09-11T17:09:07.114+0000][1][safepoint    ] Safepoint "RevokeBias", Time since last: 268740055 ns, Reaching safepoint: 301569 ns, At safepoint: 251860 ns, Total: 553429 ns
[2020-09-11T17:09:08.114+0000][1][safepoint    ] Safepoint "Cleanup", Time since last: 1000117478 ns, Reaching safepoint: 99213 ns, At safepoint: 11547 ns, Total: 110760 ns
[2020-09-11T17:09:15.324+0000][1][safepoint    ] Safepoint "RevokeBias", Time since last: 7210195458 ns, Reaching safepoint: 186773 ns, At safepoint: 34304 ns, Total: 221077 ns
[2020-09-11T17:09:17.083+0000][1][safepoint    ] Safepoint "RevokeBias", Time since last: 1756586706 ns, Reaching safepoint: 1473115 ns, At safepoint: 256413 ns, Total: 1729528 ns
[2020-09-11T17:09:18.083+0000][1][safepoint    ] Safepoint "Cleanup", Time since last: 1000117070 ns, Reaching safepoint: 97256 ns, At safepoint: 10610 ns, Total: 107866 ns
[2020-09-11T17:09:22.083+0000][1][safepoint    ] Safepoint "Cleanup", Time since last: 4000354517 ns, Reaching safepoint: 97749 ns, At safepoint: 12205 ns, Total: 109954 ns
[2020-09-11T17:09:24.084+0000][1][safepoint    ] Safepoint "Cleanup", Time since last: 2000197689 ns, Reaching safepoint: 96881 ns, At safepoint: 12147 ns, Total: 109028 ns
[2020-09-11T17:09:25.318+0000][1][safepoint    ] Safepoint "RevokeBias", Time since last: 1234465657 ns, Reaching safepoint: 179265 ns, At safepoint: 26402 ns, Total: 205667 ns
[2020-09-11T17:09:27.085+0000][1][gc,start     ] GC(111) Pause Young (Allocation Failure)
[2020-09-11T17:09:27.085+0000][1][gc,task      ] GC(111) Using 1 workers of 1 for evacuation
[2020-09-11T17:09:27.097+0000][1][gc,age       ] GC(111) Desired survivor size 4358144 bytes, new threshold 6 (max threshold 6)
[2020-09-11T17:09:27.097+0000][1][gc,age       ] GC(111) Age table with threshold 6 (max threshold 6)
[2020-09-11T17:09:27.097+0000][1][gc,age       ] GC(111) - age   1:     381680 bytes,     381680 total
[2020-09-11T17:09:27.097+0000][1][gc,age       ] GC(111) - age   2:       4048 bytes,     385728 total
[2020-09-11T17:09:27.097+0000][1][gc,age       ] GC(111) - age   3:       3376 bytes,     389104 total
[2020-09-11T17:09:27.097+0000][1][gc,age       ] GC(111) - age   4:       3408 bytes,     392512 total
[2020-09-11T17:09:27.097+0000][1][gc,age       ] GC(111) - age   5:       3232 bytes,     395744 total
[2020-09-11T17:09:27.097+0000][1][gc,age       ] GC(111) - age   6:       3952 bytes,     399696 total
[2020-09-11T17:09:27.097+0000][1][gc,heap      ] GC(111) ParNew: 68348K->412K(76672K)
[2020-09-11T17:09:27.097+0000][1][gc,heap      ] GC(111) CMS: 77476K->77483K(439104K)
[2020-09-11T17:09:27.097+0000][1][gc,metaspace ] GC(111) Metaspace: 95048K->95048K(1136640K)
[2020-09-11T17:09:27.097+0000][1][gc           ] GC(111) Pause Young (Allocation Failure) 142M->76M(503M) 12.398ms
[2020-09-11T17:09:27.098+0000][1][gc,cpu       ] GC(111) User=0.00s Sys=0.00s Real=0.01s
[2020-09-11T17:09:27.098+0000][1][safepoint    ] Safepoint "GenCollectForAllocation", Time since last: 1766547813 ns, Reaching safepoint: 225259 ns, At safepoint: 12529006 ns, Total: 12754265 ns
[2020-09-11T17:09:27.103+0000][1][safepoint    ] Safepoint "BulkRevokeBias", Time since last: 4773983 ns, Reaching safepoint: 93721 ns, At safepoint: 276251 ns, Total: 369972 ns
[2020-09-11T17:09:27.179+0000][1][safepoint    ] Safepoint "RevokeBias", Time since last: 76153560 ns, Reaching safepoint: 169855 ns, At safepoint: 25351 ns, Total: 195206 ns
[2020-09-11T17:09:28.179+0000][1][safepoint    ] Safepoint "Cleanup", Time since last: 1000116530 ns, Reaching safepoint: 95913 ns, At safepoint: 12376 ns, Total: 108289 ns
[2020-09-11T17:09:30.180+0000][1][safepoint    ] Safepoint "Cleanup", Time since last: 2000208674 ns, Reaching safepoint: 94831 ns, At safepoint: 8901 ns, Total: 103732 ns
[2020-09-11T17:09:35.440+0000][1][safepoint    ] Safepoint "RevokeBias", Time since last: 5260380194 ns, Reaching safepoint: 182705 ns, At safepoint: 24188 ns, Total: 206893 ns
[2020-09-11T17:09:37.114+0000][1][safepoint    ] Safepoint "RevokeBias", Time since last: 1672950026 ns, Reaching safepoint: 969792 ns, At safepoint: 254841 ns, Total: 1224633 ns
[2020-09-11T17:09:38.115+0000][1][safepoint    ] Safepoint "Cleanup", Time since last: 1000116739 ns, Reaching safepoint: 99701 ns, At safepoint: 11117 ns, Total: 110818 ns
[2020-09-11T17:09:45.330+0000][1][safepoint    ] Safepoint "RevokeBias", Time since last: 7215304143 ns, Reaching safepoint: 240741 ns, At safepoint: 25498 ns, Total: 266239 ns
[2020-09-11T17:09:47.117+0000][1][safepoint    ] Safepoint "RevokeBias", Time since last: 1785577226 ns, Reaching safepoint: 1029171 ns, At safepoint: 266827 ns, Total: 1295998 ns
[2020-09-11T17:09:47.182+0000][1][gc,start     ] GC(112) Pause Young (Allocation Failure)
[2020-09-11T17:09:47.182+0000][1][gc,task      ] GC(112) Using 1 workers of 1 for evacuation
[2020-09-11T17:09:47.191+0000][1][gc,age       ] GC(112) Desired survivor size 4358144 bytes, new threshold 6 (max threshold 6)
[2020-09-11T17:09:47.191+0000][1][gc,age       ] GC(112) Age table with threshold 6 (max threshold 6)
[2020-09-11T17:09:47.191+0000][1][gc,age       ] GC(112) - age   1:     551272 bytes,     551272 total
[2020-09-11T17:09:47.191+0000][1][gc,age       ] GC(112) - age   2:      35392 bytes,     586664 total
[2020-09-11T17:09:47.191+0000][1][gc,age       ] GC(112) - age   3:       2168 bytes,     588832 total
[2020-09-11T17:09:47.191+0000][1][gc,age       ] GC(112) - age   4:       3336 bytes,     592168 total
[2020-09-11T17:09:47.191+0000][1][gc,age       ] GC(112) - age   5:       3408 bytes,     595576 total
[2020-09-11T17:09:47.191+0000][1][gc,age       ] GC(112) - age   6:       3232 bytes,     598808 total
[2020-09-11T17:09:47.191+0000][1][gc,heap      ] GC(112) ParNew: 68572K->626K(76672K)
[2020-09-11T17:09:47.191+0000][1][gc,heap      ] GC(112) CMS: 77483K->77487K(439104K)
[2020-09-11T17:09:47.191+0000][1][gc,metaspace ] GC(112) Metaspace: 95095K->95095K(1136640K)
[2020-09-11T17:09:47.191+0000][1][gc           ] GC(112) Pause Young (Allocation Failure) 142M->76M(503M) 9.052ms
[2020-09-11T17:09:47.191+0000][1][gc,cpu       ] GC(112) User=0.00s Sys=0.00s Real=0.00s
[2020-09-11T17:09:47.191+0000][1][safepoint    ] Safepoint "GenCollectForAllocation", Time since last: 64912589 ns, Reaching safepoint: 166421 ns, At safepoint: 9127998 ns, Total: 9294419 ns
[2020-09-11T17:09:48.199+0000][1][safepoint    ] Safepoint "Cleanup", Time since last: 1007967447 ns, Reaching safepoint: 109857 ns, At safepoint: 20333 ns, Total: 130190 ns
[2020-09-11T17:09:53.200+0000][1][safepoint    ] Safepoint "Cleanup", Time since last: 5000425112 ns, Reaching safepoint: 101844 ns, At safepoint: 12205 ns, Total: 114049 ns
[2020-09-11T17:09:54.200+0000][1][safepoint    ] Safepoint "Cleanup", Time since last: 1000116295 ns, Reaching safepoint: 97087 ns, At safepoint: 10574 ns, Total: 107661 ns
[2020-09-11T17:09:55.200+0000][1][safepoint    ] Safepoint "Cleanup", Time since last: 1000111272 ns, Reaching safepoint: 91170 ns, At safepoint: 10158 ns, Total: 101328 ns
[2020-09-11T17:09:55.320+0000][1][safepoint    ] Safepoint "RevokeBias", Time since last: 119873102 ns, Reaching safepoint: 176572 ns, At safepoint: 25928 ns, Total: 202500 ns
[2020-09-11T17:09:56.321+0000][1][safepoint    ] Safepoint "Cleanup", Time since last: 1000114325 ns, Reaching safepoint: 93931 ns, At safepoint: 11472 ns, Total: 105403 ns
[2020-09-11T17:09:57.202+0000][1][safepoint    ] Safepoint "RevokeBias", Time since last: 880548927 ns, Reaching safepoint: 306332 ns, At safepoint: 23680 ns, Total: 330012 ns
[2020-09-11T17:09:58.202+0000][1][safepoint    ] Safepoint "Cleanup", Time since last: 1000122925 ns, Reaching safepoint: 106624 ns, At safepoint: 12536 ns, Total: 119160 ns
[2020-09-11T17:09:59.202+0000][1][safepoint    ] Safepoint "Cleanup", Time since last: 1000112364 ns, Reaching safepoint: 93606 ns, At safepoint: 10665 ns, Total: 104271 ns
[2020-09-11T17:10:00.202+0000][1][safepoint    ] Safepoint "Cleanup", Time since last: 1000113169 ns, Reaching safepoint: 92246 ns, At safepoint: 12136 ns, Total: 104382 ns
[2020-09-11T17:10:01.202+0000][1][safepoint    ] Safepoint "Cleanup", Time since last: 1000116369 ns, Reaching safepoint: 92152 ns, At safepoint: 10537 ns, Total: 102689 ns
[2020-09-11T17:10:02.203+0000][1][safepoint    ] Safepoint "Cleanup", Time since last: 1000118234 ns, Reaching safepoint: 93058 ns, At safepoint: 10782 ns, Total: 103840 ns
[2020-09-11T17:10:03.203+0000][1][safepoint    ] Safepoint "Cleanup", Time since last: 1000120839 ns, Reaching safepoint: 94575 ns, At safepoint: 11838 ns, Total: 106413 ns
[2020-09-11T17:10:04.203+0000][1][safepoint    ] Safepoint "Cleanup", Time since last: 1000118166 ns, Reaching safepoint: 92256 ns, At safepoint: 11496 ns, Total: 103752 ns
[2020-09-11T17:10:05.203+0000][1][safepoint    ] Safepoint "Cleanup", Time since last: 1000117521 ns, Reaching safepoint: 94264 ns, At safepoint: 11569 ns, Total: 105833 ns
[2020-09-11T17:10:05.342+0000][1][safepoint    ] Safepoint "BulkRevokeBias", Time since last: 137938506 ns, Reaching safepoint: 176387 ns, At safepoint: 253340 ns, Total: 429727 ns
[2020-09-11T17:10:06.342+0000][1][safepoint    ] Safepoint "Cleanup", Time since last: 1000116424 ns, Reaching safepoint: 124005 ns, At safepoint: 14203 ns, Total: 138208 ns
[2020-09-11T17:10:07.199+0000][1][safepoint    ] Safepoint "RevokeBias", Time since last: 857136824 ns, Reaching safepoint: 87011 ns, At safepoint: 21659 ns, Total: 108670 ns
[2020-09-11T17:10:08.249+0000][1][safepoint    ] Safepoint "Cleanup", Time since last: 1049675064 ns, Reaching safepoint: 140959 ns, At safepoint: 12996 ns, Total: 153955 ns
[2020-09-11T17:10:10.021+0000][1][safepoint    ] Safepoint "Cleanup", Time since last: 1771968632 ns, Reaching safepoint: 113343 ns, At safepoint: 9875 ns, Total: 123218 ns
[2020-09-11T17:10:11.021+0000][1][safepoint    ] Safepoint "Cleanup", Time since last: 1000135302 ns, Reaching safepoint: 92010 ns, At safepoint: 12016 ns, Total: 104026 ns
[2020-09-11T17:10:11.917+0000][1][gc,start     ] GC(113) Pause Young (Allocation Failure)
[2020-09-11T17:10:11.917+0000][1][gc,task      ] GC(113) Using 1 workers of 1 for evacuation
[2020-09-11T17:10:11.926+0000][1][gc,age       ] GC(113) Desired survivor size 4358144 bytes, new threshold 6 (max threshold 6)
[2020-09-11T17:10:11.926+0000][1][gc,age       ] GC(113) Age table with threshold 6 (max threshold 6)
[2020-09-11T17:10:11.926+0000][1][gc,age       ] GC(113) - age   1:      68248 bytes,      68248 total
[2020-09-11T17:10:11.926+0000][1][gc,age       ] GC(113) - age   2:       4296 bytes,      72544 total
[2020-09-11T17:10:11.926+0000][1][gc,age       ] GC(113) - age   3:      18072 bytes,      90616 total
[2020-09-11T17:10:11.926+0000][1][gc,age       ] GC(113) - age   4:       1880 bytes,      92496 total
[2020-09-11T17:10:11.926+0000][1][gc,age       ] GC(113) - age   5:       3336 bytes,      95832 total
[2020-09-11T17:10:11.926+0000][1][gc,age       ] GC(113) - age   6:       3408 bytes,      99240 total
[2020-09-11T17:10:11.926+0000][1][gc,heap      ] GC(113) ParNew: 68786K->516K(76672K)
[2020-09-11T17:10:11.926+0000][1][gc,heap      ] GC(113) CMS: 77487K->77490K(439104K)
[2020-09-11T17:10:11.926+0000][1][gc,metaspace ] GC(113) Metaspace: 95128K->95128K(1136640K)
[2020-09-11T17:10:11.926+0000][1][gc           ] GC(113) Pause Young (Allocation Failure) 142M->76M(503M) 9.075ms
[2020-09-11T17:10:11.926+0000][1][gc,cpu       ] GC(113) User=0.00s Sys=0.00s Real=0.01s
[2020-09-11T17:10:11.926+0000][1][safepoint    ] Safepoint "GenCollectForAllocation", Time since last: 892218250 ns, Reaching safepoint: 3386094 ns, At safepoint: 9189365 ns, Total: 12575459 ns
[2020-09-11T17:10:12.928+0000][1][safepoint    ] Safepoint "Cleanup", Time since last: 1001881480 ns, Reaching safepoint: 94836 ns, At safepoint: 21711 ns, Total: 116547 ns
[2020-09-11T17:10:13.928+0000][1][safepoint    ] Safepoint "Cleanup", Time since last: 1000109880 ns, Reaching safepoint: 163861 ns, At safepoint: 23356 ns, Total: 187217 ns
[2020-09-11T17:10:14.929+0000][1][safepoint    ] Safepoint "Cleanup", Time since last: 1000106980 ns, Reaching safepoint: 83191 ns, At safepoint: 21197 ns, Total: 104388 ns
[2020-09-11T17:10:15.324+0000][1][safepoint    ] Safepoint "RevokeBias", Time since last: 395387748 ns, Reaching safepoint: 175281 ns, At safepoint: 25101 ns, Total: 200382 ns
[2020-09-11T17:10:16.324+0000][1][safepoint    ] Safepoint "Cleanup", Time since last: 1000114811 ns, Reaching safepoint: 92978 ns, At safepoint: 11765 ns, Total: 104743 ns
[2020-09-11T17:10:17.125+0000][1][safepoint    ] Safepoint "RevokeBias", Time since last: 798996798 ns, Reaching safepoint: 1470159 ns, At safepoint: 346412 ns, Total: 1816571 ns
[2020-09-11T17:10:18.125+0000][1][safepoint    ] Safepoint "Cleanup", Time since last: 1000115358 ns, Reaching safepoint: 95758 ns, At safepoint: 12065 ns, Total: 107823 ns
[2020-09-11T17:10:19.126+0000][1][safepoint    ] Safepoint "Cleanup", Time since last: 1000117850 ns, Reaching safepoint: 92456 ns, At safepoint: 10927 ns, Total: 103383 ns
[2020-09-11T17:10:20.126+0000][1][safepoint    ] Safepoint "Cleanup", Time since last: 1000114306 ns, Reaching safepoint: 92937 ns, At safepoint: 11402 ns, Total: 104339 ns
[2020-09-11T17:10:21.126+0000][1][safepoint    ] Safepoint "Cleanup", Time since last: 1000115810 ns, Reaching safepoint: 105620 ns, At safepoint: 11754 ns, Total: 117374 ns
[2020-09-11T17:10:22.126+0000][1][safepoint    ] Safepoint "Cleanup", Time since last: 1000137721 ns, Reaching safepoint: 90925 ns, At safepoint: 11315 ns, Total: 102240 ns
[2020-09-11T17:10:23.127+0000][1][safepoint    ] Safepoint "Cleanup", Time since last: 1000122279 ns, Reaching safepoint: 90770 ns, At safepoint: 8774 ns, Total: 99544 ns
[2020-09-11T17:10:23.256+0000][1][safepoint    ] Safepoint "RevokeBias", Time since last: 129480122 ns, Reaching safepoint: 86126 ns, At safepoint: 12773 ns, Total: 98899 ns
[2020-09-11T17:10:23.257+0000][1][safepoint    ] Safepoint "RevokeBias", Time since last: 625753 ns, Reaching safepoint: 72597 ns, At safepoint: 8869 ns, Total: 81466 ns
[2020-09-11T17:10:24.257+0000][1][safepoint    ] Safepoint "Cleanup", Time since last: 1000098025 ns, Reaching safepoint: 101498 ns, At safepoint: 12054 ns, Total: 113552 ns
[2020-09-11T17:10:25.257+0000][1][safepoint    ] Safepoint "Cleanup", Time since last: 1000117593 ns, Reaching safepoint: 94341 ns, At safepoint: 20297 ns, Total: 114638 ns
[2020-09-11T17:10:25.328+0000][1][safepoint    ] Safepoint "RevokeBias", Time since last: 70487754 ns, Reaching safepoint: 174341 ns, At safepoint: 25142 ns, Total: 199483 ns
[2020-09-11T17:10:26.328+0000][1][safepoint    ] Safepoint "Cleanup", Time since last: 1000111288 ns, Reaching safepoint: 93478 ns, At safepoint: 11233 ns, Total: 104711 ns
[2020-09-11T17:10:27.144+0000][1][safepoint    ] Safepoint "RevokeBias", Time since last: 814951992 ns, Reaching safepoint: 260464 ns, At safepoint: 268022 ns, Total: 528486 ns
[2020-09-11T17:10:28.144+0000][1][safepoint    ] Safepoint "Cleanup", Time since last: 1000118303 ns, Reaching safepoint: 92485 ns, At safepoint: 12717 ns, Total: 105202 ns
[2020-09-11T17:10:29.144+0000][1][safepoint    ] Safepoint "Cleanup", Time since last: 1000113910 ns, Reaching safepoint: 92035 ns, At safepoint: 10878 ns, Total: 102913 ns
[2020-09-11T17:10:30.144+0000][1][safepoint    ] Safepoint "Cleanup", Time since last: 1000124554 ns, Reaching safepoint: 89926 ns, At safepoint: 12823 ns, Total: 102749 ns
[2020-09-11T17:10:31.145+0000][1][safepoint    ] Safepoint "Cleanup", Time since last: 1000123756 ns, Reaching safepoint: 92555 ns, At safepoint: 12246 ns, Total: 104801 ns
[2020-09-11T17:10:32.145+0000][1][safepoint    ] Safepoint "Cleanup", Time since last: 1000143550 ns, Reaching safepoint: 93343 ns, At safepoint: 12765 ns, Total: 106108 ns
[2020-09-11T17:10:33.145+0000][1][safepoint    ] Safepoint "Cleanup", Time since last: 1000119598 ns, Reaching safepoint: 97782 ns, At safepoint: 12231 ns, Total: 110013 ns
[2020-09-11T17:10:34.145+0000][1][safepoint    ] Safepoint "Cleanup", Time since last: 1000121454 ns, Reaching safepoint: 93668 ns, At safepoint: 11538 ns, Total: 105206 ns
[2020-09-11T17:10:35.146+0000][1][safepoint    ] Safepoint "Cleanup", Time since last: 1000118627 ns, Reaching safepoint: 92192 ns, At safepoint: 11428 ns, Total: 103620 ns
[2020-09-11T17:10:35.325+0000][1][safepoint    ] Safepoint "RevokeBias", Time since last: 179401315 ns, Reaching safepoint: 181655 ns, At safepoint: 25317 ns, Total: 206972 ns
[2020-09-11T17:10:35.946+0000][1][gc,start     ] GC(114) Pause Young (Allocation Failure)
[2020-09-11T17:10:35.946+0000][1][gc,task      ] GC(114) Using 1 workers of 1 for evacuation
[2020-09-11T17:10:35.955+0000][1][gc,age       ] GC(114) Desired survivor size 4358144 bytes, new threshold 6 (max threshold 6)
[2020-09-11T17:10:35.955+0000][1][gc,age       ] GC(114) Age table with threshold 6 (max threshold 6)
[2020-09-11T17:10:35.955+0000][1][gc,age       ] GC(114) - age   1:      72976 bytes,      72976 total
[2020-09-11T17:10:35.955+0000][1][gc,age       ] GC(114) - age   2:       7520 bytes,      80496 total
[2020-09-11T17:10:35.955+0000][1][gc,age       ] GC(114) - age   3:       2200 bytes,      82696 total
[2020-09-11T17:10:35.955+0000][1][gc,age       ] GC(114) - age   4:      17800 bytes,     100496 total
[2020-09-11T17:10:35.955+0000][1][gc,age       ] GC(114) - age   5:       1880 bytes,     102376 total
[2020-09-11T17:10:35.955+0000][1][gc,age       ] GC(114) - age   6:       3336 bytes,     105712 total
[2020-09-11T17:10:35.955+0000][1][gc,heap      ] GC(114) ParNew: 68676K->147K(76672K)
[2020-09-11T17:10:35.955+0000][1][gc,heap      ] GC(114) CMS: 77490K->77493K(439104K)
[2020-09-11T17:10:35.955+0000][1][gc,metaspace ] GC(114) Metaspace: 95188K->95188K(1136640K)
[2020-09-11T17:10:35.955+0000][1][gc           ] GC(114) Pause Young (Allocation Failure) 142M->75M(503M) 9.115ms
[2020-09-11T17:10:35.955+0000][1][gc,cpu       ] GC(114) User=0.01s Sys=0.00s Real=0.01s
[2020-09-11T17:10:35.955+0000][1][safepoint    ] Safepoint "GenCollectForAllocation", Time since last: 620218113 ns, Reaching safepoint: 168795 ns, At safepoint: 9251222 ns, Total: 9420017 ns
[2020-09-11T17:10:36.962+0000][1][safepoint    ] Safepoint "Cleanup", Time since last: 1004032647 ns, Reaching safepoint: 2026624 ns, At safepoint: 673383 ns, Total: 2700007 ns
[2020-09-11T17:10:37.132+0000][1][safepoint    ] Safepoint "RevokeBias", Time since last: 169523907 ns, Reaching safepoint: 240325 ns, At safepoint: 247859 ns, Total: 488184 ns
[2020-09-11T17:10:38.132+0000][1][safepoint    ] Safepoint "Cleanup", Time since last: 1000122247 ns, Reaching safepoint: 102472 ns, At safepoint: 12678 ns, Total: 115150 ns
[2020-09-11T17:10:39.132+0000][1][safepoint    ] Safepoint "Cleanup", Time since last: 1000118303 ns, Reaching safepoint: 91514 ns, At safepoint: 8710 ns, Total: 100224 ns
[2020-09-11T17:10:40.132+0000][1][safepoint    ] Safepoint "Cleanup", Time since last: 1000119179 ns, Reaching safepoint: 91933 ns, At safepoint: 11781 ns, Total: 103714 ns
[2020-09-11T17:10:41.132+0000][1][safepoint    ] Safepoint "Cleanup", Time since last: 1000117686 ns, Reaching safepoint: 92214 ns, At safepoint: 12143 ns, Total: 104357 ns
[2020-09-11T17:10:42.133+0000][1][safepoint    ] Safepoint "Cleanup", Time since last: 1000118306 ns, Reaching safepoint: 90342 ns, At safepoint: 8535 ns, Total: 98877 ns
[2020-09-11T17:10:43.133+0000][1][safepoint    ] Safepoint "Cleanup", Time since last: 1000095651 ns, Reaching safepoint: 93059 ns, At safepoint: 11560 ns, Total: 104619 ns
[2020-09-11T17:10:44.133+0000][1][safepoint    ] Safepoint "Cleanup", Time since last: 1000121104 ns, Reaching safepoint: 89683 ns, At safepoint: 10831 ns, Total: 100514 ns
[2020-09-11T17:10:45.133+0000][1][safepoint    ] Safepoint "Cleanup", Time since last: 1000115511 ns, Reaching safepoint: 100567 ns, At safepoint: 12086 ns, Total: 112653 ns
[2020-09-11T17:10:45.327+0000][1][safepoint    ] Safepoint "RevokeBias", Time since last: 193887262 ns, Reaching safepoint: 173935 ns, At safepoint: 25693 ns, Total: 199628 ns
[2020-09-11T17:10:47.172+0000][1][safepoint    ] Safepoint "RevokeBias", Time since last: 1843998587 ns, Reaching safepoint: 226158 ns, At safepoint: 224600 ns, Total: 450758 ns
[2020-09-11T17:10:48.172+0000][1][safepoint    ] Safepoint "Cleanup", Time since last: 1000139222 ns, Reaching safepoint: 101003 ns, At safepoint: 9672 ns, Total: 110675 ns
[2020-09-11T17:10:51.172+0000][1][safepoint    ] Safepoint "Cleanup", Time since last: 3000271522 ns, Reaching safepoint: 97989 ns, At safepoint: 11673 ns, Total: 109662 ns
[2020-09-11T17:10:55.328+0000][1][safepoint    ] Safepoint "RevokeBias", Time since last: 4155691880 ns, Reaching safepoint: 173248 ns, At safepoint: 26175 ns, Total: 199423 ns
[2020-09-11T17:10:57.025+0000][1][gc,start     ] GC(115) Pause Young (Allocation Failure)
[2020-09-11T17:10:57.025+0000][1][gc,task      ] GC(115) Using 1 workers of 1 for evacuation
[2020-09-11T17:10:57.030+0000][1][gc,age       ] GC(115) Desired survivor size 4358144 bytes, new threshold 6 (max threshold 6)
[2020-09-11T17:10:57.030+0000][1][gc,age       ] GC(115) Age table with threshold 6 (max threshold 6)
[2020-09-11T17:10:57.030+0000][1][gc,age       ] GC(115) - age   1:     359024 bytes,     359024 total
[2020-09-11T17:10:57.030+0000][1][gc,age       ] GC(115) - age   2:      12312 bytes,     371336 total
[2020-09-11T17:10:57.030+0000][1][gc,age       ] GC(115) - age   3:       5280 bytes,     376616 total
[2020-09-11T17:10:57.030+0000][1][gc,age       ] GC(115) - age   4:       1928 bytes,     378544 total
[2020-09-11T17:10:57.030+0000][1][gc,age       ] GC(115) - age   5:      16152 bytes,     394696 total
[2020-09-11T17:10:57.030+0000][1][gc,age       ] GC(115) - age   6:       1880 bytes,     396576 total
[2020-09-11T17:10:57.030+0000][1][gc,heap      ] GC(115) ParNew: 68307K->457K(76672K)
[2020-09-11T17:10:57.030+0000][1][gc,heap      ] GC(115) CMS: 77493K->77496K(439104K)
[2020-09-11T17:10:57.030+0000][1][gc,metaspace ] GC(115) Metaspace: 95222K->95222K(1136640K)
[2020-09-11T17:10:57.030+0000][1][gc           ] GC(115) Pause Young (Allocation Failure) 142M->76M(503M) 4.878ms
[2020-09-11T17:10:57.030+0000][1][gc,cpu       ] GC(115) User=0.01s Sys=0.00s Real=0.00s
[2020-09-11T17:10:57.041+0000][1][safepoint    ] Safepoint "GenCollectForAllocation", Time since last: 1692465243 ns, Reaching safepoint: 4003353 ns, At safepoint: 15982497 ns, Total: 19985850 ns
[2020-09-11T17:10:57.105+0000][1][safepoint    ] Safepoint "RevokeBias", Time since last: 62546754 ns, Reaching safepoint: 1537787 ns, At safepoint: 256784 ns, Total: 1794571 ns
[2020-09-11T17:11:05.390+0000][1][safepoint    ] Safepoint "RevokeBias", Time since last: 8284145371 ns, Reaching safepoint: 173587 ns, At safepoint: 25006 ns, Total: 198593 ns
[2020-09-11T17:11:07.125+0000][1][safepoint    ] Safepoint "RevokeBias", Time since last: 1732183863 ns, Reaching safepoint: 3234050 ns, At safepoint: 261044 ns, Total: 3495094 ns
[2020-09-11T17:11:08.125+0000][1][safepoint    ] Safepoint "Cleanup", Time since last: 1000117775 ns, Reaching safepoint: 97797 ns, At safepoint: 12127 ns, Total: 109924 ns
[2020-09-11T17:11:15.342+0000][1][safepoint    ] Safepoint "RevokeBias", Time since last: 7216735091 ns, Reaching safepoint: 95643 ns, At safepoint: 21969 ns, Total: 117612 ns
[2020-09-11T17:11:17.090+0000][1][safepoint    ] Safepoint "RevokeBias", Time since last: 1746824779 ns, Reaching safepoint: 550596 ns, At safepoint: 219720 ns, Total: 770316 ns
[2020-09-11T17:11:17.145+0000][1][gc,start     ] GC(116) Pause Young (Allocation Failure)
[2020-09-11T17:11:17.145+0000][1][gc,task      ] GC(116) Using 1 workers of 1 for evacuation
[2020-09-11T17:11:17.152+0000][1][gc,age       ] GC(116) Desired survivor size 4358144 bytes, new threshold 6 (max threshold 6)
[2020-09-11T17:11:17.152+0000][1][gc,age       ] GC(116) Age table with threshold 6 (max threshold 6)
[2020-09-11T17:11:17.152+0000][1][gc,age       ] GC(116) - age   1:     580968 bytes,     580968 total
[2020-09-11T17:11:17.152+0000][1][gc,age       ] GC(116) - age   2:      23952 bytes,     604920 total
[2020-09-11T17:11:17.152+0000][1][gc,age       ] GC(116) - age   3:      10632 bytes,     615552 total
[2020-09-11T17:11:17.152+0000][1][gc,age       ] GC(116) - age   4:       4992 bytes,     620544 total
[2020-09-11T17:11:17.152+0000][1][gc,age       ] GC(116) - age   5:       1928 bytes,     622472 total
[2020-09-11T17:11:17.152+0000][1][gc,age       ] GC(116) - age   6:       8792 bytes,     631264 total
[2020-09-11T17:11:17.152+0000][1][gc,heap      ] GC(116) ParNew: 68617K->638K(76672K)
[2020-09-11T17:11:17.152+0000][1][gc,heap      ] GC(116) CMS: 77496K->77498K(439104K)
[2020-09-11T17:11:17.152+0000][1][gc,metaspace ] GC(116) Metaspace: 95233K->95233K(1136640K)
[2020-09-11T17:11:17.152+0000][1][gc           ] GC(116) Pause Young (Allocation Failure) 142M->76M(503M) 6.694ms
[2020-09-11T17:11:17.152+0000][1][gc,cpu       ] GC(116) User=0.00s Sys=0.00s Real=0.00s
[2020-09-11T17:11:17.157+0000][1][safepoint    ] Safepoint "GenCollectForAllocation", Time since last: 52680851 ns, Reaching safepoint: 2409615 ns, At safepoint: 11827285 ns, Total: 14236900 ns
[2020-09-11T17:11:22.177+0000][1][safepoint    ] Safepoint "Cleanup", Time since last: 5020516888 ns, Reaching safepoint: 90151 ns, At safepoint: 9808 ns, Total: 99959 ns
[2020-09-11T17:11:25.379+0000][1][safepoint    ] Safepoint "RevokeBias", Time since last: 3201044737 ns, Reaching safepoint: 171025 ns, At safepoint: 23638 ns, Total: 194663 ns
[2020-09-11T17:11:27.105+0000][1][safepoint    ] Safepoint "RevokeBias", Time since last: 1722440443 ns, Reaching safepoint: 3835100 ns, At safepoint: 285457 ns, Total: 4120557 ns
[2020-09-11T17:11:28.105+0000][1][safepoint    ] Safepoint "Cleanup", Time since last: 1000118928 ns, Reaching safepoint: 99645 ns, At safepoint: 10745 ns, Total: 110390 ns
[2020-09-11T17:11:35.343+0000][1][safepoint    ] Safepoint "RevokeBias", Time since last: 7236977913 ns, Reaching safepoint: 95006 ns, At safepoint: 24360 ns, Total: 119366 ns
[2020-09-11T17:11:36.347+0000][1][safepoint    ] Safepoint "Cleanup", Time since last: 1004797140 ns, Reaching safepoint: 113641 ns, At safepoint: 8259 ns, Total: 121900 ns
[2020-09-11T17:11:37.143+0000][1][safepoint    ] Safepoint "RevokeBias", Time since last: 795206263 ns, Reaching safepoint: 95759 ns, At safepoint: 20289 ns, Total: 116048 ns
[2020-09-11T17:11:40.143+0000][1][safepoint    ] Safepoint "Cleanup", Time since last: 3000308660 ns, Reaching safepoint: 95623 ns, At safepoint: 10440 ns, Total: 106063 ns
[2020-09-11T17:11:42.034+0000][1][gc,start     ] GC(117) Pause Young (Allocation Failure)
[2020-09-11T17:11:42.034+0000][1][gc,task      ] GC(117) Using 1 workers of 1 for evacuation
[2020-09-11T17:11:42.041+0000][1][gc,age       ] GC(117) Desired survivor size 4358144 bytes, new threshold 6 (max threshold 6)
[2020-09-11T17:11:42.044+0000][1][gc,age       ] GC(117) Age table with threshold 6 (max threshold 6)
[2020-09-11T17:11:42.044+0000][1][gc,age       ] GC(117) - age   1:      66056 bytes,      66056 total
[2020-09-11T17:11:42.044+0000][1][gc,age       ] GC(117) - age   2:      12320 bytes,      78376 total
[2020-09-11T17:11:42.044+0000][1][gc,age       ] GC(117) - age   3:       6632 bytes,      85008 total
[2020-09-11T17:11:42.044+0000][1][gc,age       ] GC(117) - age   4:      10632 bytes,      95640 total
[2020-09-11T17:11:42.044+0000][1][gc,age       ] GC(117) - age   5:       4992 bytes,     100632 total
[2020-09-11T17:11:42.044+0000][1][gc,age       ] GC(117) - age   6:       1928 bytes,     102560 total
[2020-09-11T17:11:42.044+0000][1][gc,heap      ] GC(117) ParNew: 68798K->542K(76672K)
[2020-09-11T17:11:42.044+0000][1][gc,heap      ] GC(117) CMS: 77498K->77507K(439104K)
[2020-09-11T17:11:42.044+0000][1][gc,metaspace ] GC(117) Metaspace: 95287K->95287K(1136640K)
[2020-09-11T17:11:42.044+0000][1][gc           ] GC(117) Pause Young (Allocation Failure) 142M->76M(503M) 10.368ms
[2020-09-11T17:11:42.044+0000][1][gc,cpu       ] GC(117) User=0.00s Sys=0.00s Real=0.01s
[2020-09-11T17:11:42.044+0000][1][safepoint    ] Safepoint "GenCollectForAllocation", Time since last: 1890621955 ns, Reaching safepoint: 163333 ns, At safepoint: 10434922 ns, Total: 10598255 ns
[2020-09-11T17:11:43.047+0000][1][safepoint    ] Safepoint "Cleanup", Time since last: 1002889188 ns, Reaching safepoint: 97404 ns, At safepoint: 24412 ns, Total: 121816 ns
[2020-09-11T17:11:45.328+0000][1][safepoint    ] Safepoint "RevokeBias", Time since last: 2280709117 ns, Reaching safepoint: 174280 ns, At safepoint: 23574 ns, Total: 197854 ns
[2020-09-11T17:11:47.129+0000][1][safepoint    ] Safepoint "RevokeBias", Time since last: 1798575363 ns, Reaching safepoint: 2013077 ns, At safepoint: 251985 ns, Total: 2265062 ns
[2020-09-11T17:11:48.129+0000][1][safepoint    ] Safepoint "Cleanup", Time since last: 1000115728 ns, Reaching safepoint: 100995 ns, At safepoint: 10081 ns, Total: 111076 ns
[2020-09-11T17:11:49.130+0000][1][safepoint    ] Safepoint "Cleanup", Time since last: 1000113692 ns, Reaching safepoint: 95370 ns, At safepoint: 10365 ns, Total: 105735 ns
[2020-09-11T17:11:55.130+0000][1][safepoint    ] Safepoint "Cleanup", Time since last: 6000482529 ns, Reaching safepoint: 126470 ns, At safepoint: 9777 ns, Total: 136247 ns
[2020-09-11T17:11:55.354+0000][1][safepoint    ] Safepoint "RevokeBias", Time since last: 223077986 ns, Reaching safepoint: 206349 ns, At safepoint: 40865 ns, Total: 247214 ns
[2020-09-11T17:11:56.354+0000][1][safepoint    ] Safepoint "Cleanup", Time since last: 1000107231 ns, Reaching safepoint: 98060 ns, At safepoint: 10534 ns, Total: 108594 ns
[2020-09-11T17:11:57.114+0000][1][safepoint    ] Safepoint "RevokeBias", Time since last: 759858237 ns, Reaching safepoint: 185058 ns, At safepoint: 22636 ns, Total: 207694 ns
[2020-09-11T17:11:58.114+0000][1][safepoint    ] Safepoint "Cleanup", Time since last: 1000111531 ns, Reaching safepoint: 96567 ns, At safepoint: 11307 ns, Total: 107874 ns
[2020-09-11T17:12:05.328+0000][1][safepoint    ] Safepoint "RevokeBias", Time since last: 7213917089 ns, Reaching safepoint: 172319 ns, At safepoint: 24915 ns, Total: 197234 ns
[2020-09-11T17:12:06.328+0000][1][safepoint    ] Safepoint "Cleanup", Time since last: 1000120284 ns, Reaching safepoint: 94081 ns, At safepoint: 10225 ns, Total: 104306 ns
[2020-09-11T17:12:06.965+0000][1][gc,start     ] GC(118) Pause Young (Allocation Failure)
[2020-09-11T17:12:06.965+0000][1][gc,task      ] GC(118) Using 1 workers of 1 for evacuation
[2020-09-11T17:12:06.974+0000][1][gc,age       ] GC(118) Desired survivor size 4358144 bytes, new threshold 6 (max threshold 6)
[2020-09-11T17:12:06.974+0000][1][gc,age       ] GC(118) Age table with threshold 6 (max threshold 6)
[2020-09-11T17:12:06.974+0000][1][gc,age       ] GC(118) - age   1:     174784 bytes,     174784 total
[2020-09-11T17:12:06.974+0000][1][gc,age       ] GC(118) - age   2:       3960 bytes,     178744 total
[2020-09-11T17:12:06.974+0000][1][gc,age       ] GC(118) - age   3:       9976 bytes,     188720 total
[2020-09-11T17:12:06.974+0000][1][gc,age       ] GC(118) - age   4:       6632 bytes,     195352 total
[2020-09-11T17:12:06.974+0000][1][gc,age       ] GC(118) - age   5:      10632 bytes,     205984 total
[2020-09-11T17:12:06.974+0000][1][gc,age       ] GC(118) - age   6:       4720 bytes,     210704 total
[2020-09-11T17:12:06.974+0000][1][gc,heap      ] GC(118) ParNew: 68702K->308K(76672K)
[2020-09-11T17:12:06.974+0000][1][gc,heap      ] GC(118) CMS: 77507K->77509K(439104K)
[2020-09-11T17:12:06.974+0000][1][gc,metaspace ] GC(118) Metaspace: 95327K->95327K(1136640K)
[2020-09-11T17:12:06.974+0000][1][gc           ] GC(118) Pause Young (Allocation Failure) 142M->75M(503M) 8.774ms
[2020-09-11T17:12:06.974+0000][1][gc,cpu       ] GC(118) User=0.00s Sys=0.00s Real=0.01s
[2020-09-11T17:12:06.974+0000][1][safepoint    ] Safepoint "GenCollectForAllocation", Time since last: 635204530 ns, Reaching safepoint: 1262124 ns, At safepoint: 9556379 ns, Total: 10818503 ns
[2020-09-11T17:12:07.115+0000][1][safepoint    ] Safepoint "RevokeBias", Time since last: 140000639 ns, Reaching safepoint: 229984 ns, At safepoint: 237861 ns, Total: 467845 ns
[2020-09-11T17:12:09.115+0000][1][safepoint    ] Safepoint "Cleanup", Time since last: 2000184104 ns, Reaching safepoint: 108541 ns, At safepoint: 8260 ns, Total: 116801 ns
[2020-09-11T17:12:13.116+0000][1][safepoint    ] Safepoint "Cleanup", Time since last: 4000343834 ns, Reaching safepoint: 97540 ns, At safepoint: 10605 ns, Total: 108145 ns
[2020-09-11T17:12:15.329+0000][1][safepoint    ] Safepoint "RevokeBias", Time since last: 2213557908 ns, Reaching safepoint: 101764 ns, At safepoint: 24413 ns, Total: 126177 ns
[2020-09-11T17:12:17.117+0000][1][safepoint    ] Safepoint "RevokeBias", Time since last: 1787005578 ns, Reaching safepoint: 537186 ns, At safepoint: 24990 ns, Total: 562176 ns
[2020-09-11T17:12:19.117+0000][1][safepoint    ] Safepoint "Cleanup", Time since last: 2000186475 ns, Reaching safepoint: 97854 ns, At safepoint: 10862 ns, Total: 108716 ns
[2020-09-11T17:12:23.118+0000][1][safepoint    ] Safepoint "Cleanup", Time since last: 4000337674 ns, Reaching safepoint: 95811 ns, At safepoint: 7724 ns, Total: 103535 ns
[2020-09-11T17:12:25.118+0000][1][safepoint    ] Safepoint "Cleanup", Time since last: 2000196904 ns, Reaching safepoint: 116764 ns, At safepoint: 10118 ns, Total: 126882 ns
[2020-09-11T17:12:25.337+0000][1][safepoint    ] Safepoint "RevokeBias", Time since last: 219022973 ns, Reaching safepoint: 96124 ns, At safepoint: 22746 ns, Total: 118870 ns
[2020-09-11T17:12:27.128+0000][1][gc,start     ] GC(119) Pause Young (Allocation Failure)
[2020-09-11T17:12:27.128+0000][1][gc,task      ] GC(119) Using 1 workers of 1 for evacuation
[2020-09-11T17:12:27.139+0000][1][gc,age       ] GC(119) Desired survivor size 4358144 bytes, new threshold 6 (max threshold 6)
[2020-09-11T17:12:27.139+0000][1][gc,age       ] GC(119) Age table with threshold 6 (max threshold 6)
[2020-09-11T17:12:27.139+0000][1][gc,age       ] GC(119) - age   1:     370112 bytes,     370112 total
[2020-09-11T17:12:27.139+0000][1][gc,age       ] GC(119) - age   2:       2968 bytes,     373080 total
[2020-09-11T17:12:27.139+0000][1][gc,age       ] GC(119) - age   3:       1992 bytes,     375072 total
[2020-09-11T17:12:27.139+0000][1][gc,age       ] GC(119) - age   4:       9976 bytes,     385048 total
[2020-09-11T17:12:27.139+0000][1][gc,age       ] GC(119) - age   5:       6632 bytes,     391680 total
[2020-09-11T17:12:27.139+0000][1][gc,age       ] GC(119) - age   6:      10360 bytes,     402040 total
[2020-09-11T17:12:27.139+0000][1][gc,heap      ] GC(119) ParNew: 68468K->578K(76672K)
[2020-09-11T17:12:27.139+0000][1][gc,heap      ] GC(119) CMS: 77509K->77513K(439104K)
[2020-09-11T17:12:27.139+0000][1][gc,metaspace ] GC(119) Metaspace: 95359K->95359K(1136640K)
[2020-09-11T17:12:27.139+0000][1][gc           ] GC(119) Pause Young (Allocation Failure) 142M->76M(503M) 11.106ms
[2020-09-11T17:12:27.139+0000][1][gc,cpu       ] GC(119) User=0.00s Sys=0.00s Real=0.01s
[2020-09-11T17:12:27.140+0000][1][safepoint    ] Safepoint "GenCollectForAllocation", Time since last: 1789795704 ns, Reaching safepoint: 1430787 ns, At safepoint: 11376515 ns, Total: 12807302 ns
[2020-09-11T17:12:27.141+0000][1][safepoint    ] Safepoint "RevokeBias", Time since last: 1306761 ns, Reaching safepoint: 81441 ns, At safepoint: 29824 ns, Total: 111265 ns
[2020-09-11T17:12:31.161+0000][1][safepoint    ] Safepoint "Cleanup", Time since last: 4019944647 ns, Reaching safepoint: 97552 ns, At safepoint: 10734 ns, Total: 108286 ns
[2020-09-11T17:12:35.334+0000][1][safepoint    ] Safepoint "RevokeBias", Time since last: 4172218707 ns, Reaching safepoint: 175918 ns, At safepoint: 24466 ns, Total: 200384 ns
[2020-09-11T17:12:36.334+0000][1][safepoint    ] Safepoint "Cleanup", Time since last: 1000108897 ns, Reaching safepoint: 91992 ns, At safepoint: 7981 ns, Total: 99973 ns
[2020-09-11T17:12:37.095+0000][1][safepoint    ] Safepoint "RevokeBias", Time since last: 761073039 ns, Reaching safepoint: 231494 ns, At safepoint: 252365 ns, Total: 483859 ns
[2020-09-11T17:12:38.096+0000][1][safepoint    ] Safepoint "Cleanup", Time since last: 1000117085 ns, Reaching safepoint: 97823 ns, At safepoint: 11276 ns, Total: 109099 ns
[2020-09-11T17:12:39.096+0000][1][safepoint    ] Safepoint "Cleanup", Time since last: 1000119879 ns, Reaching safepoint: 98723 ns, At safepoint: 11385 ns, Total: 110108 ns
[2020-09-11T17:12:45.343+0000][1][safepoint    ] Safepoint "RevokeBias", Time since last: 6247176704 ns, Reaching safepoint: 176164 ns, At safepoint: 24280 ns, Total: 200444 ns
[2020-09-11T17:12:47.104+0000][1][safepoint    ] Safepoint "RevokeBias", Time since last: 1760624388 ns, Reaching safepoint: 352950 ns, At safepoint: 225124 ns, Total: 578074 ns
[2020-09-11T17:12:47.194+0000][1][gc,start     ] GC(120) Pause Young (Allocation Failure)
[2020-09-11T17:12:47.194+0000][1][gc,task      ] GC(120) Using 1 workers of 1 for evacuation
[2020-09-11T17:12:47.204+0000][1][gc,age       ] GC(120) Desired survivor size 4358144 bytes, new threshold 6 (max threshold 6)
[2020-09-11T17:12:47.204+0000][1][gc,age       ] GC(120) Age table with threshold 6 (max threshold 6)
[2020-09-11T17:12:47.204+0000][1][gc,age       ] GC(120) - age   1:     590960 bytes,     590960 total
[2020-09-11T17:12:47.204+0000][1][gc,age       ] GC(120) - age   2:      19960 bytes,     610920 total
[2020-09-11T17:12:47.204+0000][1][gc,age       ] GC(120) - age   3:       1600 bytes,     612520 total
[2020-09-11T17:12:47.204+0000][1][gc,age       ] GC(120) - age   4:       1992 bytes,     614512 total
[2020-09-11T17:12:47.204+0000][1][gc,age       ] GC(120) - age   5:       1424 bytes,     615936 total
[2020-09-11T17:12:47.204+0000][1][gc,age       ] GC(120) - age   6:       4472 bytes,     620408 total
[2020-09-11T17:12:47.204+0000][1][gc,heap      ] GC(120) ParNew: 68738K->685K(76672K)
[2020-09-11T17:12:47.204+0000][1][gc,heap      ] GC(120) CMS: 77513K->77524K(439104K)
[2020-09-11T17:12:47.204+0000][1][gc,metaspace ] GC(120) Metaspace: 95526K->95526K(1136640K)
[2020-09-11T17:12:47.204+0000][1][gc           ] GC(120) Pause Young (Allocation Failure) 142M->76M(503M) 10.531ms
[2020-09-11T17:12:47.204+0000][1][gc,cpu       ] GC(120) User=0.01s Sys=0.00s Real=0.01s
[2020-09-11T17:12:47.211+0000][1][safepoint    ] Safepoint "GenCollectForAllocation", Time since last: 88904111 ns, Reaching safepoint: 180904 ns, At safepoint: 17564606 ns, Total: 17745510 ns
[2020-09-11T17:12:48.225+0000][1][safepoint    ] Safepoint "Cleanup", Time since last: 1013826461 ns, Reaching safepoint: 96451 ns, At safepoint: 10037 ns, Total: 106488 ns
[2020-09-11T17:12:49.225+0000][1][safepoint    ] Safepoint "Cleanup", Time since last: 1000110780 ns, Reaching safepoint: 94159 ns, At safepoint: 10303 ns, Total: 104462 ns
[2020-09-11T17:12:53.226+0000][1][safepoint    ] Safepoint "Cleanup", Time since last: 4000317748 ns, Reaching safepoint: 103190 ns, At safepoint: 9620 ns, Total: 112810 ns
[2020-09-11T17:12:55.337+0000][1][safepoint    ] Safepoint "RevokeBias", Time since last: 2110793028 ns, Reaching safepoint: 169505 ns, At safepoint: 24442 ns, Total: 193947 ns
[2020-09-11T17:12:57.156+0000][1][safepoint    ] Safepoint "RevokeBias", Time since last: 1819339289 ns, Reaching safepoint: 104767 ns, At safepoint: 20380 ns, Total: 125147 ns
[2020-09-11T17:13:01.157+0000][1][safepoint    ] Safepoint "Cleanup", Time since last: 4000334134 ns, Reaching safepoint: 96848 ns, At safepoint: 9372 ns, Total: 106220 ns
[2020-09-11T17:13:05.384+0000][1][safepoint    ] Safepoint "RevokeBias", Time since last: 4227320586 ns, Reaching safepoint: 171389 ns, At safepoint: 25601 ns, Total: 196990 ns
[2020-09-11T17:13:07.114+0000][1][safepoint    ] Safepoint "BulkRevokeBias", Time since last: 1729021924 ns, Reaching safepoint: 225316 ns, At safepoint: 559256 ns, Total: 784572 ns
[2020-09-11T17:13:07.149+0000][1][safepoint    ] Safepoint "RevokeBias", Time since last: 33678941 ns, Reaching safepoint: 1321134 ns, At safepoint: 24628 ns, Total: 1345762 ns
[2020-09-11T17:13:09.149+0000][1][safepoint    ] Safepoint "Cleanup", Time since last: 2000190576 ns, Reaching safepoint: 144849 ns, At safepoint: 11524 ns, Total: 156373 ns
[2020-09-11T17:13:12.190+0000][1][gc,start     ] GC(121) Pause Young (Allocation Failure)
[2020-09-11T17:13:12.190+0000][1][gc,task      ] GC(121) Using 1 workers of 1 for evacuation
[2020-09-11T17:13:12.198+0000][1][gc,age       ] GC(121) Desired survivor size 4358144 bytes, new threshold 6 (max threshold 6)
[2020-09-11T17:13:12.198+0000][1][gc,age       ] GC(121) Age table with threshold 6 (max threshold 6)
[2020-09-11T17:13:12.198+0000][1][gc,age       ] GC(121) - age   1:      65376 bytes,      65376 total
[2020-09-11T17:13:12.198+0000][1][gc,age       ] GC(121) - age   2:      17256 bytes,      82632 total
[2020-09-11T17:13:12.198+0000][1][gc,age       ] GC(121) - age   3:       2696 bytes,      85328 total
[2020-09-11T17:13:12.198+0000][1][gc,age       ] GC(121) - age   4:       1312 bytes,      86640 total
[2020-09-11T17:13:12.198+0000][1][gc,age       ] GC(121) - age   5:       1992 bytes,      88632 total
[2020-09-11T17:13:12.198+0000][1][gc,age       ] GC(121) - age   6:       1424 bytes,      90056 total
[2020-09-11T17:13:12.198+0000][1][gc,heap      ] GC(121) ParNew: 68845K->540K(76672K)
[2020-09-11T17:13:12.198+0000][1][gc,heap      ] GC(121) CMS: 77524K->77528K(439104K)
[2020-09-11T17:13:12.198+0000][1][gc,metaspace ] GC(121) Metaspace: 95542K->95542K(1136640K)
[2020-09-11T17:13:12.198+0000][1][gc           ] GC(121) Pause Young (Allocation Failure) 142M->76M(503M) 8.681ms
[2020-09-11T17:13:12.199+0000][1][gc,cpu       ] GC(121) User=0.00s Sys=0.00s Real=0.01s
[2020-09-11T17:13:12.199+0000][1][safepoint    ] Safepoint "GenCollectForAllocation", Time since last: 3040401278 ns, Reaching safepoint: 165899 ns, At safepoint: 8770146 ns, Total: 8936045 ns
[2020-09-11T17:13:15.339+0000][1][safepoint    ] Safepoint "RevokeBias", Time since last: 3139809260 ns, Reaching safepoint: 170545 ns, At safepoint: 24655 ns, Total: 195200 ns
[2020-09-11T17:13:17.086+0000][1][safepoint    ] Safepoint "RevokeBias", Time since last: 1746686071 ns, Reaching safepoint: 1176730 ns, At safepoint: 25920 ns, Total: 1202650 ns
[2020-09-11T17:13:18.087+0000][1][safepoint    ] Safepoint "Cleanup", Time since last: 1000119509 ns, Reaching safepoint: 91524 ns, At safepoint: 9656 ns, Total: 101180 ns
[2020-09-11T17:13:19.087+0000][1][safepoint    ] Safepoint "Cleanup", Time since last: 1000113336 ns, Reaching safepoint: 91918 ns, At safepoint: 10145 ns, Total: 102063 ns
[2020-09-11T17:13:20.087+0000][1][safepoint    ] Safepoint "Cleanup", Time since last: 1000110542 ns, Reaching safepoint: 91811 ns, At safepoint: 9905 ns, Total: 101716 ns
[2020-09-11T17:13:21.087+0000][1][safepoint    ] Safepoint "Cleanup", Time since last: 1000121132 ns, Reaching safepoint: 93081 ns, At safepoint: 11376 ns, Total: 104457 ns
[2020-09-11T17:13:22.088+0000][1][safepoint    ] Safepoint "Cleanup", Time since last: 1000114590 ns, Reaching safepoint: 92944 ns, At safepoint: 10279 ns, Total: 103223 ns
[2020-09-11T17:13:23.088+0000][1][safepoint    ] Safepoint "Cleanup", Time since last: 1000114855 ns, Reaching safepoint: 92023 ns, At safepoint: 7974 ns, Total: 99997 ns
[2020-09-11T17:13:24.088+0000][1][safepoint    ] Safepoint "Cleanup", Time since last: 1000118614 ns, Reaching safepoint: 93742 ns, At safepoint: 10015 ns, Total: 103757 ns
[2020-09-11T17:13:25.088+0000][1][safepoint    ] Safepoint "Cleanup", Time since last: 1000114020 ns, Reaching safepoint: 94039 ns, At safepoint: 9394 ns, Total: 103433 ns
[2020-09-11T17:13:25.330+0000][1][safepoint    ] Safepoint "RevokeBias", Time since last: 241477308 ns, Reaching safepoint: 169241 ns, At safepoint: 24216 ns, Total: 193457 ns
[2020-09-11T17:13:26.330+0000][1][safepoint    ] Safepoint "Cleanup", Time since last: 1000107714 ns, Reaching safepoint: 110723 ns, At safepoint: 9953 ns, Total: 120676 ns
[2020-09-11T17:13:27.111+0000][1][safepoint    ] Safepoint "RevokeBias", Time since last: 780988034 ns, Reaching safepoint: 91285 ns, At safepoint: 23126 ns, Total: 114411 ns
[2020-09-11T17:13:28.111+0000][1][safepoint    ] Safepoint "Cleanup", Time since last: 1000107596 ns, Reaching safepoint: 99686 ns, At safepoint: 10209 ns, Total: 109895 ns
[2020-09-11T17:13:29.112+0000][1][safepoint    ] Safepoint "Cleanup", Time since last: 1000121074 ns, Reaching safepoint: 93095 ns, At safepoint: 10399 ns, Total: 103494 ns
[2020-09-11T17:13:30.112+0000][1][safepoint    ] Safepoint "Cleanup", Time since last: 1000119709 ns, Reaching safepoint: 93510 ns, At safepoint: 10219 ns, Total: 103729 ns
[2020-09-11T17:13:31.112+0000][1][safepoint    ] Safepoint "Cleanup", Time since last: 1000120191 ns, Reaching safepoint: 90714 ns, At safepoint: 9960 ns, Total: 100674 ns
[2020-09-11T17:13:32.112+0000][1][safepoint    ] Safepoint "Cleanup", Time since last: 1000117705 ns, Reaching safepoint: 90578 ns, At safepoint: 10513 ns, Total: 101091 ns
[2020-09-11T17:13:33.113+0000][1][safepoint    ] Safepoint "Cleanup", Time since last: 1000120126 ns, Reaching safepoint: 91136 ns, At safepoint: 10092 ns, Total: 101228 ns
[2020-09-11T17:13:34.113+0000][1][safepoint    ] Safepoint "Cleanup", Time since last: 1000113617 ns, Reaching safepoint: 92492 ns, At safepoint: 10012 ns, Total: 102504 ns
[2020-09-11T17:13:35.113+0000][1][safepoint    ] Safepoint "Cleanup", Time since last: 1000144795 ns, Reaching safepoint: 103342 ns, At safepoint: 10511 ns, Total: 113853 ns
[2020-09-11T17:13:35.327+0000][1][safepoint    ] Safepoint "RevokeBias", Time since last: 213924708 ns, Reaching safepoint: 172010 ns, At safepoint: 24001 ns, Total: 196011 ns
[2020-09-11T17:13:36.327+0000][1][safepoint    ] Safepoint "Cleanup", Time since last: 1000112110 ns, Reaching safepoint: 94289 ns, At safepoint: 11233 ns, Total: 105522 ns
[2020-09-11T17:13:36.965+0000][1][gc,start     ] GC(122) Pause Young (Allocation Failure)
[2020-09-11T17:13:36.965+0000][1][gc,task      ] GC(122) Using 1 workers of 1 for evacuation
[2020-09-11T17:13:36.980+0000][1][gc,age       ] GC(122) Desired survivor size 4358144 bytes, new threshold 6 (max threshold 6)
[2020-09-11T17:13:36.980+0000][1][gc,age       ] GC(122) Age table with threshold 6 (max threshold 6)
[2020-09-11T17:13:36.980+0000][1][gc,age       ] GC(122) - age   1:     248528 bytes,     248528 total
[2020-09-11T17:13:36.980+0000][1][gc,age       ] GC(122) - age   2:       4304 bytes,     252832 total
[2020-09-11T17:13:36.980+0000][1][gc,age       ] GC(122) - age   3:      14896 bytes,     267728 total
[2020-09-11T17:13:36.980+0000][1][gc,age       ] GC(122) - age   4:       2696 bytes,     270424 total
[2020-09-11T17:13:36.980+0000][1][gc,age       ] GC(122) - age   5:       1312 bytes,     271736 total
[2020-09-11T17:13:36.980+0000][1][gc,age       ] GC(122) - age   6:       1720 bytes,     273456 total
[2020-09-11T17:13:36.980+0000][1][gc,heap      ] GC(122) ParNew: 68700K->303K(76672K)
[2020-09-11T17:13:36.980+0000][1][gc,heap      ] GC(122) CMS: 77528K->77529K(439104K)
[2020-09-11T17:13:36.980+0000][1][gc,metaspace ] GC(122) Metaspace: 95552K->95552K(1136640K)
[2020-09-11T17:13:36.980+0000][1][gc           ] GC(122) Pause Young (Allocation Failure) 142M->76M(503M) 15.565ms
[2020-09-11T17:13:36.980+0000][1][gc,cpu       ] GC(122) User=0.00s Sys=0.00s Real=0.01s
[2020-09-11T17:13:36.984+0000][1][safepoint    ] Safepoint "GenCollectForAllocation", Time since last: 635897017 ns, Reaching safepoint: 1396870 ns, At safepoint: 19569848 ns, Total: 20966718 ns
[2020-09-11T17:13:37.123+0000][1][safepoint    ] Safepoint "RevokeBias", Time since last: 137531779 ns, Reaching safepoint: 1204605 ns, At safepoint: 21557 ns, Total: 1226162 ns
[2020-09-11T17:13:38.123+0000][1][safepoint    ] Safepoint "Cleanup", Time since last: 1000111030 ns, Reaching safepoint: 90739 ns, At safepoint: 10062 ns, Total: 100801 ns
[2020-09-11T17:13:39.123+0000][1][safepoint    ] Safepoint "Cleanup", Time since last: 1000117950 ns, Reaching safepoint: 90365 ns, At safepoint: 9566 ns, Total: 99931 ns
[2020-09-11T17:13:40.124+0000][1][safepoint    ] Safepoint "Cleanup", Time since last: 1000115663 ns, Reaching safepoint: 92164 ns, At safepoint: 9966 ns, Total: 102130 ns
[2020-09-11T17:13:41.124+0000][1][safepoint    ] Safepoint "Cleanup", Time since last: 1000112120 ns, Reaching safepoint: 89616 ns, At safepoint: 10329 ns, Total: 99945 ns
[2020-09-11T17:13:42.124+0000][1][safepoint    ] Safepoint "Cleanup", Time since last: 1000114200 ns, Reaching safepoint: 90865 ns, At safepoint: 10491 ns, Total: 101356 ns
[2020-09-11T17:13:43.124+0000][1][safepoint    ] Safepoint "Cleanup", Time since last: 1000124619 ns, Reaching safepoint: 92921 ns, At safepoint: 10782 ns, Total: 103703 ns
[2020-09-11T17:13:44.124+0000][1][safepoint    ] Safepoint "Cleanup", Time since last: 1000119732 ns, Reaching safepoint: 91708 ns, At safepoint: 10402 ns, Total: 102110 ns
[2020-09-11T17:13:45.125+0000][1][safepoint    ] Safepoint "Cleanup", Time since last: 1000120374 ns, Reaching safepoint: 91257 ns, At safepoint: 11267 ns, Total: 102524 ns
[2020-09-11T17:13:45.385+0000][1][safepoint    ] Safepoint "BulkRevokeBias", Time since last: 260298413 ns, Reaching safepoint: 167141 ns, At safepoint: 247115 ns, Total: 414256 ns
[2020-09-11T17:13:46.386+0000][1][safepoint    ] Safepoint "Cleanup", Time since last: 1000112390 ns, Reaching safepoint: 91036 ns, At safepoint: 9689 ns, Total: 100725 ns
[2020-09-11T17:13:47.141+0000][1][safepoint    ] Safepoint "RevokeBias", Time since last: 751618197 ns, Reaching safepoint: 3678791 ns, At safepoint: 261771 ns, Total: 3940562 ns
[2020-09-11T17:13:48.141+0000][1][safepoint    ] Safepoint "Cleanup", Time since last: 1000114747 ns, Reaching safepoint: 108165 ns, At safepoint: 10723 ns, Total: 118888 ns
[2020-09-11T17:13:49.142+0000][1][safepoint    ] Safepoint "Cleanup", Time since last: 1000114989 ns, Reaching safepoint: 95647 ns, At safepoint: 10067 ns, Total: 105714 ns
[2020-09-11T17:13:50.142+0000][1][safepoint    ] Safepoint "Cleanup", Time since last: 1000109861 ns, Reaching safepoint: 93951 ns, At safepoint: 9717 ns, Total: 103668 ns
[2020-09-11T17:13:51.142+0000][1][safepoint    ] Safepoint "Cleanup", Time since last: 1000119154 ns, Reaching safepoint: 89125 ns, At safepoint: 11119 ns, Total: 100244 ns
[2020-09-11T17:13:52.142+0000][1][safepoint    ] Safepoint "Cleanup", Time since last: 1000116181 ns, Reaching safepoint: 97683 ns, At safepoint: 10755 ns, Total: 108438 ns
[2020-09-11T17:13:53.143+0000][1][safepoint    ] Safepoint "Cleanup", Time since last: 1000140105 ns, Reaching safepoint: 86732 ns, At safepoint: 7615 ns, Total: 94347 ns
[2020-09-11T17:13:55.143+0000][1][safepoint    ] Safepoint "Cleanup", Time since last: 2000188235 ns, Reaching safepoint: 96193 ns, At safepoint: 10427 ns, Total: 106620 ns
[2020-09-11T17:13:55.332+0000][1][safepoint    ] Safepoint "RevokeBias", Time since last: 189469210 ns, Reaching safepoint: 167438 ns, At safepoint: 23500 ns, Total: 190938 ns
[2020-09-11T17:13:57.117+0000][1][safepoint    ] Safepoint "RevokeBias", Time since last: 1784864732 ns, Reaching safepoint: 120140 ns, At safepoint: 25557 ns, Total: 145697 ns
[2020-09-11T17:13:57.161+0000][1][gc,start     ] GC(123) Pause Young (Allocation Failure)
[2020-09-11T17:13:57.161+0000][1][gc,task      ] GC(123) Using 1 workers of 1 for evacuation
[2020-09-11T17:13:57.168+0000][1][gc,age       ] GC(123) Desired survivor size 4358144 bytes, new threshold 6 (max threshold 6)
[2020-09-11T17:13:57.168+0000][1][gc,age       ] GC(123) Age table with threshold 6 (max threshold 6)
[2020-09-11T17:13:57.168+0000][1][gc,age       ] GC(123) - age   1:     507544 bytes,     507544 total
[2020-09-11T17:13:57.168+0000][1][gc,age       ] GC(123) - age   2:       2816 bytes,     510360 total
[2020-09-11T17:13:57.168+0000][1][gc,age       ] GC(123) - age   3:       2064 bytes,     512424 total
[2020-09-11T17:13:57.168+0000][1][gc,age       ] GC(123) - age   4:      14896 bytes,     527320 total
[2020-09-11T17:13:57.168+0000][1][gc,age       ] GC(123) - age   5:       2696 bytes,     530016 total
[2020-09-11T17:13:57.168+0000][1][gc,age       ] GC(123) - age   6:       1040 bytes,     531056 total
[2020-09-11T17:13:57.168+0000][1][gc,heap      ] GC(123) ParNew: 68457K->714K(76672K)
[2020-09-11T17:13:57.168+0000][1][gc,heap      ] GC(123) CMS: 77529K->77531K(439104K)
[2020-09-11T17:13:57.168+0000][1][gc,metaspace ] GC(123) Metaspace: 95600K->95600K(1136640K)
[2020-09-11T17:13:57.168+0000][1][gc           ] GC(123) Pause Young (Allocation Failure) 142M->76M(503M) 7.181ms
[2020-09-11T17:13:57.168+0000][1][gc,cpu       ] GC(123) User=0.01s Sys=0.00s Real=0.00s
[2020-09-11T17:13:57.181+0000][1][safepoint    ] Safepoint "GenCollectForAllocation", Time since last: 34068396 ns, Reaching safepoint: 9301392 ns, At safepoint: 20029670 ns, Total: 29331062 ns
[2020-09-11T17:13:58.196+0000][1][safepoint    ] Safepoint "Cleanup", Time since last: 1015383205 ns, Reaching safepoint: 97320 ns, At safepoint: 10863 ns, Total: 108183 ns
[2020-09-11T17:14:05.333+0000][1][safepoint    ] Safepoint "RevokeBias", Time since last: 7136035368 ns, Reaching safepoint: 93483 ns, At safepoint: 21898 ns, Total: 115381 ns
[2020-09-11T17:14:07.109+0000][1][safepoint    ] Safepoint "RevokeBias", Time since last: 1773907730 ns, Reaching safepoint: 2419338 ns, At safepoint: 25808 ns, Total: 2445146 ns
[2020-09-11T17:14:08.109+0000][1][safepoint    ] Safepoint "Cleanup", Time since last: 1000114489 ns, Reaching safepoint: 97200 ns, At safepoint: 10371 ns, Total: 107571 ns
[2020-09-11T17:14:15.390+0000][1][safepoint    ] Safepoint "RevokeBias", Time since last: 7280385358 ns, Reaching safepoint: 182912 ns, At safepoint: 28916 ns, Total: 211828 ns
[2020-09-11T17:14:17.146+0000][1][safepoint    ] Safepoint "RevokeBias", Time since last: 1756323683 ns, Reaching safepoint: 193952 ns, At safepoint: 23037 ns, Total: 216989 ns
[2020-09-11T17:14:17.312+0000][1][gc,start     ] GC(124) Pause Young (Allocation Failure)
[2020-09-11T17:14:17.312+0000][1][gc,task      ] GC(124) Using 1 workers of 1 for evacuation
[2020-09-11T17:14:17.316+0000][1][gc,age       ] GC(124) Desired survivor size 4358144 bytes, new threshold 6 (max threshold 6)
[2020-09-11T17:14:17.316+0000][1][gc,age       ] GC(124) Age table with threshold 6 (max threshold 6)
[2020-09-11T17:14:17.316+0000][1][gc,age       ] GC(124) - age   1:     118032 bytes,     118032 total
[2020-09-11T17:14:17.316+0000][1][gc,age       ] GC(124) - age   2:      20136 bytes,     138168 total
[2020-09-11T17:14:17.316+0000][1][gc,age       ] GC(124) - age   3:        936 bytes,     139104 total
[2020-09-11T17:14:17.316+0000][1][gc,age       ] GC(124) - age   4:       1776 bytes,     140880 total
[2020-09-11T17:14:17.316+0000][1][gc,age       ] GC(124) - age   5:      14896 bytes,     155776 total
[2020-09-11T17:14:17.316+0000][1][gc,age       ] GC(124) - age   6:       2696 bytes,     158472 total
[2020-09-11T17:14:17.316+0000][1][gc,heap      ] GC(124) ParNew: 68874K->448K(76672K)
[2020-09-11T17:14:17.316+0000][1][gc,heap      ] GC(124) CMS: 77531K->77532K(439104K)
[2020-09-11T17:14:17.316+0000][1][gc,metaspace ] GC(124) Metaspace: 95614K->95614K(1136640K)
[2020-09-11T17:14:17.316+0000][1][gc           ] GC(124) Pause Young (Allocation Failure) 142M->76M(503M) 4.273ms
[2020-09-11T17:14:17.316+0000][1][gc,cpu       ] GC(124) User=0.00s Sys=0.00s Real=0.01s
[2020-09-11T17:14:17.322+0000][1][safepoint    ] Safepoint "GenCollectForAllocation", Time since last: 165379439 ns, Reaching safepoint: 169275 ns, At safepoint: 10488981 ns, Total: 10658256 ns
[2020-09-11T17:14:21.328+0000][1][safepoint    ] Safepoint "Cleanup", Time since last: 4005857077 ns, Reaching safepoint: 94423 ns, At safepoint: 16388 ns, Total: 110811 ns
[2020-09-11T17:14:22.328+0000][1][safepoint    ] Safepoint "Cleanup", Time since last: 1000116778 ns, Reaching safepoint: 86133 ns, At safepoint: 9628 ns, Total: 95761 ns
[2020-09-11T17:14:23.329+0000][1][safepoint    ] Safepoint "Cleanup", Time since last: 1000115330 ns, Reaching safepoint: 94389 ns, At safepoint: 9901 ns, Total: 104290 ns
[2020-09-11T17:14:25.333+0000][1][safepoint    ] Safepoint "Cleanup", Time since last: 2004104373 ns, Reaching safepoint: 131405 ns, At safepoint: 8420 ns, Total: 139825 ns
[2020-09-11T17:14:25.373+0000][1][safepoint    ] Safepoint "RevokeBias", Time since last: 40029804 ns, Reaching safepoint: 95075 ns, At safepoint: 22984 ns, Total: 118059 ns
[2020-09-11T17:14:27.174+0000][1][safepoint    ] Safepoint "RevokeBias", Time since last: 1800312086 ns, Reaching safepoint: 206873 ns, At safepoint: 21358 ns, Total: 228231 ns
[2020-09-11T17:14:35.332+0000][1][safepoint    ] Safepoint "RevokeBias", Time since last: 8158129329 ns, Reaching safepoint: 179381 ns, At safepoint: 24001 ns, Total: 203382 ns
[2020-09-11T17:14:36.332+0000][1][safepoint    ] Safepoint "Cleanup", Time since last: 1000110726 ns, Reaching safepoint: 91048 ns, At safepoint: 10961 ns, Total: 102009 ns
[2020-09-11T17:14:37.097+0000][1][safepoint    ] Safepoint "RevokeBias", Time since last: 760918383 ns, Reaching safepoint: 3556459 ns, At safepoint: 262269 ns, Total: 3818728 ns
[2020-09-11T17:14:38.097+0000][1][safepoint    ] Safepoint "Cleanup", Time since last: 1000117948 ns, Reaching safepoint: 92517 ns, At safepoint: 9911 ns, Total: 102428 ns
[2020-09-11T17:14:39.097+0000][1][safepoint    ] Safepoint "Cleanup", Time since last: 1000110496 ns, Reaching safepoint: 84728 ns, At safepoint: 8655 ns, Total: 93383 ns
[2020-09-11T17:14:40.098+0000][1][safepoint    ] Safepoint "Cleanup", Time since last: 1000110658 ns, Reaching safepoint: 88890 ns, At safepoint: 9181 ns, Total: 98071 ns
[2020-09-11T17:14:41.098+0000][1][safepoint    ] Safepoint "Cleanup", Time since last: 1000109775 ns, Reaching safepoint: 86306 ns, At safepoint: 8445 ns, Total: 94751 ns
[2020-09-11T17:14:42.098+0000][1][safepoint    ] Safepoint "Cleanup", Time since last: 1000139398 ns, Reaching safepoint: 87395 ns, At safepoint: 8668 ns, Total: 96063 ns
[2020-09-11T17:14:42.505+0000][1][gc,start     ] GC(125) Pause Young (Allocation Failure)
[2020-09-11T17:14:42.505+0000][1][gc,task      ] GC(125) Using 1 workers of 1 for evacuation
[2020-09-11T17:14:42.514+0000][1][gc,age       ] GC(125) Desired survivor size 4358144 bytes, new threshold 6 (max threshold 6)
[2020-09-11T17:14:42.514+0000][1][gc,age       ] GC(125) Age table with threshold 6 (max threshold 6)
[2020-09-11T17:14:42.514+0000][1][gc,age       ] GC(125) - age   1:      67328 bytes,      67328 total
[2020-09-11T17:14:42.514+0000][1][gc,age       ] GC(125) - age   2:       3032 bytes,      70360 total
[2020-09-11T17:14:42.514+0000][1][gc,age       ] GC(125) - age   3:       2136 bytes,      72496 total
[2020-09-11T17:14:42.514+0000][1][gc,age       ] GC(125) - age   4:        936 bytes,      73432 total
[2020-09-11T17:14:42.514+0000][1][gc,age       ] GC(125) - age   5:       1776 bytes,      75208 total
[2020-09-11T17:14:42.514+0000][1][gc,age       ] GC(125) - age   6:      12848 bytes,      88056 total
[2020-09-11T17:14:42.514+0000][1][gc,heap      ] GC(125) ParNew: 68608K->150K(76672K)
[2020-09-11T17:14:42.514+0000][1][gc,heap      ] GC(125) CMS: 77532K->77535K(439104K)
[2020-09-11T17:14:42.514+0000][1][gc,metaspace ] GC(125) Metaspace: 95645K->95645K(1136640K)
[2020-09-11T17:14:42.514+0000][1][gc           ] GC(125) Pause Young (Allocation Failure) 142M->75M(503M) 8.765ms
[2020-09-11T17:14:42.514+0000][1][gc,cpu       ] GC(125) User=0.00s Sys=0.00s Real=0.01s
[2020-09-11T17:14:42.514+0000][1][safepoint    ] Safepoint "GenCollectForAllocation", Time since last: 407151007 ns, Reaching safepoint: 84480 ns, At safepoint: 8835858 ns, Total: 8920338 ns
[2020-09-11T17:14:43.515+0000][1][safepoint    ] Safepoint "Cleanup", Time since last: 1001154183 ns, Reaching safepoint: 86663 ns, At safepoint: 21473 ns, Total: 108136 ns
[2020-09-11T17:14:44.516+0000][1][safepoint    ] Safepoint "Cleanup", Time since last: 1000104689 ns, Reaching safepoint: 90326 ns, At safepoint: 30856 ns, Total: 121182 ns
[2020-09-11T17:14:45.345+0000][1][safepoint    ] Safepoint "RevokeBias", Time since last: 829445198 ns, Reaching safepoint: 171120 ns, At safepoint: 24404 ns, Total: 195524 ns
[2020-09-11T17:14:46.345+0000][1][safepoint    ] Safepoint "Cleanup", Time since last: 1000112969 ns, Reaching safepoint: 101456 ns, At safepoint: 11157 ns, Total: 112613 ns
[2020-09-11T17:14:47.128+0000][1][safepoint    ] Safepoint "RevokeBias", Time since last: 782283940 ns, Reaching safepoint: 95056 ns, At safepoint: 25511 ns, Total: 120567 ns
[2020-09-11T17:14:48.128+0000][1][safepoint    ] Safepoint "Cleanup", Time since last: 1000111930 ns, Reaching safepoint: 116534 ns, At safepoint: 10899 ns, Total: 127433 ns
[2020-09-11T17:14:49.128+0000][1][safepoint    ] Safepoint "Cleanup", Time since last: 1000116288 ns, Reaching safepoint: 92221 ns, At safepoint: 10651 ns, Total: 102872 ns
[2020-09-11T17:14:50.128+0000][1][safepoint    ] Safepoint "Cleanup", Time since last: 1000117105 ns, Reaching safepoint: 92059 ns, At safepoint: 10472 ns, Total: 102531 ns
[2020-09-11T17:14:51.129+0000][1][safepoint    ] Safepoint "Cleanup", Time since last: 1000121629 ns, Reaching safepoint: 90900 ns, At safepoint: 10580 ns, Total: 101480 ns
[2020-09-11T17:14:52.129+0000][1][safepoint    ] Safepoint "Cleanup", Time since last: 1000141465 ns, Reaching safepoint: 89877 ns, At safepoint: 9737 ns, Total: 99614 ns
[2020-09-11T17:14:53.129+0000][1][safepoint    ] Safepoint "Cleanup", Time since last: 1000108875 ns, Reaching safepoint: 93994 ns, At safepoint: 7874 ns, Total: 101868 ns
[2020-09-11T17:14:54.129+0000][1][safepoint    ] Safepoint "Cleanup", Time since last: 1000101715 ns, Reaching safepoint: 85217 ns, At safepoint: 8652 ns, Total: 93869 ns
[2020-09-11T17:14:55.130+0000][1][safepoint    ] Safepoint "Cleanup", Time since last: 1000106914 ns, Reaching safepoint: 89315 ns, At safepoint: 9432 ns, Total: 98747 ns
[2020-09-11T17:14:55.341+0000][1][safepoint    ] Safepoint "RevokeBias", Time since last: 211347525 ns, Reaching safepoint: 167486 ns, At safepoint: 24372 ns, Total: 191858 ns
[2020-09-11T17:14:56.341+0000][1][safepoint    ] Safepoint "Cleanup", Time since last: 1000106544 ns, Reaching safepoint: 91557 ns, At safepoint: 10123 ns, Total: 101680 ns
[2020-09-11T17:14:57.155+0000][1][safepoint    ] Safepoint "RevokeBias", Time since last: 811719243 ns, Reaching safepoint: 1577821 ns, At safepoint: 220077 ns, Total: 1797898 ns
[2020-09-11T17:14:58.155+0000][1][safepoint    ] Safepoint "Cleanup", Time since last: 1000116741 ns, Reaching safepoint: 96681 ns, At safepoint: 10326 ns, Total: 107007 ns
[2020-09-11T17:14:59.155+0000][1][safepoint    ] Safepoint "Cleanup", Time since last: 1000131090 ns, Reaching safepoint: 90636 ns, At safepoint: 9640 ns, Total: 100276 ns
[2020-09-11T17:15:00.155+0000][1][safepoint    ] Safepoint "Cleanup", Time since last: 1000116635 ns, Reaching safepoint: 91136 ns, At safepoint: 9987 ns, Total: 101123 ns
[2020-09-11T17:15:01.156+0000][1][safepoint    ] Safepoint "Cleanup", Time since last: 1000116260 ns, Reaching safepoint: 91302 ns, At safepoint: 10310 ns, Total: 101612 ns
[2020-09-11T17:15:02.156+0000][1][safepoint    ] Safepoint "Cleanup", Time since last: 1000114873 ns, Reaching safepoint: 94282 ns, At safepoint: 10525 ns, Total: 104807 ns
[2020-09-11T17:15:05.335+0000][1][safepoint    ] Safepoint "RevokeBias", Time since last: 3179306366 ns, Reaching safepoint: 196702 ns, At safepoint: 23424 ns, Total: 220126 ns
[2020-09-11T17:15:06.336+0000][1][safepoint    ] Safepoint "Cleanup", Time since last: 1000134679 ns, Reaching safepoint: 96356 ns, At safepoint: 11057 ns, Total: 107413 ns
[2020-09-11T17:15:07.087+0000][1][safepoint    ] Safepoint "RevokeBias", Time since last: 751376505 ns, Reaching safepoint: 184557 ns, At safepoint: 22785 ns, Total: 207342 ns
[2020-09-11T17:15:07.105+0000][1][gc,start     ] GC(126) Pause Young (Allocation Failure)
[2020-09-11T17:15:07.105+0000][1][gc,task      ] GC(126) Using 1 workers of 1 for evacuation
[2020-09-11T17:15:07.115+0000][1][gc,age       ] GC(126) Desired survivor size 4358144 bytes, new threshold 6 (max threshold 6)
[2020-09-11T17:15:07.115+0000][1][gc,age       ] GC(126) Age table with threshold 6 (max threshold 6)
[2020-09-11T17:15:07.115+0000][1][gc,age       ] GC(126) - age   1:     481096 bytes,     481096 total
[2020-09-11T17:15:07.115+0000][1][gc,age       ] GC(126) - age   2:       7488 bytes,     488584 total
[2020-09-11T17:15:07.115+0000][1][gc,age       ] GC(126) - age   3:        648 bytes,     489232 total
[2020-09-11T17:15:07.115+0000][1][gc,age       ] GC(126) - age   4:       1864 bytes,     491096 total
[2020-09-11T17:15:07.115+0000][1][gc,age       ] GC(126) - age   5:        936 bytes,     492032 total
[2020-09-11T17:15:07.115+0000][1][gc,age       ] GC(126) - age   6:       1504 bytes,     493536 total
[2020-09-11T17:15:07.115+0000][1][gc,heap      ] GC(126) ParNew: 68310K->483K(76672K)
[2020-09-11T17:15:07.115+0000][1][gc,heap      ] GC(126) CMS: 77535K->77538K(439104K)
[2020-09-11T17:15:07.115+0000][1][gc,metaspace ] GC(126) Metaspace: 95671K->95671K(1138688K)
[2020-09-11T17:15:07.115+0000][1][gc           ] GC(126) Pause Young (Allocation Failure) 142M->76M(503M) 9.989ms
[2020-09-11T17:15:07.115+0000][1][gc,cpu       ] GC(126) User=0.00s Sys=0.00s Real=0.01s
[2020-09-11T17:15:07.125+0000][1][safepoint    ] Safepoint "GenCollectForAllocation", Time since last: 16063341 ns, Reaching safepoint: 1662021 ns, At safepoint: 20074940 ns, Total: 21736961 ns
[2020-09-11T17:15:09.130+0000][1][safepoint    ] Safepoint "Cleanup", Time since last: 2004620818 ns, Reaching safepoint: 116218 ns, At safepoint: 10010 ns, Total: 126228 ns
[2020-09-11T17:15:15.371+0000][1][safepoint    ] Safepoint "RevokeBias", Time since last: 6241496446 ns, Reaching safepoint: 98871 ns, At safepoint: 26298 ns, Total: 125169 ns
[2020-09-11T17:15:17.077+0000][1][safepoint    ] Safepoint "RevokeBias", Time since last: 1704701595 ns, Reaching safepoint: 774290 ns, At safepoint: 214304 ns, Total: 988594 ns
[2020-09-11T17:15:18.077+0000][1][safepoint    ] Safepoint "Cleanup", Time since last: 1000112722 ns, Reaching safepoint: 97547 ns, At safepoint: 11302 ns, Total: 108849 ns
[2020-09-11T17:15:24.078+0000][1][safepoint    ] Safepoint "Cleanup", Time since last: 6000482122 ns, Reaching safepoint: 95338 ns, At safepoint: 8119 ns, Total: 103457 ns
[2020-09-11T17:15:25.351+0000][1][safepoint    ] Safepoint "RevokeBias", Time since last: 1273338721 ns, Reaching safepoint: 175644 ns, At safepoint: 24615 ns, Total: 200259 ns
[2020-09-11T17:15:27.165+0000][1][safepoint    ] Safepoint "RevokeBias", Time since last: 1802127418 ns, Reaching safepoint: 11301516 ns, At safepoint: 251632 ns, Total: 11553148 ns
[2020-09-11T17:15:27.237+0000][1][gc,start     ] GC(127) Pause Young (Allocation Failure)
[2020-09-11T17:15:27.237+0000][1][gc,task      ] GC(127) Using 1 workers of 1 for evacuation
[2020-09-11T17:15:27.254+0000][1][gc,age       ] GC(127) Desired survivor size 4358144 bytes, new threshold 6 (max threshold 6)
[2020-09-11T17:15:27.254+0000][1][gc,age       ] GC(127) Age table with threshold 6 (max threshold 6)
[2020-09-11T17:15:27.254+0000][1][gc,age       ] GC(127) - age   1:     612536 bytes,     612536 total
[2020-09-11T17:15:27.254+0000][1][gc,age       ] GC(127) - age   2:      12640 bytes,     625176 total
[2020-09-11T17:15:27.254+0000][1][gc,age       ] GC(127) - age   3:       5520 bytes,     630696 total
[2020-09-11T17:15:27.254+0000][1][gc,age       ] GC(127) - age   4:        376 bytes,     631072 total
[2020-09-11T17:15:27.254+0000][1][gc,age       ] GC(127) - age   5:       1864 bytes,     632936 total
[2020-09-11T17:15:27.254+0000][1][gc,age       ] GC(127) - age   6:        936 bytes,     633872 total
[2020-09-11T17:15:27.254+0000][1][gc,heap      ] GC(127) ParNew: 68643K->661K(76672K)
[2020-09-11T17:15:27.254+0000][1][gc,heap      ] GC(127) CMS: 77538K->77540K(439104K)
[2020-09-11T17:15:27.254+0000][1][gc,metaspace ] GC(127) Metaspace: 95680K->95680K(1138688K)
[2020-09-11T17:15:27.254+0000][1][gc           ] GC(127) Pause Young (Allocation Failure) 142M->76M(503M) 16.568ms
[2020-09-11T17:15:27.254+0000][1][gc,cpu       ] GC(127) User=0.01s Sys=0.00s Real=0.02s
[2020-09-11T17:15:27.261+0000][1][safepoint    ] Safepoint "GenCollectForAllocation", Time since last: 71815320 ns, Reaching safepoint: 178891 ns, At safepoint: 23636700 ns, Total: 23815591 ns
[2020-09-11T17:15:35.339+0000][1][safepoint    ] Safepoint "RevokeBias", Time since last: 8078260032 ns, Reaching safepoint: 171598 ns, At safepoint: 24054 ns, Total: 195652 ns
[2020-09-11T17:15:37.088+0000][1][safepoint    ] Safepoint "RevokeBias", Time since last: 1747985108 ns, Reaching safepoint: 247772 ns, At safepoint: 247897 ns, Total: 495669 ns
[2020-09-11T17:15:38.088+0000][1][safepoint    ] Safepoint "Cleanup", Time since last: 1000116741 ns, Reaching safepoint: 100140 ns, At safepoint: 9445 ns, Total: 109585 ns
[2020-09-11T17:15:39.088+0000][1][safepoint    ] Safepoint "Cleanup", Time since last: 1000113247 ns, Reaching safepoint: 95440 ns, At safepoint: 10949 ns, Total: 106389 ns
[2020-09-11T17:15:41.088+0000][1][safepoint    ] Safepoint "Cleanup", Time since last: 2000200053 ns, Reaching safepoint: 97743 ns, At safepoint: 11368 ns, Total: 109111 ns
[2020-09-11T17:15:45.335+0000][1][safepoint    ] Safepoint "RevokeBias", Time since last: 4246058098 ns, Reaching safepoint: 176901 ns, At safepoint: 23598 ns, Total: 200499 ns
[2020-09-11T17:15:47.103+0000][1][safepoint    ] Safepoint "RevokeBias", Time since last: 1768014988 ns, Reaching safepoint: 234760 ns, At safepoint: 252085 ns, Total: 486845 ns
[2020-09-11T17:15:48.103+0000][1][safepoint    ] Safepoint "Cleanup", Time since last: 1000118691 ns, Reaching safepoint: 101239 ns, At safepoint: 11673 ns, Total: 112912 ns
[2020-09-11T17:15:49.497+0000][1][gc,start     ] GC(128) Pause Young (Allocation Failure)
[2020-09-11T17:15:49.497+0000][1][gc,task      ] GC(128) Using 1 workers of 1 for evacuation
[2020-09-11T17:15:49.505+0000][1][gc,age       ] GC(128) Desired survivor size 4358144 bytes, new threshold 6 (max threshold 6)
[2020-09-11T17:15:49.505+0000][1][gc,age       ] GC(128) Age table with threshold 6 (max threshold 6)
[2020-09-11T17:15:49.505+0000][1][gc,age       ] GC(128) - age   1:      52688 bytes,      52688 total
[2020-09-11T17:15:49.505+0000][1][gc,age       ] GC(128) - age   2:      21872 bytes,      74560 total
[2020-09-11T17:15:49.505+0000][1][gc,age       ] GC(128) - age   3:      11272 bytes,      85832 total
[2020-09-11T17:15:49.505+0000][1][gc,age       ] GC(128) - age   4:       5208 bytes,      91040 total
[2020-09-11T17:15:49.505+0000][1][gc,age       ] GC(128) - age   5:        376 bytes,      91416 total
[2020-09-11T17:15:49.505+0000][1][gc,age       ] GC(128) - age   6:       1864 bytes,      93280 total
[2020-09-11T17:15:49.505+0000][1][gc,heap      ] GC(128) ParNew: 68821K->546K(76672K)
[2020-09-11T17:15:49.505+0000][1][gc,heap      ] GC(128) CMS: 77540K->77540K(439104K)
[2020-09-11T17:15:49.505+0000][1][gc,metaspace ] GC(128) Metaspace: 95698K->95698K(1138688K)
[2020-09-11T17:15:49.506+0000][1][gc           ] GC(128) Pause Young (Allocation Failure) 142M->76M(503M) 8.343ms
[2020-09-11T17:15:49.506+0000][1][gc,cpu       ] GC(128) User=0.01s Sys=0.00s Real=0.01s
[2020-09-11T17:15:49.506+0000][1][safepoint    ] Safepoint "GenCollectForAllocation", Time since last: 1389627392 ns, Reaching safepoint: 4030846 ns, At safepoint: 8894551 ns, Total: 12925397 ns
[2020-09-11T17:15:50.507+0000][1][safepoint    ] Safepoint "Cleanup", Time since last: 1000803211 ns, Reaching safepoint: 88307 ns, At safepoint: 19474 ns, Total: 107781 ns
[2020-09-11T17:15:52.507+0000][1][safepoint    ] Safepoint "Cleanup", Time since last: 2000181311 ns, Reaching safepoint: 94728 ns, At safepoint: 7834 ns, Total: 102562 ns
[2020-09-11T17:15:55.375+0000][1][safepoint    ] Safepoint "RevokeBias", Time since last: 2867243440 ns, Reaching safepoint: 170650 ns, At safepoint: 23603 ns, Total: 194253 ns
[2020-09-11T17:15:56.375+0000][1][safepoint    ] Safepoint "Cleanup", Time since last: 1000107128 ns, Reaching safepoint: 97105 ns, At safepoint: 10253 ns, Total: 107358 ns
[2020-09-11T17:15:57.112+0000][1][safepoint    ] Safepoint "RevokeBias", Time since last: 735981742 ns, Reaching safepoint: 558050 ns, At safepoint: 249917 ns, Total: 807967 ns
[2020-09-11T17:15:58.112+0000][1][safepoint    ] Safepoint "Cleanup", Time since last: 1000115613 ns, Reaching safepoint: 97168 ns, At safepoint: 10589 ns, Total: 107757 ns
[2020-09-11T17:16:02.112+0000][1][safepoint    ] Safepoint "Cleanup", Time since last: 4000363181 ns, Reaching safepoint: 96839 ns, At safepoint: 11834 ns, Total: 108673 ns
[2020-09-11T17:16:05.343+0000][1][safepoint    ] Safepoint "RevokeBias", Time since last: 3230559673 ns, Reaching safepoint: 93327 ns, At safepoint: 21524 ns, Total: 114851 ns
[2020-09-11T17:16:07.136+0000][1][safepoint    ] Safepoint "RevokeBias", Time since last: 1791845541 ns, Reaching safepoint: 1041302 ns, At safepoint: 25692 ns, Total: 1066994 ns
[2020-09-11T17:16:08.136+0000][1][safepoint    ] Safepoint "Cleanup", Time since last: 1000115123 ns, Reaching safepoint: 95287 ns, At safepoint: 10812 ns, Total: 106099 ns
[2020-09-11T17:16:12.432+0000][1][gc,start     ] GC(129) Pause Young (Allocation Failure)
[2020-09-11T17:16:12.432+0000][1][gc,task      ] GC(129) Using 1 workers of 1 for evacuation
[2020-09-11T17:16:12.441+0000][1][gc,age       ] GC(129) Desired survivor size 4358144 bytes, new threshold 6 (max threshold 6)
[2020-09-11T17:16:12.441+0000][1][gc,age       ] GC(129) Age table with threshold 6 (max threshold 6)
[2020-09-11T17:16:12.441+0000][1][gc,age       ] GC(129) - age   1:      66800 bytes,      66800 total
[2020-09-11T17:16:12.441+0000][1][gc,age       ] GC(129) - age   2:       6832 bytes,      73632 total
[2020-09-11T17:16:12.441+0000][1][gc,age       ] GC(129) - age   3:       4336 bytes,      77968 total
[2020-09-11T17:16:12.441+0000][1][gc,age       ] GC(129) - age   4:      10672 bytes,      88640 total
[2020-09-11T17:16:12.441+0000][1][gc,age       ] GC(129) - age   5:       5208 bytes,      93848 total
[2020-09-11T17:16:12.441+0000][1][gc,age       ] GC(129) - age   6:        376 bytes,      94224 total
[2020-09-11T17:16:12.441+0000][1][gc,heap      ] GC(129) ParNew: 68706K->153K(76672K)
[2020-09-11T17:16:12.441+0000][1][gc,heap      ] GC(129) CMS: 77540K->77542K(439104K)
[2020-09-11T17:16:12.441+0000][1][gc,metaspace ] GC(129) Metaspace: 95721K->95721K(1138688K)
[2020-09-11T17:16:12.441+0000][1][gc           ] GC(129) Pause Young (Allocation Failure) 142M->75M(503M) 8.850ms
[2020-09-11T17:16:12.441+0000][1][gc,cpu       ] GC(129) User=0.00s Sys=0.00s Real=0.02s
[2020-09-11T17:16:12.441+0000][1][safepoint    ] Safepoint "GenCollectForAllocation", Time since last: 4295924637 ns, Reaching safepoint: 175888 ns, At safepoint: 8921677 ns, Total: 9097565 ns
[2020-09-11T17:16:14.446+0000][1][safepoint    ] Safepoint "Cleanup", Time since last: 2005156845 ns, Reaching safepoint: 95849 ns, At safepoint: 23182 ns, Total: 119031 ns
[2020-09-11T17:16:15.393+0000][1][safepoint    ] Safepoint "RevokeBias", Time since last: 946296163 ns, Reaching safepoint: 174860 ns, At safepoint: 38989 ns, Total: 213849 ns
[2020-09-11T17:16:17.089+0000][1][safepoint    ] Safepoint "RevokeBias", Time since last: 1694646464 ns, Reaching safepoint: 1263692 ns, At safepoint: 232387 ns, Total: 1496079 ns
[2020-09-11T17:16:23.090+0000][1][safepoint    ] Safepoint "Cleanup", Time since last: 6000479265 ns, Reaching safepoint: 102229 ns, At safepoint: 10416 ns, Total: 112645 ns
[2020-09-11T17:16:25.368+0000][1][safepoint    ] Safepoint "RevokeBias", Time since last: 2277956493 ns, Reaching safepoint: 168416 ns, At safepoint: 24220 ns, Total: 192636 ns
[2020-09-11T17:16:27.074+0000][1][safepoint    ] Safepoint "RevokeBias", Time since last: 1706189505 ns, Reaching safepoint: 188423 ns, At safepoint: 22755 ns, Total: 211178 ns
[2020-09-11T17:16:28.074+0000][1][safepoint    ] Safepoint "Cleanup", Time since last: 1000111647 ns, Reaching safepoint: 94767 ns, At safepoint: 7577 ns, Total: 102344 ns
[2020-09-11T17:16:32.075+0000][1][safepoint    ] Safepoint "Cleanup", Time since last: 4000337503 ns, Reaching safepoint: 95845 ns, At safepoint: 11375 ns, Total: 107220 ns
[2020-09-11T17:16:35.374+0000][1][safepoint    ] Safepoint "RevokeBias", Time since last: 3298971577 ns, Reaching safepoint: 95771 ns, At safepoint: 22567 ns, Total: 118338 ns
[2020-09-11T17:16:36.978+0000][1][gc,start     ] GC(130) Pause Young (Allocation Failure)
[2020-09-11T17:16:36.978+0000][1][gc,task      ] GC(130) Using 1 workers of 1 for evacuation
[2020-09-11T17:16:36.986+0000][1][gc,age       ] GC(130) Desired survivor size 4358144 bytes, new threshold 6 (max threshold 6)
[2020-09-11T17:16:36.986+0000][1][gc,age       ] GC(130) Age table with threshold 6 (max threshold 6)
[2020-09-11T17:16:36.986+0000][1][gc,age       ] GC(130) - age   1:     180312 bytes,     180312 total
[2020-09-11T17:16:36.986+0000][1][gc,age       ] GC(130) - age   2:       5600 bytes,     185912 total
[2020-09-11T17:16:36.986+0000][1][gc,age       ] GC(130) - age   3:       4624 bytes,     190536 total
[2020-09-11T17:16:36.986+0000][1][gc,age       ] GC(130) - age   4:       4064 bytes,     194600 total
[2020-09-11T17:16:36.986+0000][1][gc,age       ] GC(130) - age   5:      10672 bytes,     205272 total
[2020-09-11T17:16:36.986+0000][1][gc,age       ] GC(130) - age   6:       2880 bytes,     208152 total
[2020-09-11T17:16:36.986+0000][1][gc,heap      ] GC(130) ParNew: 68313K->218K(76672K)
[2020-09-11T17:16:36.986+0000][1][gc,heap      ] GC(130) CMS: 77542K->77543K(439104K)
[2020-09-11T17:16:36.986+0000][1][gc,metaspace ] GC(130) Metaspace: 95764K->95764K(1138688K)
[2020-09-11T17:16:36.987+0000][1][gc           ] GC(130) Pause Young (Allocation Failure) 142M->75M(503M) 8.702ms
[2020-09-11T17:16:36.987+0000][1][gc,cpu       ] GC(130) User=0.01s Sys=0.00s Real=0.01s
[2020-09-11T17:16:36.987+0000][1][safepoint    ] Safepoint "GenCollectForAllocation", Time since last: 1603602680 ns, Reaching safepoint: 175564 ns, At safepoint: 8766917 ns, Total: 8942481 ns
[2020-09-11T17:16:37.109+0000][1][safepoint    ] Safepoint "RevokeBias", Time since last: 120605549 ns, Reaching safepoint: 1203083 ns, At safepoint: 216969 ns, Total: 1420052 ns
[2020-09-11T17:16:38.109+0000][1][safepoint    ] Safepoint "Cleanup", Time since last: 1000112377 ns, Reaching safepoint: 120669 ns, At safepoint: 9940 ns, Total: 130609 ns
[2020-09-11T17:16:39.109+0000][1][safepoint    ] Safepoint "Cleanup", Time since last: 1000113210 ns, Reaching safepoint: 93999 ns, At safepoint: 9783 ns, Total: 103782 ns
[2020-09-11T17:16:40.109+0000][1][safepoint    ] Safepoint "Cleanup", Time since last: 1000114451 ns, Reaching safepoint: 92610 ns, At safepoint: 10111 ns, Total: 102721 ns
[2020-09-11T17:16:41.109+0000][1][safepoint    ] Safepoint "Cleanup", Time since last: 1000130028 ns, Reaching safepoint: 90802 ns, At safepoint: 9647 ns, Total: 100449 ns
[2020-09-11T17:16:42.110+0000][1][safepoint    ] Safepoint "Cleanup", Time since last: 1000106722 ns, Reaching safepoint: 90431 ns, At safepoint: 9570 ns, Total: 100001 ns
[2020-09-11T17:16:43.110+0000][1][safepoint    ] Safepoint "Cleanup", Time since last: 1000105585 ns, Reaching safepoint: 89843 ns, At safepoint: 9587 ns, Total: 99430 ns
[2020-09-11T17:16:44.110+0000][1][safepoint    ] Safepoint "Cleanup", Time since last: 1000111615 ns, Reaching safepoint: 101742 ns, At safepoint: 8958 ns, Total: 110700 ns
[2020-09-11T17:16:45.110+0000][1][safepoint    ] Safepoint "Cleanup", Time since last: 1000111932 ns, Reaching safepoint: 108503 ns, At safepoint: 9027 ns, Total: 117530 ns
[2020-09-11T17:16:45.429+0000][1][safepoint    ] Safepoint "RevokeBias", Time since last: 318568708 ns, Reaching safepoint: 182712 ns, At safepoint: 26944 ns, Total: 209656 ns
[2020-09-11T17:16:46.429+0000][1][safepoint    ] Safepoint "Cleanup", Time since last: 1000106723 ns, Reaching safepoint: 90476 ns, At safepoint: 11069 ns, Total: 101545 ns
[2020-09-11T17:16:47.164+0000][1][safepoint    ] Safepoint "BulkRevokeBias", Time since last: 733585940 ns, Reaching safepoint: 223092 ns, At safepoint: 602806 ns, Total: 825898 ns
[2020-09-11T17:16:47.217+0000][1][safepoint    ] Safepoint "RevokeBias", Time since last: 53039460 ns, Reaching safepoint: 246511 ns, At safepoint: 26272 ns, Total: 272783 ns
[2020-09-11T17:16:48.217+0000][1][safepoint    ] Safepoint "Cleanup", Time since last: 1000107693 ns, Reaching safepoint: 91712 ns, At safepoint: 10341 ns, Total: 102053 ns
[2020-09-11T17:16:49.217+0000][1][safepoint    ] Safepoint "Cleanup", Time since last: 1000114817 ns, Reaching safepoint: 91326 ns, At safepoint: 9902 ns, Total: 101228 ns
[2020-09-11T17:16:50.218+0000][1][safepoint    ] Safepoint "Cleanup", Time since last: 1000112026 ns, Reaching safepoint: 101273 ns, At safepoint: 10460 ns, Total: 111733 ns
[2020-09-11T17:16:51.218+0000][1][safepoint    ] Safepoint "Cleanup", Time since last: 1000108720 ns, Reaching safepoint: 93087 ns, At safepoint: 10106 ns, Total: 103193 ns
[2020-09-11T17:16:52.218+0000][1][safepoint    ] Safepoint "Cleanup", Time since last: 1000115738 ns, Reaching safepoint: 91791 ns, At safepoint: 9930 ns, Total: 101721 ns
[2020-09-11T17:16:53.218+0000][1][safepoint    ] Safepoint "Cleanup", Time since last: 1000113658 ns, Reaching safepoint: 93383 ns, At safepoint: 11259 ns, Total: 104642 ns
[2020-09-11T17:16:54.219+0000][1][safepoint    ] Safepoint "Cleanup", Time since last: 1000115430 ns, Reaching safepoint: 92662 ns, At safepoint: 10215 ns, Total: 102877 ns
[2020-09-11T17:16:55.219+0000][1][safepoint    ] Safepoint "Cleanup", Time since last: 1000111826 ns, Reaching safepoint: 95137 ns, At safepoint: 10629 ns, Total: 105766 ns
[2020-09-11T17:16:55.345+0000][1][safepoint    ] Safepoint "RevokeBias", Time since last: 126075751 ns, Reaching safepoint: 173583 ns, At safepoint: 23354 ns, Total: 196937 ns
[2020-09-11T17:16:56.345+0000][1][safepoint    ] Safepoint "Cleanup", Time since last: 1000107263 ns, Reaching safepoint: 99366 ns, At safepoint: 8544 ns, Total: 107910 ns
[2020-09-11T17:16:57.095+0000][1][safepoint    ] Safepoint "RevokeBias", Time since last: 749326238 ns, Reaching safepoint: 213192 ns, At safepoint: 209123 ns, Total: 422315 ns
[2020-09-11T17:16:57.213+0000][1][gc,start     ] GC(131) Pause Young (Allocation Failure)
[2020-09-11T17:16:57.213+0000][1][gc,task      ] GC(131) Using 1 workers of 1 for evacuation
[2020-09-11T17:16:57.222+0000][1][gc,age       ] GC(131) Desired survivor size 4358144 bytes, new threshold 6 (max threshold 6)
[2020-09-11T17:16:57.222+0000][1][gc,age       ] GC(131) Age table with threshold 6 (max threshold 6)
[2020-09-11T17:16:57.222+0000][1][gc,age       ] GC(131) - age   1:     533216 bytes,     533216 total
[2020-09-11T17:16:57.222+0000][1][gc,age       ] GC(131) - age   2:       7472 bytes,     540688 total
[2020-09-11T17:16:57.222+0000][1][gc,age       ] GC(131) - age   3:       3672 bytes,     544360 total
[2020-09-11T17:16:57.222+0000][1][gc,age       ] GC(131) - age   4:       4312 bytes,     548672 total
[2020-09-11T17:16:57.222+0000][1][gc,age       ] GC(131) - age   5:       4064 bytes,     552736 total
[2020-09-11T17:16:57.222+0000][1][gc,age       ] GC(131) - age   6:      10672 bytes,     563408 total
[2020-09-11T17:16:57.222+0000][1][gc,heap      ] GC(131) ParNew: 68378K->682K(76672K)
[2020-09-11T17:16:57.222+0000][1][gc,heap      ] GC(131) CMS: 77543K->77545K(439104K)
[2020-09-11T17:16:57.222+0000][1][gc,metaspace ] GC(131) Metaspace: 95810K->95810K(1138688K)
[2020-09-11T17:16:57.222+0000][1][gc           ] GC(131) Pause Young (Allocation Failure) 142M->76M(503M) 9.255ms
[2020-09-11T17:16:57.222+0000][1][gc,cpu       ] GC(131) User=0.01s Sys=0.00s Real=0.01s
[2020-09-11T17:16:57.223+0000][1][safepoint    ] Safepoint "GenCollectForAllocation", Time since last: 117866775 ns, Reaching safepoint: 178080 ns, At safepoint: 9901986 ns, Total: 10080066 ns
[2020-09-11T17:16:58.238+0000][1][safepoint    ] Safepoint "Cleanup", Time since last: 1014412385 ns, Reaching safepoint: 99948 ns, At safepoint: 8273 ns, Total: 108221 ns
[2020-09-11T17:16:59.238+0000][1][safepoint    ] Safepoint "Cleanup", Time since last: 1000117563 ns, Reaching safepoint: 91140 ns, At safepoint: 10246 ns, Total: 101386 ns
[2020-09-11T17:17:00.238+0000][1][safepoint    ] Safepoint "Cleanup", Time since last: 1000126488 ns, Reaching safepoint: 93965 ns, At safepoint: 10302 ns, Total: 104267 ns
[2020-09-11T17:17:01.238+0000][1][safepoint    ] Safepoint "Cleanup", Time since last: 1000115637 ns, Reaching safepoint: 93337 ns, At safepoint: 11287 ns, Total: 104624 ns
[2020-09-11T17:17:02.238+0000][1][safepoint    ] Safepoint "Cleanup", Time since last: 1000115637 ns, Reaching safepoint: 94122 ns, At safepoint: 10061 ns, Total: 104183 ns
[2020-09-11T17:17:03.239+0000][1][safepoint    ] Safepoint "Cleanup", Time since last: 1000122359 ns, Reaching safepoint: 94465 ns, At safepoint: 10895 ns, Total: 105360 ns
[2020-09-11T17:17:04.239+0000][1][safepoint    ] Safepoint "Cleanup", Time since last: 1000120013 ns, Reaching safepoint: 92273 ns, At safepoint: 10054 ns, Total: 102327 ns
[2020-09-11T17:17:05.239+0000][1][safepoint    ] Safepoint "Cleanup", Time since last: 1000125123 ns, Reaching safepoint: 91505 ns, At safepoint: 10332 ns, Total: 101837 ns
[2020-09-11T17:17:05.336+0000][1][safepoint    ] Safepoint "RevokeBias", Time since last: 95028765 ns, Reaching safepoint: 1715707 ns, At safepoint: 26915 ns, Total: 1742622 ns
[2020-09-11T17:17:07.089+0000][1][safepoint    ] Safepoint "RevokeBias", Time since last: 1752214775 ns, Reaching safepoint: 798428 ns, At safepoint: 26843 ns, Total: 825271 ns
[2020-09-11T17:17:08.089+0000][1][safepoint    ] Safepoint "Cleanup", Time since last: 1000113384 ns, Reaching safepoint: 104666 ns, At safepoint: 10785 ns, Total: 115451 ns
[2020-09-11T17:17:15.383+0000][1][safepoint    ] Safepoint "RevokeBias", Time since last: 7293808143 ns, Reaching safepoint: 184707 ns, At safepoint: 25989 ns, Total: 210696 ns
[2020-09-11T17:17:17.155+0000][1][safepoint    ] Safepoint "RevokeBias", Time since last: 1772049608 ns, Reaching safepoint: 104997 ns, At safepoint: 21290 ns, Total: 126287 ns
[2020-09-11T17:17:17.495+0000][1][gc,start     ] GC(132) Pause Young (Allocation Failure)
[2020-09-11T17:17:17.495+0000][1][gc,task      ] GC(132) Using 1 workers of 1 for evacuation
[2020-09-11T17:17:17.507+0000][1][gc,age       ] GC(132) Desired survivor size 4358144 bytes, new threshold 6 (max threshold 6)
[2020-09-11T17:17:17.507+0000][1][gc,age       ] GC(132) Age table with threshold 6 (max threshold 6)
[2020-09-11T17:17:17.507+0000][1][gc,age       ] GC(132) - age   1:      61848 bytes,      61848 total
[2020-09-11T17:17:17.507+0000][1][gc,age       ] GC(132) - age   2:      20064 bytes,      81912 total
[2020-09-11T17:17:17.507+0000][1][gc,age       ] GC(132) - age   3:       5440 bytes,      87352 total
[2020-09-11T17:17:17.507+0000][1][gc,age       ] GC(132) - age   4:       3072 bytes,      90424 total
[2020-09-11T17:17:17.507+0000][1][gc,age       ] GC(132) - age   5:       4312 bytes,      94736 total
[2020-09-11T17:17:17.507+0000][1][gc,age       ] GC(132) - age   6:       4064 bytes,      98800 total
[2020-09-11T17:17:17.507+0000][1][gc,heap      ] GC(132) ParNew: 68842K->455K(76672K)
[2020-09-11T17:17:17.507+0000][1][gc,heap      ] GC(132) CMS: 77545K->77545K(439104K)
[2020-09-11T17:17:17.507+0000][1][gc,metaspace ] GC(132) Metaspace: 95862K->95862K(1138688K)
[2020-09-11T17:17:17.507+0000][1][gc           ] GC(132) Pause Young (Allocation Failure) 142M->76M(503M) 11.971ms
[2020-09-11T17:17:17.507+0000][1][gc,cpu       ] GC(132) User=0.01s Sys=0.00s Real=0.01s
[2020-09-11T17:17:17.507+0000][1][safepoint    ] Safepoint "GenCollectForAllocation", Time since last: 337947156 ns, Reaching safepoint: 1818240 ns, At safepoint: 12040508 ns, Total: 13858748 ns
[2020-09-11T17:17:18.513+0000][1][safepoint    ] Safepoint "Cleanup", Time since last: 1005920378 ns, Reaching safepoint: 161634 ns, At safepoint: 102832 ns, Total: 264466 ns
[2020-09-11T17:17:19.514+0000][1][safepoint    ] Safepoint "Cleanup", Time since last: 1000103364 ns, Reaching safepoint: 86853 ns, At safepoint: 17611 ns, Total: 104464 ns
[2020-09-11T17:17:20.514+0000][1][safepoint    ] Safepoint "Cleanup", Time since last: 1000103080 ns, Reaching safepoint: 80366 ns, At safepoint: 5832 ns, Total: 86198 ns
[2020-09-11T17:17:21.514+0000][1][safepoint    ] Safepoint "Cleanup", Time since last: 1000104382 ns, Reaching safepoint: 86395 ns, At safepoint: 7470 ns, Total: 93865 ns
[2020-09-11T17:17:22.514+0000][1][safepoint    ] Safepoint "Cleanup", Time since last: 1000108360 ns, Reaching safepoint: 81849 ns, At safepoint: 8787 ns, Total: 90636 ns
[2020-09-11T17:17:23.514+0000][1][safepoint    ] Safepoint "Cleanup", Time since last: 1000112551 ns, Reaching safepoint: 96350 ns, At safepoint: 10950 ns, Total: 107300 ns
[2020-09-11T17:17:24.515+0000][1][safepoint    ] Safepoint "Cleanup", Time since last: 1000110669 ns, Reaching safepoint: 91306 ns, At safepoint: 9842 ns, Total: 101148 ns
[2020-09-11T17:17:25.412+0000][1][safepoint    ] Safepoint "BulkRevokeBias", Time since last: 896701584 ns, Reaching safepoint: 183251 ns, At safepoint: 302943 ns, Total: 486194 ns
[2020-09-11T17:17:26.412+0000][1][safepoint    ] Safepoint "Cleanup", Time since last: 1000117706 ns, Reaching safepoint: 91629 ns, At safepoint: 10832 ns, Total: 102461 ns
[2020-09-11T17:17:27.087+0000][1][safepoint    ] Safepoint "RevokeBias", Time since last: 674862086 ns, Reaching safepoint: 194712 ns, At safepoint: 23454 ns, Total: 218166 ns
[2020-09-11T17:17:28.087+0000][1][safepoint    ] Safepoint "Cleanup", Time since last: 1000110985 ns, Reaching safepoint: 96342 ns, At safepoint: 10387 ns, Total: 106729 ns
[2020-09-11T17:17:29.087+0000][1][safepoint    ] Safepoint "Cleanup", Time since last: 1000111863 ns, Reaching safepoint: 97624 ns, At safepoint: 10001 ns, Total: 107625 ns
[2020-09-11T17:17:30.088+0000][1][safepoint    ] Safepoint "Cleanup", Time since last: 1000112016 ns, Reaching safepoint: 91523 ns, At safepoint: 10339 ns, Total: 101862 ns
[2020-09-11T17:17:31.088+0000][1][safepoint    ] Safepoint "Cleanup", Time since last: 1000116745 ns, Reaching safepoint: 92627 ns, At safepoint: 10190 ns, Total: 102817 ns
[2020-09-11T17:17:32.088+0000][1][safepoint    ] Safepoint "Cleanup", Time since last: 1000114052 ns, Reaching safepoint: 92703 ns, At safepoint: 10094 ns, Total: 102797 ns
[2020-09-11T17:17:33.088+0000][1][safepoint    ] Safepoint "Cleanup", Time since last: 1000114457 ns, Reaching safepoint: 89006 ns, At safepoint: 9018 ns, Total: 98024 ns
[2020-09-11T17:17:34.089+0000][1][safepoint    ] Safepoint "Cleanup", Time since last: 1000121560 ns, Reaching safepoint: 91940 ns, At safepoint: 10664 ns, Total: 102604 ns
[2020-09-11T17:17:35.089+0000][1][safepoint    ] Safepoint "Cleanup", Time since last: 1000117191 ns, Reaching safepoint: 128485 ns, At safepoint: 11896 ns, Total: 140381 ns
[2020-09-11T17:17:35.355+0000][1][safepoint    ] Safepoint "RevokeBias", Time since last: 266358244 ns, Reaching safepoint: 168988 ns, At safepoint: 23841 ns, Total: 192829 ns
[2020-09-11T17:17:36.356+0000][1][safepoint    ] Safepoint "Cleanup", Time since last: 1000121818 ns, Reaching safepoint: 95383 ns, At safepoint: 10692 ns, Total: 106075 ns
[2020-09-11T17:17:37.107+0000][1][safepoint    ] Safepoint "RevokeBias", Time since last: 751275184 ns, Reaching safepoint: 185987 ns, At safepoint: 22479 ns, Total: 208466 ns
[2020-09-11T17:17:38.107+0000][1][safepoint    ] Safepoint "Cleanup", Time since last: 1000118918 ns, Reaching safepoint: 101171 ns, At safepoint: 11559 ns, Total: 112730 ns
[2020-09-11T17:17:39.108+0000][1][safepoint    ] Safepoint "Cleanup", Time since last: 1000118195 ns, Reaching safepoint: 93240 ns, At safepoint: 10705 ns, Total: 103945 ns
[2020-09-11T17:17:40.108+0000][1][safepoint    ] Safepoint "Cleanup", Time since last: 1000143173 ns, Reaching safepoint: 94503 ns, At safepoint: 10558 ns, Total: 105061 ns
[2020-09-11T17:17:41.108+0000][1][safepoint    ] Safepoint "Cleanup", Time since last: 1000120594 ns, Reaching safepoint: 99016 ns, At safepoint: 11608 ns, Total: 110624 ns
[2020-09-11T17:17:42.108+0000][1][safepoint    ] Safepoint "Cleanup", Time since last: 1000127305 ns, Reaching safepoint: 90508 ns, At safepoint: 11016 ns, Total: 101524 ns
[2020-09-11T17:17:42.526+0000][1][gc,start     ] GC(133) Pause Young (Allocation Failure)
[2020-09-11T17:17:42.526+0000][1][gc,task      ] GC(133) Using 1 workers of 1 for evacuation
[2020-09-11T17:17:42.534+0000][1][gc,age       ] GC(133) Desired survivor size 4358144 bytes, new threshold 6 (max threshold 6)
[2020-09-11T17:17:42.534+0000][1][gc,age       ] GC(133) Age table with threshold 6 (max threshold 6)
[2020-09-11T17:17:42.534+0000][1][gc,age       ] GC(133) - age   1:      68432 bytes,      68432 total
[2020-09-11T17:17:42.534+0000][1][gc,age       ] GC(133) - age   2:      15648 bytes,      84080 total
[2020-09-11T17:17:42.534+0000][1][gc,age       ] GC(133) - age   3:       2528 bytes,      86608 total
[2020-09-11T17:17:42.534+0000][1][gc,age       ] GC(133) - age   4:       5440 bytes,      92048 total
[2020-09-11T17:17:42.534+0000][1][gc,age       ] GC(133) - age   5:       3072 bytes,      95120 total
[2020-09-11T17:17:42.534+0000][1][gc,age       ] GC(133) - age   6:       4312 bytes,      99432 total
[2020-09-11T17:17:42.534+0000][1][gc,heap      ] GC(133) ParNew: 68615K->137K(76672K)
[2020-09-11T17:17:42.534+0000][1][gc,heap      ] GC(133) CMS: 77545K->77549K(439104K)
[2020-09-11T17:17:42.534+0000][1][gc,metaspace ] GC(133) Metaspace: 95869K->95869K(1138688K)
[2020-09-11T17:17:42.534+0000][1][gc           ] GC(133) Pause Young (Allocation Failure) 142M->75M(503M) 8.561ms
[2020-09-11T17:17:42.534+0000][1][gc,cpu       ] GC(133) User=0.01s Sys=0.00s Real=0.01s
[2020-09-11T17:17:42.534+0000][1][safepoint    ] Safepoint "GenCollectForAllocation", Time since last: 417206709 ns, Reaching safepoint: 163589 ns, At safepoint: 8630899 ns, Total: 8794488 ns
[2020-09-11T17:17:43.541+0000][1][safepoint    ] Safepoint "Cleanup", Time since last: 1007085811 ns, Reaching safepoint: 91678 ns, At safepoint: 22605 ns, Total: 114283 ns
[2020-09-11T17:17:44.542+0000][1][safepoint    ] Safepoint "Cleanup", Time since last: 1000109876 ns, Reaching safepoint: 92146 ns, At safepoint: 21640 ns, Total: 113786 ns
[2020-09-11T17:17:45.356+0000][1][safepoint    ] Safepoint "RevokeBias", Time since last: 814607033 ns, Reaching safepoint: 95936 ns, At safepoint: 34639 ns, Total: 130575 ns
[2020-09-11T17:17:46.357+0000][1][safepoint    ] Safepoint "Cleanup", Time since last: 1000114357 ns, Reaching safepoint: 93303 ns, At safepoint: 24344 ns, Total: 117647 ns
[2020-09-11T17:17:47.073+0000][1][safepoint    ] Safepoint "RevokeBias", Time since last: 714320641 ns, Reaching safepoint: 1980307 ns, At safepoint: 234392 ns, Total: 2214699 ns
[2020-09-11T17:17:48.073+0000][1][safepoint    ] Safepoint "Cleanup", Time since last: 1000130388 ns, Reaching safepoint: 88550 ns, At safepoint: 7926 ns, Total: 96476 ns
[2020-09-11T17:17:49.074+0000][1][safepoint    ] Safepoint "Cleanup", Time since last: 1000122703 ns, Reaching safepoint: 92437 ns, At safepoint: 10734 ns, Total: 103171 ns
[2020-09-11T17:17:50.074+0000][1][safepoint    ] Safepoint "Cleanup", Time since last: 1000126949 ns, Reaching safepoint: 90759 ns, At safepoint: 10692 ns, Total: 101451 ns
[2020-09-11T17:17:51.074+0000][1][safepoint    ] Safepoint "Cleanup", Time since last: 1000114377 ns, Reaching safepoint: 88613 ns, At safepoint: 7424 ns, Total: 96037 ns
[2020-09-11T17:17:52.074+0000][1][safepoint    ] Safepoint "Cleanup", Time since last: 1000111862 ns, Reaching safepoint: 93838 ns, At safepoint: 10758 ns, Total: 104596 ns
[2020-09-11T17:17:53.074+0000][1][safepoint    ] Safepoint "Cleanup", Time since last: 1000112758 ns, Reaching safepoint: 87789 ns, At safepoint: 7407 ns, Total: 95196 ns
[2020-09-11T17:17:54.075+0000][1][safepoint    ] Safepoint "Cleanup", Time since last: 1000110674 ns, Reaching safepoint: 92444 ns, At safepoint: 10667 ns, Total: 103111 ns
[2020-09-11T17:17:55.075+0000][1][safepoint    ] Safepoint "Cleanup", Time since last: 1000114769 ns, Reaching safepoint: 91183 ns, At safepoint: 9915 ns, Total: 101098 ns
[2020-09-11T17:17:55.355+0000][1][safepoint    ] Safepoint "RevokeBias", Time since last: 280390642 ns, Reaching safepoint: 172222 ns, At safepoint: 25070 ns, Total: 197292 ns
[2020-09-11T17:17:56.356+0000][1][safepoint    ] Safepoint "Cleanup", Time since last: 1000105322 ns, Reaching safepoint: 91934 ns, At safepoint: 9916 ns, Total: 101850 ns
[2020-09-11T17:17:57.078+0000][1][safepoint    ] Safepoint "RevokeBias", Time since last: 722578135 ns, Reaching safepoint: 92955 ns, At safepoint: 22215 ns, Total: 115170 ns
[2020-09-11T17:17:58.079+0000][1][safepoint    ] Safepoint "Cleanup", Time since last: 1000126585 ns, Reaching safepoint: 97872 ns, At safepoint: 11398 ns, Total: 109270 ns
[2020-09-11T17:18:05.405+0000][1][safepoint    ] Safepoint "RevokeBias", Time since last: 7325704751 ns, Reaching safepoint: 182905 ns, At safepoint: 28193 ns, Total: 211098 ns
[2020-09-11T17:18:07.095+0000][1][gc,start     ] GC(134) Pause Young (Allocation Failure)
[2020-09-11T17:18:07.095+0000][1][gc,task      ] GC(134) Using 1 workers of 1 for evacuation
[2020-09-11T17:18:07.105+0000][1][gc,age       ] GC(134) Desired survivor size 4358144 bytes, new threshold 6 (max threshold 6)
[2020-09-11T17:18:07.105+0000][1][gc,age       ] GC(134) Age table with threshold 6 (max threshold 6)
[2020-09-11T17:18:07.105+0000][1][gc,age       ] GC(134) - age   1:     390736 bytes,     390736 total
[2020-09-11T17:18:07.105+0000][1][gc,age       ] GC(134) - age   2:       7360 bytes,     398096 total
[2020-09-11T17:18:07.105+0000][1][gc,age       ] GC(134) - age   3:      13272 bytes,     411368 total
[2020-09-11T17:18:07.105+0000][1][gc,age       ] GC(134) - age   4:       2256 bytes,     413624 total
[2020-09-11T17:18:07.105+0000][1][gc,age       ] GC(134) - age   5:       5440 bytes,     419064 total
[2020-09-11T17:18:07.105+0000][1][gc,age       ] GC(134) - age   6:       3072 bytes,     422136 total
[2020-09-11T17:18:07.105+0000][1][gc,heap      ] GC(134) ParNew: 68297K->445K(76672K)
[2020-09-11T17:18:07.105+0000][1][gc,heap      ] GC(134) CMS: 77549K->77553K(439104K)
[2020-09-11T17:18:07.105+0000][1][gc,metaspace ] GC(134) Metaspace: 95874K->95874K(1138688K)
[2020-09-11T17:18:07.105+0000][1][gc           ] GC(134) Pause Young (Allocation Failure) 142M->76M(503M) 10.141ms
[2020-09-11T17:18:07.105+0000][1][gc,cpu       ] GC(134) User=0.00s Sys=0.00s Real=0.01s
[2020-09-11T17:18:07.113+0000][1][safepoint    ] Safepoint "GenCollectForAllocation", Time since last: 1690237199 ns, Reaching safepoint: 229509 ns, At safepoint: 17929607 ns, Total: 18159116 ns
[2020-09-11T17:18:07.115+0000][1][safepoint    ] Safepoint "RevokeBias", Time since last: 1987377 ns, Reaching safepoint: 88885 ns, At safepoint: 28654 ns, Total: 117539 ns
[2020-09-11T17:18:08.137+0000][1][safepoint    ] Safepoint "Cleanup", Time since last: 1021831816 ns, Reaching safepoint: 100527 ns, At safepoint: 11130 ns, Total: 111657 ns
[2020-09-11T17:18:15.354+0000][1][safepoint    ] Safepoint "RevokeBias", Time since last: 7216988721 ns, Reaching safepoint: 181591 ns, At safepoint: 24442 ns, Total: 206033 ns
[2020-09-11T17:18:16.354+0000][1][safepoint    ] Safepoint "Cleanup", Time since last: 1000113850 ns, Reaching safepoint: 96421 ns, At safepoint: 10031 ns, Total: 106452 ns
[2020-09-11T17:18:17.129+0000][1][safepoint    ] Safepoint "RevokeBias", Time since last: 772236517 ns, Reaching safepoint: 2232735 ns, At safepoint: 27078 ns, Total: 2259813 ns
[2020-09-11T17:18:25.358+0000][1][safepoint    ] Safepoint "RevokeBias", Time since last: 8228770734 ns, Reaching safepoint: 172429 ns, At safepoint: 23698 ns, Total: 196127 ns
[2020-09-11T17:18:26.358+0000][1][safepoint    ] Safepoint "Cleanup", Time since last: 1000104797 ns, Reaching safepoint: 93930 ns, At safepoint: 8739 ns, Total: 102669 ns
[2020-09-11T17:18:27.092+0000][1][safepoint    ] Safepoint "RevokeBias", Time since last: 733788359 ns, Reaching safepoint: 245064 ns, At safepoint: 23013 ns, Total: 268077 ns
[2020-09-11T17:18:27.141+0000][1][gc,start     ] GC(135) Pause Young (Allocation Failure)
[2020-09-11T17:18:27.141+0000][1][gc,task      ] GC(135) Using 1 workers of 1 for evacuation
[2020-09-11T17:18:27.150+0000][1][gc,age       ] GC(135) Desired survivor size 4358144 bytes, new threshold 6 (max threshold 6)
[2020-09-11T17:18:27.150+0000][1][gc,age       ] GC(135) Age table with threshold 6 (max threshold 6)
[2020-09-11T17:18:27.150+0000][1][gc,age       ] GC(135) - age   1:     554536 bytes,     554536 total
[2020-09-11T17:18:27.150+0000][1][gc,age       ] GC(135) - age   2:       3264 bytes,     557800 total
[2020-09-11T17:18:27.150+0000][1][gc,age       ] GC(135) - age   3:       5120 bytes,     562920 total
[2020-09-11T17:18:27.150+0000][1][gc,age       ] GC(135) - age   4:      13000 bytes,     575920 total
[2020-09-11T17:18:27.150+0000][1][gc,age       ] GC(135) - age   5:       2256 bytes,     578176 total
[2020-09-11T17:18:27.150+0000][1][gc,age       ] GC(135) - age   6:       5440 bytes,     583616 total
[2020-09-11T17:18:27.150+0000][1][gc,heap      ] GC(135) ParNew: 68605K->647K(76672K)
[2020-09-11T17:18:27.150+0000][1][gc,heap      ] GC(135) CMS: 77553K->77556K(439104K)
[2020-09-11T17:18:27.150+0000][1][gc,metaspace ] GC(135) Metaspace: 95876K->95876K(1138688K)
[2020-09-11T17:18:27.150+0000][1][gc           ] GC(135) Pause Young (Allocation Failure) 142M->76M(503M) 9.283ms
[2020-09-11T17:18:27.150+0000][1][gc,cpu       ] GC(135) User=0.01s Sys=0.00s Real=0.00s
[2020-09-11T17:18:27.150+0000][1][safepoint    ] Safepoint "GenCollectForAllocation", Time since last: 46371935 ns, Reaching safepoint: 2446131 ns, At safepoint: 9362291 ns, Total: 11808422 ns
[2020-09-11T17:18:35.352+0000][1][safepoint    ] Safepoint "RevokeBias", Time since last: 8201604809 ns, Reaching safepoint: 170711 ns, At safepoint: 24646 ns, Total: 195357 ns
[2020-09-11T17:18:36.352+0000][1][safepoint    ] Safepoint "Cleanup", Time since last: 1000110837 ns, Reaching safepoint: 98336 ns, At safepoint: 10880 ns, Total: 109216 ns
[2020-09-11T17:18:37.085+0000][1][safepoint    ] Safepoint "RevokeBias", Time since last: 728781451 ns, Reaching safepoint: 3822027 ns, At safepoint: 233411 ns, Total: 4055438 ns
[2020-09-11T17:18:38.085+0000][1][safepoint    ] Safepoint "Cleanup", Time since last: 1000119535 ns, Reaching safepoint: 98190 ns, At safepoint: 10679 ns, Total: 108869 ns
[2020-09-11T17:18:45.418+0000][1][safepoint    ] Safepoint "RevokeBias", Time since last: 7332559567 ns, Reaching safepoint: 92084 ns, At safepoint: 23098 ns, Total: 115182 ns
[2020-09-11T17:18:47.103+0000][1][safepoint    ] Safepoint "RevokeBias", Time since last: 1684746207 ns, Reaching safepoint: 236104 ns, At safepoint: 235605 ns, Total: 471709 ns
[2020-09-11T17:18:48.104+0000][1][safepoint    ] Safepoint "Cleanup", Time since last: 1000118229 ns, Reaching safepoint: 92257 ns, At safepoint: 7759 ns, Total: 100016 ns
[2020-09-11T17:18:49.249+0000][1][gc,start     ] GC(136) Pause Young (Allocation Failure)
[2020-09-11T17:18:49.249+0000][1][gc,task      ] GC(136) Using 1 workers of 1 for evacuation
[2020-09-11T17:18:49.257+0000][1][gc,age       ] GC(136) Desired survivor size 4358144 bytes, new threshold 6 (max threshold 6)
[2020-09-11T17:18:49.257+0000][1][gc,age       ] GC(136) Age table with threshold 6 (max threshold 6)
[2020-09-11T17:18:49.257+0000][1][gc,age       ] GC(136) - age   1:      48296 bytes,      48296 total
[2020-09-11T17:18:49.257+0000][1][gc,age       ] GC(136) - age   2:      18976 bytes,      67272 total
[2020-09-11T17:18:49.257+0000][1][gc,age       ] GC(136) - age   3:       1344 bytes,      68616 total
[2020-09-11T17:18:49.257+0000][1][gc,age       ] GC(136) - age   4:       5120 bytes,      73736 total
[2020-09-11T17:18:49.257+0000][1][gc,age       ] GC(136) - age   5:      13000 bytes,      86736 total
[2020-09-11T17:18:49.257+0000][1][gc,age       ] GC(136) - age   6:       2256 bytes,      88992 total
[2020-09-11T17:18:49.257+0000][1][gc,heap      ] GC(136) ParNew: 68807K->508K(76672K)
[2020-09-11T17:18:49.257+0000][1][gc,heap      ] GC(136) CMS: 77556K->77562K(439104K)
[2020-09-11T17:18:49.257+0000][1][gc,metaspace ] GC(136) Metaspace: 95878K->95878K(1138688K)
[2020-09-11T17:18:49.257+0000][1][gc           ] GC(136) Pause Young (Allocation Failure) 142M->76M(503M) 8.676ms
[2020-09-11T17:18:49.257+0000][1][gc,cpu       ] GC(136) User=0.01s Sys=0.00s Real=0.01s
[2020-09-11T17:18:49.257+0000][1][safepoint    ] Safepoint "GenCollectForAllocation", Time since last: 1144931244 ns, Reaching safepoint: 88588 ns, At safepoint: 8747447 ns, Total: 8836035 ns
[2020-09-11T17:18:55.360+0000][1][safepoint    ] Safepoint "RevokeBias", Time since last: 6102483375 ns, Reaching safepoint: 173591 ns, At safepoint: 24256 ns, Total: 197847 ns
[2020-09-11T17:18:57.111+0000][1][safepoint    ] Safepoint "RevokeBias", Time since last: 1750444321 ns, Reaching safepoint: 186368 ns, At safepoint: 23967 ns, Total: 210335 ns
[2020-09-11T17:19:05.111+0000][1][safepoint    ] Safepoint "Cleanup", Time since last: 8000640516 ns, Reaching safepoint: 100252 ns, At safepoint: 9855 ns, Total: 110107 ns
[2020-09-11T17:19:05.359+0000][1][safepoint    ] Safepoint "RevokeBias", Time since last: 247270028 ns, Reaching safepoint: 175269 ns, At safepoint: 39356 ns, Total: 214625 ns
[2020-09-11T17:19:06.359+0000][1][safepoint    ] Safepoint "Cleanup", Time since last: 1000108377 ns, Reaching safepoint: 100486 ns, At safepoint: 11204 ns, Total: 111690 ns
[2020-09-11T17:19:07.150+0000][1][safepoint    ] Safepoint "RevokeBias", Time since last: 790680310 ns, Reaching safepoint: 92795 ns, At safepoint: 22270 ns, Total: 115065 ns
[2020-09-11T17:19:12.621+0000][1][gc,start     ] GC(137) Pause Young (Allocation Failure)
[2020-09-11T17:19:12.621+0000][1][gc,task      ] GC(137) Using 1 workers of 1 for evacuation
[2020-09-11T17:19:12.629+0000][1][gc,age       ] GC(137) Desired survivor size 4358144 bytes, new threshold 6 (max threshold 6)
[2020-09-11T17:19:12.629+0000][1][gc,age       ] GC(137) Age table with threshold 6 (max threshold 6)
[2020-09-11T17:19:12.629+0000][1][gc,age       ] GC(137) - age   1:      69984 bytes,      69984 total
[2020-09-11T17:19:12.629+0000][1][gc,age       ] GC(137) - age   2:       2968 bytes,      72952 total
[2020-09-11T17:19:12.629+0000][1][gc,age       ] GC(137) - age   3:       1656 bytes,      74608 total
[2020-09-11T17:19:12.629+0000][1][gc,age       ] GC(137) - age   4:       1056 bytes,      75664 total
[2020-09-11T17:19:12.629+0000][1][gc,age       ] GC(137) - age   5:       5120 bytes,      80784 total
[2020-09-11T17:19:12.629+0000][1][gc,age       ] GC(137) - age   6:      12688 bytes,      93472 total
[2020-09-11T17:19:12.629+0000][1][gc,heap      ] GC(137) ParNew: 68668K->143K(76672K)
[2020-09-11T17:19:12.629+0000][1][gc,heap      ] GC(137) CMS: 77562K->77564K(439104K)
[2020-09-11T17:19:12.629+0000][1][gc,metaspace ] GC(137) Metaspace: 95906K->95906K(1138688K)
[2020-09-11T17:19:12.629+0000][1][gc           ] GC(137) Pause Young (Allocation Failure) 142M->75M(503M) 8.248ms
[2020-09-11T17:19:12.629+0000][1][gc,cpu       ] GC(137) User=0.01s Sys=0.00s Real=0.00s
[2020-09-11T17:19:12.629+0000][1][safepoint    ] Safepoint "GenCollectForAllocation", Time since last: 5470373317 ns, Reaching safepoint: 609686 ns, At safepoint: 8331781 ns, Total: 8941467 ns
[2020-09-11T17:19:15.355+0000][1][safepoint    ] Safepoint "RevokeBias", Time since last: 2725266152 ns, Reaching safepoint: 91300 ns, At safepoint: 21993 ns, Total: 113293 ns
[2020-09-11T17:19:16.355+0000][1][safepoint    ] Safepoint "Cleanup", Time since last: 1000109791 ns, Reaching safepoint: 95561 ns, At safepoint: 12025 ns, Total: 107586 ns
[2020-09-11T17:19:17.131+0000][1][safepoint    ] Safepoint "RevokeBias", Time since last: 775537178 ns, Reaching safepoint: 188983 ns, At safepoint: 24602 ns, Total: 213585 ns
[2020-09-11T17:19:18.131+0000][1][safepoint    ] Safepoint "Cleanup", Time since last: 1000113157 ns, Reaching safepoint: 95081 ns, At safepoint: 11164 ns, Total: 106245 ns
[2020-09-11T17:19:25.352+0000][1][safepoint    ] Safepoint "RevokeBias", Time since last: 7221524795 ns, Reaching safepoint: 172378 ns, At safepoint: 23393 ns, Total: 195771 ns
[2020-09-11T17:19:26.353+0000][1][safepoint    ] Safepoint "Cleanup", Time since last: 1000107606 ns, Reaching safepoint: 91211 ns, At safepoint: 8476 ns, Total: 99687 ns
[2020-09-11T17:19:27.078+0000][1][safepoint    ] Safepoint "RevokeBias", Time since last: 724666726 ns, Reaching safepoint: 183110 ns, At safepoint: 25974 ns, Total: 209084 ns
[2020-09-11T17:19:35.350+0000][1][safepoint    ] Safepoint "RevokeBias", Time since last: 8272428209 ns, Reaching safepoint: 175043 ns, At safepoint: 39733 ns, Total: 214776 ns
[2020-09-11T17:19:37.095+0000][1][gc,start     ] GC(138) Pause Young (Allocation Failure)
[2020-09-11T17:19:37.095+0000][1][gc,task      ] GC(138) Using 1 workers of 1 for evacuation
[2020-09-11T17:19:37.104+0000][1][gc,age       ] GC(138) Desired survivor size 4358144 bytes, new threshold 6 (max threshold 6)
[2020-09-11T17:19:37.104+0000][1][gc,age       ] GC(138) Age table with threshold 6 (max threshold 6)
[2020-09-11T17:19:37.104+0000][1][gc,age       ] GC(138) - age   1:     388720 bytes,     388720 total
[2020-09-11T17:19:37.104+0000][1][gc,age       ] GC(138) - age   2:       8080 bytes,     396800 total
[2020-09-11T17:19:37.104+0000][1][gc,age       ] GC(138) - age   3:        912 bytes,     397712 total
[2020-09-11T17:19:37.104+0000][1][gc,age       ] GC(138) - age   4:       1384 bytes,     399096 total
[2020-09-11T17:19:37.104+0000][1][gc,age       ] GC(138) - age   5:       1056 bytes,     400152 total
[2020-09-11T17:19:37.104+0000][1][gc,age       ] GC(138) - age   6:       5120 bytes,     405272 total
[2020-09-11T17:19:37.104+0000][1][gc,heap      ] GC(138) ParNew: 68303K->417K(76672K)
[2020-09-11T17:19:37.104+0000][1][gc,heap      ] GC(138) CMS: 77564K->77576K(439104K)
[2020-09-11T17:19:37.104+0000][1][gc,metaspace ] GC(138) Metaspace: 95917K->95917K(1138688K)
[2020-09-11T17:19:37.104+0000][1][gc           ] GC(138) Pause Young (Allocation Failure) 142M->76M(503M) 9.211ms
[2020-09-11T17:19:37.104+0000][1][gc,cpu       ] GC(138) User=0.01s Sys=0.00s Real=0.01s
[2020-09-11T17:19:37.109+0000][1][safepoint    ] Safepoint "GenCollectForAllocation", Time since last: 1744136277 ns, Reaching safepoint: 223614 ns, At safepoint: 14543490 ns, Total: 14767104 ns
[2020-09-11T17:19:37.120+0000][1][safepoint    ] Safepoint "RevokeBias", Time since last: 7619702 ns, Reaching safepoint: 3370110 ns, At safepoint: 44238 ns, Total: 3414348 ns
[2020-09-11T17:19:38.140+0000][1][safepoint    ] Safepoint "Cleanup", Time since last: 1020034328 ns, Reaching safepoint: 111893 ns, At safepoint: 8007 ns, Total: 119900 ns
[2020-09-11T17:19:45.349+0000][1][safepoint    ] Safepoint "RevokeBias", Time since last: 7208099309 ns, Reaching safepoint: 172166 ns, At safepoint: 24327 ns, Total: 196493 ns
[2020-09-11T17:19:46.349+0000][1][safepoint    ] Safepoint "Cleanup", Time since last: 1000119752 ns, Reaching safepoint: 110207 ns, At safepoint: 6754 ns, Total: 116961 ns
[2020-09-11T17:19:47.100+0000][1][safepoint    ] Safepoint "RevokeBias", Time since last: 751100165 ns, Reaching safepoint: 245472 ns, At safepoint: 255877 ns, Total: 501349 ns
[2020-09-11T17:19:48.101+0000][1][safepoint    ] Safepoint "Cleanup", Time since last: 1000128316 ns, Reaching safepoint: 101479 ns, At safepoint: 12230 ns, Total: 113709 ns
[2020-09-11T17:19:55.101+0000][1][safepoint    ] Safepoint "Cleanup", Time since last: 7000553104 ns, Reaching safepoint: 97038 ns, At safepoint: 10735 ns, Total: 107773 ns
[2020-09-11T17:19:55.348+0000][1][safepoint    ] Safepoint "RevokeBias", Time since last: 246447366 ns, Reaching safepoint: 94224 ns, At safepoint: 21512 ns, Total: 115736 ns
[2020-09-11T17:19:57.129+0000][1][safepoint    ] Safepoint "RevokeBias", Time since last: 1779755369 ns, Reaching safepoint: 1258155 ns, At safepoint: 23139 ns, Total: 1281294 ns
[2020-09-11T17:19:57.165+0000][1][gc,start     ] GC(139) Pause Young (Allocation Failure)
[2020-09-11T17:19:57.165+0000][1][gc,task      ] GC(139) Using 1 workers of 1 for evacuation
[2020-09-11T17:19:57.174+0000][1][gc,age       ] GC(139) Desired survivor size 4358144 bytes, new threshold 6 (max threshold 6)
[2020-09-11T17:19:57.174+0000][1][gc,age       ] GC(139) Age table with threshold 6 (max threshold 6)
[2020-09-11T17:19:57.174+0000][1][gc,age       ] GC(139) - age   1:     558584 bytes,     558584 total
[2020-09-11T17:19:57.174+0000][1][gc,age       ] GC(139) - age   2:       8816 bytes,     567400 total
[2020-09-11T17:19:57.174+0000][1][gc,age       ] GC(139) - age   3:       5840 bytes,     573240 total
[2020-09-11T17:19:57.174+0000][1][gc,age       ] GC(139) - age   4:        640 bytes,     573880 total
[2020-09-11T17:19:57.174+0000][1][gc,age       ] GC(139) - age   5:       1344 bytes,     575224 total
[2020-09-11T17:19:57.174+0000][1][gc,age       ] GC(139) - age   6:        976 bytes,     576200 total
[2020-09-11T17:19:57.174+0000][1][gc,heap      ] GC(139) ParNew: 68577K->645K(76672K)
[2020-09-11T17:19:57.174+0000][1][gc,heap      ] GC(139) CMS: 77576K->77581K(439104K)
[2020-09-11T17:19:57.174+0000][1][gc,metaspace ] GC(139) Metaspace: 95917K->95917K(1138688K)
[2020-09-11T17:19:57.174+0000][1][gc           ] GC(139) Pause Young (Allocation Failure) 142M->76M(503M) 9.261ms
[2020-09-11T17:19:57.174+0000][1][gc,cpu       ] GC(139) User=0.01s Sys=0.00s Real=0.01s
[2020-09-11T17:19:57.174+0000][1][safepoint    ] Safepoint "GenCollectForAllocation", Time since last: 34442331 ns, Reaching safepoint: 1501339 ns, At safepoint: 9331261 ns, Total: 10832600 ns
[2020-09-11T17:20:03.186+0000][1][safepoint    ] Safepoint "Cleanup", Time since last: 6012155357 ns, Reaching safepoint: 93758 ns, At safepoint: 9881 ns, Total: 103639 ns
[2020-09-11T17:20:05.349+0000][1][safepoint    ] Safepoint "RevokeBias", Time since last: 2162268824 ns, Reaching safepoint: 136555 ns, At safepoint: 39030 ns, Total: 175585 ns
[2020-09-11T17:20:06.349+0000][1][safepoint    ] Safepoint "Cleanup", Time since last: 1000104831 ns, Reaching safepoint: 94800 ns, At safepoint: 10990 ns, Total: 105790 ns
[2020-09-11T17:20:07.092+0000][1][safepoint    ] Safepoint "RevokeBias", Time since last: 742662678 ns, Reaching safepoint: 231009 ns, At safepoint: 238192 ns, Total: 469201 ns
[2020-09-11T17:20:13.093+0000][1][safepoint    ] Safepoint "Cleanup", Time since last: 6000681784 ns, Reaching safepoint: 107847 ns, At safepoint: 12962 ns, Total: 120809 ns
[2020-09-11T17:20:15.379+0000][1][safepoint    ] Safepoint "RevokeBias", Time since last: 2286034785 ns, Reaching safepoint: 177663 ns, At safepoint: 24557 ns, Total: 202220 ns
[2020-09-11T17:20:17.081+0000][1][safepoint    ] Safepoint "RevokeBias", Time since last: 1700013631 ns, Reaching safepoint: 1600243 ns, At safepoint: 24806 ns, Total: 1625049 ns
[2020-09-11T17:20:18.081+0000][1][safepoint    ] Safepoint "Cleanup", Time since last: 1000113543 ns, Reaching safepoint: 95372 ns, At safepoint: 10966 ns, Total: 106338 ns
[2020-09-11T17:20:19.786+0000][1][gc,start     ] GC(140) Pause Young (Allocation Failure)
[2020-09-11T17:20:19.787+0000][1][gc,task      ] GC(140) Using 1 workers of 1 for evacuation
[2020-09-11T17:20:19.792+0000][1][gc,age       ] GC(140) Desired survivor size 4358144 bytes, new threshold 6 (max threshold 6)
[2020-09-11T17:20:19.792+0000][1][gc,age       ] GC(140) Age table with threshold 6 (max threshold 6)
[2020-09-11T17:20:19.792+0000][1][gc,age       ] GC(140) - age   1:      50616 bytes,      50616 total
[2020-09-11T17:20:19.792+0000][1][gc,age       ] GC(140) - age   2:      45176 bytes,      95792 total
[2020-09-11T17:20:19.792+0000][1][gc,age       ] GC(140) - age   3:       6904 bytes,     102696 total
[2020-09-11T17:20:19.792+0000][1][gc,age       ] GC(140) - age   4:       5552 bytes,     108248 total
[2020-09-11T17:20:19.792+0000][1][gc,age       ] GC(140) - age   5:        640 bytes,     108888 total
[2020-09-11T17:20:19.792+0000][1][gc,age       ] GC(140) - age   6:       1344 bytes,     110232 total
[2020-09-11T17:20:19.792+0000][1][gc,heap      ] GC(140) ParNew: 68800K->502K(76672K)
[2020-09-11T17:20:19.792+0000][1][gc,heap      ] GC(140) CMS: 77581K->77582K(439104K)
[2020-09-11T17:20:19.792+0000][1][gc,metaspace ] GC(140) Metaspace: 95923K->95923K(1138688K)
[2020-09-11T17:20:19.792+0000][1][gc           ] GC(140) Pause Young (Allocation Failure) 142M->76M(503M) 5.220ms
[2020-09-11T17:20:19.792+0000][1][gc,cpu       ] GC(140) User=0.00s Sys=0.00s Real=0.00s
[2020-09-11T17:20:19.797+0000][1][safepoint    ] Safepoint "GenCollectForAllocation", Time since last: 1705148544 ns, Reaching safepoint: 183739 ns, At safepoint: 10880516 ns, Total: 11064255 ns
[2020-09-11T17:20:23.799+0000][1][safepoint    ] Safepoint "Cleanup", Time since last: 4001148554 ns, Reaching safepoint: 95421 ns, At safepoint: 10485 ns, Total: 105906 ns
[2020-09-11T17:20:25.355+0000][1][safepoint    ] Safepoint "RevokeBias", Time since last: 1556379737 ns, Reaching safepoint: 170956 ns, At safepoint: 23912 ns, Total: 194868 ns
[2020-09-11T17:20:27.133+0000][1][safepoint    ] Safepoint "BulkRevokeBias", Time since last: 1773701797 ns, Reaching safepoint: 4046963 ns, At safepoint: 568505 ns, Total: 4615468 ns
[2020-09-11T17:20:27.169+0000][1][safepoint    ] Safepoint "RevokeBias", Time since last: 32400062 ns, Reaching safepoint: 2976887 ns, At safepoint: 29127 ns, Total: 3006014 ns
[2020-09-11T17:20:35.355+0000][1][safepoint    ] Safepoint "RevokeBias", Time since last: 8186058522 ns, Reaching safepoint: 171629 ns, At safepoint: 23885 ns, Total: 195514 ns
[2020-09-11T17:20:36.355+0000][1][safepoint    ] Safepoint "Cleanup", Time since last: 1000102744 ns, Reaching safepoint: 104670 ns, At safepoint: 9790 ns, Total: 114460 ns
[2020-09-11T17:20:37.137+0000][1][safepoint    ] Safepoint "RevokeBias", Time since last: 779035535 ns, Reaching safepoint: 2459020 ns, At safepoint: 28716 ns, Total: 2487736 ns
[2020-09-11T17:20:42.705+0000][1][gc,start     ] GC(141) Pause Young (Allocation Failure)
[2020-09-11T17:20:42.705+0000][1][gc,task      ] GC(141) Using 1 workers of 1 for evacuation
[2020-09-11T17:20:42.714+0000][1][gc,age       ] GC(141) Desired survivor size 4358144 bytes, new threshold 6 (max threshold 6)
[2020-09-11T17:20:42.714+0000][1][gc,age       ] GC(141) Age table with threshold 6 (max threshold 6)
[2020-09-11T17:20:42.714+0000][1][gc,age       ] GC(141) - age   1:      63880 bytes,      63880 total
[2020-09-11T17:20:42.714+0000][1][gc,age       ] GC(141) - age   2:       4272 bytes,      68152 total
[2020-09-11T17:20:42.714+0000][1][gc,age       ] GC(141) - age   3:      27912 bytes,      96064 total
[2020-09-11T17:20:42.714+0000][1][gc,age       ] GC(141) - age   4:       6904 bytes,     102968 total
[2020-09-11T17:20:42.714+0000][1][gc,age       ] GC(141) - age   5:       5552 bytes,     108520 total
[2020-09-11T17:20:42.714+0000][1][gc,age       ] GC(141) - age   6:        328 bytes,     108848 total
[2020-09-11T17:20:42.714+0000][1][gc,heap      ] GC(141) ParNew: 68662K->152K(76672K)
[2020-09-11T17:20:42.714+0000][1][gc,heap      ] GC(141) CMS: 77582K->77584K(439104K)
[2020-09-11T17:20:42.714+0000][1][gc,metaspace ] GC(141) Metaspace: 95943K->95943K(1138688K)
[2020-09-11T17:20:42.714+0000][1][gc           ] GC(141) Pause Young (Allocation Failure) 142M->75M(503M) 8.895ms
[2020-09-11T17:20:42.714+0000][1][gc,cpu       ] GC(141) User=0.01s Sys=0.00s Real=0.01s
[2020-09-11T17:20:42.714+0000][1][safepoint    ] Safepoint "GenCollectForAllocation", Time since last: 5564642172 ns, Reaching safepoint: 3313498 ns, At safepoint: 8984293 ns, Total: 12297791 ns
[2020-09-11T17:20:45.415+0000][1][safepoint    ] Safepoint "RevokeBias", Time since last: 2700763560 ns, Reaching safepoint: 100384 ns, At safepoint: 23085 ns, Total: 123469 ns
[2020-09-11T17:20:47.101+0000][1][safepoint    ] Safepoint "RevokeBias", Time since last: 1684264943 ns, Reaching safepoint: 1921931 ns, At safepoint: 243946 ns, Total: 2165877 ns
[2020-09-11T17:20:55.344+0000][1][safepoint    ] Safepoint "RevokeBias", Time since last: 8242464872 ns, Reaching safepoint: 171413 ns, At safepoint: 24416 ns, Total: 195829 ns
[2020-09-11T17:20:57.124+0000][1][safepoint    ] Safepoint "RevokeBias", Time since last: 1780205417 ns, Reaching safepoint: 90946 ns, At safepoint: 21179 ns, Total: 112125 ns
[2020-09-11T17:20:58.124+0000][1][safepoint    ] Safepoint "Cleanup", Time since last: 1000113374 ns, Reaching safepoint: 91067 ns, At safepoint: 10352 ns, Total: 101419 ns
[2020-09-11T17:20:59.125+0000][1][safepoint    ] Safepoint "Cleanup", Time since last: 1000115391 ns, Reaching safepoint: 91992 ns, At safepoint: 10624 ns, Total: 102616 ns
[2020-09-11T17:21:00.125+0000][1][safepoint    ] Safepoint "Cleanup", Time since last: 1000116037 ns, Reaching safepoint: 117579 ns, At safepoint: 8850 ns, Total: 126429 ns
[2020-09-11T17:21:01.125+0000][1][safepoint    ] Safepoint "Cleanup", Time since last: 1000119057 ns, Reaching safepoint: 94356 ns, At safepoint: 10672 ns, Total: 105028 ns
[2020-09-11T17:21:02.125+0000][1][safepoint    ] Safepoint "Cleanup", Time since last: 1000113484 ns, Reaching safepoint: 90774 ns, At safepoint: 10208 ns, Total: 100982 ns
[2020-09-11T17:21:03.125+0000][1][safepoint    ] Safepoint "Cleanup", Time since last: 1000111240 ns, Reaching safepoint: 90856 ns, At safepoint: 9972 ns, Total: 100828 ns
[2020-09-11T17:21:04.126+0000][1][safepoint    ] Safepoint "Cleanup", Time since last: 1000109735 ns, Reaching safepoint: 92387 ns, At safepoint: 10101 ns, Total: 102488 ns
[2020-09-11T17:21:05.126+0000][1][safepoint    ] Safepoint "Cleanup", Time since last: 1000111906 ns, Reaching safepoint: 89635 ns, At safepoint: 11025 ns, Total: 100660 ns
[2020-09-11T17:21:05.345+0000][1][safepoint    ] Safepoint "BulkRevokeBias", Time since last: 218757872 ns, Reaching safepoint: 190901 ns, At safepoint: 256731 ns, Total: 447632 ns
[2020-09-11T17:21:06.345+0000][1][safepoint    ] Safepoint "Cleanup", Time since last: 1000111780 ns, Reaching safepoint: 110239 ns, At safepoint: 9755 ns, Total: 119994 ns
[2020-09-11T17:21:07.081+0000][1][gc,start     ] GC(142) Pause Young (Allocation Failure)
[2020-09-11T17:21:07.081+0000][1][gc,task      ] GC(142) Using 1 workers of 1 for evacuation
[2020-09-11T17:21:07.091+0000][1][gc,age       ] GC(142) Desired survivor size 4358144 bytes, new threshold 6 (max threshold 6)
[2020-09-11T17:21:07.091+0000][1][gc,age       ] GC(142) Age table with threshold 6 (max threshold 6)
[2020-09-11T17:21:07.091+0000][1][gc,age       ] GC(142) - age   1:     352896 bytes,     352896 total
[2020-09-11T17:21:07.091+0000][1][gc,age       ] GC(142) - age   2:       4088 bytes,     356984 total
[2020-09-11T17:21:07.091+0000][1][gc,age       ] GC(142) - age   3:       1896 bytes,     358880 total
[2020-09-11T17:21:07.091+0000][1][gc,age       ] GC(142) - age   4:      27640 bytes,     386520 total
[2020-09-11T17:21:07.091+0000][1][gc,age       ] GC(142) - age   5:       6904 bytes,     393424 total
[2020-09-11T17:21:07.091+0000][1][gc,age       ] GC(142) - age   6:       5552 bytes,     398976 total
[2020-09-11T17:21:07.091+0000][1][gc,heap      ] GC(142) ParNew: 68312K->471K(76672K)
[2020-09-11T17:21:07.091+0000][1][gc,heap      ] GC(142) CMS: 77584K->77584K(439104K)
[2020-09-11T17:21:07.091+0000][1][gc,metaspace ] GC(142) Metaspace: 95947K->95947K(1138688K)
[2020-09-11T17:21:07.091+0000][1][gc           ] GC(142) Pause Young (Allocation Failure) 142M->76M(503M) 10.132ms
[2020-09-11T17:21:07.091+0000][1][gc,cpu       ] GC(142) User=0.01s Sys=0.00s Real=0.00s
[2020-09-11T17:21:07.092+0000][1][safepoint    ] Safepoint "GenCollectForAllocation", Time since last: 733928526 ns, Reaching safepoint: 1604004 ns, At safepoint: 11555104 ns, Total: 13159108 ns
[2020-09-11T17:21:07.129+0000][1][safepoint    ] Safepoint "RevokeBias", Time since last: 35785253 ns, Reaching safepoint: 707844 ns, At safepoint: 25580 ns, Total: 733424 ns
[2020-09-11T17:21:08.129+0000][1][safepoint    ] Safepoint "Cleanup", Time since last: 1000110261 ns, Reaching safepoint: 90589 ns, At safepoint: 10299 ns, Total: 100888 ns
[2020-09-11T17:21:09.129+0000][1][safepoint    ] Safepoint "Cleanup", Time since last: 1000233918 ns, Reaching safepoint: 86202 ns, At safepoint: 6134 ns, Total: 92336 ns
[2020-09-11T17:21:10.130+0000][1][safepoint    ] Safepoint "Cleanup", Time since last: 1000114457 ns, Reaching safepoint: 90832 ns, At safepoint: 10518 ns, Total: 101350 ns
[2020-09-11T17:21:11.130+0000][1][safepoint    ] Safepoint "Cleanup", Time since last: 1000115418 ns, Reaching safepoint: 89895 ns, At safepoint: 10690 ns, Total: 100585 ns
[2020-09-11T17:21:12.130+0000][1][safepoint    ] Safepoint "Cleanup", Time since last: 1000114730 ns, Reaching safepoint: 90038 ns, At safepoint: 10838 ns, Total: 100876 ns
[2020-09-11T17:21:13.130+0000][1][safepoint    ] Safepoint "Cleanup", Time since last: 1000114232 ns, Reaching safepoint: 88479 ns, At safepoint: 10012 ns, Total: 98491 ns
[2020-09-11T17:21:14.131+0000][1][safepoint    ] Safepoint "Cleanup", Time since last: 1000114614 ns, Reaching safepoint: 92634 ns, At safepoint: 10615 ns, Total: 103249 ns
[2020-09-11T17:21:15.131+0000][1][safepoint    ] Safepoint "Cleanup", Time since last: 1000113286 ns, Reaching safepoint: 87624 ns, At safepoint: 7742 ns, Total: 95366 ns
[2020-09-11T17:21:15.352+0000][1][safepoint    ] Safepoint "RevokeBias", Time since last: 221466615 ns, Reaching safepoint: 174912 ns, At safepoint: 23022 ns, Total: 197934 ns
[2020-09-11T17:21:16.353+0000][1][safepoint    ] Safepoint "Cleanup", Time since last: 1000111944 ns, Reaching safepoint: 88313 ns, At safepoint: 8769 ns, Total: 97082 ns
[2020-09-11T17:21:17.153+0000][1][safepoint    ] Safepoint "RevokeBias", Time since last: 799529305 ns, Reaching safepoint: 776801 ns, At safepoint: 236302 ns, Total: 1013103 ns
[2020-09-11T17:21:18.153+0000][1][safepoint    ] Safepoint "Cleanup", Time since last: 1000114458 ns, Reaching safepoint: 94988 ns, At safepoint: 8472 ns, Total: 103460 ns
[2020-09-11T17:21:19.154+0000][1][safepoint    ] Safepoint "Cleanup", Time since last: 1000115193 ns, Reaching safepoint: 91425 ns, At safepoint: 10084 ns, Total: 101509 ns
[2020-09-11T17:21:20.154+0000][1][safepoint    ] Safepoint "Cleanup", Time since last: 1000113562 ns, Reaching safepoint: 90230 ns, At safepoint: 10751 ns, Total: 100981 ns
[2020-09-11T17:21:21.154+0000][1][safepoint    ] Safepoint "Cleanup", Time since last: 1000115727 ns, Reaching safepoint: 93173 ns, At safepoint: 10250 ns, Total: 103423 ns
[2020-09-11T17:21:22.154+0000][1][safepoint    ] Safepoint "Cleanup", Time since last: 1000110166 ns, Reaching safepoint: 89112 ns, At safepoint: 10114 ns, Total: 99226 ns
[2020-09-11T17:21:23.155+0000][1][safepoint    ] Safepoint "Cleanup", Time since last: 1000413395 ns, Reaching safepoint: 115460 ns, At safepoint: 9806 ns, Total: 125266 ns
[2020-09-11T17:21:24.155+0000][1][safepoint    ] Safepoint "Cleanup", Time since last: 1000110748 ns, Reaching safepoint: 91200 ns, At safepoint: 9253 ns, Total: 100453 ns
[2020-09-11T17:21:25.155+0000][1][safepoint    ] Safepoint "Cleanup", Time since last: 1000112033 ns, Reaching safepoint: 86702 ns, At safepoint: 7980 ns, Total: 94682 ns
[2020-09-11T17:21:25.346+0000][1][safepoint    ] Safepoint "RevokeBias", Time since last: 190728010 ns, Reaching safepoint: 174915 ns, At safepoint: 23652 ns, Total: 198567 ns
[2020-09-11T17:21:26.346+0000][1][safepoint    ] Safepoint "Cleanup", Time since last: 1000107602 ns, Reaching safepoint: 89823 ns, At safepoint: 11097 ns, Total: 100920 ns
[2020-09-11T17:21:27.107+0000][1][safepoint    ] Safepoint "RevokeBias", Time since last: 760811766 ns, Reaching safepoint: 100799 ns, At safepoint: 25260 ns, Total: 126059 ns
[2020-09-11T17:21:27.161+0000][1][gc,start     ] GC(143) Pause Young (Allocation Failure)
[2020-09-11T17:21:27.161+0000][1][gc,task      ] GC(143) Using 1 workers of 1 for evacuation
[2020-09-11T17:21:27.175+0000][1][gc,age       ] GC(143) Desired survivor size 4358144 bytes, new threshold 6 (max threshold 6)
[2020-09-11T17:21:27.175+0000][1][gc,age       ] GC(143) Age table with threshold 6 (max threshold 6)
[2020-09-11T17:21:27.175+0000][1][gc,age       ] GC(143) - age   1:     519984 bytes,     519984 total
[2020-09-11T17:21:27.175+0000][1][gc,age       ] GC(143) - age   2:       2352 bytes,     522336 total
[2020-09-11T17:21:27.175+0000][1][gc,age       ] GC(143) - age   3:       2120 bytes,     524456 total
[2020-09-11T17:21:27.175+0000][1][gc,age       ] GC(143) - age   4:       1624 bytes,     526080 total
[2020-09-11T17:21:27.175+0000][1][gc,age       ] GC(143) - age   5:      27640 bytes,     553720 total
[2020-09-11T17:21:27.175+0000][1][gc,age       ] GC(143) - age   6:       6904 bytes,     560624 total
[2020-09-11T17:21:27.175+0000][1][gc,heap      ] GC(143) ParNew: 68631K->643K(76672K)
[2020-09-11T17:21:27.175+0000][1][gc,heap      ] GC(143) CMS: 77584K->77589K(439104K)
[2020-09-11T17:21:27.175+0000][1][gc,metaspace ] GC(143) Metaspace: 95962K->95962K(1138688K)
[2020-09-11T17:21:27.175+0000][1][gc           ] GC(143) Pause Young (Allocation Failure) 142M->76M(503M) 13.494ms
[2020-09-11T17:21:27.175+0000][1][gc,cpu       ] GC(143) User=0.00s Sys=0.00s Real=0.01s
[2020-09-11T17:21:27.181+0000][1][safepoint    ] Safepoint "GenCollectForAllocation", Time since last: 53789368 ns, Reaching safepoint: 168149 ns, At safepoint: 19554310 ns, Total: 19722459 ns
[2020-09-11T17:21:28.187+0000][1][safepoint    ] Safepoint "Cleanup", Time since last: 1005710354 ns, Reaching safepoint: 95886 ns, At safepoint: 11591 ns, Total: 107477 ns
[2020-09-11T17:21:29.187+0000][1][safepoint    ] Safepoint "Cleanup", Time since last: 1000130403 ns, Reaching safepoint: 88075 ns, At safepoint: 10336 ns, Total: 98411 ns
[2020-09-11T17:21:30.187+0000][1][safepoint    ] Safepoint "Cleanup", Time since last: 1000114848 ns, Reaching safepoint: 91363 ns, At safepoint: 9651 ns, Total: 101014 ns
[2020-09-11T17:21:31.187+0000][1][safepoint    ] Safepoint "Cleanup", Time since last: 1000113026 ns, Reaching safepoint: 87312 ns, At safepoint: 7123 ns, Total: 94435 ns
[2020-09-11T17:21:32.187+0000][1][safepoint    ] Safepoint "Cleanup", Time since last: 1000111851 ns, Reaching safepoint: 87124 ns, At safepoint: 7735 ns, Total: 94859 ns
[2020-09-11T17:21:33.188+0000][1][safepoint    ] Safepoint "Cleanup", Time since last: 1000110651 ns, Reaching safepoint: 106386 ns, At safepoint: 9539 ns, Total: 115925 ns
[2020-09-11T17:21:34.188+0000][1][safepoint    ] Safepoint "Cleanup", Time since last: 1000105959 ns, Reaching safepoint: 88068 ns, At safepoint: 7158 ns, Total: 95226 ns
[2020-09-11T17:21:35.188+0000][1][safepoint    ] Safepoint "Cleanup", Time since last: 1000113636 ns, Reaching safepoint: 101570 ns, At safepoint: 8406 ns, Total: 109976 ns
[2020-09-11T17:21:35.406+0000][1][safepoint    ] Safepoint "RevokeBias", Time since last: 218115709 ns, Reaching safepoint: 168025 ns, At safepoint: 24496 ns, Total: 192521 ns
[2020-09-11T17:21:36.407+0000][1][safepoint    ] Safepoint "Cleanup", Time since last: 1000131689 ns, Reaching safepoint: 89829 ns, At safepoint: 10064 ns, Total: 99893 ns
[2020-09-11T17:21:37.101+0000][1][safepoint    ] Safepoint "RevokeBias", Time since last: 690413583 ns, Reaching safepoint: 3807574 ns, At safepoint: 25423 ns, Total: 3832997 ns
[2020-09-11T17:21:38.101+0000][1][safepoint    ] Safepoint "Cleanup", Time since last: 1000113492 ns, Reaching safepoint: 97257 ns, At safepoint: 10446 ns, Total: 107703 ns
[2020-09-11T17:21:39.101+0000][1][safepoint    ] Safepoint "Cleanup", Time since last: 1000116697 ns, Reaching safepoint: 98516 ns, At safepoint: 11362 ns, Total: 109878 ns
[2020-09-11T17:21:40.102+0000][1][safepoint    ] Safepoint "Cleanup", Time since last: 1000131948 ns, Reaching safepoint: 90840 ns, At safepoint: 9988 ns, Total: 100828 ns
[2020-09-11T17:21:41.102+0000][1][safepoint    ] Safepoint "Cleanup", Time since last: 1000112707 ns, Reaching safepoint: 93052 ns, At safepoint: 10220 ns, Total: 103272 ns
[2020-09-11T17:21:42.102+0000][1][safepoint    ] Safepoint "Cleanup", Time since last: 1000117029 ns, Reaching safepoint: 88865 ns, At safepoint: 10945 ns, Total: 99810 ns
[2020-09-11T17:21:43.102+0000][1][safepoint    ] Safepoint "Cleanup", Time since last: 1000115872 ns, Reaching safepoint: 88615 ns, At safepoint: 8121 ns, Total: 96736 ns
[2020-09-11T17:21:44.102+0000][1][safepoint    ] Safepoint "Cleanup", Time since last: 1000119356 ns, Reaching safepoint: 93625 ns, At safepoint: 11142 ns, Total: 104767 ns
[2020-09-11T17:21:45.103+0000][1][safepoint    ] Safepoint "Cleanup", Time since last: 1000114458 ns, Reaching safepoint: 90492 ns, At safepoint: 9655 ns, Total: 100147 ns
[2020-09-11T17:21:45.357+0000][1][safepoint    ] Safepoint "RevokeBias", Time since last: 253813531 ns, Reaching safepoint: 169612 ns, At safepoint: 23185 ns, Total: 192797 ns
[2020-09-11T17:21:46.357+0000][1][safepoint    ] Safepoint "Cleanup", Time since last: 1000110167 ns, Reaching safepoint: 89636 ns, At safepoint: 9836 ns, Total: 99472 ns
[2020-09-11T17:21:47.145+0000][1][safepoint    ] Safepoint "RevokeBias", Time since last: 788166738 ns, Reaching safepoint: 96054 ns, At safepoint: 23999 ns, Total: 120053 ns
[2020-09-11T17:21:47.782+0000][1][gc,start     ] GC(144) Pause Young (Allocation Failure)
[2020-09-11T17:21:47.782+0000][1][gc,task      ] GC(144) Using 1 workers of 1 for evacuation
[2020-09-11T17:21:47.790+0000][1][gc,age       ] GC(144) Desired survivor size 4358144 bytes, new threshold 6 (max threshold 6)
[2020-09-11T17:21:47.790+0000][1][gc,age       ] GC(144) Age table with threshold 6 (max threshold 6)
[2020-09-11T17:21:47.790+0000][1][gc,age       ] GC(144) - age   1:      52328 bytes,      52328 total
[2020-09-11T17:21:47.790+0000][1][gc,age       ] GC(144) - age   2:      19640 bytes,      71968 total
[2020-09-11T17:21:47.790+0000][1][gc,age       ] GC(144) - age   3:        376 bytes,      72344 total
[2020-09-11T17:21:47.790+0000][1][gc,age       ] GC(144) - age   4:       1808 bytes,      74152 total
[2020-09-11T17:21:47.790+0000][1][gc,age       ] GC(144) - age   5:       1624 bytes,      75776 total
[2020-09-11T17:21:47.790+0000][1][gc,age       ] GC(144) - age   6:      27640 bytes,     103416 total
[2020-09-11T17:21:47.791+0000][1][gc,heap      ] GC(144) ParNew: 68803K->491K(76672K)
[2020-09-11T17:21:47.791+0000][1][gc,heap      ] GC(144) CMS: 77589K->77596K(439104K)
[2020-09-11T17:21:47.791+0000][1][gc,metaspace ] GC(144) Metaspace: 96002K->96002K(1138688K)
[2020-09-11T17:21:47.791+0000][1][gc           ] GC(144) Pause Young (Allocation Failure) 142M->76M(503M) 8.249ms
[2020-09-11T17:21:47.791+0000][1][gc,cpu       ] GC(144) User=0.01s Sys=0.00s Real=0.00s
[2020-09-11T17:21:47.798+0000][1][safepoint    ] Safepoint "GenCollectForAllocation", Time since last: 636894493 ns, Reaching safepoint: 232621 ns, At safepoint: 15717750 ns, Total: 15950371 ns
[2020-09-11T17:21:48.802+0000][1][safepoint    ] Safepoint "Cleanup", Time since last: 1003695282 ns, Reaching safepoint: 159313 ns, At safepoint: 228735 ns, Total: 388048 ns
[2020-09-11T17:21:49.802+0000][1][safepoint    ] Safepoint "Cleanup", Time since last: 1000111313 ns, Reaching safepoint: 82430 ns, At safepoint: 17840 ns, Total: 100270 ns
[2020-09-11T17:21:50.803+0000][1][safepoint    ] Safepoint "Cleanup", Time since last: 1000109129 ns, Reaching safepoint: 80392 ns, At safepoint: 16640 ns, Total: 97032 ns
[2020-09-11T17:21:51.803+0000][1][safepoint    ] Safepoint "Cleanup", Time since last: 1000114034 ns, Reaching safepoint: 161116 ns, At safepoint: 20651 ns, Total: 181767 ns
[2020-09-11T17:21:52.803+0000][1][safepoint    ] Safepoint "Cleanup", Time since last: 1000108445 ns, Reaching safepoint: 160259 ns, At safepoint: 8517 ns, Total: 168776 ns
[2020-09-11T17:21:53.803+0000][1][safepoint    ] Safepoint "Cleanup", Time since last: 1000123505 ns, Reaching safepoint: 91521 ns, At safepoint: 7206 ns, Total: 98727 ns
[2020-09-11T17:21:54.804+0000][1][safepoint    ] Safepoint "Cleanup", Time since last: 1000112788 ns, Reaching safepoint: 91796 ns, At safepoint: 11056 ns, Total: 102852 ns
[2020-09-11T17:21:55.420+0000][1][safepoint    ] Safepoint "RevokeBias", Time since last: 616029692 ns, Reaching safepoint: 151181 ns, At safepoint: 24730 ns, Total: 175911 ns
[2020-09-11T17:21:56.420+0000][1][safepoint    ] Safepoint "Cleanup", Time since last: 1000109718 ns, Reaching safepoint: 90389 ns, At safepoint: 11584 ns, Total: 101973 ns
[2020-09-11T17:21:57.110+0000][1][safepoint    ] Safepoint "RevokeBias", Time since last: 689510531 ns, Reaching safepoint: 87189 ns, At safepoint: 21146 ns, Total: 108335 ns
[2020-09-11T17:21:58.110+0000][1][safepoint    ] Safepoint "Cleanup", Time since last: 1000109782 ns, Reaching safepoint: 94083 ns, At safepoint: 10416 ns, Total: 104499 ns
[2020-09-11T17:21:59.110+0000][1][safepoint    ] Safepoint "Cleanup", Time since last: 1000115467 ns, Reaching safepoint: 92310 ns, At safepoint: 9830 ns, Total: 102140 ns
[2020-09-11T17:22:00.110+0000][1][safepoint    ] Safepoint "Cleanup", Time since last: 1000114268 ns, Reaching safepoint: 90789 ns, At safepoint: 8760 ns, Total: 99549 ns
[2020-09-11T17:22:01.110+0000][1][safepoint    ] Safepoint "Cleanup", Time since last: 1000117160 ns, Reaching safepoint: 107243 ns, At safepoint: 11755 ns, Total: 118998 ns
[2020-09-11T17:22:02.111+0000][1][safepoint    ] Safepoint "Cleanup", Time since last: 1000116837 ns, Reaching safepoint: 89031 ns, At safepoint: 9486 ns, Total: 98517 ns
[2020-09-11T17:22:03.111+0000][1][safepoint    ] Safepoint "Cleanup", Time since last: 1000112403 ns, Reaching safepoint: 90196 ns, At safepoint: 10075 ns, Total: 100271 ns
[2020-09-11T17:22:04.111+0000][1][safepoint    ] Safepoint "Cleanup", Time since last: 1000117946 ns, Reaching safepoint: 93483 ns, At safepoint: 10397 ns, Total: 103880 ns
[2020-09-11T17:22:05.111+0000][1][safepoint    ] Safepoint "Cleanup", Time since last: 1000116784 ns, Reaching safepoint: 92698 ns, At safepoint: 9668 ns, Total: 102366 ns
[2020-09-11T17:22:05.350+0000][1][safepoint    ] Safepoint "RevokeBias", Time since last: 238651975 ns, Reaching safepoint: 171209 ns, At safepoint: 24392 ns, Total: 195601 ns
[2020-09-11T17:22:06.350+0000][1][safepoint    ] Safepoint "Cleanup", Time since last: 1000107158 ns, Reaching safepoint: 90744 ns, At safepoint: 10528 ns, Total: 101272 ns
[2020-09-11T17:22:07.083+0000][1][safepoint    ] Safepoint "RevokeBias", Time since last: 730878979 ns, Reaching safepoint: 2165797 ns, At safepoint: 26557 ns, Total: 2192354 ns
[2020-09-11T17:22:08.084+0000][1][safepoint    ] Safepoint "Cleanup", Time since last: 1000115603 ns, Reaching safepoint: 107180 ns, At safepoint: 11357 ns, Total: 118537 ns
[2020-09-11T17:22:09.084+0000][1][safepoint    ] Safepoint "Cleanup", Time since last: 1000115429 ns, Reaching safepoint: 91024 ns, At safepoint: 9781 ns, Total: 100805 ns
[2020-09-11T17:22:10.084+0000][1][safepoint    ] Safepoint "Cleanup", Time since last: 1000112233 ns, Reaching safepoint: 109533 ns, At safepoint: 10713 ns, Total: 120246 ns
[2020-09-11T17:22:11.084+0000][1][safepoint    ] Safepoint "Cleanup", Time since last: 1000129147 ns, Reaching safepoint: 90936 ns, At safepoint: 11157 ns, Total: 102093 ns
[2020-09-11T17:22:12.085+0000][1][safepoint    ] Safepoint "Cleanup", Time since last: 1000115134 ns, Reaching safepoint: 93063 ns, At safepoint: 11064 ns, Total: 104127 ns
[2020-09-11T17:22:12.825+0000][1][gc,start     ] GC(145) Pause Young (Allocation Failure)
[2020-09-11T17:22:12.825+0000][1][gc,task      ] GC(145) Using 1 workers of 1 for evacuation
[2020-09-11T17:22:12.833+0000][1][gc,age       ] GC(145) Desired survivor size 4358144 bytes, new threshold 6 (max threshold 6)
[2020-09-11T17:22:12.834+0000][1][gc,age       ] GC(145) Age table with threshold 6 (max threshold 6)
[2020-09-11T17:22:12.834+0000][1][gc,age       ] GC(145) - age   1:      65408 bytes,      65408 total
[2020-09-11T17:22:12.834+0000][1][gc,age       ] GC(145) - age   2:       7136 bytes,      72544 total
[2020-09-11T17:22:12.834+0000][1][gc,age       ] GC(145) - age   3:       2376 bytes,      74920 total
[2020-09-11T17:22:12.834+0000][1][gc,age       ] GC(145) - age   4:         88 bytes,      75008 total
[2020-09-11T17:22:12.834+0000][1][gc,age       ] GC(145) - age   5:       1808 bytes,      76816 total
[2020-09-11T17:22:12.834+0000][1][gc,age       ] GC(145) - age   6:       1624 bytes,      78440 total
[2020-09-11T17:22:12.834+0000][1][gc,heap      ] GC(145) ParNew: 68651K->148K(76672K)
[2020-09-11T17:22:12.834+0000][1][gc,heap      ] GC(145) CMS: 77596K->77623K(439104K)
[2020-09-11T17:22:12.834+0000][1][gc,metaspace ] GC(145) Metaspace: 96010K->96010K(1138688K)
[2020-09-11T17:22:12.834+0000][1][gc           ] GC(145) Pause Young (Allocation Failure) 142M->75M(503M) 8.778ms
[2020-09-11T17:22:12.834+0000][1][gc,cpu       ] GC(145) User=0.00s Sys=0.00s Real=0.01s
[2020-09-11T17:22:12.834+0000][1][safepoint    ] Safepoint "GenCollectForAllocation", Time since last: 738206358 ns, Reaching safepoint: 2086987 ns, At safepoint: 8894026 ns, Total: 10981013 ns
[2020-09-11T17:22:13.841+0000][1][safepoint    ] Safepoint "Cleanup", Time since last: 1007114310 ns, Reaching safepoint: 85566 ns, At safepoint: 22092 ns, Total: 107658 ns
[2020-09-11T17:22:14.841+0000][1][safepoint    ] Safepoint "Cleanup", Time since last: 1000107707 ns, Reaching safepoint: 92474 ns, At safepoint: 19291 ns, Total: 111765 ns
[2020-09-11T17:22:15.380+0000][1][safepoint    ] Safepoint "RevokeBias", Time since last: 539005547 ns, Reaching safepoint: 92428 ns, At safepoint: 22452 ns, Total: 114880 ns
[2020-09-11T17:22:16.381+0000][1][safepoint    ] Safepoint "Cleanup", Time since last: 1000115161 ns, Reaching safepoint: 91549 ns, At safepoint: 10626 ns, Total: 102175 ns
[2020-09-11T17:22:17.116+0000][1][safepoint    ] Safepoint "RevokeBias", Time since last: 735009504 ns, Reaching safepoint: 189068 ns, At safepoint: 25116 ns, Total: 214184 ns
[2020-09-11T17:22:18.116+0000][1][safepoint    ] Safepoint "Cleanup", Time since last: 1000116460 ns, Reaching safepoint: 90461 ns, At safepoint: 10298 ns, Total: 100759 ns
[2020-09-11T17:22:19.116+0000][1][safepoint    ] Safepoint "Cleanup", Time since last: 1000117514 ns, Reaching safepoint: 91153 ns, At safepoint: 9823 ns, Total: 100976 ns
[2020-09-11T17:22:20.116+0000][1][safepoint    ] Safepoint "Cleanup", Time since last: 1000112435 ns, Reaching safepoint: 90403 ns, At safepoint: 9875 ns, Total: 100278 ns
[2020-09-11T17:22:21.117+0000][1][safepoint    ] Safepoint "Cleanup", Time since last: 1000118333 ns, Reaching safepoint: 91726 ns, At safepoint: 10042 ns, Total: 101768 ns
[2020-09-11T17:22:22.117+0000][1][safepoint    ] Safepoint "Cleanup", Time since last: 1000137291 ns, Reaching safepoint: 93204 ns, At safepoint: 10535 ns, Total: 103739 ns
[2020-09-11T17:22:23.117+0000][1][safepoint    ] Safepoint "Cleanup", Time since last: 1000111517 ns, Reaching safepoint: 115058 ns, At safepoint: 10670 ns, Total: 125728 ns
[2020-09-11T17:22:24.117+0000][1][safepoint    ] Safepoint "Cleanup", Time since last: 1000115267 ns, Reaching safepoint: 96896 ns, At safepoint: 10203 ns, Total: 107099 ns
[2020-09-11T17:22:25.118+0000][1][safepoint    ] Safepoint "Cleanup", Time since last: 1000115993 ns, Reaching safepoint: 92620 ns, At safepoint: 11045 ns, Total: 103665 ns
[2020-09-11T17:22:25.366+0000][1][safepoint    ] Safepoint "RevokeBias", Time since last: 248438655 ns, Reaching safepoint: 168342 ns, At safepoint: 25136 ns, Total: 193478 ns
[2020-09-11T17:22:26.366+0000][1][safepoint    ] Safepoint "Cleanup", Time since last: 1000107882 ns, Reaching safepoint: 89866 ns, At safepoint: 10686 ns, Total: 100552 ns
[2020-09-11T17:22:27.091+0000][1][safepoint    ] Safepoint "RevokeBias", Time since last: 724183822 ns, Reaching safepoint: 95593 ns, At safepoint: 20479 ns, Total: 116072 ns
[2020-09-11T17:22:28.091+0000][1][safepoint    ] Safepoint "Cleanup", Time since last: 1000101922 ns, Reaching safepoint: 88817 ns, At safepoint: 10447 ns, Total: 99264 ns
[2020-09-11T17:22:29.091+0000][1][safepoint    ] Safepoint "Cleanup", Time since last: 1000117045 ns, Reaching safepoint: 89859 ns, At safepoint: 10460 ns, Total: 100319 ns
[2020-09-11T17:22:30.091+0000][1][safepoint    ] Safepoint "Cleanup", Time since last: 1000122421 ns, Reaching safepoint: 90898 ns, At safepoint: 8439 ns, Total: 99337 ns
[2020-09-11T17:22:35.359+0000][1][safepoint    ] Safepoint "RevokeBias", Time since last: 5267208339 ns, Reaching safepoint: 166910 ns, At safepoint: 23410 ns, Total: 190320 ns
[2020-09-11T17:22:36.985+0000][1][gc,start     ] GC(146) Pause Young (Allocation Failure)
[2020-09-11T17:22:36.985+0000][1][gc,task      ] GC(146) Using 1 workers of 1 for evacuation
[2020-09-11T17:22:36.993+0000][1][gc,age       ] GC(146) Desired survivor size 4358144 bytes, new threshold 6 (max threshold 6)
[2020-09-11T17:22:36.993+0000][1][gc,age       ] GC(146) Age table with threshold 6 (max threshold 6)
[2020-09-11T17:22:36.993+0000][1][gc,age       ] GC(146) - age   1:     271848 bytes,     271848 total
[2020-09-11T17:22:36.993+0000][1][gc,age       ] GC(146) - age   2:       3824 bytes,     275672 total
[2020-09-11T17:22:36.993+0000][1][gc,age       ] GC(146) - age   3:       5048 bytes,     280720 total
[2020-09-11T17:22:36.993+0000][1][gc,age       ] GC(146) - age   4:       2104 bytes,     282824 total
[2020-09-11T17:22:36.993+0000][1][gc,age       ] GC(146) - age   5:         88 bytes,     282912 total
[2020-09-11T17:22:36.993+0000][1][gc,age       ] GC(146) - age   6:       1808 bytes,     284720 total
[2020-09-11T17:22:36.993+0000][1][gc,heap      ] GC(146) ParNew: 68308K->326K(76672K)
[2020-09-11T17:22:36.993+0000][1][gc,heap      ] GC(146) CMS: 77623K->77625K(439104K)
[2020-09-11T17:22:36.993+0000][1][gc,metaspace ] GC(146) Metaspace: 96010K->96010K(1138688K)
[2020-09-11T17:22:36.993+0000][1][gc           ] GC(146) Pause Young (Allocation Failure) 142M->76M(503M) 8.379ms
[2020-09-11T17:22:36.993+0000][1][gc,cpu       ] GC(146) User=0.00s Sys=0.00s Real=0.01s
[2020-09-11T17:22:37.002+0000][1][safepoint    ] Safepoint "GenCollectForAllocation", Time since last: 1622755698 ns, Reaching safepoint: 3449396 ns, At safepoint: 16782828 ns, Total: 20232224 ns
[2020-09-11T17:22:37.121+0000][1][safepoint    ] Safepoint "RevokeBias", Time since last: 115400989 ns, Reaching safepoint: 3802578 ns, At safepoint: 250650 ns, Total: 4053228 ns
[2020-09-11T17:22:38.121+0000][1][safepoint    ] Safepoint "Cleanup", Time since last: 1000118186 ns, Reaching safepoint: 101995 ns, At safepoint: 11682 ns, Total: 113677 ns
[2020-09-11T17:22:45.351+0000][1][safepoint    ] Safepoint "RevokeBias", Time since last: 7228971696 ns, Reaching safepoint: 169486 ns, At safepoint: 23722 ns, Total: 193208 ns
[2020-09-11T17:22:47.112+0000][1][safepoint    ] Safepoint "RevokeBias", Time since last: 1759435495 ns, Reaching safepoint: 2149272 ns, At safepoint: 211101 ns, Total: 2360373 ns
[2020-09-11T17:22:48.113+0000][1][safepoint    ] Safepoint "Cleanup", Time since last: 1000116978 ns, Reaching safepoint: 97258 ns, At safepoint: 10141 ns, Total: 107399 ns
[2020-09-11T17:22:55.350+0000][1][safepoint    ] Safepoint "RevokeBias", Time since last: 7237554135 ns, Reaching safepoint: 167912 ns, At safepoint: 24007 ns, Total: 191919 ns
[2020-09-11T17:22:57.130+0000][1][safepoint    ] Safepoint "RevokeBias", Time since last: 1779181403 ns, Reaching safepoint: 183145 ns, At safepoint: 22923 ns, Total: 206068 ns
[2020-09-11T17:22:57.209+0000][1][gc,start     ] GC(147) Pause Young (Allocation Failure)
[2020-09-11T17:22:57.209+0000][1][gc,task      ] GC(147) Using 1 workers of 1 for evacuation
[2020-09-11T17:22:57.221+0000][1][gc,age       ] GC(147) Desired survivor size 4358144 bytes, new threshold 6 (max threshold 6)
[2020-09-11T17:22:57.221+0000][1][gc,age       ] GC(147) Age table with threshold 6 (max threshold 6)
[2020-09-11T17:22:57.221+0000][1][gc,age       ] GC(147) - age   1:     542432 bytes,     542432 total
[2020-09-11T17:22:57.221+0000][1][gc,age       ] GC(147) - age   2:       2392 bytes,     544824 total
[2020-09-11T17:22:57.221+0000][1][gc,age       ] GC(147) - age   3:       1584 bytes,     546408 total
[2020-09-11T17:22:57.221+0000][1][gc,age       ] GC(147) - age   4:       4736 bytes,     551144 total
[2020-09-11T17:22:57.221+0000][1][gc,age       ] GC(147) - age   5:       2104 bytes,     553248 total
[2020-09-11T17:22:57.221+0000][1][gc,age       ] GC(147) - age   6:         88 bytes,     553336 total
[2020-09-11T17:22:57.221+0000][1][gc,heap      ] GC(147) ParNew: 68486K->707K(76672K)
[2020-09-11T17:22:57.221+0000][1][gc,heap      ] GC(147) CMS: 77625K->77626K(439104K)
[2020-09-11T17:22:57.221+0000][1][gc,metaspace ] GC(147) Metaspace: 96023K->96023K(1138688K)
[2020-09-11T17:22:57.221+0000][1][gc           ] GC(147) Pause Young (Allocation Failure) 142M->76M(503M) 12.030ms
[2020-09-11T17:22:57.221+0000][1][gc,cpu       ] GC(147) User=0.01s Sys=0.00s Real=0.02s
[2020-09-11T17:22:57.229+0000][1][safepoint    ] Safepoint "GenCollectForAllocation", Time since last: 79523599 ns, Reaching safepoint: 163714 ns, At safepoint: 19391651 ns, Total: 19555365 ns
[2020-09-11T17:23:05.412+0000][1][safepoint    ] Safepoint "RevokeBias", Time since last: 8182606944 ns, Reaching safepoint: 400093 ns, At safepoint: 24850 ns, Total: 424943 ns
[2020-09-11T17:23:06.412+0000][1][safepoint    ] Safepoint "Cleanup", Time since last: 1000112402 ns, Reaching safepoint: 94898 ns, At safepoint: 10878 ns, Total: 105776 ns
[2020-09-11T17:23:07.093+0000][1][safepoint    ] Safepoint "RevokeBias", Time since last: 677931959 ns, Reaching safepoint: 2953876 ns, At safepoint: 241769 ns, Total: 3195645 ns
[2020-09-11T17:23:15.096+0000][1][safepoint    ] Safepoint "Cleanup", Time since last: 8002693374 ns, Reaching safepoint: 111145 ns, At safepoint: 10915 ns, Total: 122060 ns
[2020-09-11T17:23:15.402+0000][1][safepoint    ] Safepoint "RevokeBias", Time since last: 305693731 ns, Reaching safepoint: 174237 ns, At safepoint: 27565 ns, Total: 201802 ns
[2020-09-11T17:23:17.100+0000][1][safepoint    ] Safepoint "RevokeBias", Time since last: 1695138510 ns, Reaching safepoint: 2769229 ns, At safepoint: 240631 ns, Total: 3009860 ns
[2020-09-11T17:23:17.897+0000][1][gc,start     ] GC(148) Pause Young (Allocation Failure)
[2020-09-11T17:23:17.897+0000][1][gc,task      ] GC(148) Using 1 workers of 1 for evacuation
[2020-09-11T17:23:17.906+0000][1][gc,age       ] GC(148) Desired survivor size 4358144 bytes, new threshold 6 (max threshold 6)
[2020-09-11T17:23:17.906+0000][1][gc,age       ] GC(148) Age table with threshold 6 (max threshold 6)
[2020-09-11T17:23:17.906+0000][1][gc,age       ] GC(148) - age   1:      49088 bytes,      49088 total
[2020-09-11T17:23:17.906+0000][1][gc,age       ] GC(148) - age   2:      36088 bytes,      85176 total
[2020-09-11T17:23:17.906+0000][1][gc,age       ] GC(148) - age   3:        512 bytes,      85688 total
[2020-09-11T17:23:17.906+0000][1][gc,age       ] GC(148) - age   4:       1296 bytes,      86984 total
[2020-09-11T17:23:17.906+0000][1][gc,age       ] GC(148) - age   5:       4736 bytes,      91720 total
[2020-09-11T17:23:17.906+0000][1][gc,age       ] GC(148) - age   6:       1792 bytes,      93512 total
[2020-09-11T17:23:17.906+0000][1][gc,heap      ] GC(148) ParNew: 68867K->449K(76672K)
[2020-09-11T17:23:17.906+0000][1][gc,heap      ] GC(148) CMS: 77626K->77627K(439104K)
[2020-09-11T17:23:17.906+0000][1][gc,metaspace ] GC(148) Metaspace: 96039K->96039K(1138688K)
[2020-09-11T17:23:17.906+0000][1][gc           ] GC(148) Pause Young (Allocation Failure) 143M->76M(503M) 9.056ms
[2020-09-11T17:23:17.906+0000][1][gc,cpu       ] GC(148) User=0.00s Sys=0.00s Real=0.01s
[2020-09-11T17:23:17.906+0000][1][safepoint    ] Safepoint "GenCollectForAllocation", Time since last: 795874334 ns, Reaching safepoint: 930884 ns, At safepoint: 9144916 ns, Total: 10075800 ns
[2020-09-11T17:23:18.908+0000][1][safepoint    ] Safepoint "Cleanup", Time since last: 1001752819 ns, Reaching safepoint: 82392 ns, At safepoint: 18070 ns, Total: 100462 ns
[2020-09-11T17:23:19.908+0000][1][safepoint    ] Safepoint "Cleanup", Time since last: 1000121638 ns, Reaching safepoint: 85775 ns, At safepoint: 17978 ns, Total: 103753 ns
[2020-09-11T17:23:20.908+0000][1][safepoint    ] Safepoint "Cleanup", Time since last: 1000129875 ns, Reaching safepoint: 87439 ns, At safepoint: 18139 ns, Total: 105578 ns
[2020-09-11T17:23:21.909+0000][1][safepoint    ] Safepoint "Cleanup", Time since last: 1000105945 ns, Reaching safepoint: 85145 ns, At safepoint: 18628 ns, Total: 103773 ns
[2020-09-11T17:23:22.909+0000][1][safepoint    ] Safepoint "Cleanup", Time since last: 1000116408 ns, Reaching safepoint: 95773 ns, At safepoint: 10289 ns, Total: 106062 ns
[2020-09-11T17:23:23.909+0000][1][safepoint    ] Safepoint "Cleanup", Time since last: 1000150121 ns, Reaching safepoint: 85638 ns, At safepoint: 7429 ns, Total: 93067 ns
[2020-09-11T17:23:24.909+0000][1][safepoint    ] Safepoint "Cleanup", Time since last: 1000112931 ns, Reaching safepoint: 95714 ns, At safepoint: 9320 ns, Total: 105034 ns
[2020-09-11T17:23:25.354+0000][1][safepoint    ] Safepoint "RevokeBias", Time since last: 444418667 ns, Reaching safepoint: 199333 ns, At safepoint: 23533 ns, Total: 222866 ns
[2020-09-11T17:23:26.354+0000][1][safepoint    ] Safepoint "Cleanup", Time since last: 1000104549 ns, Reaching safepoint: 90205 ns, At safepoint: 9343 ns, Total: 99548 ns
[2020-09-11T17:23:27.093+0000][1][safepoint    ] Safepoint "RevokeBias", Time since last: 738576562 ns, Reaching safepoint: 291988 ns, At safepoint: 232790 ns, Total: 524778 ns
[2020-09-11T17:23:28.093+0000][1][safepoint    ] Safepoint "Cleanup", Time since last: 1000114874 ns, Reaching safepoint: 98258 ns, At safepoint: 11636 ns, Total: 109894 ns
[2020-09-11T17:23:29.094+0000][1][safepoint    ] Safepoint "Cleanup", Time since last: 1000118791 ns, Reaching safepoint: 88546 ns, At safepoint: 7461 ns, Total: 96007 ns
[2020-09-11T17:23:30.094+0000][1][safepoint    ] Safepoint "Cleanup", Time since last: 1000116304 ns, Reaching safepoint: 91322 ns, At safepoint: 11995 ns, Total: 103317 ns
[2020-09-11T17:23:31.094+0000][1][safepoint    ] Safepoint "Cleanup", Time since last: 1000118777 ns, Reaching safepoint: 109049 ns, At safepoint: 11107 ns, Total: 120156 ns
[2020-09-11T17:23:32.094+0000][1][safepoint    ] Safepoint "Cleanup", Time since last: 1000115937 ns, Reaching safepoint: 97202 ns, At safepoint: 10486 ns, Total: 107688 ns
[2020-09-11T17:23:33.094+0000][1][safepoint    ] Safepoint "Cleanup", Time since last: 1000117980 ns, Reaching safepoint: 94665 ns, At safepoint: 10983 ns, Total: 105648 ns
[2020-09-11T17:23:34.095+0000][1][safepoint    ] Safepoint "Cleanup", Time since last: 1000118079 ns, Reaching safepoint: 89957 ns, At safepoint: 10857 ns, Total: 100814 ns
[2020-09-11T17:23:35.095+0000][1][safepoint    ] Safepoint "Cleanup", Time since last: 1000117808 ns, Reaching safepoint: 91023 ns, At safepoint: 10108 ns, Total: 101131 ns
[2020-09-11T17:23:35.354+0000][1][safepoint    ] Safepoint "RevokeBias", Time since last: 258789676 ns, Reaching safepoint: 171341 ns, At safepoint: 23727 ns, Total: 195068 ns
[2020-09-11T17:23:36.354+0000][1][safepoint    ] Safepoint "Cleanup", Time since last: 1000100113 ns, Reaching safepoint: 97397 ns, At safepoint: 9959 ns, Total: 107356 ns
[2020-09-11T17:23:37.098+0000][1][safepoint    ] Safepoint "RevokeBias", Time since last: 743059892 ns, Reaching safepoint: 217956 ns, At safepoint: 228340 ns, Total: 446296 ns
[2020-09-11T17:23:38.098+0000][1][safepoint    ] Safepoint "Cleanup", Time since last: 1000115025 ns, Reaching safepoint: 88584 ns, At safepoint: 10748 ns, Total: 99332 ns
[2020-09-11T17:23:39.098+0000][1][safepoint    ] Safepoint "Cleanup", Time since last: 1000112886 ns, Reaching safepoint: 91149 ns, At safepoint: 10389 ns, Total: 101538 ns
[2020-09-11T17:23:40.098+0000][1][safepoint    ] Safepoint "Cleanup", Time since last: 1000109201 ns, Reaching safepoint: 89063 ns, At safepoint: 10014 ns, Total: 99077 ns
[2020-09-11T17:23:41.098+0000][1][safepoint    ] Safepoint "Cleanup", Time since last: 1000118172 ns, Reaching safepoint: 91150 ns, At safepoint: 10390 ns, Total: 101540 ns
[2020-09-11T17:23:42.099+0000][1][safepoint    ] Safepoint "Cleanup", Time since last: 1000130785 ns, Reaching safepoint: 93570 ns, At safepoint: 10698 ns, Total: 104268 ns
[2020-09-11T17:23:42.924+0000][1][gc,start     ] GC(149) Pause Young (Allocation Failure)
[2020-09-11T17:23:42.924+0000][1][gc,task      ] GC(149) Using 1 workers of 1 for evacuation
[2020-09-11T17:23:42.928+0000][1][gc,age       ] GC(149) Desired survivor size 4358144 bytes, new threshold 6 (max threshold 6)
[2020-09-11T17:23:42.928+0000][1][gc,age       ] GC(149) Age table with threshold 6 (max threshold 6)
[2020-09-11T17:23:42.928+0000][1][gc,age       ] GC(149) - age   1:      63504 bytes,      63504 total
[2020-09-11T17:23:42.928+0000][1][gc,age       ] GC(149) - age   2:       3128 bytes,      66632 total
[2020-09-11T17:23:42.928+0000][1][gc,age       ] GC(149) - age   3:      17216 bytes,      83848 total
[2020-09-11T17:23:42.928+0000][1][gc,age       ] GC(149) - age   4:        512 bytes,      84360 total
[2020-09-11T17:23:42.928+0000][1][gc,age       ] GC(149) - age   5:       1296 bytes,      85656 total
[2020-09-11T17:23:42.928+0000][1][gc,age       ] GC(149) - age   6:       4736 bytes,      90392 total
[2020-09-11T17:23:42.928+0000][1][gc,heap      ] GC(149) ParNew: 68609K->135K(76672K)
[2020-09-11T17:23:42.928+0000][1][gc,heap      ] GC(149) CMS: 77627K->77628K(439104K)
[2020-09-11T17:23:42.928+0000][1][gc,metaspace ] GC(149) Metaspace: 96046K->96046K(1138688K)
[2020-09-11T17:23:42.928+0000][1][gc           ] GC(149) Pause Young (Allocation Failure) 142M->75M(503M) 4.483ms
[2020-09-11T17:23:42.928+0000][1][gc,cpu       ] GC(149) User=0.00s Sys=0.00s Real=0.00s
[2020-09-11T17:23:42.933+0000][1][safepoint    ] Safepoint "GenCollectForAllocation", Time since last: 825088527 ns, Reaching safepoint: 166787 ns, At safepoint: 8824965 ns, Total: 8991752 ns
[2020-09-11T17:23:43.937+0000][1][safepoint    ] Safepoint "Cleanup", Time since last: 1004070025 ns, Reaching safepoint: 89869 ns, At safepoint: 23330 ns, Total: 113199 ns
[2020-09-11T17:23:44.937+0000][1][safepoint    ] Safepoint "Cleanup", Time since last: 1000112725 ns, Reaching safepoint: 95751 ns, At safepoint: 22291 ns, Total: 118042 ns
[2020-09-11T17:23:45.420+0000][1][safepoint    ] Safepoint "RevokeBias", Time since last: 482515005 ns, Reaching safepoint: 94134 ns, At safepoint: 22439 ns, Total: 116573 ns
[2020-09-11T17:23:47.143+0000][1][safepoint    ] Safepoint "RevokeBias", Time since last: 1722620744 ns, Reaching safepoint: 217516 ns, At safepoint: 200827 ns, Total: 418343 ns
[2020-09-11T17:23:55.358+0000][1][safepoint    ] Safepoint "RevokeBias", Time since last: 8215423149 ns, Reaching safepoint: 175757 ns, At safepoint: 23401 ns, Total: 199158 ns
[2020-09-11T17:23:57.089+0000][1][safepoint    ] Safepoint "RevokeBias", Time since last: 1727450213 ns, Reaching safepoint: 2932302 ns, At safepoint: 30158 ns, Total: 2962460 ns
[2020-09-11T17:23:58.089+0000][1][safepoint    ] Safepoint "Cleanup", Time since last: 1000116794 ns, Reaching safepoint: 94750 ns, At safepoint: 9760 ns, Total: 104510 ns
[2020-09-11T17:24:05.362+0000][1][safepoint    ] Safepoint "RevokeBias", Time since last: 7271847105 ns, Reaching safepoint: 661111 ns, At safepoint: 25235 ns, Total: 686346 ns
[2020-09-11T17:24:06.362+0000][1][safepoint    ] Safepoint "Cleanup", Time since last: 1000109647 ns, Reaching safepoint: 87942 ns, At safepoint: 7250 ns, Total: 95192 ns
[2020-09-11T17:24:06.977+0000][1][gc,start     ] GC(150) Pause Young (Allocation Failure)
[2020-09-11T17:24:06.977+0000][1][gc,task      ] GC(150) Using 1 workers of 1 for evacuation
[2020-09-11T17:24:06.984+0000][1][gc,age       ] GC(150) Desired survivor size 4358144 bytes, new threshold 6 (max threshold 6)
[2020-09-11T17:24:06.985+0000][1][gc,age       ] GC(150) Age table with threshold 6 (max threshold 6)
[2020-09-11T17:24:06.985+0000][1][gc,age       ] GC(150) - age   1:     175672 bytes,     175672 total
[2020-09-11T17:24:06.985+0000][1][gc,age       ] GC(150) - age   2:       3480 bytes,     179152 total
[2020-09-11T17:24:06.985+0000][1][gc,age       ] GC(150) - age   3:        784 bytes,     179936 total
[2020-09-11T17:24:06.985+0000][1][gc,age       ] GC(150) - age   4:      16944 bytes,     196880 total
[2020-09-11T17:24:06.985+0000][1][gc,age       ] GC(150) - age   5:        512 bytes,     197392 total
[2020-09-11T17:24:06.985+0000][1][gc,age       ] GC(150) - age   6:       1296 bytes,     198688 total
[2020-09-11T17:24:06.985+0000][1][gc,heap      ] GC(150) ParNew: 68295K->200K(76672K)
[2020-09-11T17:24:06.985+0000][1][gc,heap      ] GC(150) CMS: 77628K->77633K(439104K)
[2020-09-11T17:24:06.985+0000][1][gc,metaspace ] GC(150) Metaspace: 96095K->96095K(1138688K)
[2020-09-11T17:24:06.985+0000][1][gc           ] GC(150) Pause Young (Allocation Failure) 142M->76M(503M) 7.787ms
[2020-09-11T17:24:06.985+0000][1][gc,cpu       ] GC(150) User=0.00s Sys=0.00s Real=0.01s
[2020-09-11T17:24:06.985+0000][1][safepoint    ] Safepoint "GenCollectForAllocation", Time since last: 612587530 ns, Reaching safepoint: 2393663 ns, At safepoint: 7859137 ns, Total: 10252800 ns
[2020-09-11T17:24:07.101+0000][1][safepoint    ] Safepoint "BulkRevokeBias", Time since last: 114987167 ns, Reaching safepoint: 1205697 ns, At safepoint: 541082 ns, Total: 1746779 ns
[2020-09-11T17:24:07.182+0000][1][safepoint    ] Safepoint "RevokeBias", Time since last: 80499012 ns, Reaching safepoint: 172141 ns, At safepoint: 22290 ns, Total: 194431 ns
[2020-09-11T17:24:15.357+0000][1][safepoint    ] Safepoint "RevokeBias", Time since last: 8174801303 ns, Reaching safepoint: 253849 ns, At safepoint: 23098 ns, Total: 276947 ns
[2020-09-11T17:24:17.101+0000][1][safepoint    ] Safepoint "RevokeBias", Time since last: 1741444577 ns, Reaching safepoint: 2205465 ns, At safepoint: 27283 ns, Total: 2232748 ns
[2020-09-11T17:24:18.101+0000][1][safepoint    ] Safepoint "Cleanup", Time since last: 1000109271 ns, Reaching safepoint: 97160 ns, At safepoint: 10089 ns, Total: 107249 ns
[2020-09-11T17:24:25.400+0000][1][safepoint    ] Safepoint "RevokeBias", Time since last: 7299148410 ns, Reaching safepoint: 96884 ns, At safepoint: 23209 ns, Total: 120093 ns
[2020-09-11T17:24:27.089+0000][1][safepoint    ] Safepoint "RevokeBias", Time since last: 1688812939 ns, Reaching safepoint: 189039 ns, At safepoint: 26044 ns, Total: 215083 ns
[2020-09-11T17:24:27.194+0000][1][gc,start     ] GC(151) Pause Young (Allocation Failure)
[2020-09-11T17:24:27.194+0000][1][gc,task      ] GC(151) Using 1 workers of 1 for evacuation
[2020-09-11T17:24:27.203+0000][1][gc,age       ] GC(151) Desired survivor size 4358144 bytes, new threshold 6 (max threshold 6)
[2020-09-11T17:24:27.203+0000][1][gc,age       ] GC(151) Age table with threshold 6 (max threshold 6)
[2020-09-11T17:24:27.203+0000][1][gc,age       ] GC(151) - age   1:     556376 bytes,     556376 total
[2020-09-11T17:24:27.203+0000][1][gc,age       ] GC(151) - age   2:       3080 bytes,     559456 total
[2020-09-11T17:24:27.203+0000][1][gc,age       ] GC(151) - age   3:       1240 bytes,     560696 total
[2020-09-11T17:24:27.203+0000][1][gc,age       ] GC(151) - age   4:        472 bytes,     561168 total
[2020-09-11T17:24:27.203+0000][1][gc,age       ] GC(151) - age   5:      16944 bytes,     578112 total
[2020-09-11T17:24:27.203+0000][1][gc,age       ] GC(151) - age   6:        512 bytes,     578624 total
[2020-09-11T17:24:27.204+0000][1][gc,heap      ] GC(151) ParNew: 68359K->682K(76672K)
[2020-09-11T17:24:27.204+0000][1][gc,heap      ] GC(151) CMS: 77633K->77634K(439104K)
[2020-09-11T17:24:27.204+0000][1][gc,metaspace ] GC(151) Metaspace: 96142K->96142K(1138688K)
[2020-09-11T17:24:27.204+0000][1][gc           ] GC(151) Pause Young (Allocation Failure) 142M->76M(503M) 9.334ms
[2020-09-11T17:24:27.204+0000][1][gc,cpu       ] GC(151) User=0.00s Sys=0.00s Real=0.01s
[2020-09-11T17:24:27.213+0000][1][safepoint    ] Safepoint "GenCollectForAllocation", Time since last: 104734402 ns, Reaching safepoint: 82022 ns, At safepoint: 18565740 ns, Total: 18647762 ns
[2020-09-11T17:24:35.357+0000][1][safepoint    ] Safepoint "RevokeBias", Time since last: 8144390973 ns, Reaching safepoint: 94185 ns, At safepoint: 22485 ns, Total: 116670 ns
[2020-09-11T17:24:37.113+0000][1][safepoint    ] Safepoint "RevokeBias", Time since last: 1755642225 ns, Reaching safepoint: 227731 ns, At safepoint: 231736 ns, Total: 459467 ns
[2020-09-11T17:24:38.114+0000][1][safepoint    ] Safepoint "Cleanup", Time since last: 1000117250 ns, Reaching safepoint: 99234 ns, At safepoint: 11288 ns, Total: 110522 ns
[2020-09-11T17:24:39.114+0000][1][safepoint    ] Safepoint "Cleanup", Time since last: 1000118693 ns, Reaching safepoint: 94517 ns, At safepoint: 11032 ns, Total: 105549 ns
[2020-09-11T17:24:45.365+0000][1][safepoint    ] Safepoint "BulkRevokeBias", Time since last: 6251140894 ns, Reaching safepoint: 173787 ns, At safepoint: 247353 ns, Total: 421140 ns
[2020-09-11T17:24:46.366+0000][1][safepoint    ] Safepoint "Cleanup", Time since last: 1000111587 ns, Reaching safepoint: 99701 ns, At safepoint: 11183 ns, Total: 110884 ns
[2020-09-11T17:24:47.094+0000][1][safepoint    ] Safepoint "RevokeBias", Time since last: 728272270 ns, Reaching safepoint: 91298 ns, At safepoint: 20255 ns, Total: 111553 ns
[2020-09-11T17:24:47.998+0000][1][gc,start     ] GC(152) Pause Young (Allocation Failure)
[2020-09-11T17:24:47.998+0000][1][gc,task      ] GC(152) Using 1 workers of 1 for evacuation
[2020-09-11T17:24:48.010+0000][1][gc,age       ] GC(152) Desired survivor size 4358144 bytes, new threshold 6 (max threshold 6)
[2020-09-11T17:24:48.010+0000][1][gc,age       ] GC(152) Age table with threshold 6 (max threshold 6)
[2020-09-11T17:24:48.010+0000][1][gc,age       ] GC(152) - age   1:      56288 bytes,      56288 total
[2020-09-11T17:24:48.010+0000][1][gc,age       ] GC(152) - age   2:      18928 bytes,      75216 total
[2020-09-11T17:24:48.010+0000][1][gc,age       ] GC(152) - age   3:       1672 bytes,      76888 total
[2020-09-11T17:24:48.010+0000][1][gc,age       ] GC(152) - age   4:       1240 bytes,      78128 total
[2020-09-11T17:24:48.010+0000][1][gc,age       ] GC(152) - age   5:        160 bytes,      78288 total
[2020-09-11T17:24:48.010+0000][1][gc,age       ] GC(152) - age   6:      16944 bytes,      95232 total
[2020-09-11T17:24:48.010+0000][1][gc,heap      ] GC(152) ParNew: 68842K->466K(76672K)
[2020-09-11T17:24:48.010+0000][1][gc,heap      ] GC(152) CMS: 77634K->77635K(439104K)
[2020-09-11T17:24:48.010+0000][1][gc,metaspace ] GC(152) Metaspace: 96154K->96154K(1138688K)
[2020-09-11T17:24:48.010+0000][1][gc           ] GC(152) Pause Young (Allocation Failure) 143M->76M(503M) 12.373ms
[2020-09-11T17:24:48.010+0000][1][gc,cpu       ] GC(152) User=0.00s Sys=0.00s Real=0.01s
[2020-09-11T17:24:48.010+0000][1][safepoint    ] Safepoint "GenCollectForAllocation", Time since last: 903742225 ns, Reaching safepoint: 161118 ns, At safepoint: 12446036 ns, Total: 12607154 ns
[2020-09-11T17:24:55.355+0000][1][safepoint    ] Safepoint "RevokeBias", Time since last: 7344681082 ns, Reaching safepoint: 168705 ns, At safepoint: 23389 ns, Total: 192094 ns
[2020-09-11T17:24:57.091+0000][1][safepoint    ] Safepoint "RevokeBias", Time since last: 1734823334 ns, Reaching safepoint: 223194 ns, At safepoint: 248936 ns, Total: 472130 ns
[2020-09-11T17:24:58.091+0000][1][safepoint    ] Safepoint "Cleanup", Time since last: 1000113768 ns, Reaching safepoint: 98732 ns, At safepoint: 9530 ns, Total: 108262 ns
[2020-09-11T17:25:01.091+0000][1][safepoint    ] Safepoint "Cleanup", Time since last: 3000278048 ns, Reaching safepoint: 96242 ns, At safepoint: 10963 ns, Total: 107205 ns
[2020-09-11T17:25:05.447+0000][1][safepoint    ] Safepoint "RevokeBias", Time since last: 4355908738 ns, Reaching safepoint: 176066 ns, At safepoint: 27685 ns, Total: 203751 ns
[2020-09-11T17:25:07.113+0000][1][safepoint    ] Safepoint "RevokeBias", Time since last: 1664183680 ns, Reaching safepoint: 1421044 ns, At safepoint: 24631 ns, Total: 1445675 ns
[2020-09-11T17:25:08.113+0000][1][safepoint    ] Safepoint "Cleanup", Time since last: 1000113959 ns, Reaching safepoint: 96025 ns, At safepoint: 10994 ns, Total: 107019 ns
[2020-09-11T17:25:12.469+0000][1][gc,start     ] GC(153) Pause Young (Allocation Failure)
[2020-09-11T17:25:12.469+0000][1][gc,task      ] GC(153) Using 1 workers of 1 for evacuation
[2020-09-11T17:25:12.478+0000][1][gc,age       ] GC(153) Desired survivor size 4358144 bytes, new threshold 6 (max threshold 6)
[2020-09-11T17:25:12.478+0000][1][gc,age       ] GC(153) Age table with threshold 6 (max threshold 6)
[2020-09-11T17:25:12.478+0000][1][gc,age       ] GC(153) - age   1:     153408 bytes,     153408 total
[2020-09-11T17:25:12.478+0000][1][gc,age       ] GC(153) - age   2:      10840 bytes,     164248 total
[2020-09-11T17:25:12.478+0000][1][gc,age       ] GC(153) - age   3:       1664 bytes,     165912 total
[2020-09-11T17:25:12.478+0000][1][gc,age       ] GC(153) - age   4:       1384 bytes,     167296 total
[2020-09-11T17:25:12.478+0000][1][gc,age       ] GC(153) - age   5:       1240 bytes,     168536 total
[2020-09-11T17:25:12.478+0000][1][gc,age       ] GC(153) - age   6:        160 bytes,     168696 total
[2020-09-11T17:25:12.478+0000][1][gc,heap      ] GC(153) ParNew: 68626K->268K(76672K)
[2020-09-11T17:25:12.478+0000][1][gc,heap      ] GC(153) CMS: 77635K->77650K(439104K)
[2020-09-11T17:25:12.478+0000][1][gc,metaspace ] GC(153) Metaspace: 96155K->96155K(1138688K)
[2020-09-11T17:25:12.478+0000][1][gc           ] GC(153) Pause Young (Allocation Failure) 142M->76M(503M) 9.473ms
[2020-09-11T17:25:12.478+0000][1][gc,cpu       ] GC(153) User=0.01s Sys=0.00s Real=0.01s
[2020-09-11T17:25:12.478+0000][1][safepoint    ] Safepoint "GenCollectForAllocation", Time since last: 4355265839 ns, Reaching safepoint: 253986 ns, At safepoint: 9602308 ns, Total: 9856294 ns
[2020-09-11T17:25:15.386+0000][1][safepoint    ] Safepoint "RevokeBias", Time since last: 2907498284 ns, Reaching safepoint: 169327 ns, At safepoint: 33133 ns, Total: 202460 ns
[2020-09-11T17:25:17.134+0000][1][safepoint    ] Safepoint "RevokeBias", Time since last: 1747734257 ns, Reaching safepoint: 195339 ns, At safepoint: 26080 ns, Total: 221419 ns
[2020-09-11T17:25:24.135+0000][1][safepoint    ] Safepoint "Cleanup", Time since last: 7000573450 ns, Reaching safepoint: 98185 ns, At safepoint: 10599 ns, Total: 108784 ns
[2020-09-11T17:25:25.379+0000][1][safepoint    ] Safepoint "RevokeBias", Time since last: 1244334980 ns, Reaching safepoint: 165509 ns, At safepoint: 21907 ns, Total: 187416 ns
[2020-09-11T17:25:27.085+0000][1][safepoint    ] Safepoint "RevokeBias", Time since last: 1704581650 ns, Reaching safepoint: 1248486 ns, At safepoint: 247103 ns, Total: 1495589 ns
[2020-09-11T17:25:35.361+0000][1][safepoint    ] Safepoint "RevokeBias", Time since last: 8275452492 ns, Reaching safepoint: 186653 ns, At safepoint: 23808 ns, Total: 210461 ns
[2020-09-11T17:25:36.550+0000][1][gc,start     ] GC(154) Pause Young (Allocation Failure)
[2020-09-11T17:25:36.550+0000][1][gc,task      ] GC(154) Using 1 workers of 1 for evacuation
[2020-09-11T17:25:36.559+0000][1][gc,age       ] GC(154) Desired survivor size 4358144 bytes, new threshold 6 (max threshold 6)
[2020-09-11T17:25:36.559+0000][1][gc,age       ] GC(154) Age table with threshold 6 (max threshold 6)
[2020-09-11T17:25:36.559+0000][1][gc,age       ] GC(154) - age   1:      62576 bytes,      62576 total
[2020-09-11T17:25:36.559+0000][1][gc,age       ] GC(154) - age   2:       5488 bytes,      68064 total
[2020-09-11T17:25:36.559+0000][1][gc,age       ] GC(154) - age   3:       8712 bytes,      76776 total
[2020-09-11T17:25:36.559+0000][1][gc,age       ] GC(154) - age   4:       1664 bytes,      78440 total
[2020-09-11T17:25:36.559+0000][1][gc,age       ] GC(154) - age   5:       1112 bytes,      79552 total
[2020-09-11T17:25:36.560+0000][1][gc,age       ] GC(154) - age   6:       1240 bytes,      80792 total
[2020-09-11T17:25:36.560+0000][1][gc,heap      ] GC(154) ParNew: 68428K->157K(76672K)
[2020-09-11T17:25:36.560+0000][1][gc,heap      ] GC(154) CMS: 77650K->77650K(439104K)
[2020-09-11T17:25:36.560+0000][1][gc,metaspace ] GC(154) Metaspace: 96157K->96157K(1138688K)
[2020-09-11T17:25:36.560+0000][1][gc           ] GC(154) Pause Young (Allocation Failure) 142M->75M(503M) 9.968ms
[2020-09-11T17:25:36.560+0000][1][gc,cpu       ] GC(154) User=0.00s Sys=0.00s Real=0.01s
[2020-09-11T17:25:36.560+0000][1][safepoint    ] Safepoint "GenCollectForAllocation", Time since last: 1188600177 ns, Reaching safepoint: 174139 ns, At safepoint: 10038207 ns, Total: 10212346 ns
[2020-09-11T17:25:37.109+0000][1][safepoint    ] Safepoint "RevokeBias", Time since last: 545583634 ns, Reaching safepoint: 3652068 ns, At safepoint: 36142 ns, Total: 3688210 ns
[2020-09-11T17:25:45.355+0000][1][safepoint    ] Safepoint "RevokeBias", Time since last: 8245938824 ns, Reaching safepoint: 171023 ns, At safepoint: 39025 ns, Total: 210048 ns
[2020-09-11T17:25:47.105+0000][1][safepoint    ] Safepoint "RevokeBias", Time since last: 1750310686 ns, Reaching safepoint: 99424 ns, At safepoint: 23397 ns, Total: 122821 ns
[2020-09-11T17:25:55.363+0000][1][safepoint    ] Safepoint "RevokeBias", Time since last: 8256845706 ns, Reaching safepoint: 171075 ns, At safepoint: 23940 ns, Total: 195015 ns
[2020-09-11T17:25:57.084+0000][1][safepoint    ] Safepoint "RevokeBias", Time since last: 1721494290 ns, Reaching safepoint: 95114 ns, At safepoint: 21889 ns, Total: 117003 ns
[2020-09-11T17:25:57.098+0000][1][gc,start     ] GC(155) Pause Young (Allocation Failure)
[2020-09-11T17:25:57.098+0000][1][gc,task      ] GC(155) Using 1 workers of 1 for evacuation
[2020-09-11T17:25:57.106+0000][1][gc,age       ] GC(155) Desired survivor size 4358144 bytes, new threshold 6 (max threshold 6)
[2020-09-11T17:25:57.106+0000][1][gc,age       ] GC(155) Age table with threshold 6 (max threshold 6)
[2020-09-11T17:25:57.106+0000][1][gc,age       ] GC(155) - age   1:     372352 bytes,     372352 total
[2020-09-11T17:25:57.106+0000][1][gc,age       ] GC(155) - age   2:       2160 bytes,     374512 total
[2020-09-11T17:25:57.106+0000][1][gc,age       ] GC(155) - age   3:       2320 bytes,     376832 total
[2020-09-11T17:25:57.106+0000][1][gc,age       ] GC(155) - age   4:       8440 bytes,     385272 total
[2020-09-11T17:25:57.106+0000][1][gc,age       ] GC(155) - age   5:       1352 bytes,     386624 total
[2020-09-11T17:25:57.106+0000][1][gc,age       ] GC(155) - age   6:       1112 bytes,     387736 total
[2020-09-11T17:25:57.106+0000][1][gc,heap      ] GC(155) ParNew: 68317K->413K(76672K)
[2020-09-11T17:25:57.106+0000][1][gc,heap      ] GC(155) CMS: 77650K->77651K(439104K)
[2020-09-11T17:25:57.106+0000][1][gc,metaspace ] GC(155) Metaspace: 96161K->96161K(1138688K)
[2020-09-11T17:25:57.107+0000][1][gc           ] GC(155) Pause Young (Allocation Failure) 142M->76M(503M) 8.920ms
[2020-09-11T17:25:57.107+0000][1][gc,cpu       ] GC(155) User=0.01s Sys=0.00s Real=0.01s
[2020-09-11T17:25:57.107+0000][1][safepoint    ] Safepoint "GenCollectForAllocation", Time since last: 12708212 ns, Reaching safepoint: 716850 ns, At safepoint: 9318351 ns, Total: 10035201 ns
[2020-09-11T17:26:05.458+0000][1][safepoint    ] Safepoint "RevokeBias", Time since last: 8350874792 ns, Reaching safepoint: 542627 ns, At safepoint: 29197 ns, Total: 571824 ns
[2020-09-11T17:26:07.164+0000][1][safepoint    ] Safepoint "RevokeBias", Time since last: 1704419673 ns, Reaching safepoint: 804142 ns, At safepoint: 24118 ns, Total: 828260 ns
[2020-09-11T17:26:15.427+0000][1][safepoint    ] Safepoint "RevokeBias", Time since last: 8263223852 ns, Reaching safepoint: 176478 ns, At safepoint: 24804 ns, Total: 201282 ns
[2020-09-11T17:26:16.427+0000][1][safepoint    ] Safepoint "Cleanup", Time since last: 1000122460 ns, Reaching safepoint: 98561 ns, At safepoint: 10946 ns, Total: 109507 ns
[2020-09-11T17:26:17.089+0000][1][safepoint    ] Safepoint "RevokeBias", Time since last: 658934644 ns, Reaching safepoint: 2761038 ns, At safepoint: 244284 ns, Total: 3005322 ns
[2020-09-11T17:26:17.131+0000][1][gc,start     ] GC(156) Pause Young (Allocation Failure)
[2020-09-11T17:26:17.131+0000][1][gc,task      ] GC(156) Using 1 workers of 1 for evacuation
[2020-09-11T17:26:17.139+0000][1][gc,age       ] GC(156) Desired survivor size 4358144 bytes, new threshold 6 (max threshold 6)
[2020-09-11T17:26:17.139+0000][1][gc,age       ] GC(156) Age table with threshold 6 (max threshold 6)
[2020-09-11T17:26:17.139+0000][1][gc,age       ] GC(156) - age   1:     618608 bytes,     618608 total
[2020-09-11T17:26:17.139+0000][1][gc,age       ] GC(156) - age   2:      20600 bytes,     639208 total
[2020-09-11T17:26:17.139+0000][1][gc,age       ] GC(156) - age   3:        552 bytes,     639760 total
[2020-09-11T17:26:17.139+0000][1][gc,age       ] GC(156) - age   4:       2032 bytes,     641792 total
[2020-09-11T17:26:17.139+0000][1][gc,age       ] GC(156) - age   5:       8440 bytes,     650232 total
[2020-09-11T17:26:17.139+0000][1][gc,age       ] GC(156) - age   6:       1352 bytes,     651584 total
[2020-09-11T17:26:17.139+0000][1][gc,heap      ] GC(156) ParNew: 68572K->903K(76672K)
[2020-09-11T17:26:17.139+0000][1][gc,heap      ] GC(156) CMS: 77651K->77652K(439104K)
[2020-09-11T17:26:17.139+0000][1][gc,metaspace ] GC(156) Metaspace: 96176K->96176K(1138688K)
[2020-09-11T17:26:17.139+0000][1][gc           ] GC(156) Pause Young (Allocation Failure) 142M->76M(503M) 8.432ms
[2020-09-11T17:26:17.139+0000][1][gc,cpu       ] GC(156) User=0.01s Sys=0.00s Real=0.01s
[2020-09-11T17:26:17.141+0000][1][safepoint    ] Safepoint "GenCollectForAllocation", Time since last: 41135382 ns, Reaching safepoint: 484762 ns, At safepoint: 9974937 ns, Total: 10459699 ns
[2020-09-11T17:26:18.149+0000][1][safepoint    ] Safepoint "Cleanup", Time since last: 1008203990 ns, Reaching safepoint: 97014 ns, At safepoint: 23759 ns, Total: 120773 ns
[2020-09-11T17:26:19.149+0000][1][safepoint    ] Safepoint "Cleanup", Time since last: 1000110776 ns, Reaching safepoint: 99078 ns, At safepoint: 22719 ns, Total: 121797 ns
[2020-09-11T17:26:25.361+0000][1][safepoint    ] Safepoint "RevokeBias", Time since last: 6211757273 ns, Reaching safepoint: 170283 ns, At safepoint: 24146 ns, Total: 194429 ns
[2020-09-11T17:26:27.080+0000][1][safepoint    ] Safepoint "RevokeBias", Time since last: 1718364463 ns, Reaching safepoint: 482569 ns, At safepoint: 27441 ns, Total: 510010 ns
[2020-09-11T17:26:31.081+0000][1][safepoint    ] Safepoint "Cleanup", Time since last: 4000342363 ns, Reaching safepoint: 98378 ns, At safepoint: 10880 ns, Total: 109258 ns
[2020-09-11T17:26:35.359+0000][1][safepoint    ] Safepoint "RevokeBias", Time since last: 4278075232 ns, Reaching safepoint: 171206 ns, At safepoint: 23496 ns, Total: 194702 ns
[2020-09-11T17:26:37.157+0000][1][safepoint    ] Safepoint "RevokeBias", Time since last: 1798372386 ns, Reaching safepoint: 178075 ns, At safepoint: 22107 ns, Total: 200182 ns
[2020-09-11T17:26:39.745+0000][1][gc,start     ] GC(157) Pause Young (Allocation Failure)
[2020-09-11T17:26:39.745+0000][1][gc,task      ] GC(157) Using 1 workers of 1 for evacuation
[2020-09-11T17:26:39.754+0000][1][gc,age       ] GC(157) Desired survivor size 4358144 bytes, new threshold 6 (max threshold 6)
[2020-09-11T17:26:39.754+0000][1][gc,age       ] GC(157) Age table with threshold 6 (max threshold 6)
[2020-09-11T17:26:39.754+0000][1][gc,age       ] GC(157) - age   1:      85592 bytes,      85592 total
[2020-09-11T17:26:39.754+0000][1][gc,age       ] GC(157) - age   2:      23736 bytes,     109328 total
[2020-09-11T17:26:39.754+0000][1][gc,age       ] GC(157) - age   3:       3224 bytes,     112552 total
[2020-09-11T17:26:39.754+0000][1][gc,age       ] GC(157) - age   4:        552 bytes,     113104 total
[2020-09-11T17:26:39.754+0000][1][gc,age       ] GC(157) - age   5:       2032 bytes,     115136 total
[2020-09-11T17:26:39.754+0000][1][gc,age       ] GC(157) - age   6:       8440 bytes,     123576 total
[2020-09-11T17:26:39.754+0000][1][gc,heap      ] GC(157) ParNew: 69063K->552K(76672K)
[2020-09-11T17:26:39.754+0000][1][gc,heap      ] GC(157) CMS: 77652K->77654K(439104K)
[2020-09-11T17:26:39.754+0000][1][gc,metaspace ] GC(157) Metaspace: 96179K->96179K(1138688K)
[2020-09-11T17:26:39.754+0000][1][gc           ] GC(157) Pause Young (Allocation Failure) 143M->76M(503M) 8.917ms
[2020-09-11T17:26:39.754+0000][1][gc,cpu       ] GC(157) User=0.01s Sys=0.00s Real=0.01s
[2020-09-11T17:26:39.754+0000][1][safepoint    ] Safepoint "GenCollectForAllocation", Time since last: 2587813642 ns, Reaching safepoint: 104141 ns, At safepoint: 9043176 ns, Total: 9147317 ns
[2020-09-11T17:26:45.414+0000][1][safepoint    ] Safepoint "RevokeBias", Time since last: 5659231763 ns, Reaching safepoint: 168010 ns, At safepoint: 23944 ns, Total: 191954 ns
[2020-09-11T17:26:47.085+0000][1][safepoint    ] Safepoint "RevokeBias", Time since last: 1671371903 ns, Reaching safepoint: 182470 ns, At safepoint: 21602 ns, Total: 204072 ns
[2020-09-11T17:26:55.417+0000][1][safepoint    ] Safepoint "RevokeBias", Time since last: 8331584055 ns, Reaching safepoint: 167584 ns, At safepoint: 23941 ns, Total: 191525 ns
[2020-09-11T17:26:57.085+0000][1][safepoint    ] Safepoint "RevokeBias", Time since last: 1667039255 ns, Reaching safepoint: 617574 ns, At safepoint: 23308 ns, Total: 640882 ns
[2020-09-11T17:27:05.086+0000][1][safepoint    ] Safepoint "Cleanup", Time since last: 8000744661 ns, Reaching safepoint: 99620 ns, At safepoint: 10379 ns, Total: 109999 ns
[2020-09-11T17:27:05.329+0000][1][gc,start     ] GC(158) Pause Young (Allocation Failure)
[2020-09-11T17:27:05.329+0000][1][gc,task      ] GC(158) Using 1 workers of 1 for evacuation
[2020-09-11T17:27:05.337+0000][1][gc,age       ] GC(158) Desired survivor size 4358144 bytes, new threshold 6 (max threshold 6)
[2020-09-11T17:27:05.337+0000][1][gc,age       ] GC(158) Age table with threshold 6 (max threshold 6)
[2020-09-11T17:27:05.337+0000][1][gc,age       ] GC(158) - age   1:      63848 bytes,      63848 total
[2020-09-11T17:27:05.337+0000][1][gc,age       ] GC(158) - age   2:       4968 bytes,      68816 total
[2020-09-11T17:27:05.337+0000][1][gc,age       ] GC(158) - age   3:      21320 bytes,      90136 total
[2020-09-11T17:27:05.337+0000][1][gc,age       ] GC(158) - age   4:       2952 bytes,      93088 total
[2020-09-11T17:27:05.337+0000][1][gc,age       ] GC(158) - age   5:        552 bytes,      93640 total
[2020-09-11T17:27:05.337+0000][1][gc,age       ] GC(158) - age   6:       2032 bytes,      95672 total
[2020-09-11T17:27:05.337+0000][1][gc,heap      ] GC(158) ParNew: 68712K->168K(76672K)
[2020-09-11T17:27:05.337+0000][1][gc,heap      ] GC(158) CMS: 77654K->77662K(439104K)
[2020-09-11T17:27:05.337+0000][1][gc,metaspace ] GC(158) Metaspace: 96183K->96183K(1138688K)
[2020-09-11T17:27:05.337+0000][1][gc           ] GC(158) Pause Young (Allocation Failure) 142M->76M(503M) 8.110ms
[2020-09-11T17:27:05.337+0000][1][gc,cpu       ] GC(158) User=0.01s Sys=0.00s Real=0.01s
[2020-09-11T17:27:05.337+0000][1][safepoint    ] Safepoint "GenCollectForAllocation", Time since last: 242858858 ns, Reaching safepoint: 82254 ns, At safepoint: 8586057 ns, Total: 8668311 ns
[2020-09-11T17:27:05.367+0000][1][safepoint    ] Safepoint "RevokeBias", Time since last: 29877945 ns, Reaching safepoint: 94420 ns, At safepoint: 36019 ns, Total: 130439 ns
[2020-09-11T17:27:07.087+0000][1][safepoint    ] Safepoint "RevokeBias", Time since last: 1719072123 ns, Reaching safepoint: 228797 ns, At safepoint: 213365 ns, Total: 442162 ns
[2020-09-11T17:27:15.356+0000][1][safepoint    ] Safepoint "RevokeBias", Time since last: 8269462698 ns, Reaching safepoint: 180261 ns, At safepoint: 38543 ns, Total: 218804 ns
[2020-09-11T17:27:17.122+0000][1][safepoint    ] Safepoint "RevokeBias", Time since last: 1765026872 ns, Reaching safepoint: 93075 ns, At safepoint: 19415 ns, Total: 112490 ns
[2020-09-11T17:27:19.122+0000][1][safepoint    ] Safepoint "Cleanup", Time since last: 2000181699 ns, Reaching safepoint: 94341 ns, At safepoint: 11012 ns, Total: 105353 ns
[2020-09-11T17:27:20.122+0000][1][safepoint    ] Safepoint "Cleanup", Time since last: 1000118127 ns, Reaching safepoint: 94155 ns, At safepoint: 10738 ns, Total: 104893 ns
[2020-09-11T17:27:21.122+0000][1][safepoint    ] Safepoint "Cleanup", Time since last: 1000113148 ns, Reaching safepoint: 91560 ns, At safepoint: 9947 ns, Total: 101507 ns
[2020-09-11T17:27:22.123+0000][1][safepoint    ] Safepoint "Cleanup", Time since last: 1000124499 ns, Reaching safepoint: 90873 ns, At safepoint: 9330 ns, Total: 100203 ns
[2020-09-11T17:27:23.123+0000][1][safepoint    ] Safepoint "Cleanup", Time since last: 1000120146 ns, Reaching safepoint: 93445 ns, At safepoint: 9856 ns, Total: 103301 ns
[2020-09-11T17:27:24.123+0000][1][safepoint    ] Safepoint "Cleanup", Time since last: 1000113284 ns, Reaching safepoint: 94642 ns, At safepoint: 10264 ns, Total: 104906 ns
[2020-09-11T17:27:25.123+0000][1][safepoint    ] Safepoint "Cleanup", Time since last: 1000112007 ns, Reaching safepoint: 88520 ns, At safepoint: 8764 ns, Total: 97284 ns
[2020-09-11T17:27:25.389+0000][1][safepoint    ] Safepoint "RevokeBias", Time since last: 266160878 ns, Reaching safepoint: 94640 ns, At safepoint: 23506 ns, Total: 118146 ns
[2020-09-11T17:27:26.390+0000][1][safepoint    ] Safepoint "Cleanup", Time since last: 1000104713 ns, Reaching safepoint: 121515 ns, At safepoint: 11230 ns, Total: 132745 ns
[2020-09-11T17:27:27.089+0000][1][gc,start     ] GC(159) Pause Young (Allocation Failure)
[2020-09-11T17:27:27.089+0000][1][gc,task      ] GC(159) Using 1 workers of 1 for evacuation
[2020-09-11T17:27:27.098+0000][1][gc,age       ] GC(159) Desired survivor size 4358144 bytes, new threshold 6 (max threshold 6)
[2020-09-11T17:27:27.098+0000][1][gc,age       ] GC(159) Age table with threshold 6 (max threshold 6)
[2020-09-11T17:27:27.098+0000][1][gc,age       ] GC(159) - age   1:     409680 bytes,     409680 total
[2020-09-11T17:27:27.098+0000][1][gc,age       ] GC(159) - age   2:        696 bytes,     410376 total
[2020-09-11T17:27:27.098+0000][1][gc,age       ] GC(159) - age   3:       1760 bytes,     412136 total
[2020-09-11T17:27:27.098+0000][1][gc,age       ] GC(159) - age   4:      21320 bytes,     433456 total
[2020-09-11T17:27:27.098+0000][1][gc,age       ] GC(159) - age   5:       2952 bytes,     436408 total
[2020-09-11T17:27:27.098+0000][1][gc,age       ] GC(159) - age   6:        552 bytes,     436960 total
[2020-09-11T17:27:27.098+0000][1][gc,heap      ] GC(159) ParNew: 68328K->462K(76672K)
[2020-09-11T17:27:27.098+0000][1][gc,heap      ] GC(159) CMS: 77662K->77664K(439104K)
[2020-09-11T17:27:27.098+0000][1][gc,metaspace ] GC(159) Metaspace: 96208K->96208K(1138688K)
[2020-09-11T17:27:27.098+0000][1][gc           ] GC(159) Pause Young (Allocation Failure) 142M->76M(503M) 9.284ms
[2020-09-11T17:27:27.098+0000][1][gc,cpu       ] GC(159) User=0.00s Sys=0.00s Real=0.01s
[2020-09-11T17:27:27.101+0000][1][safepoint    ] Safepoint "GenCollectForAllocation", Time since last: 698136129 ns, Reaching safepoint: 1049263 ns, At safepoint: 12215224 ns, Total: 13264487 ns
[2020-09-11T17:27:27.113+0000][1][safepoint    ] Safepoint "RevokeBias", Time since last: 11570395 ns, Reaching safepoint: 125649 ns, At safepoint: 34112 ns, Total: 159761 ns
[2020-09-11T17:27:28.126+0000][1][safepoint    ] Safepoint "Cleanup", Time since last: 1012579856 ns, Reaching safepoint: 98657 ns, At safepoint: 10740 ns, Total: 109397 ns
[2020-09-11T17:27:29.126+0000][1][safepoint    ] Safepoint "Cleanup", Time since last: 1000111467 ns, Reaching safepoint: 94401 ns, At safepoint: 10500 ns, Total: 104901 ns
[2020-09-11T17:27:30.126+0000][1][safepoint    ] Safepoint "Cleanup", Time since last: 1000113916 ns, Reaching safepoint: 92935 ns, At safepoint: 10105 ns, Total: 103040 ns
[2020-09-11T17:27:31.126+0000][1][safepoint    ] Safepoint "Cleanup", Time since last: 1000114672 ns, Reaching safepoint: 94283 ns, At safepoint: 10315 ns, Total: 104598 ns
[2020-09-11T17:27:32.126+0000][1][safepoint    ] Safepoint "Cleanup", Time since last: 1000117280 ns, Reaching safepoint: 91644 ns, At safepoint: 7665 ns, Total: 99309 ns
[2020-09-11T17:27:33.127+0000][1][safepoint    ] Safepoint "Cleanup", Time since last: 1000117531 ns, Reaching safepoint: 93118 ns, At safepoint: 10581 ns, Total: 103699 ns
[2020-09-11T17:27:34.127+0000][1][safepoint    ] Safepoint "Cleanup", Time since last: 1000114416 ns, Reaching safepoint: 96923 ns, At safepoint: 10426 ns, Total: 107349 ns
[2020-09-11T17:27:35.127+0000][1][safepoint    ] Safepoint "Cleanup", Time since last: 1000132146 ns, Reaching safepoint: 90617 ns, At safepoint: 11324 ns, Total: 101941 ns
[2020-09-11T17:27:35.416+0000][1][safepoint    ] Safepoint "RevokeBias", Time since last: 288427956 ns, Reaching safepoint: 169316 ns, At safepoint: 24825 ns, Total: 194141 ns
[2020-09-11T17:27:36.416+0000][1][safepoint    ] Safepoint "Cleanup", Time since last: 1000109430 ns, Reaching safepoint: 100133 ns, At safepoint: 18192 ns, Total: 118325 ns
[2020-09-11T17:27:37.120+0000][1][safepoint    ] Safepoint "RevokeBias", Time since last: 701247347 ns, Reaching safepoint: 2359347 ns, At safepoint: 32948 ns, Total: 2392295 ns
[2020-09-11T17:27:38.120+0000][1][safepoint    ] Safepoint "Cleanup", Time since last: 1000117674 ns, Reaching safepoint: 93515 ns, At safepoint: 10256 ns, Total: 103771 ns
[2020-09-11T17:27:39.120+0000][1][safepoint    ] Safepoint "Cleanup", Time since last: 1000109650 ns, Reaching safepoint: 106328 ns, At safepoint: 10640 ns, Total: 116968 ns
[2020-09-11T17:27:40.120+0000][1][safepoint    ] Safepoint "Cleanup", Time since last: 1000124292 ns, Reaching safepoint: 94829 ns, At safepoint: 8084 ns, Total: 102913 ns
[2020-09-11T17:27:41.120+0000][1][safepoint    ] Safepoint "Cleanup", Time since last: 1000120574 ns, Reaching safepoint: 91727 ns, At safepoint: 10955 ns, Total: 102682 ns
[2020-09-11T17:27:42.121+0000][1][safepoint    ] Safepoint "Cleanup", Time since last: 1000120801 ns, Reaching safepoint: 88504 ns, At safepoint: 7399 ns, Total: 95903 ns
[2020-09-11T17:27:43.121+0000][1][safepoint    ] Safepoint "Cleanup", Time since last: 1000088410 ns, Reaching safepoint: 90443 ns, At safepoint: 10729 ns, Total: 101172 ns
[2020-09-11T17:27:44.121+0000][1][safepoint    ] Safepoint "Cleanup", Time since last: 1000110018 ns, Reaching safepoint: 88162 ns, At safepoint: 7728 ns, Total: 95890 ns
[2020-09-11T17:27:45.121+0000][1][safepoint    ] Safepoint "Cleanup", Time since last: 1000124470 ns, Reaching safepoint: 92732 ns, At safepoint: 11825 ns, Total: 104557 ns
[2020-09-11T17:27:45.371+0000][1][safepoint    ] Safepoint "RevokeBias", Time since last: 249251992 ns, Reaching safepoint: 178660 ns, At safepoint: 23444 ns, Total: 202104 ns
[2020-09-11T17:27:46.371+0000][1][safepoint    ] Safepoint "Cleanup", Time since last: 1000103596 ns, Reaching safepoint: 90944 ns, At safepoint: 9680 ns, Total: 100624 ns
[2020-09-11T17:27:47.079+0000][1][safepoint    ] Safepoint "BulkRevokeBias", Time since last: 707374025 ns, Reaching safepoint: 548020 ns, At safepoint: 382886 ns, Total: 930906 ns
[2020-09-11T17:27:47.165+0000][1][safepoint    ] Safepoint "RevokeBias", Time since last: 85053603 ns, Reaching safepoint: 526215 ns, At safepoint: 24125 ns, Total: 550340 ns
[2020-09-11T17:27:47.173+0000][1][gc,start     ] GC(160) Pause Young (Allocation Failure)
[2020-09-11T17:27:47.173+0000][1][gc,task      ] GC(160) Using 1 workers of 1 for evacuation
[2020-09-11T17:27:47.180+0000][1][gc,age       ] GC(160) Desired survivor size 4358144 bytes, new threshold 6 (max threshold 6)
[2020-09-11T17:27:47.180+0000][1][gc,age       ] GC(160) Age table with threshold 6 (max threshold 6)
[2020-09-11T17:27:47.180+0000][1][gc,age       ] GC(160) - age   1:     590976 bytes,     590976 total
[2020-09-11T17:27:47.180+0000][1][gc,age       ] GC(160) - age   2:      19016 bytes,     609992 total
[2020-09-11T17:27:47.180+0000][1][gc,age       ] GC(160) - age   3:        560 bytes,     610552 total
[2020-09-11T17:27:47.180+0000][1][gc,age       ] GC(160) - age   4:       1488 bytes,     612040 total
[2020-09-11T17:27:47.180+0000][1][gc,age       ] GC(160) - age   5:      21048 bytes,     633088 total
[2020-09-11T17:27:47.180+0000][1][gc,age       ] GC(160) - age   6:       2952 bytes,     636040 total
[2020-09-11T17:27:47.180+0000][1][gc,heap      ] GC(160) ParNew: 68622K->678K(76672K)
[2020-09-11T17:27:47.180+0000][1][gc,heap      ] GC(160) CMS: 77664K->77665K(439104K)
[2020-09-11T17:27:47.180+0000][1][gc,metaspace ] GC(160) Metaspace: 96251K->96251K(1138688K)
[2020-09-11T17:27:47.180+0000][1][gc           ] GC(160) Pause Young (Allocation Failure) 142M->76M(503M) 7.543ms
[2020-09-11T17:27:47.180+0000][1][gc,cpu       ] GC(160) User=0.00s Sys=0.00s Real=0.00s
[2020-09-11T17:27:47.180+0000][1][safepoint    ] Safepoint "GenCollectForAllocation", Time since last: 4897450 ns, Reaching safepoint: 3079799 ns, At safepoint: 7614870 ns, Total: 10694669 ns
[2020-09-11T17:27:48.197+0000][1][safepoint    ] Safepoint "Cleanup", Time since last: 1016299523 ns, Reaching safepoint: 168114 ns, At safepoint: 23854 ns, Total: 191968 ns
[2020-09-11T17:27:49.197+0000][1][safepoint    ] Safepoint "Cleanup", Time since last: 1000111579 ns, Reaching safepoint: 92474 ns, At safepoint: 22283 ns, Total: 114757 ns
[2020-09-11T17:27:50.197+0000][1][safepoint    ] Safepoint "Cleanup", Time since last: 1000110186 ns, Reaching safepoint: 92065 ns, At safepoint: 23437 ns, Total: 115502 ns
[2020-09-11T17:27:51.198+0000][1][safepoint    ] Safepoint "Cleanup", Time since last: 1000107922 ns, Reaching safepoint: 90128 ns, At safepoint: 10092 ns, Total: 100220 ns
[2020-09-11T17:27:52.198+0000][1][safepoint    ] Safepoint "Cleanup", Time since last: 1000117187 ns, Reaching safepoint: 92570 ns, At safepoint: 18890 ns, Total: 111460 ns
[2020-09-11T17:27:53.198+0000][1][safepoint    ] Safepoint "Cleanup", Time since last: 1000106607 ns, Reaching safepoint: 168614 ns, At safepoint: 10598 ns, Total: 179212 ns
[2020-09-11T17:27:54.198+0000][1][safepoint    ] Safepoint "Cleanup", Time since last: 1000111812 ns, Reaching safepoint: 87603 ns, At safepoint: 7795 ns, Total: 95398 ns
[2020-09-11T17:27:55.199+0000][1][safepoint    ] Safepoint "Cleanup", Time since last: 1000117974 ns, Reaching safepoint: 107390 ns, At safepoint: 11150 ns, Total: 118540 ns
[2020-09-11T17:27:55.416+0000][1][safepoint    ] Safepoint "RevokeBias", Time since last: 217270447 ns, Reaching safepoint: 174598 ns, At safepoint: 23601 ns, Total: 198199 ns
[2020-09-11T17:27:56.416+0000][1][safepoint    ] Safepoint "Cleanup", Time since last: 1000110357 ns, Reaching safepoint: 88024 ns, At safepoint: 9387 ns, Total: 97411 ns
[2020-09-11T17:27:57.089+0000][1][safepoint    ] Safepoint "RevokeBias", Time since last: 672221454 ns, Reaching safepoint: 102044 ns, At safepoint: 24226 ns, Total: 126270 ns
[2020-09-11T17:27:58.089+0000][1][safepoint    ] Safepoint "Cleanup", Time since last: 1000111522 ns, Reaching safepoint: 112702 ns, At safepoint: 9364 ns, Total: 122066 ns
[2020-09-11T17:27:59.089+0000][1][safepoint    ] Safepoint "Cleanup", Time since last: 1000111606 ns, Reaching safepoint: 92836 ns, At safepoint: 9948 ns, Total: 102784 ns
[2020-09-11T17:28:00.089+0000][1][safepoint    ] Safepoint "Cleanup", Time since last: 1000108496 ns, Reaching safepoint: 87847 ns, At safepoint: 7522 ns, Total: 95369 ns
[2020-09-11T17:28:01.089+0000][1][safepoint    ] Safepoint "Cleanup", Time since last: 1000110738 ns, Reaching safepoint: 96039 ns, At safepoint: 10550 ns, Total: 106589 ns
[2020-09-11T17:28:02.090+0000][1][safepoint    ] Safepoint "Cleanup", Time since last: 1000108565 ns, Reaching safepoint: 91358 ns, At safepoint: 9590 ns, Total: 100948 ns
[2020-09-11T17:28:03.090+0000][1][safepoint    ] Safepoint "Cleanup", Time since last: 1000110455 ns, Reaching safepoint: 91676 ns, At safepoint: 10370 ns, Total: 102046 ns
[2020-09-11T17:28:04.090+0000][1][safepoint    ] Safepoint "Cleanup", Time since last: 1000111325 ns, Reaching safepoint: 93693 ns, At safepoint: 10843 ns, Total: 104536 ns
[2020-09-11T17:28:05.090+0000][1][safepoint    ] Safepoint "Cleanup", Time since last: 1000113950 ns, Reaching safepoint: 92472 ns, At safepoint: 54608 ns, Total: 147080 ns
[2020-09-11T17:28:05.372+0000][1][safepoint    ] Safepoint "RevokeBias", Time since last: 281516559 ns, Reaching safepoint: 169737 ns, At safepoint: 24597 ns, Total: 194334 ns
[2020-09-11T17:28:06.372+0000][1][safepoint    ] Safepoint "Cleanup", Time since last: 1000114631 ns, Reaching safepoint: 91283 ns, At safepoint: 10994 ns, Total: 102277 ns
[2020-09-11T17:28:07.141+0000][1][safepoint    ] Safepoint "RevokeBias", Time since last: 762343202 ns, Reaching safepoint: 6293823 ns, At safepoint: 253864 ns, Total: 6547687 ns
[2020-09-11T17:28:08.141+0000][1][safepoint    ] Safepoint "Cleanup", Time since last: 1000141599 ns, Reaching safepoint: 92957 ns, At safepoint: 10130 ns, Total: 103087 ns
[2020-09-11T17:28:09.142+0000][1][safepoint    ] Safepoint "Cleanup", Time since last: 1000110843 ns, Reaching safepoint: 89021 ns, At safepoint: 8984 ns, Total: 98005 ns
[2020-09-11T17:28:10.142+0000][1][safepoint    ] Safepoint "Cleanup", Time since last: 1000115035 ns, Reaching safepoint: 89646 ns, At safepoint: 7757 ns, Total: 97403 ns
[2020-09-11T17:28:10.222+0000][1][gc,start     ] GC(161) Pause Young (Allocation Failure)
[2020-09-11T17:28:10.222+0000][1][gc,task      ] GC(161) Using 1 workers of 1 for evacuation
[2020-09-11T17:28:10.231+0000][1][gc,age       ] GC(161) Desired survivor size 4358144 bytes, new threshold 6 (max threshold 6)
[2020-09-11T17:28:10.231+0000][1][gc,age       ] GC(161) Age table with threshold 6 (max threshold 6)
[2020-09-11T17:28:10.231+0000][1][gc,age       ] GC(161) - age   1:      68960 bytes,      68960 total
[2020-09-11T17:28:10.231+0000][1][gc,age       ] GC(161) - age   2:       4128 bytes,      73088 total
[2020-09-11T17:28:10.231+0000][1][gc,age       ] GC(161) - age   3:       1696 bytes,      74784 total
[2020-09-11T17:28:10.231+0000][1][gc,age       ] GC(161) - age   4:        272 bytes,      75056 total
[2020-09-11T17:28:10.231+0000][1][gc,age       ] GC(161) - age   5:       1488 bytes,      76544 total
[2020-09-11T17:28:10.231+0000][1][gc,age       ] GC(161) - age   6:      21048 bytes,      97592 total
[2020-09-11T17:28:10.231+0000][1][gc,heap      ] GC(161) ParNew: 68838K->550K(76672K)
[2020-09-11T17:28:10.231+0000][1][gc,heap      ] GC(161) CMS: 77665K->77666K(439104K)
[2020-09-11T17:28:10.231+0000][1][gc,metaspace ] GC(161) Metaspace: 96257K->96257K(1138688K)
[2020-09-11T17:28:10.231+0000][1][gc           ] GC(161) Pause Young (Allocation Failure) 143M->76M(503M) 8.778ms
[2020-09-11T17:28:10.231+0000][1][gc,cpu       ] GC(161) User=0.01s Sys=0.00s Real=0.00s
[2020-09-11T17:28:10.231+0000][1][safepoint    ] Safepoint "GenCollectForAllocation", Time since last: 79939343 ns, Reaching safepoint: 172410 ns, At safepoint: 8911287 ns, Total: 9083697 ns
[2020-09-11T17:28:11.231+0000][1][safepoint    ] Safepoint "Cleanup", Time since last: 1000306002 ns, Reaching safepoint: 100721 ns, At safepoint: 20152 ns, Total: 120873 ns
[2020-09-11T17:28:12.232+0000][1][safepoint    ] Safepoint "Cleanup", Time since last: 1000104986 ns, Reaching safepoint: 90087 ns, At safepoint: 18422 ns, Total: 108509 ns
[2020-09-11T17:28:13.232+0000][1][safepoint    ] Safepoint "Cleanup", Time since last: 1000105758 ns, Reaching safepoint: 94807 ns, At safepoint: 7360 ns, Total: 102167 ns
[2020-09-11T17:28:14.232+0000][1][safepoint    ] Safepoint "Cleanup", Time since last: 1000104836 ns, Reaching safepoint: 86426 ns, At safepoint: 7021 ns, Total: 93447 ns
[2020-09-11T17:28:15.232+0000][1][safepoint    ] Safepoint "Cleanup", Time since last: 1000116004 ns, Reaching safepoint: 88455 ns, At safepoint: 8377 ns, Total: 96832 ns
[2020-09-11T17:28:15.378+0000][1][safepoint    ] Safepoint "RevokeBias", Time since last: 145564379 ns, Reaching safepoint: 168654 ns, At safepoint: 34751 ns, Total: 203405 ns
[2020-09-11T17:28:16.378+0000][1][safepoint    ] Safepoint "Cleanup", Time since last: 1000108442 ns, Reaching safepoint: 112575 ns, At safepoint: 10784 ns, Total: 123359 ns
[2020-09-11T17:28:17.096+0000][1][safepoint    ] Safepoint "RevokeBias", Time since last: 717941975 ns, Reaching safepoint: 198381 ns, At safepoint: 26927 ns, Total: 225308 ns
[2020-09-11T17:28:18.097+0000][1][safepoint    ] Safepoint "Cleanup", Time since last: 1000110775 ns, Reaching safepoint: 106965 ns, At safepoint: 8484 ns, Total: 115449 ns
[2020-09-11T17:28:19.097+0000][1][safepoint    ] Safepoint "Cleanup", Time since last: 1000107485 ns, Reaching safepoint: 88564 ns, At safepoint: 6734 ns, Total: 95298 ns
[2020-09-11T17:28:24.097+0000][1][safepoint    ] Safepoint "Cleanup", Time since last: 5000566765 ns, Reaching safepoint: 99281 ns, At safepoint: 10661 ns, Total: 109942 ns
[2020-09-11T17:28:25.427+0000][1][safepoint    ] Safepoint "BulkRevokeBias", Time since last: 1329481874 ns, Reaching safepoint: 172358 ns, At safepoint: 249866 ns, Total: 422224 ns
[2020-09-11T17:28:27.076+0000][1][safepoint    ] Safepoint "RevokeBias", Time since last: 1648579171 ns, Reaching safepoint: 186493 ns, At safepoint: 22222 ns, Total: 208715 ns
[2020-09-11T17:28:28.076+0000][1][safepoint    ] Safepoint "Cleanup", Time since last: 1000109370 ns, Reaching safepoint: 92580 ns, At safepoint: 8605 ns, Total: 101185 ns
[2020-09-11T17:28:35.077+0000][1][safepoint    ] Safepoint "Cleanup", Time since last: 7000542864 ns, Reaching safepoint: 94993 ns, At safepoint: 8310 ns, Total: 103303 ns
[2020-09-11T17:28:35.246+0000][1][gc,start     ] GC(162) Pause Young (Allocation Failure)
[2020-09-11T17:28:35.246+0000][1][gc,task      ] GC(162) Using 1 workers of 1 for evacuation
[2020-09-11T17:28:35.255+0000][1][gc,age       ] GC(162) Desired survivor size 4358144 bytes, new threshold 6 (max threshold 6)
[2020-09-11T17:28:35.255+0000][1][gc,age       ] GC(162) Age table with threshold 6 (max threshold 6)
[2020-09-11T17:28:35.255+0000][1][gc,age       ] GC(162) - age   1:      61168 bytes,      61168 total
[2020-09-11T17:28:35.255+0000][1][gc,age       ] GC(162) - age   2:      10064 bytes,      71232 total
[2020-09-11T17:28:35.255+0000][1][gc,age       ] GC(162) - age   3:       2072 bytes,      73304 total
[2020-09-11T17:28:35.255+0000][1][gc,age       ] GC(162) - age   4:       1424 bytes,      74728 total
[2020-09-11T17:28:35.255+0000][1][gc,age       ] GC(162) - age   5:        272 bytes,      75000 total
[2020-09-11T17:28:35.255+0000][1][gc,age       ] GC(162) - age   6:       1488 bytes,      76488 total
[2020-09-11T17:28:35.255+0000][1][gc,heap      ] GC(162) ParNew: 68710K->155K(76672K)
[2020-09-11T17:28:35.255+0000][1][gc,heap      ] GC(162) CMS: 77666K->77687K(439104K)
[2020-09-11T17:28:35.255+0000][1][gc,metaspace ] GC(162) Metaspace: 96281K->96281K(1138688K)
[2020-09-11T17:28:35.255+0000][1][gc           ] GC(162) Pause Young (Allocation Failure) 142M->76M(503M) 8.851ms
[2020-09-11T17:28:35.255+0000][1][gc,cpu       ] GC(162) User=0.00s Sys=0.00s Real=0.01s
[2020-09-11T17:28:35.255+0000][1][safepoint    ] Safepoint "GenCollectForAllocation", Time since last: 168760528 ns, Reaching safepoint: 162710 ns, At safepoint: 8965599 ns, Total: 9128309 ns
[2020-09-11T17:28:35.383+0000][1][safepoint    ] Safepoint "RevokeBias", Time since last: 127879171 ns, Reaching safepoint: 95299 ns, At safepoint: 33471 ns, Total: 128770 ns
[2020-09-11T17:28:37.092+0000][1][safepoint    ] Safepoint "RevokeBias", Time since last: 1708640133 ns, Reaching safepoint: 477732 ns, At safepoint: 26030 ns, Total: 503762 ns
[2020-09-11T17:28:45.379+0000][1][safepoint    ] Safepoint "RevokeBias", Time since last: 8286554995 ns, Reaching safepoint: 93722 ns, At safepoint: 25595 ns, Total: 119317 ns
[2020-09-11T17:28:47.105+0000][1][safepoint    ] Safepoint "RevokeBias", Time since last: 1725697821 ns, Reaching safepoint: 489515 ns, At safepoint: 37032 ns, Total: 526547 ns
[2020-09-11T17:28:48.105+0000][1][safepoint    ] Safepoint "Cleanup", Time since last: 1000106585 ns, Reaching safepoint: 95845 ns, At safepoint: 11051 ns, Total: 106896 ns
[2020-09-11T17:28:55.106+0000][1][safepoint    ] Safepoint "Cleanup", Time since last: 7000556029 ns, Reaching safepoint: 100314 ns, At safepoint: 9582 ns, Total: 109896 ns
[2020-09-11T17:28:55.373+0000][1][safepoint    ] Safepoint "RevokeBias", Time since last: 267169936 ns, Reaching safepoint: 96105 ns, At safepoint: 22740 ns, Total: 118845 ns
[2020-09-11T17:28:57.081+0000][1][safepoint    ] Safepoint "RevokeBias", Time since last: 1707714642 ns, Reaching safepoint: 189825 ns, At safepoint: 24513 ns, Total: 214338 ns
[2020-09-11T17:28:57.082+0000][1][gc,start     ] GC(163) Pause Young (Allocation Failure)
[2020-09-11T17:28:57.082+0000][1][gc,task      ] GC(163) Using 1 workers of 1 for evacuation
[2020-09-11T17:28:57.088+0000][1][gc,age       ] GC(163) Desired survivor size 4358144 bytes, new threshold 6 (max threshold 6)
[2020-09-11T17:28:57.088+0000][1][gc,age       ] GC(163) Age table with threshold 6 (max threshold 6)
[2020-09-11T17:28:57.088+0000][1][gc,age       ] GC(163) - age   1:     402896 bytes,     402896 total
[2020-09-11T17:28:57.088+0000][1][gc,age       ] GC(163) - age   2:        808 bytes,     403704 total
[2020-09-11T17:28:57.088+0000][1][gc,age       ] GC(163) - age   3:       6896 bytes,     410600 total
[2020-09-11T17:28:57.088+0000][1][gc,age       ] GC(163) - age   4:       1760 bytes,     412360 total
[2020-09-11T17:28:57.088+0000][1][gc,age       ] GC(163) - age   5:       1112 bytes,     413472 total
[2020-09-11T17:28:57.088+0000][1][gc,age       ] GC(163) - age   6:        272 bytes,     413744 total
[2020-09-11T17:28:57.088+0000][1][gc,heap      ] GC(163) ParNew: 68315K->468K(76672K)
[2020-09-11T17:28:57.088+0000][1][gc,heap      ] GC(163) CMS: 77687K->77688K(439104K)
[2020-09-11T17:28:57.088+0000][1][gc,metaspace ] GC(163) Metaspace: 96283K->96283K(1138688K)
[2020-09-11T17:28:57.088+0000][1][gc           ] GC(163) Pause Young (Allocation Failure) 142M->76M(503M) 6.123ms
[2020-09-11T17:28:57.088+0000][1][gc,cpu       ] GC(163) User=0.00s Sys=0.00s Real=0.00s
[2020-09-11T17:28:57.093+0000][1][safepoint    ] Safepoint "GenCollectForAllocation", Time since last: 450718 ns, Reaching safepoint: 131000 ns, At safepoint: 11393260 ns, Total: 11524260 ns
[2020-09-11T17:29:05.417+0000][1][safepoint    ] Safepoint "RevokeBias", Time since last: 8324330135 ns, Reaching safepoint: 171243 ns, At safepoint: 24592 ns, Total: 195835 ns
[2020-09-11T17:29:07.098+0000][1][safepoint    ] Safepoint "RevokeBias", Time since last: 1680023725 ns, Reaching safepoint: 189324 ns, At safepoint: 23051 ns, Total: 212375 ns
[2020-09-11T17:29:15.365+0000][1][safepoint    ] Safepoint "RevokeBias", Time since last: 8266636832 ns, Reaching safepoint: 185934 ns, At safepoint: 23724 ns, Total: 209658 ns
[2020-09-11T17:29:17.087+0000][1][safepoint    ] Safepoint "RevokeBias", Time since last: 1720437627 ns, Reaching safepoint: 1872994 ns, At safepoint: 247916 ns, Total: 2120910 ns
[2020-09-11T17:29:17.125+0000][1][gc,start     ] GC(164) Pause Young (Allocation Failure)
[2020-09-11T17:29:17.125+0000][1][gc,task      ] GC(164) Using 1 workers of 1 for evacuation
[2020-09-11T17:29:17.134+0000][1][gc,age       ] GC(164) Desired survivor size 4358144 bytes, new threshold 6 (max threshold 6)
[2020-09-11T17:29:17.134+0000][1][gc,age       ] GC(164) Age table with threshold 6 (max threshold 6)
[2020-09-11T17:29:17.134+0000][1][gc,age       ] GC(164) - age   1:     591320 bytes,     591320 total
[2020-09-11T17:29:17.134+0000][1][gc,age       ] GC(164) - age   2:      19312 bytes,     610632 total
[2020-09-11T17:29:17.134+0000][1][gc,age       ] GC(164) - age   3:        136 bytes,     610768 total
[2020-09-11T17:29:17.134+0000][1][gc,age       ] GC(164) - age   4:       6296 bytes,     617064 total
[2020-09-11T17:29:17.134+0000][1][gc,age       ] GC(164) - age   5:       1760 bytes,     618824 total
[2020-09-11T17:29:17.134+0000][1][gc,age       ] GC(164) - age   6:       1112 bytes,     619936 total
[2020-09-11T17:29:17.134+0000][1][gc,heap      ] GC(164) ParNew: 68628K->639K(76672K)
[2020-09-11T17:29:17.134+0000][1][gc,heap      ] GC(164) CMS: 77688K->77689K(439104K)
[2020-09-11T17:29:17.134+0000][1][gc,metaspace ] GC(164) Metaspace: 96289K->96289K(1138688K)
[2020-09-11T17:29:17.134+0000][1][gc           ] GC(164) Pause Young (Allocation Failure) 142M->76M(503M) 9.151ms
[2020-09-11T17:29:17.134+0000][1][gc,cpu       ] GC(164) User=0.01s Sys=0.00s Real=0.01s
[2020-09-11T17:29:17.134+0000][1][safepoint    ] Safepoint "GenCollectForAllocation", Time since last: 35838402 ns, Reaching safepoint: 1887113 ns, At safepoint: 9244923 ns, Total: 11132036 ns
[2020-09-11T17:29:19.149+0000][1][safepoint    ] Safepoint "Cleanup", Time since last: 2014467955 ns, Reaching safepoint: 94952 ns, At safepoint: 21880 ns, Total: 116832 ns
[2020-09-11T17:29:20.149+0000][1][safepoint    ] Safepoint "Cleanup", Time since last: 1000154667 ns, Reaching safepoint: 102759 ns, At safepoint: 9995 ns, Total: 112754 ns
[2020-09-11T17:29:21.149+0000][1][safepoint    ] Safepoint "Cleanup", Time since last: 1000116454 ns, Reaching safepoint: 95493 ns, At safepoint: 10008 ns, Total: 105501 ns
[2020-09-11T17:29:22.149+0000][1][safepoint    ] Safepoint "Cleanup", Time since last: 1000114910 ns, Reaching safepoint: 93813 ns, At safepoint: 11000 ns, Total: 104813 ns
[2020-09-11T17:29:23.150+0000][1][safepoint    ] Safepoint "Cleanup", Time since last: 1000110556 ns, Reaching safepoint: 97774 ns, At safepoint: 10198 ns, Total: 107972 ns
[2020-09-11T17:29:24.150+0000][1][safepoint    ] Safepoint "Cleanup", Time since last: 1000114690 ns, Reaching safepoint: 92871 ns, At safepoint: 11349 ns, Total: 104220 ns
[2020-09-11T17:29:25.150+0000][1][safepoint    ] Safepoint "Cleanup", Time since last: 1000116858 ns, Reaching safepoint: 95858 ns, At safepoint: 10615 ns, Total: 106473 ns
[2020-09-11T17:29:25.370+0000][1][safepoint    ] Safepoint "RevokeBias", Time since last: 219718920 ns, Reaching safepoint: 173408 ns, At safepoint: 24123 ns, Total: 197531 ns
[2020-09-11T17:29:26.370+0000][1][safepoint    ] Safepoint "Cleanup", Time since last: 1000103506 ns, Reaching safepoint: 93612 ns, At safepoint: 11240 ns, Total: 104852 ns
[2020-09-11T17:29:27.080+0000][1][safepoint    ] Safepoint "RevokeBias", Time since last: 707645331 ns, Reaching safepoint: 1975501 ns, At safepoint: 30041 ns, Total: 2005542 ns
[2020-09-11T17:29:28.080+0000][1][safepoint    ] Safepoint "Cleanup", Time since last: 1000110468 ns, Reaching safepoint: 91934 ns, At safepoint: 10859 ns, Total: 102793 ns
[2020-09-11T17:29:29.080+0000][1][safepoint    ] Safepoint "Cleanup", Time since last: 1000117575 ns, Reaching safepoint: 90881 ns, At safepoint: 7513 ns, Total: 98394 ns
[2020-09-11T17:29:30.080+0000][1][safepoint    ] Safepoint "Cleanup", Time since last: 1000110118 ns, Reaching safepoint: 94874 ns, At safepoint: 10806 ns, Total: 105680 ns
[2020-09-11T17:29:31.081+0000][1][safepoint    ] Safepoint "Cleanup", Time since last: 1000109980 ns, Reaching safepoint: 91064 ns, At safepoint: 7472 ns, Total: 98536 ns
[2020-09-11T17:29:32.081+0000][1][safepoint    ] Safepoint "Cleanup", Time since last: 1000071703 ns, Reaching safepoint: 94635 ns, At safepoint: 9605 ns, Total: 104240 ns
[2020-09-11T17:29:33.081+0000][1][safepoint    ] Safepoint "Cleanup", Time since last: 1000118706 ns, Reaching safepoint: 157564 ns, At safepoint: 13582 ns, Total: 171146 ns
[2020-09-11T17:29:34.081+0000][1][safepoint    ] Safepoint "Cleanup", Time since last: 1000113469 ns, Reaching safepoint: 89679 ns, At safepoint: 7494 ns, Total: 97173 ns
[2020-09-11T17:29:35.082+0000][1][safepoint    ] Safepoint "Cleanup", Time since last: 1000120834 ns, Reaching safepoint: 94364 ns, At safepoint: 11516 ns, Total: 105880 ns
[2020-09-11T17:29:35.366+0000][1][safepoint    ] Safepoint "RevokeBias", Time since last: 284195249 ns, Reaching safepoint: 172787 ns, At safepoint: 25007 ns, Total: 197794 ns
[2020-09-11T17:29:36.366+0000][1][safepoint    ] Safepoint "Cleanup", Time since last: 1000105071 ns, Reaching safepoint: 92576 ns, At safepoint: 10075 ns, Total: 102651 ns
[2020-09-11T17:29:37.097+0000][1][safepoint    ] Safepoint "RevokeBias", Time since last: 727027038 ns, Reaching safepoint: 3642076 ns, At safepoint: 29781 ns, Total: 3671857 ns
[2020-09-11T17:29:38.097+0000][1][safepoint    ] Safepoint "Cleanup", Time since last: 1000114933 ns, Reaching safepoint: 92133 ns, At safepoint: 10810 ns, Total: 102943 ns
[2020-09-11T17:29:38.666+0000][1][gc,start     ] GC(165) Pause Young (Allocation Failure)
[2020-09-11T17:29:38.666+0000][1][gc,task      ] GC(165) Using 1 workers of 1 for evacuation
[2020-09-11T17:29:38.674+0000][1][gc,age       ] GC(165) Desired survivor size 4358144 bytes, new threshold 6 (max threshold 6)
[2020-09-11T17:29:38.674+0000][1][gc,age       ] GC(165) Age table with threshold 6 (max threshold 6)
[2020-09-11T17:29:38.674+0000][1][gc,age       ] GC(165) - age   1:      67088 bytes,      67088 total
[2020-09-11T17:29:38.674+0000][1][gc,age       ] GC(165) - age   2:       5432 bytes,      72520 total
[2020-09-11T17:29:38.674+0000][1][gc,age       ] GC(165) - age   3:       2048 bytes,      74568 total
[2020-09-11T17:29:38.674+0000][1][gc,age       ] GC(165) - age   4:        136 bytes,      74704 total
[2020-09-11T17:29:38.674+0000][1][gc,age       ] GC(165) - age   5:       6296 bytes,      81000 total
[2020-09-11T17:29:38.674+0000][1][gc,age       ] GC(165) - age   6:       1760 bytes,      82760 total
[2020-09-11T17:29:38.674+0000][1][gc,heap      ] GC(165) ParNew: 68799K->533K(76672K)
[2020-09-11T17:29:38.674+0000][1][gc,heap      ] GC(165) CMS: 77689K->77690K(439104K)
[2020-09-11T17:29:38.674+0000][1][gc,metaspace ] GC(165) Metaspace: 96292K->96292K(1138688K)
[2020-09-11T17:29:38.675+0000][1][gc           ] GC(165) Pause Young (Allocation Failure) 143M->76M(503M) 8.791ms
[2020-09-11T17:29:38.675+0000][1][gc,cpu       ] GC(165) User=0.00s Sys=0.00s Real=0.01s
[2020-09-11T17:29:38.675+0000][1][safepoint    ] Safepoint "GenCollectForAllocation", Time since last: 568389240 ns, Reaching safepoint: 190321 ns, At safepoint: 8987143 ns, Total: 9177464 ns
[2020-09-11T17:29:39.676+0000][1][safepoint    ] Safepoint "Cleanup", Time since last: 1000887494 ns, Reaching safepoint: 89011 ns, At safepoint: 21315 ns, Total: 110326 ns
[2020-09-11T17:29:40.676+0000][1][safepoint    ] Safepoint "Cleanup", Time since last: 1000112038 ns, Reaching safepoint: 94696 ns, At safepoint: 21501 ns, Total: 116197 ns
[2020-09-11T17:29:41.676+0000][1][safepoint    ] Safepoint "Cleanup", Time since last: 1000114366 ns, Reaching safepoint: 94615 ns, At safepoint: 23821 ns, Total: 118436 ns
[2020-09-11T17:29:42.676+0000][1][safepoint    ] Safepoint "Cleanup", Time since last: 1000109201 ns, Reaching safepoint: 93283 ns, At safepoint: 22044 ns, Total: 115327 ns
[2020-09-11T17:29:43.677+0000][1][safepoint    ] Safepoint "Cleanup", Time since last: 1000117873 ns, Reaching safepoint: 98294 ns, At safepoint: 9397 ns, Total: 107691 ns
[2020-09-11T17:29:44.677+0000][1][safepoint    ] Safepoint "Cleanup", Time since last: 1000111219 ns, Reaching safepoint: 118605 ns, At safepoint: 6829 ns, Total: 125434 ns
[2020-09-11T17:29:45.366+0000][1][safepoint    ] Safepoint "RevokeBias", Time since last: 689111980 ns, Reaching safepoint: 172585 ns, At safepoint: 24822 ns, Total: 197407 ns
[2020-09-11T17:29:46.366+0000][1][safepoint    ] Safepoint "Cleanup", Time since last: 1000105287 ns, Reaching safepoint: 89618 ns, At safepoint: 7449 ns, Total: 97067 ns
[2020-09-11T17:29:47.109+0000][1][safepoint    ] Safepoint "RevokeBias", Time since last: 738721197 ns, Reaching safepoint: 3832052 ns, At safepoint: 30713 ns, Total: 3862765 ns
[2020-09-11T17:29:48.109+0000][1][safepoint    ] Safepoint "Cleanup", Time since last: 1000113220 ns, Reaching safepoint: 104193 ns, At safepoint: 8065 ns, Total: 112258 ns
[2020-09-11T17:29:49.109+0000][1][safepoint    ] Safepoint "Cleanup", Time since last: 1000112863 ns, Reaching safepoint: 95147 ns, At safepoint: 10628 ns, Total: 105775 ns
[2020-09-11T17:29:50.110+0000][1][safepoint    ] Safepoint "Cleanup", Time since last: 1000114738 ns, Reaching safepoint: 96986 ns, At safepoint: 9596 ns, Total: 106582 ns
[2020-09-11T17:29:51.110+0000][1][safepoint    ] Safepoint "Cleanup", Time since last: 1000110593 ns, Reaching safepoint: 93106 ns, At safepoint: 9364 ns, Total: 102470 ns
[2020-09-11T17:29:52.110+0000][1][safepoint    ] Safepoint "Cleanup", Time since last: 1000113576 ns, Reaching safepoint: 94539 ns, At safepoint: 10586 ns, Total: 105125 ns
[2020-09-11T17:29:54.110+0000][1][safepoint    ] Safepoint "Cleanup", Time since last: 2000189461 ns, Reaching safepoint: 98317 ns, At safepoint: 11124 ns, Total: 109441 ns
[2020-09-11T17:29:55.416+0000][1][safepoint    ] Safepoint "RevokeBias", Time since last: 1305417229 ns, Reaching safepoint: 99061 ns, At safepoint: 36831 ns, Total: 135892 ns
[2020-09-11T17:29:57.081+0000][1][safepoint    ] Safepoint "RevokeBias", Time since last: 1665372636 ns, Reaching safepoint: 194675 ns, At safepoint: 25573 ns, Total: 220248 ns
[2020-09-11T17:30:05.343+0000][1][gc,start     ] GC(166) Pause Young (Allocation Failure)
[2020-09-11T17:30:05.343+0000][1][gc,task      ] GC(166) Using 1 workers of 1 for evacuation
[2020-09-11T17:30:05.347+0000][1][gc,age       ] GC(166) Desired survivor size 4358144 bytes, new threshold 6 (max threshold 6)
[2020-09-11T17:30:05.347+0000][1][gc,age       ] GC(166) Age table with threshold 6 (max threshold 6)
[2020-09-11T17:30:05.347+0000][1][gc,age       ] GC(166) - age   1:      84904 bytes,      84904 total
[2020-09-11T17:30:05.347+0000][1][gc,age       ] GC(166) - age   2:       3744 bytes,      88648 total
[2020-09-11T17:30:05.347+0000][1][gc,age       ] GC(166) - age   3:       1984 bytes,      90632 total
[2020-09-11T17:30:05.347+0000][1][gc,age       ] GC(166) - age   4:       1776 bytes,      92408 total
[2020-09-11T17:30:05.347+0000][1][gc,age       ] GC(166) - age   5:        136 bytes,      92544 total
[2020-09-11T17:30:05.347+0000][1][gc,age       ] GC(166) - age   6:       6296 bytes,      98840 total
[2020-09-11T17:30:05.347+0000][1][gc,heap      ] GC(166) ParNew: 68693K->148K(76672K)
[2020-09-11T17:30:05.347+0000][1][gc,heap      ] GC(166) CMS: 77690K->77691K(439104K)
[2020-09-11T17:30:05.347+0000][1][gc,metaspace ] GC(166) Metaspace: 96292K->96292K(1138688K)
[2020-09-11T17:30:05.347+0000][1][gc           ] GC(166) Pause Young (Allocation Failure) 142M->76M(503M) 4.684ms
[2020-09-11T17:30:05.347+0000][1][gc,cpu       ] GC(166) User=0.00s Sys=0.00s Real=0.00s
[2020-09-11T17:30:05.347+0000][1][safepoint    ] Safepoint "GenCollectForAllocation", Time since last: 8260955451 ns, Reaching safepoint: 85326 ns, At safepoint: 4746733 ns, Total: 4832059 ns
[2020-09-11T17:30:05.377+0000][1][safepoint    ] Safepoint "RevokeBias", Time since last: 29179224 ns, Reaching safepoint: 101013 ns, At safepoint: 35519 ns, Total: 136532 ns
[2020-09-11T17:30:07.121+0000][1][safepoint    ] Safepoint "RevokeBias", Time since last: 1742453799 ns, Reaching safepoint: 1892945 ns, At safepoint: 236709 ns, Total: 2129654 ns
[2020-09-11T17:30:15.406+0000][1][safepoint    ] Safepoint "RevokeBias", Time since last: 8285062525 ns, Reaching safepoint: 185652 ns, At safepoint: 25826 ns, Total: 211478 ns
[2020-09-11T17:30:17.124+0000][1][safepoint    ] Safepoint "RevokeBias", Time since last: 1714816715 ns, Reaching safepoint: 3080402 ns, At safepoint: 32015 ns, Total: 3112417 ns
[2020-09-11T17:30:20.125+0000][1][safepoint    ] Safepoint "Cleanup", Time since last: 3000328393 ns, Reaching safepoint: 153581 ns, At safepoint: 10842 ns, Total: 164423 ns
[2020-09-11T17:30:25.373+0000][1][safepoint    ] Safepoint "RevokeBias", Time since last: 5248194098 ns, Reaching safepoint: 170407 ns, At safepoint: 24136 ns, Total: 194543 ns
[2020-09-11T17:30:26.373+0000][1][safepoint    ] Safepoint "Cleanup", Time since last: 1000109275 ns, Reaching safepoint: 101451 ns, At safepoint: 10960 ns, Total: 112411 ns
[2020-09-11T17:30:27.090+0000][1][safepoint    ] Safepoint "RevokeBias", Time since last: 716405062 ns, Reaching safepoint: 96318 ns, At safepoint: 21360 ns, Total: 117678 ns
[2020-09-11T17:30:27.093+0000][1][gc,start     ] GC(167) Pause Young (Allocation Failure)
[2020-09-11T17:30:27.093+0000][1][gc,task      ] GC(167) Using 1 workers of 1 for evacuation
[2020-09-11T17:30:27.102+0000][1][gc,age       ] GC(167) Desired survivor size 4358144 bytes, new threshold 6 (max threshold 6)
[2020-09-11T17:30:27.102+0000][1][gc,age       ] GC(167) Age table with threshold 6 (max threshold 6)
[2020-09-11T17:30:27.102+0000][1][gc,age       ] GC(167) - age   1:     363360 bytes,     363360 total
[2020-09-11T17:30:27.102+0000][1][gc,age       ] GC(167) - age   2:      21176 bytes,     384536 total
[2020-09-11T17:30:27.102+0000][1][gc,age       ] GC(167) - age   3:       1488 bytes,     386024 total
[2020-09-11T17:30:27.102+0000][1][gc,age       ] GC(167) - age   4:       1400 bytes,     387424 total
[2020-09-11T17:30:27.102+0000][1][gc,age       ] GC(167) - age   5:       1776 bytes,     389200 total
[2020-09-11T17:30:27.102+0000][1][gc,age       ] GC(167) - age   6:        136 bytes,     389336 total
[2020-09-11T17:30:27.102+0000][1][gc,heap      ] GC(167) ParNew: 68308K->438K(76672K)
[2020-09-11T17:30:27.102+0000][1][gc,heap      ] GC(167) CMS: 77691K->77697K(439104K)
[2020-09-11T17:30:27.102+0000][1][gc,metaspace ] GC(167) Metaspace: 96294K->96294K(1138688K)
[2020-09-11T17:30:27.102+0000][1][gc           ] GC(167) Pause Young (Allocation Failure) 142M->76M(503M) 8.957ms
[2020-09-11T17:30:27.102+0000][1][gc,cpu       ] GC(167) User=0.00s Sys=0.00s Real=0.01s
[2020-09-11T17:30:27.102+0000][1][safepoint    ] Safepoint "GenCollectForAllocation", Time since last: 3171881 ns, Reaching safepoint: 84122 ns, At safepoint: 9029395 ns, Total: 9113517 ns
[2020-09-11T17:30:29.118+0000][1][safepoint    ] Safepoint "Cleanup", Time since last: 2015184876 ns, Reaching safepoint: 93376 ns, At safepoint: 7412 ns, Total: 100788 ns
[2020-09-11T17:30:34.118+0000][1][safepoint    ] Safepoint "Cleanup", Time since last: 5000395639 ns, Reaching safepoint: 101294 ns, At safepoint: 9979 ns, Total: 111273 ns
[2020-09-11T17:30:35.368+0000][1][safepoint    ] Safepoint "RevokeBias", Time since last: 1249408825 ns, Reaching safepoint: 169927 ns, At safepoint: 23609 ns, Total: 193536 ns
[2020-09-11T17:30:37.089+0000][1][safepoint    ] Safepoint "RevokeBias", Time since last: 1718608940 ns, Reaching safepoint: 2633157 ns, At safepoint: 31434 ns, Total: 2664591 ns
[2020-09-11T17:30:44.090+0000][1][safepoint    ] Safepoint "Cleanup", Time since last: 7000558306 ns, Reaching safepoint: 100629 ns, At safepoint: 10354 ns, Total: 110983 ns
[2020-09-11T17:30:45.369+0000][1][safepoint    ] Safepoint "RevokeBias", Time since last: 1279272690 ns, Reaching safepoint: 93624 ns, At safepoint: 21973 ns, Total: 115597 ns
[2020-09-11T17:30:47.097+0000][1][safepoint    ] Safepoint "RevokeBias", Time since last: 1727665669 ns, Reaching safepoint: 349032 ns, At safepoint: 24884 ns, Total: 373916 ns
[2020-09-11T17:30:47.137+0000][1][gc,start     ] GC(168) Pause Young (Allocation Failure)
[2020-09-11T17:30:47.137+0000][1][gc,task      ] GC(168) Using 1 workers of 1 for evacuation
[2020-09-11T17:30:47.146+0000][1][gc,age       ] GC(168) Desired survivor size 4358144 bytes, new threshold 6 (max threshold 6)
[2020-09-11T17:30:47.146+0000][1][gc,age       ] GC(168) Age table with threshold 6 (max threshold 6)
[2020-09-11T17:30:47.146+0000][1][gc,age       ] GC(168) - age   1:     586896 bytes,     586896 total
[2020-09-11T17:30:47.146+0000][1][gc,age       ] GC(168) - age   2:      19144 bytes,     606040 total
[2020-09-11T17:30:47.146+0000][1][gc,age       ] GC(168) - age   3:      20224 bytes,     626264 total
[2020-09-11T17:30:47.146+0000][1][gc,age       ] GC(168) - age   4:       1488 bytes,     627752 total
[2020-09-11T17:30:47.146+0000][1][gc,age       ] GC(168) - age   5:       1400 bytes,     629152 total
[2020-09-11T17:30:47.146+0000][1][gc,age       ] GC(168) - age   6:       1776 bytes,     630928 total
[2020-09-11T17:30:47.146+0000][1][gc,heap      ] GC(168) ParNew: 68598K->625K(76672K)
[2020-09-11T17:30:47.146+0000][1][gc,heap      ] GC(168) CMS: 77697K->77697K(439104K)
[2020-09-11T17:30:47.146+0000][1][gc,metaspace ] GC(168) Metaspace: 96296K->96296K(1138688K)
[2020-09-11T17:30:47.146+0000][1][gc           ] GC(168) Pause Young (Allocation Failure) 142M->76M(503M) 8.771ms
[2020-09-11T17:30:47.146+0000][1][gc,cpu       ] GC(168) User=0.00s Sys=0.00s Real=0.01s
[2020-09-11T17:30:47.146+0000][1][safepoint    ] Safepoint "GenCollectForAllocation", Time since last: 38128004 ns, Reaching safepoint: 1783578 ns, At safepoint: 8841058 ns, Total: 10624636 ns
[2020-09-11T17:30:54.154+0000][1][safepoint    ] Safepoint "Cleanup", Time since last: 7007632440 ns, Reaching safepoint: 98291 ns, At safepoint: 10891 ns, Total: 109182 ns
[2020-09-11T17:30:55.371+0000][1][safepoint    ] Safepoint "RevokeBias", Time since last: 1216804193 ns, Reaching safepoint: 172229 ns, At safepoint: 23807 ns, Total: 196036 ns
[2020-09-11T17:30:57.085+0000][1][safepoint    ] Safepoint "RevokeBias", Time since last: 1710682695 ns, Reaching safepoint: 3675977 ns, At safepoint: 37926 ns, Total: 3713903 ns
[2020-09-11T17:31:02.085+0000][1][safepoint    ] Safepoint "Cleanup", Time since last: 5000422159 ns, Reaching safepoint: 100945 ns, At safepoint: 11368 ns, Total: 112313 ns
[2020-09-11T17:31:05.439+0000][1][safepoint    ] Safepoint "RevokeBias", Time since last: 3353073613 ns, Reaching safepoint: 173053 ns, At safepoint: 24081 ns, Total: 197134 ns
[2020-09-11T17:31:06.439+0000][1][safepoint    ] Safepoint "Cleanup", Time since last: 1000112012 ns, Reaching safepoint: 99667 ns, At safepoint: 10805 ns, Total: 110472 ns
[2020-09-11T17:31:07.097+0000][1][safepoint    ] Safepoint "RevokeBias", Time since last: 655601168 ns, Reaching safepoint: 2326990 ns, At safepoint: 27977 ns, Total: 2354967 ns
[2020-09-11T17:31:08.667+0000][1][gc,start     ] GC(169) Pause Young (Allocation Failure)
[2020-09-11T17:31:08.667+0000][1][gc,task      ] GC(169) Using 1 workers of 1 for evacuation
[2020-09-11T17:31:08.672+0000][1][gc,age       ] GC(169) Desired survivor size 4358144 bytes, new threshold 6 (max threshold 6)
[2020-09-11T17:31:08.672+0000][1][gc,age       ] GC(169) Age table with threshold 6 (max threshold 6)
[2020-09-11T17:31:08.672+0000][1][gc,age       ] GC(169) - age   1:      68488 bytes,      68488 total
[2020-09-11T17:31:08.672+0000][1][gc,age       ] GC(169) - age   2:       3992 bytes,      72480 total
[2020-09-11T17:31:08.672+0000][1][gc,age       ] GC(169) - age   3:       1824 bytes,      74304 total
[2020-09-11T17:31:08.672+0000][1][gc,age       ] GC(169) - age   4:      19936 bytes,      94240 total
[2020-09-11T17:31:08.672+0000][1][gc,age       ] GC(169) - age   5:       1488 bytes,      95728 total
[2020-09-11T17:31:08.672+0000][1][gc,age       ] GC(169) - age   6:       1400 bytes,      97128 total
[2020-09-11T17:31:08.672+0000][1][gc,heap      ] GC(169) ParNew: 68785K->540K(76672K)
[2020-09-11T17:31:08.672+0000][1][gc,heap      ] GC(169) CMS: 77697K->77699K(439104K)
[2020-09-11T17:31:08.672+0000][1][gc,metaspace ] GC(169) Metaspace: 96460K->96460K(1138688K)
[2020-09-11T17:31:08.672+0000][1][gc           ] GC(169) Pause Young (Allocation Failure) 143M->76M(503M) 4.674ms
[2020-09-11T17:31:08.672+0000][1][gc,cpu       ] GC(169) User=0.01s Sys=0.00s Real=0.00s
[2020-09-11T17:31:08.677+0000][1][safepoint    ] Safepoint "GenCollectForAllocation", Time since last: 1569921448 ns, Reaching safepoint: 172856 ns, At safepoint: 9940080 ns, Total: 10112936 ns
[2020-09-11T17:31:10.678+0000][1][safepoint    ] Safepoint "Cleanup", Time since last: 2000875823 ns, Reaching safepoint: 100945 ns, At safepoint: 20173 ns, Total: 121118 ns
[2020-09-11T17:31:15.382+0000][1][safepoint    ] Safepoint "RevokeBias", Time since last: 4703790363 ns, Reaching safepoint: 171575 ns, At safepoint: 23387 ns, Total: 194962 ns
[2020-09-11T17:31:17.126+0000][1][safepoint    ] Safepoint "RevokeBias", Time since last: 1744431761 ns, Reaching safepoint: 93272 ns, At safepoint: 21214 ns, Total: 114486 ns
[2020-09-11T17:31:25.388+0000][1][safepoint    ] Safepoint "RevokeBias", Time since last: 8261639143 ns, Reaching safepoint: 173458 ns, At safepoint: 40976 ns, Total: 214434 ns
[2020-09-11T17:31:27.101+0000][1][safepoint    ] Safepoint "BulkRevokeBias", Time since last: 1711352196 ns, Reaching safepoint: 1191763 ns, At safepoint: 504395 ns, Total: 1696158 ns
[2020-09-11T17:31:27.141+0000][1][safepoint    ] Safepoint "RevokeBias", Time since last: 35617503 ns, Reaching safepoint: 3863670 ns, At safepoint: 29681 ns, Total: 3893351 ns
[2020-09-11T17:31:35.142+0000][1][safepoint    ] Safepoint "Cleanup", Time since last: 8000643877 ns, Reaching safepoint: 100806 ns, At safepoint: 10682 ns, Total: 111488 ns
[2020-09-11T17:31:35.372+0000][1][safepoint    ] Safepoint "RevokeBias", Time since last: 229960651 ns, Reaching safepoint: 169934 ns, At safepoint: 24623 ns, Total: 194557 ns
[2020-09-11T17:31:35.624+0000][1][gc,start     ] GC(170) Pause Young (Allocation Failure)
[2020-09-11T17:31:35.624+0000][1][gc,task      ] GC(170) Using 1 workers of 1 for evacuation
[2020-09-11T17:31:35.634+0000][1][gc,age       ] GC(170) Desired survivor size 4358144 bytes, new threshold 6 (max threshold 6)
[2020-09-11T17:31:35.634+0000][1][gc,age       ] GC(170) Age table with threshold 6 (max threshold 6)
[2020-09-11T17:31:35.634+0000][1][gc,age       ] GC(170) - age   1:      65768 bytes,      65768 total
[2020-09-11T17:31:35.634+0000][1][gc,age       ] GC(170) - age   2:       3728 bytes,      69496 total
[2020-09-11T17:31:35.634+0000][1][gc,age       ] GC(170) - age   3:        864 bytes,      70360 total
[2020-09-11T17:31:35.634+0000][1][gc,age       ] GC(170) - age   4:       1552 bytes,      71912 total
[2020-09-11T17:31:35.634+0000][1][gc,age       ] GC(170) - age   5:      19936 bytes,      91848 total
[2020-09-11T17:31:35.634+0000][1][gc,age       ] GC(170) - age   6:       1488 bytes,      93336 total
[2020-09-11T17:31:35.634+0000][1][gc,heap      ] GC(170) ParNew: 68700K->152K(76672K)
[2020-09-11T17:31:35.634+0000][1][gc,heap      ] GC(170) CMS: 77699K->77700K(439104K)
[2020-09-11T17:31:35.634+0000][1][gc,metaspace ] GC(170) Metaspace: 96466K->96466K(1138688K)
[2020-09-11T17:31:35.634+0000][1][gc           ] GC(170) Pause Young (Allocation Failure) 142M->76M(503M) 9.866ms
[2020-09-11T17:31:35.634+0000][1][gc,cpu       ] GC(170) User=0.00s Sys=0.00s Real=0.01s
[2020-09-11T17:31:35.634+0000][1][safepoint    ] Safepoint "GenCollectForAllocation", Time since last: 251912071 ns, Reaching safepoint: 87139 ns, At safepoint: 9945445 ns, Total: 10032584 ns
[2020-09-11T17:31:37.092+0000][1][safepoint    ] Safepoint "RevokeBias", Time since last: 1458417436 ns, Reaching safepoint: 190477 ns, At safepoint: 24154 ns, Total: 214631 ns
[2020-09-11T17:31:38.093+0000][1][safepoint    ] Safepoint "Cleanup", Time since last: 1000120137 ns, Reaching safepoint: 96306 ns, At safepoint: 10554 ns, Total: 106860 ns
[2020-09-11T17:31:45.375+0000][1][safepoint    ] Safepoint "RevokeBias", Time since last: 7281879978 ns, Reaching safepoint: 169582 ns, At safepoint: 25111 ns, Total: 194693 ns
[2020-09-11T17:31:47.103+0000][1][safepoint    ] Safepoint "RevokeBias", Time since last: 1728271371 ns, Reaching safepoint: 195999 ns, At safepoint: 26803 ns, Total: 222802 ns
[2020-09-11T17:31:53.104+0000][1][safepoint    ] Safepoint "Cleanup", Time since last: 6000497036 ns, Reaching safepoint: 99151 ns, At safepoint: 11130 ns, Total: 110281 ns
[2020-09-11T17:31:55.376+0000][1][safepoint    ] Safepoint "RevokeBias", Time since last: 2271822386 ns, Reaching safepoint: 171831 ns, At safepoint: 24523 ns, Total: 196354 ns
[2020-09-11T17:31:57.019+0000][1][gc,start     ] GC(171) Pause Young (Allocation Failure)
[2020-09-11T17:31:57.019+0000][1][gc,task      ] GC(171) Using 1 workers of 1 for evacuation
[2020-09-11T17:31:57.028+0000][1][gc,age       ] GC(171) Desired survivor size 4358144 bytes, new threshold 6 (max threshold 6)
[2020-09-11T17:31:57.028+0000][1][gc,age       ] GC(171) Age table with threshold 6 (max threshold 6)
[2020-09-11T17:31:57.028+0000][1][gc,age       ] GC(171) - age   1:     359384 bytes,     359384 total
[2020-09-11T17:31:57.028+0000][1][gc,age       ] GC(171) - age   2:       4496 bytes,     363880 total
[2020-09-11T17:31:57.028+0000][1][gc,age       ] GC(171) - age   3:       2712 bytes,     366592 total
[2020-09-11T17:31:57.028+0000][1][gc,age       ] GC(171) - age   4:        592 bytes,     367184 total
[2020-09-11T17:31:57.028+0000][1][gc,age       ] GC(171) - age   5:       1240 bytes,     368424 total
[2020-09-11T17:31:57.028+0000][1][gc,age       ] GC(171) - age   6:      19936 bytes,     388360 total
[2020-09-11T17:31:57.028+0000][1][gc,heap      ] GC(171) ParNew: 68312K->434K(76672K)
[2020-09-11T17:31:57.028+0000][1][gc,heap      ] GC(171) CMS: 77700K->77702K(439104K)
[2020-09-11T17:31:57.028+0000][1][gc,metaspace ] GC(171) Metaspace: 96469K->96469K(1138688K)
[2020-09-11T17:31:57.028+0000][1][gc           ] GC(171) Pause Young (Allocation Failure) 142M->76M(503M) 8.800ms
[2020-09-11T17:31:57.028+0000][1][gc,cpu       ] GC(171) User=0.01s Sys=0.00s Real=0.01s
[2020-09-11T17:31:57.028+0000][1][safepoint    ] Safepoint "GenCollectForAllocation", Time since last: 1642915769 ns, Reaching safepoint: 172023 ns, At safepoint: 8890672 ns, Total: 9062695 ns
[2020-09-11T17:31:57.100+0000][1][safepoint    ] Safepoint "RevokeBias", Time since last: 71960597 ns, Reaching safepoint: 258122 ns, At safepoint: 27063 ns, Total: 285185 ns
[2020-09-11T17:31:58.100+0000][1][safepoint    ] Safepoint "Cleanup", Time since last: 1000106694 ns, Reaching safepoint: 91759 ns, At safepoint: 7410 ns, Total: 99169 ns
[2020-09-11T17:32:05.407+0000][1][safepoint    ] Safepoint "BulkRevokeBias", Time since last: 7306513262 ns, Reaching safepoint: 173000 ns, At safepoint: 241498 ns, Total: 414498 ns
[2020-09-11T17:32:06.407+0000][1][safepoint    ] Safepoint "Cleanup", Time since last: 1000116764 ns, Reaching safepoint: 99920 ns, At safepoint: 10732 ns, Total: 110652 ns
[2020-09-11T17:32:07.106+0000][1][safepoint    ] Safepoint "RevokeBias", Time since last: 697979451 ns, Reaching safepoint: 237948 ns, At safepoint: 202823 ns, Total: 440771 ns
[2020-09-11T17:32:15.375+0000][1][safepoint    ] Safepoint "RevokeBias", Time since last: 8269205124 ns, Reaching safepoint: 193547 ns, At safepoint: 23687 ns, Total: 217234 ns
[2020-09-11T17:32:17.085+0000][1][safepoint    ] Safepoint "RevokeBias", Time since last: 1709143569 ns, Reaching safepoint: 495676 ns, At safepoint: 24852 ns, Total: 520528 ns
[2020-09-11T17:32:17.121+0000][1][gc,start     ] GC(172) Pause Young (Allocation Failure)
[2020-09-11T17:32:17.121+0000][1][gc,task      ] GC(172) Using 1 workers of 1 for evacuation
[2020-09-11T17:32:17.130+0000][1][gc,age       ] GC(172) Desired survivor size 4358144 bytes, new threshold 6 (max threshold 6)
[2020-09-11T17:32:17.130+0000][1][gc,age       ] GC(172) Age table with threshold 6 (max threshold 6)
[2020-09-11T17:32:17.130+0000][1][gc,age       ] GC(172) - age   1:     583880 bytes,     583880 total
[2020-09-11T17:32:17.130+0000][1][gc,age       ] GC(172) - age   2:      23576 bytes,     607456 total
[2020-09-11T17:32:17.130+0000][1][gc,age       ] GC(172) - age   3:       2616 bytes,     610072 total
[2020-09-11T17:32:17.130+0000][1][gc,age       ] GC(172) - age   4:       2424 bytes,     612496 total
[2020-09-11T17:32:17.130+0000][1][gc,age       ] GC(172) - age   5:        592 bytes,     613088 total
[2020-09-11T17:32:17.130+0000][1][gc,age       ] GC(172) - age   6:       1240 bytes,     614328 total
[2020-09-11T17:32:17.130+0000][1][gc,heap      ] GC(172) ParNew: 68594K->605K(76672K)
[2020-09-11T17:32:17.130+0000][1][gc,heap      ] GC(172) CMS: 77702K->77721K(439104K)
[2020-09-11T17:32:17.130+0000][1][gc,metaspace ] GC(172) Metaspace: 96470K->96470K(1138688K)
[2020-09-11T17:32:17.130+0000][1][gc           ] GC(172) Pause Young (Allocation Failure) 142M->76M(503M) 9.403ms
[2020-09-11T17:32:17.130+0000][1][gc,cpu       ] GC(172) User=0.00s Sys=0.00s Real=0.00s
[2020-09-11T17:32:17.133+0000][1][safepoint    ] Safepoint "GenCollectForAllocation", Time since last: 35377905 ns, Reaching safepoint: 577856 ns, At safepoint: 11948543 ns, Total: 12526399 ns
[2020-09-11T17:32:25.373+0000][1][safepoint    ] Safepoint "RevokeBias", Time since last: 8239866893 ns, Reaching safepoint: 185885 ns, At safepoint: 24523 ns, Total: 210408 ns
[2020-09-11T17:32:27.085+0000][1][safepoint    ] Safepoint "RevokeBias", Time since last: 1712004442 ns, Reaching safepoint: 193653 ns, At safepoint: 32030 ns, Total: 225683 ns
[2020-09-11T17:32:35.373+0000][1][safepoint    ] Safepoint "RevokeBias", Time since last: 8287582519 ns, Reaching safepoint: 169011 ns, At safepoint: 24321 ns, Total: 193332 ns
[2020-09-11T17:32:37.113+0000][1][safepoint    ] Safepoint "RevokeBias", Time since last: 1735918605 ns, Reaching safepoint: 4102634 ns, At safepoint: 33448 ns, Total: 4136082 ns
[2020-09-11T17:32:39.113+0000][1][safepoint    ] Safepoint "Cleanup", Time since last: 2000213578 ns, Reaching safepoint: 95167 ns, At safepoint: 7790 ns, Total: 102957 ns
[2020-09-11T17:32:39.664+0000][1][gc,start     ] GC(173) Pause Young (Allocation Failure)
[2020-09-11T17:32:39.664+0000][1][gc,task      ] GC(173) Using 1 workers of 1 for evacuation
[2020-09-11T17:32:39.668+0000][1][gc,age       ] GC(173) Desired survivor size 4358144 bytes, new threshold 6 (max threshold 6)
[2020-09-11T17:32:39.669+0000][1][gc,age       ] GC(173) Age table with threshold 6 (max threshold 6)
[2020-09-11T17:32:39.669+0000][1][gc,age       ] GC(173) - age   1:      63568 bytes,      63568 total
[2020-09-11T17:32:39.669+0000][1][gc,age       ] GC(173) - age   2:       5752 bytes,      69320 total
[2020-09-11T17:32:39.669+0000][1][gc,age       ] GC(173) - age   3:       6160 bytes,      75480 total
[2020-09-11T17:32:39.669+0000][1][gc,age       ] GC(173) - age   4:       2304 bytes,      77784 total
[2020-09-11T17:32:39.669+0000][1][gc,age       ] GC(173) - age   5:       2424 bytes,      80208 total
[2020-09-11T17:32:39.669+0000][1][gc,age       ] GC(173) - age   6:        592 bytes,      80800 total
[2020-09-11T17:32:39.669+0000][1][gc,heap      ] GC(173) ParNew: 68715K->525K(76672K)
[2020-09-11T17:32:39.669+0000][1][gc,heap      ] GC(173) CMS: 77721K->77723K(439104K)
[2020-09-11T17:32:39.669+0000][1][gc,metaspace ] GC(173) Metaspace: 96470K->96470K(1138688K)
[2020-09-11T17:32:39.669+0000][1][gc           ] GC(173) Pause Young (Allocation Failure) 143M->76M(503M) 4.679ms
[2020-09-11T17:32:39.669+0000][1][gc,cpu       ] GC(173) User=0.00s Sys=0.00s Real=0.00s
[2020-09-11T17:32:39.673+0000][1][safepoint    ] Safepoint "GenCollectForAllocation", Time since last: 550599895 ns, Reaching safepoint: 88277 ns, At safepoint: 8844014 ns, Total: 8932291 ns
[2020-09-11T17:32:45.462+0000][1][safepoint    ] Safepoint "RevokeBias", Time since last: 5788811861 ns, Reaching safepoint: 182400 ns, At safepoint: 28017 ns, Total: 210417 ns
[2020-09-11T17:32:47.088+0000][1][safepoint    ] Safepoint "RevokeBias", Time since last: 1625579161 ns, Reaching safepoint: 192425 ns, At safepoint: 30284 ns, Total: 222709 ns
[2020-09-11T17:32:48.088+0000][1][safepoint    ] Safepoint "Cleanup", Time since last: 1000123799 ns, Reaching safepoint: 98018 ns, At safepoint: 10373 ns, Total: 108391 ns
[2020-09-11T17:32:49.088+0000][1][safepoint    ] Safepoint "Cleanup", Time since last: 1000112666 ns, Reaching safepoint: 86557 ns, At safepoint: 7463 ns, Total: 94020 ns
[2020-09-11T17:32:50.088+0000][1][safepoint    ] Safepoint "Cleanup", Time since last: 1000109758 ns, Reaching safepoint: 91368 ns, At safepoint: 8705 ns, Total: 100073 ns
[2020-09-11T17:32:51.088+0000][1][safepoint    ] Safepoint "Cleanup", Time since last: 1000094928 ns, Reaching safepoint: 92949 ns, At safepoint: 10230 ns, Total: 103179 ns
[2020-09-11T17:32:52.089+0000][1][safepoint    ] Safepoint "Cleanup", Time since last: 1000112775 ns, Reaching safepoint: 93137 ns, At safepoint: 9928 ns, Total: 103065 ns
[2020-09-11T17:32:53.089+0000][1][safepoint    ] Safepoint "Cleanup", Time since last: 1000124615 ns, Reaching safepoint: 136904 ns, At safepoint: 7638 ns, Total: 144542 ns
[2020-09-11T17:32:54.089+0000][1][safepoint    ] Safepoint "Cleanup", Time since last: 1000106111 ns, Reaching safepoint: 92877 ns, At safepoint: 10324 ns, Total: 103201 ns
[2020-09-11T17:32:55.089+0000][1][safepoint    ] Safepoint "Cleanup", Time since last: 1000114796 ns, Reaching safepoint: 98490 ns, At safepoint: 10887 ns, Total: 109377 ns
[2020-09-11T17:32:55.377+0000][1][safepoint    ] Safepoint "RevokeBias", Time since last: 287513893 ns, Reaching safepoint: 94434 ns, At safepoint: 24014 ns, Total: 118448 ns
[2020-09-11T17:32:56.377+0000][1][safepoint    ] Safepoint "Cleanup", Time since last: 1000107238 ns, Reaching safepoint: 92923 ns, At safepoint: 10462 ns, Total: 103385 ns
[2020-09-11T17:32:57.081+0000][1][safepoint    ] Safepoint "RevokeBias", Time since last: 703701218 ns, Reaching safepoint: 190793 ns, At safepoint: 24392 ns, Total: 215185 ns
[2020-09-11T17:32:58.081+0000][1][safepoint    ] Safepoint "Cleanup", Time since last: 1000113132 ns, Reaching safepoint: 94147 ns, At safepoint: 10913 ns, Total: 105060 ns
[2020-09-11T17:32:59.082+0000][1][safepoint    ] Safepoint "Cleanup", Time since last: 1000117345 ns, Reaching safepoint: 89703 ns, At safepoint: 7962 ns, Total: 97665 ns
[2020-09-11T17:33:00.082+0000][1][safepoint    ] Safepoint "Cleanup", Time since last: 1000130647 ns, Reaching safepoint: 93740 ns, At safepoint: 10752 ns, Total: 104492 ns
[2020-09-11T17:33:01.082+0000][1][safepoint    ] Safepoint "Cleanup", Time since last: 1000114398 ns, Reaching safepoint: 88097 ns, At safepoint: 7932 ns, Total: 96029 ns
[2020-09-11T17:33:02.082+0000][1][safepoint    ] Safepoint "Cleanup", Time since last: 1000123661 ns, Reaching safepoint: 92260 ns, At safepoint: 10466 ns, Total: 102726 ns
[2020-09-11T17:33:03.082+0000][1][safepoint    ] Safepoint "Cleanup", Time since last: 1000114020 ns, Reaching safepoint: 93911 ns, At safepoint: 10774 ns, Total: 104685 ns
[2020-09-11T17:33:04.083+0000][1][safepoint    ] Safepoint "Cleanup", Time since last: 1000114609 ns, Reaching safepoint: 92791 ns, At safepoint: 9984 ns, Total: 102775 ns
[2020-09-11T17:33:05.083+0000][1][safepoint    ] Safepoint "Cleanup", Time since last: 1000114221 ns, Reaching safepoint: 92623 ns, At safepoint: 9061 ns, Total: 101684 ns
[2020-09-11T17:33:05.402+0000][1][gc,start     ] GC(174) Pause Young (Allocation Failure)
[2020-09-11T17:33:05.402+0000][1][gc,task      ] GC(174) Using 1 workers of 1 for evacuation
[2020-09-11T17:33:05.406+0000][1][gc,age       ] GC(174) Desired survivor size 4358144 bytes, new threshold 6 (max threshold 6)
[2020-09-11T17:33:05.406+0000][1][gc,age       ] GC(174) Age table with threshold 6 (max threshold 6)
[2020-09-11T17:33:05.406+0000][1][gc,age       ] GC(174) - age   1:      67544 bytes,      67544 total
[2020-09-11T17:33:05.406+0000][1][gc,age       ] GC(174) - age   2:       4104 bytes,      71648 total
[2020-09-11T17:33:05.406+0000][1][gc,age       ] GC(174) - age   3:       3408 bytes,      75056 total
[2020-09-11T17:33:05.406+0000][1][gc,age       ] GC(174) - age   4:       5888 bytes,      80944 total
[2020-09-11T17:33:05.406+0000][1][gc,age       ] GC(174) - age   5:       2304 bytes,      83248 total
[2020-09-11T17:33:05.406+0000][1][gc,age       ] GC(174) - age   6:       2424 bytes,      85672 total
[2020-09-11T17:33:05.406+0000][1][gc,heap      ] GC(174) ParNew: 68640K->146K(76672K)
[2020-09-11T17:33:05.406+0000][1][gc,heap      ] GC(174) CMS: 77723K->77723K(439104K)
[2020-09-11T17:33:05.406+0000][1][gc,metaspace ] GC(174) Metaspace: 96471K->96471K(1138688K)
[2020-09-11T17:33:05.406+0000][1][gc           ] GC(174) Pause Young (Allocation Failure) 142M->76M(503M) 4.226ms
[2020-09-11T17:33:05.406+0000][1][gc,cpu       ] GC(174) User=0.01s Sys=0.00s Real=0.00s
[2020-09-11T17:33:05.409+0000][1][safepoint    ] Safepoint "GenCollectForAllocation", Time since last: 318962156 ns, Reaching safepoint: 162721 ns, At safepoint: 6772861 ns, Total: 6935582 ns
[2020-09-11T17:33:05.409+0000][1][safepoint    ] Safepoint "RevokeBias", Time since last: 254321 ns, Reaching safepoint: 85089 ns, At safepoint: 27543 ns, Total: 112632 ns
[2020-09-11T17:33:06.411+0000][1][safepoint    ] Safepoint "Cleanup", Time since last: 1001695886 ns, Reaching safepoint: 94920 ns, At safepoint: 24406 ns, Total: 119326 ns
[2020-09-11T17:33:07.095+0000][1][safepoint    ] Safepoint "RevokeBias", Time since last: 684006091 ns, Reaching safepoint: 230983 ns, At safepoint: 23115 ns, Total: 254098 ns
[2020-09-11T17:33:08.095+0000][1][safepoint    ] Safepoint "Cleanup", Time since last: 1000116121 ns, Reaching safepoint: 92908 ns, At safepoint: 10544 ns, Total: 103452 ns
[2020-09-11T17:33:09.096+0000][1][safepoint    ] Safepoint "Cleanup", Time since last: 1000112708 ns, Reaching safepoint: 91212 ns, At safepoint: 9845 ns, Total: 101057 ns
[2020-09-11T17:33:10.096+0000][1][safepoint    ] Safepoint "Cleanup", Time since last: 1000117929 ns, Reaching safepoint: 91108 ns, At safepoint: 8068 ns, Total: 99176 ns
[2020-09-11T17:33:11.096+0000][1][safepoint    ] Safepoint "Cleanup", Time since last: 1000115644 ns, Reaching safepoint: 117632 ns, At safepoint: 10883 ns, Total: 128515 ns
[2020-09-11T17:33:12.096+0000][1][safepoint    ] Safepoint "Cleanup", Time since last: 1000113920 ns, Reaching safepoint: 90616 ns, At safepoint: 7127 ns, Total: 97743 ns
[2020-09-11T17:33:13.097+0000][1][safepoint    ] Safepoint "Cleanup", Time since last: 1000120234 ns, Reaching safepoint: 92576 ns, At safepoint: 9081 ns, Total: 101657 ns
[2020-09-11T17:33:14.097+0000][1][safepoint    ] Safepoint "Cleanup", Time since last: 1000111299 ns, Reaching safepoint: 111709 ns, At safepoint: 7572 ns, Total: 119281 ns
[2020-09-11T17:33:15.097+0000][1][safepoint    ] Safepoint "Cleanup", Time since last: 1000114263 ns, Reaching safepoint: 92185 ns, At safepoint: 9782 ns, Total: 101967 ns
[2020-09-11T17:33:15.379+0000][1][safepoint    ] Safepoint "RevokeBias", Time since last: 282045867 ns, Reaching safepoint: 179965 ns, At safepoint: 24277 ns, Total: 204242 ns
[2020-09-11T17:33:16.379+0000][1][safepoint    ] Safepoint "Cleanup", Time since last: 1000109749 ns, Reaching safepoint: 114573 ns, At safepoint: 11736 ns, Total: 126309 ns
[2020-09-11T17:33:17.117+0000][1][safepoint    ] Safepoint "RevokeBias", Time since last: 737110025 ns, Reaching safepoint: 271223 ns, At safepoint: 24389 ns, Total: 295612 ns
[2020-09-11T17:33:18.117+0000][1][safepoint    ] Safepoint "Cleanup", Time since last: 1000109165 ns, Reaching safepoint: 93188 ns, At safepoint: 9772 ns, Total: 102960 ns
[2020-09-11T17:33:19.117+0000][1][safepoint    ] Safepoint "Cleanup", Time since last: 1000134138 ns, Reaching safepoint: 93031 ns, At safepoint: 9742 ns, Total: 102773 ns
[2020-09-11T17:33:20.118+0000][1][safepoint    ] Safepoint "Cleanup", Time since last: 1000112635 ns, Reaching safepoint: 92719 ns, At safepoint: 9898 ns, Total: 102617 ns
[2020-09-11T17:33:21.118+0000][1][safepoint    ] Safepoint "Cleanup", Time since last: 1000116831 ns, Reaching safepoint: 93883 ns, At safepoint: 11128 ns, Total: 105011 ns
[2020-09-11T17:33:22.118+0000][1][safepoint    ] Safepoint "Cleanup", Time since last: 1000115967 ns, Reaching safepoint: 93793 ns, At safepoint: 10277 ns, Total: 104070 ns
[2020-09-11T17:33:23.118+0000][1][safepoint    ] Safepoint "Cleanup", Time since last: 1000115146 ns, Reaching safepoint: 92531 ns, At safepoint: 10537 ns, Total: 103068 ns
[2020-09-11T17:33:24.118+0000][1][safepoint    ] Safepoint "Cleanup", Time since last: 1000113335 ns, Reaching safepoint: 94511 ns, At safepoint: 10332 ns, Total: 104843 ns
[2020-09-11T17:33:25.119+0000][1][safepoint    ] Safepoint "Cleanup", Time since last: 1000115844 ns, Reaching safepoint: 95227 ns, At safepoint: 10244 ns, Total: 105471 ns
[2020-09-11T17:33:25.451+0000][1][safepoint    ] Safepoint "RevokeBias", Time since last: 332306383 ns, Reaching safepoint: 176930 ns, At safepoint: 43863 ns, Total: 220793 ns
[2020-09-11T17:33:26.451+0000][1][safepoint    ] Safepoint "Cleanup", Time since last: 1000113045 ns, Reaching safepoint: 92948 ns, At safepoint: 7886 ns, Total: 100834 ns
[2020-09-11T17:33:27.081+0000][1][safepoint    ] Safepoint "RevokeBias", Time since last: 628881782 ns, Reaching safepoint: 588721 ns, At safepoint: 23753 ns, Total: 612474 ns
[2020-09-11T17:33:27.091+0000][1][gc,start     ] GC(175) Pause Young (Allocation Failure)
[2020-09-11T17:33:27.091+0000][1][gc,task      ] GC(175) Using 1 workers of 1 for evacuation
[2020-09-11T17:33:27.100+0000][1][gc,age       ] GC(175) Desired survivor size 4358144 bytes, new threshold 6 (max threshold 6)
[2020-09-11T17:33:27.100+0000][1][gc,age       ] GC(175) Age table with threshold 6 (max threshold 6)
[2020-09-11T17:33:27.100+0000][1][gc,age       ] GC(175) - age   1:     378944 bytes,     378944 total
[2020-09-11T17:33:27.100+0000][1][gc,age       ] GC(175) - age   2:       1576 bytes,     380520 total
[2020-09-11T17:33:27.100+0000][1][gc,age       ] GC(175) - age   3:       1552 bytes,     382072 total
[2020-09-11T17:33:27.100+0000][1][gc,age       ] GC(175) - age   4:       2784 bytes,     384856 total
[2020-09-11T17:33:27.100+0000][1][gc,age       ] GC(175) - age   5:       5888 bytes,     390744 total
[2020-09-11T17:33:27.100+0000][1][gc,age       ] GC(175) - age   6:       2304 bytes,     393048 total
[2020-09-11T17:33:27.100+0000][1][gc,heap      ] GC(175) ParNew: 68287K->407K(76672K)
[2020-09-11T17:33:27.100+0000][1][gc,heap      ] GC(175) CMS: 77723K->77726K(439104K)
[2020-09-11T17:33:27.100+0000][1][gc,metaspace ] GC(175) Metaspace: 96479K->96479K(1138688K)
[2020-09-11T17:33:27.100+0000][1][gc           ] GC(175) Pause Young (Allocation Failure) 142M->76M(503M) 9.339ms
[2020-09-11T17:33:27.100+0000][1][gc,cpu       ] GC(175) User=0.01s Sys=0.00s Real=0.01s
[2020-09-11T17:33:27.100+0000][1][safepoint    ] Safepoint "GenCollectForAllocation", Time since last: 9842934 ns, Reaching safepoint: 199915 ns, At safepoint: 9541745 ns, Total: 9741660 ns
[2020-09-11T17:33:28.133+0000][1][safepoint    ] Safepoint "Cleanup", Time since last: 1032435899 ns, Reaching safepoint: 97393 ns, At safepoint: 10844 ns, Total: 108237 ns
[2020-09-11T17:33:29.133+0000][1][safepoint    ] Safepoint "Cleanup", Time since last: 1000113480 ns, Reaching safepoint: 91857 ns, At safepoint: 7812 ns, Total: 99669 ns
[2020-09-11T17:33:30.133+0000][1][safepoint    ] Safepoint "Cleanup", Time since last: 1000138396 ns, Reaching safepoint: 97916 ns, At safepoint: 9668 ns, Total: 107584 ns
[2020-09-11T17:33:31.134+0000][1][safepoint    ] Safepoint "Cleanup", Time since last: 1000115557 ns, Reaching safepoint: 93092 ns, At safepoint: 9722 ns, Total: 102814 ns
[2020-09-11T17:33:32.134+0000][1][safepoint    ] Safepoint "Cleanup", Time since last: 1000117206 ns, Reaching safepoint: 92967 ns, At safepoint: 10386 ns, Total: 103353 ns
[2020-09-11T17:33:33.134+0000][1][safepoint    ] Safepoint "Cleanup", Time since last: 1000116883 ns, Reaching safepoint: 95653 ns, At safepoint: 10285 ns, Total: 105938 ns
[2020-09-11T17:33:34.134+0000][1][safepoint    ] Safepoint "Cleanup", Time since last: 1000123225 ns, Reaching safepoint: 93250 ns, At safepoint: 7750 ns, Total: 101000 ns
[2020-09-11T17:33:35.135+0000][1][safepoint    ] Safepoint "Cleanup", Time since last: 1000114665 ns, Reaching safepoint: 95136 ns, At safepoint: 11195 ns, Total: 106331 ns
[2020-09-11T17:33:35.400+0000][1][safepoint    ] Safepoint "RevokeBias", Time since last: 265359307 ns, Reaching safepoint: 105504 ns, At safepoint: 23556 ns, Total: 129060 ns
[2020-09-11T17:33:36.400+0000][1][safepoint    ] Safepoint "Cleanup", Time since last: 1000103779 ns, Reaching safepoint: 93066 ns, At safepoint: 8879 ns, Total: 101945 ns
[2020-09-11T17:33:37.097+0000][1][safepoint    ] Safepoint "RevokeBias", Time since last: 696992461 ns, Reaching safepoint: 96808 ns, At safepoint: 25272 ns, Total: 122080 ns
[2020-09-11T17:33:38.098+0000][1][safepoint    ] Safepoint "Cleanup", Time since last: 1000116405 ns, Reaching safepoint: 91317 ns, At safepoint: 7588 ns, Total: 98905 ns
[2020-09-11T17:33:39.098+0000][1][safepoint    ] Safepoint "Cleanup", Time since last: 1000113916 ns, Reaching safepoint: 91593 ns, At safepoint: 8737 ns, Total: 100330 ns
[2020-09-11T17:33:40.098+0000][1][safepoint    ] Safepoint "Cleanup", Time since last: 1000117573 ns, Reaching safepoint: 93443 ns, At safepoint: 10076 ns, Total: 103519 ns
[2020-09-11T17:33:41.098+0000][1][safepoint    ] Safepoint "Cleanup", Time since last: 1000126292 ns, Reaching safepoint: 105370 ns, At safepoint: 11284 ns, Total: 116654 ns
[2020-09-11T17:33:45.459+0000][1][safepoint    ] Safepoint "RevokeBias", Time since last: 4360858607 ns, Reaching safepoint: 179835 ns, At safepoint: 24905 ns, Total: 204740 ns
[2020-09-11T17:33:47.083+0000][1][safepoint    ] Safepoint "RevokeBias", Time since last: 1623128306 ns, Reaching safepoint: 186890 ns, At safepoint: 21861 ns, Total: 208751 ns
[2020-09-11T17:33:47.163+0000][1][gc,start     ] GC(176) Pause Young (Allocation Failure)
[2020-09-11T17:33:47.163+0000][1][gc,task      ] GC(176) Using 1 workers of 1 for evacuation
[2020-09-11T17:33:47.168+0000][1][gc,age       ] GC(176) Desired survivor size 4358144 bytes, new threshold 6 (max threshold 6)
[2020-09-11T17:33:47.168+0000][1][gc,age       ] GC(176) Age table with threshold 6 (max threshold 6)
[2020-09-11T17:33:47.168+0000][1][gc,age       ] GC(176) - age   1:     140408 bytes,     140408 total
[2020-09-11T17:33:47.168+0000][1][gc,age       ] GC(176) - age   2:      18776 bytes,     159184 total
[2020-09-11T17:33:47.168+0000][1][gc,age       ] GC(176) - age   3:        288 bytes,     159472 total
[2020-09-11T17:33:47.168+0000][1][gc,age       ] GC(176) - age   4:       1552 bytes,     161024 total
[2020-09-11T17:33:47.168+0000][1][gc,age       ] GC(176) - age   5:       2784 bytes,     163808 total
[2020-09-11T17:33:47.168+0000][1][gc,age       ] GC(176) - age   6:       5888 bytes,     169696 total
[2020-09-11T17:33:47.168+0000][1][gc,heap      ] GC(176) ParNew: 68567K->304K(76672K)
[2020-09-11T17:33:47.168+0000][1][gc,heap      ] GC(176) CMS: 77726K->77728K(439104K)
[2020-09-11T17:33:47.168+0000][1][gc,metaspace ] GC(176) Metaspace: 96490K->96490K(1138688K)
[2020-09-11T17:33:47.168+0000][1][gc           ] GC(176) Pause Young (Allocation Failure) 142M->76M(503M) 5.582ms
[2020-09-11T17:33:47.168+0000][1][gc,cpu       ] GC(176) User=0.00s Sys=0.00s Real=0.00s
[2020-09-11T17:33:47.173+0000][1][safepoint    ] Safepoint "GenCollectForAllocation", Time since last: 79902270 ns, Reaching safepoint: 90234 ns, At safepoint: 10122067 ns, Total: 10212301 ns
[2020-09-11T17:33:55.374+0000][1][safepoint    ] Safepoint "RevokeBias", Time since last: 8200956689 ns, Reaching safepoint: 171005 ns, At safepoint: 24259 ns, Total: 195264 ns
[2020-09-11T17:33:57.081+0000][1][safepoint    ] Safepoint "RevokeBias", Time since last: 1703751377 ns, Reaching safepoint: 3185546 ns, At safepoint: 31305 ns, Total: 3216851 ns
[2020-09-11T17:34:05.400+0000][1][safepoint    ] Safepoint "RevokeBias", Time since last: 8319171333 ns, Reaching safepoint: 180735 ns, At safepoint: 24163 ns, Total: 204898 ns
[2020-09-11T17:34:07.124+0000][1][safepoint    ] Safepoint "RevokeBias", Time since last: 1723092948 ns, Reaching safepoint: 232626 ns, At safepoint: 258827 ns, Total: 491453 ns
[2020-09-11T17:34:10.566+0000][1][gc,start     ] GC(177) Pause Young (Allocation Failure)
[2020-09-11T17:34:10.566+0000][1][gc,task      ] GC(177) Using 1 workers of 1 for evacuation
[2020-09-11T17:34:10.574+0000][1][gc,age       ] GC(177) Desired survivor size 4358144 bytes, new threshold 6 (max threshold 6)
[2020-09-11T17:34:10.574+0000][1][gc,age       ] GC(177) Age table with threshold 6 (max threshold 6)
[2020-09-11T17:34:10.574+0000][1][gc,age       ] GC(177) - age   1:      63712 bytes,      63712 total
[2020-09-11T17:34:10.574+0000][1][gc,age       ] GC(177) - age   2:      26584 bytes,      90296 total
[2020-09-11T17:34:10.574+0000][1][gc,age       ] GC(177) - age   3:       1512 bytes,      91808 total
[2020-09-11T17:34:10.574+0000][1][gc,age       ] GC(177) - age   5:       1552 bytes,      93360 total
[2020-09-11T17:34:10.574+0000][1][gc,age       ] GC(177) - age   6:       2784 bytes,      96144 total
[2020-09-11T17:34:10.574+0000][1][gc,heap      ] GC(177) ParNew: 68464K->138K(76672K)
[2020-09-11T17:34:10.574+0000][1][gc,heap      ] GC(177) CMS: 77728K->77734K(439104K)
[2020-09-11T17:34:10.574+0000][1][gc,metaspace ] GC(177) Metaspace: 96498K->96498K(1138688K)
[2020-09-11T17:34:10.574+0000][1][gc           ] GC(177) Pause Young (Allocation Failure) 142M->76M(503M) 8.431ms
[2020-09-11T17:34:10.574+0000][1][gc,cpu       ] GC(177) User=0.00s Sys=0.00s Real=0.01s
[2020-09-11T17:34:10.574+0000][1][safepoint    ] Safepoint "GenCollectForAllocation", Time since last: 3441735483 ns, Reaching safepoint: 92634 ns, At safepoint: 8512699 ns, Total: 8605333 ns
[2020-09-11T17:34:15.399+0000][1][safepoint    ] Safepoint "RevokeBias", Time since last: 4825022904 ns, Reaching safepoint: 177201 ns, At safepoint: 24848 ns, Total: 202049 ns
[2020-09-11T17:34:16.400+0000][1][safepoint    ] Safepoint "Cleanup", Time since last: 1000108095 ns, Reaching safepoint: 93020 ns, At safepoint: 10466 ns, Total: 103486 ns
[2020-09-11T17:34:17.129+0000][1][safepoint    ] Safepoint "RevokeBias", Time since last: 729006651 ns, Reaching safepoint: 206327 ns, At safepoint: 23227 ns, Total: 229554 ns
[2020-09-11T17:34:18.129+0000][1][safepoint    ] Safepoint "Cleanup", Time since last: 1000111544 ns, Reaching safepoint: 91500 ns, At safepoint: 9881 ns, Total: 101381 ns
[2020-09-11T17:34:19.129+0000][1][safepoint    ] Safepoint "Cleanup", Time since last: 1000129016 ns, Reaching safepoint: 89707 ns, At safepoint: 7259 ns, Total: 96966 ns
[2020-09-11T17:34:20.130+0000][1][safepoint    ] Safepoint "Cleanup", Time since last: 1000113163 ns, Reaching safepoint: 91981 ns, At safepoint: 9309 ns, Total: 101290 ns
[2020-09-11T17:34:21.130+0000][1][safepoint    ] Safepoint "Cleanup", Time since last: 1000110780 ns, Reaching safepoint: 90879 ns, At safepoint: 8387 ns, Total: 99266 ns
[2020-09-11T17:34:22.130+0000][1][safepoint    ] Safepoint "Cleanup", Time since last: 1000109992 ns, Reaching safepoint: 87880 ns, At safepoint: 6898 ns, Total: 94778 ns
[2020-09-11T17:34:23.130+0000][1][safepoint    ] Safepoint "Cleanup", Time since last: 1000109225 ns, Reaching safepoint: 93362 ns, At safepoint: 9367 ns, Total: 102729 ns
[2020-09-11T17:34:24.130+0000][1][safepoint    ] Safepoint "Cleanup", Time since last: 1000109921 ns, Reaching safepoint: 87873 ns, At safepoint: 7130 ns, Total: 95003 ns
[2020-09-11T17:34:25.131+0000][1][safepoint    ] Safepoint "Cleanup", Time since last: 1000108190 ns, Reaching safepoint: 111923 ns, At safepoint: 9085 ns, Total: 121008 ns
[2020-09-11T17:34:25.401+0000][1][safepoint    ] Safepoint "RevokeBias", Time since last: 270642990 ns, Reaching safepoint: 178089 ns, At safepoint: 38958 ns, Total: 217047 ns
[2020-09-11T17:34:26.402+0000][1][safepoint    ] Safepoint "Cleanup", Time since last: 1000102730 ns, Reaching safepoint: 92247 ns, At safepoint: 10331 ns, Total: 102578 ns
[2020-09-11T17:34:27.089+0000][1][safepoint    ] Safepoint "RevokeBias", Time since last: 684291506 ns, Reaching safepoint: 2918195 ns, At safepoint: 31474 ns, Total: 2949669 ns
[2020-09-11T17:34:28.089+0000][1][safepoint    ] Safepoint "Cleanup", Time since last: 1000109891 ns, Reaching safepoint: 98138 ns, At safepoint: 9793 ns, Total: 107931 ns
[2020-09-11T17:34:29.089+0000][1][safepoint    ] Safepoint "Cleanup", Time since last: 1000105872 ns, Reaching safepoint: 90778 ns, At safepoint: 8961 ns, Total: 99739 ns
[2020-09-11T17:34:30.090+0000][1][safepoint    ] Safepoint "Cleanup", Time since last: 1000108092 ns, Reaching safepoint: 106202 ns, At safepoint: 7967 ns, Total: 114169 ns
[2020-09-11T17:34:31.090+0000][1][safepoint    ] Safepoint "Cleanup", Time since last: 1000120858 ns, Reaching safepoint: 93908 ns, At safepoint: 10130 ns, Total: 104038 ns
[2020-09-11T17:34:32.090+0000][1][safepoint    ] Safepoint "Cleanup", Time since last: 1000112298 ns, Reaching safepoint: 93440 ns, At safepoint: 6955 ns, Total: 100395 ns
[2020-09-11T17:34:33.090+0000][1][safepoint    ] Safepoint "Cleanup", Time since last: 1000113066 ns, Reaching safepoint: 93554 ns, At safepoint: 10406 ns, Total: 103960 ns
[2020-09-11T17:34:34.090+0000][1][safepoint    ] Safepoint "Cleanup", Time since last: 1000111381 ns, Reaching safepoint: 89030 ns, At safepoint: 7571 ns, Total: 96601 ns
[2020-09-11T17:34:35.091+0000][1][safepoint    ] Safepoint "Cleanup", Time since last: 1000114841 ns, Reaching safepoint: 93647 ns, At safepoint: 10472 ns, Total: 104119 ns
[2020-09-11T17:34:35.376+0000][1][safepoint    ] Safepoint "RevokeBias", Time since last: 284696889 ns, Reaching safepoint: 173070 ns, At safepoint: 23332 ns, Total: 196402 ns
[2020-09-11T17:34:36.376+0000][1][safepoint    ] Safepoint "Cleanup", Time since last: 1000110596 ns, Reaching safepoint: 114084 ns, At safepoint: 12279 ns, Total: 126363 ns
[2020-09-11T17:34:36.787+0000][1][gc,start     ] GC(178) Pause Young (Allocation Failure)
[2020-09-11T17:34:36.788+0000][1][gc,task      ] GC(178) Using 1 workers of 1 for evacuation
[2020-09-11T17:34:36.792+0000][1][gc,age       ] GC(178) Desired survivor size 4358144 bytes, new threshold 6 (max threshold 6)
[2020-09-11T17:34:36.792+0000][1][gc,age       ] GC(178) Age table with threshold 6 (max threshold 6)
[2020-09-11T17:34:36.792+0000][1][gc,age       ] GC(178) - age   1:      62384 bytes,      62384 total
[2020-09-11T17:34:36.792+0000][1][gc,age       ] GC(178) - age   2:       3768 bytes,      66152 total
[2020-09-11T17:34:36.792+0000][1][gc,age       ] GC(178) - age   3:      24496 bytes,      90648 total
[2020-09-11T17:34:36.792+0000][1][gc,age       ] GC(178) - age   4:       1240 bytes,      91888 total
[2020-09-11T17:34:36.792+0000][1][gc,age       ] GC(178) - age   6:       1552 bytes,      93440 total
[2020-09-11T17:34:36.792+0000][1][gc,heap      ] GC(178) ParNew: 68298K->105K(76672K)
[2020-09-11T17:34:36.792+0000][1][gc,heap      ] GC(178) CMS: 77734K->77736K(439104K)
[2020-09-11T17:34:36.792+0000][1][gc,metaspace ] GC(178) Metaspace: 96503K->96503K(1138688K)
[2020-09-11T17:34:36.792+0000][1][gc           ] GC(178) Pause Young (Allocation Failure) 142M->76M(503M) 4.716ms
[2020-09-11T17:34:36.792+0000][1][gc,cpu       ] GC(178) User=0.00s Sys=0.00s Real=0.00s
[2020-09-11T17:34:36.795+0000][1][safepoint    ] Safepoint "GenCollectForAllocation", Time since last: 411539604 ns, Reaching safepoint: 165855 ns, At safepoint: 7720424 ns, Total: 7886279 ns
[2020-09-11T17:34:37.096+0000][1][safepoint    ] Safepoint "RevokeBias", Time since last: 300035099 ns, Reaching safepoint: 408551 ns, At safepoint: 23316 ns, Total: 431867 ns
[2020-09-11T17:34:38.096+0000][1][safepoint    ] Safepoint "Cleanup", Time since last: 1000119694 ns, Reaching safepoint: 93175 ns, At safepoint: 11017 ns, Total: 104192 ns
[2020-09-11T17:34:39.096+0000][1][safepoint    ] Safepoint "Cleanup", Time since last: 1000114174 ns, Reaching safepoint: 88320 ns, At safepoint: 7993 ns, Total: 96313 ns
[2020-09-11T17:34:40.096+0000][1][safepoint    ] Safepoint "Cleanup", Time since last: 1000119555 ns, Reaching safepoint: 93517 ns, At safepoint: 10319 ns, Total: 103836 ns
[2020-09-11T17:34:41.097+0000][1][safepoint    ] Safepoint "Cleanup", Time since last: 1000118908 ns, Reaching safepoint: 89153 ns, At safepoint: 7654 ns, Total: 96807 ns
[2020-09-11T17:34:42.097+0000][1][safepoint    ] Safepoint "Cleanup", Time since last: 1000112409 ns, Reaching safepoint: 112766 ns, At safepoint: 8885 ns, Total: 121651 ns
[2020-09-11T17:34:43.097+0000][1][safepoint    ] Safepoint "Cleanup", Time since last: 1000118845 ns, Reaching safepoint: 96694 ns, At safepoint: 9822 ns, Total: 106516 ns
[2020-09-11T17:34:44.097+0000][1][safepoint    ] Safepoint "Cleanup", Time since last: 1000114684 ns, Reaching safepoint: 94257 ns, At safepoint: 10497 ns, Total: 104754 ns
[2020-09-11T17:34:45.418+0000][1][safepoint    ] Safepoint "RevokeBias", Time since last: 1321137868 ns, Reaching safepoint: 98973 ns, At safepoint: 26814 ns, Total: 125787 ns
[2020-09-11T17:34:47.117+0000][1][safepoint    ] Safepoint "RevokeBias", Time since last: 1694567022 ns, Reaching safepoint: 3545659 ns, At safepoint: 260395 ns, Total: 3806054 ns
[2020-09-11T17:34:54.118+0000][1][safepoint    ] Safepoint "Cleanup", Time since last: 7000561475 ns, Reaching safepoint: 98853 ns, At safepoint: 10717 ns, Total: 109570 ns
[2020-09-11T17:34:55.462+0000][1][safepoint    ] Safepoint "RevokeBias", Time since last: 1344347904 ns, Reaching safepoint: 176255 ns, At safepoint: 27336 ns, Total: 203591 ns
[2020-09-11T17:34:57.089+0000][1][safepoint    ] Safepoint "RevokeBias", Time since last: 1624403119 ns, Reaching safepoint: 2389699 ns, At safepoint: 28132 ns, Total: 2417831 ns
[2020-09-11T17:34:57.098+0000][1][gc,start     ] GC(179) Pause Young (Allocation Failure)
[2020-09-11T17:34:57.098+0000][1][gc,task      ] GC(179) Using 1 workers of 1 for evacuation
[2020-09-11T17:34:57.109+0000][1][gc,age       ] GC(179) Desired survivor size 4358144 bytes, new threshold 6 (max threshold 6)
[2020-09-11T17:34:57.109+0000][1][gc,age       ] GC(179) Age table with threshold 6 (max threshold 6)
[2020-09-11T17:34:57.109+0000][1][gc,age       ] GC(179) - age   1:     371112 bytes,     371112 total
[2020-09-11T17:34:57.109+0000][1][gc,age       ] GC(179) - age   2:       1880 bytes,     372992 total
[2020-09-11T17:34:57.109+0000][1][gc,age       ] GC(179) - age   3:       1840 bytes,     374832 total
[2020-09-11T17:34:57.109+0000][1][gc,age       ] GC(179) - age   4:      24224 bytes,     399056 total
[2020-09-11T17:34:57.109+0000][1][gc,age       ] GC(179) - age   5:       1240 bytes,     400296 total
[2020-09-11T17:34:57.109+0000][1][gc,heap      ] GC(179) ParNew: 68265K->473K(76672K)
[2020-09-11T17:34:57.109+0000][1][gc,heap      ] GC(179) CMS: 77736K->77737K(439104K)
[2020-09-11T17:34:57.109+0000][1][gc,metaspace ] GC(179) Metaspace: 96568K->96568K(1138688K)
[2020-09-11T17:34:57.109+0000][1][gc           ] GC(179) Pause Young (Allocation Failure) 142M->76M(503M) 10.931ms
[2020-09-11T17:34:57.109+0000][1][gc,cpu       ] GC(179) User=0.00s Sys=0.00s Real=0.01s
[2020-09-11T17:34:57.109+0000][1][safepoint    ] Safepoint "GenCollectForAllocation", Time since last: 9324658 ns, Reaching safepoint: 182147 ns, At safepoint: 11045300 ns, Total: 11227447 ns
[2020-09-11T17:35:05.394+0000][1][safepoint    ] Safepoint "RevokeBias", Time since last: 8284689216 ns, Reaching safepoint: 171314 ns, At safepoint: 24141 ns, Total: 195455 ns
[2020-09-11T17:35:06.395+0000][1][safepoint    ] Safepoint "Cleanup", Time since last: 1000111713 ns, Reaching safepoint: 99537 ns, At safepoint: 11521 ns, Total: 111058 ns
[2020-09-11T17:35:07.100+0000][1][safepoint    ] Safepoint "BulkRevokeBias", Time since last: 702493308 ns, Reaching safepoint: 1954787 ns, At safepoint: 814806 ns, Total: 2769593 ns
[2020-09-11T17:35:07.153+0000][1][safepoint    ] Safepoint "RevokeBias", Time since last: 52984154 ns, Reaching safepoint: 163882 ns, At safepoint: 25718 ns, Total: 189600 ns
[2020-09-11T17:35:15.425+0000][1][safepoint    ] Safepoint "RevokeBias", Time since last: 8271548039 ns, Reaching safepoint: 231789 ns, At safepoint: 23670 ns, Total: 255459 ns
[2020-09-11T17:35:17.141+0000][1][safepoint    ] Safepoint "RevokeBias", Time since last: 1715551725 ns, Reaching safepoint: 519478 ns, At safepoint: 24790 ns, Total: 544268 ns
[2020-09-11T17:35:17.201+0000][1][gc,start     ] GC(180) Pause Young (Allocation Failure)
[2020-09-11T17:35:17.201+0000][1][gc,task      ] GC(180) Using 1 workers of 1 for evacuation
[2020-09-11T17:35:17.210+0000][1][gc,age       ] GC(180) Desired survivor size 4358144 bytes, new threshold 6 (max threshold 6)
[2020-09-11T17:35:17.210+0000][1][gc,age       ] GC(180) Age table with threshold 6 (max threshold 6)
[2020-09-11T17:35:17.210+0000][1][gc,age       ] GC(180) - age   1:     594328 bytes,     594328 total
[2020-09-11T17:35:17.210+0000][1][gc,age       ] GC(180) - age   2:      21952 bytes,     616280 total
[2020-09-11T17:35:17.210+0000][1][gc,age       ] GC(180) - age   4:       1552 bytes,     617832 total
[2020-09-11T17:35:17.210+0000][1][gc,age       ] GC(180) - age   5:      24224 bytes,     642056 total
[2020-09-11T17:35:17.210+0000][1][gc,age       ] GC(180) - age   6:       1240 bytes,     643296 total
[2020-09-11T17:35:17.210+0000][1][gc,heap      ] GC(180) ParNew: 68633K->633K(76672K)
[2020-09-11T17:35:17.210+0000][1][gc,heap      ] GC(180) CMS: 77737K->77737K(439104K)
[2020-09-11T17:35:17.210+0000][1][gc,metaspace ] GC(180) Metaspace: 96579K->96579K(1138688K)
[2020-09-11T17:35:17.210+0000][1][gc           ] GC(180) Pause Young (Allocation Failure) 142M->76M(503M) 9.507ms
[2020-09-11T17:35:17.210+0000][1][gc,cpu       ] GC(180) User=0.00s Sys=0.00s Real=0.00s
[2020-09-11T17:35:17.210+0000][1][safepoint    ] Safepoint "GenCollectForAllocation", Time since last: 56967860 ns, Reaching safepoint: 2982838 ns, At safepoint: 9582421 ns, Total: 12565259 ns
[2020-09-11T17:35:25.392+0000][1][safepoint    ] Safepoint "RevokeBias", Time since last: 8181593424 ns, Reaching safepoint: 95604 ns, At safepoint: 24096 ns, Total: 119700 ns
[2020-09-11T17:35:27.118+0000][1][safepoint    ] Safepoint "RevokeBias", Time since last: 1725399017 ns, Reaching safepoint: 226533 ns, At safepoint: 24643 ns, Total: 251176 ns
[2020-09-11T17:35:35.402+0000][1][safepoint    ] Safepoint "RevokeBias", Time since last: 8283942013 ns, Reaching safepoint: 173033 ns, At safepoint: 24357 ns, Total: 197390 ns
[2020-09-11T17:35:37.106+0000][1][safepoint    ] Safepoint "RevokeBias", Time since last: 1703466083 ns, Reaching safepoint: 192786 ns, At safepoint: 25535 ns, Total: 218321 ns
[2020-09-11T17:35:39.106+0000][1][safepoint    ] Safepoint "Cleanup", Time since last: 2000273863 ns, Reaching safepoint: 98629 ns, At safepoint: 9967 ns, Total: 108596 ns
[2020-09-11T17:35:40.634+0000][1][gc,start     ] GC(181) Pause Young (Allocation Failure)
[2020-09-11T17:35:40.634+0000][1][gc,task      ] GC(181) Using 1 workers of 1 for evacuation
[2020-09-11T17:35:40.642+0000][1][gc,age       ] GC(181) Desired survivor size 4358144 bytes, new threshold 6 (max threshold 6)
[2020-09-11T17:35:40.642+0000][1][gc,age       ] GC(181) Age table with threshold 6 (max threshold 6)
[2020-09-11T17:35:40.642+0000][1][gc,age       ] GC(181) - age   1:      64776 bytes,      64776 total
[2020-09-11T17:35:40.642+0000][1][gc,age       ] GC(181) - age   2:       4040 bytes,      68816 total
[2020-09-11T17:35:40.642+0000][1][gc,age       ] GC(181) - age   3:       4632 bytes,      73448 total
[2020-09-11T17:35:40.642+0000][1][gc,age       ] GC(181) - age   5:       1552 bytes,      75000 total
[2020-09-11T17:35:40.642+0000][1][gc,age       ] GC(181) - age   6:      24224 bytes,      99224 total
[2020-09-11T17:35:40.642+0000][1][gc,heap      ] GC(181) ParNew: 68793K->550K(76672K)
[2020-09-11T17:35:40.642+0000][1][gc,heap      ] GC(181) CMS: 77737K->77739K(439104K)
[2020-09-11T17:35:40.642+0000][1][gc,metaspace ] GC(181) Metaspace: 96582K->96582K(1138688K)
[2020-09-11T17:35:40.642+0000][1][gc           ] GC(181) Pause Young (Allocation Failure) 143M->76M(503M) 8.665ms
[2020-09-11T17:35:40.642+0000][1][gc,cpu       ] GC(181) User=0.00s Sys=0.00s Real=0.01s
[2020-09-11T17:35:40.643+0000][1][safepoint    ] Safepoint "GenCollectForAllocation", Time since last: 1527624230 ns, Reaching safepoint: 157569 ns, At safepoint: 8765176 ns, Total: 8922745 ns
[2020-09-11T17:35:45.397+0000][1][safepoint    ] Safepoint "BulkRevokeBias", Time since last: 4753767212 ns, Reaching safepoint: 94882 ns, At safepoint: 265211 ns, Total: 360093 ns
[2020-09-11T17:35:47.093+0000][1][safepoint    ] Safepoint "RevokeBias", Time since last: 1696512173 ns, Reaching safepoint: 187852 ns, At safepoint: 26283 ns, Total: 214135 ns
[2020-09-11T17:35:53.094+0000][1][safepoint    ] Safepoint "Cleanup", Time since last: 6000496923 ns, Reaching safepoint: 100802 ns, At safepoint: 11440 ns, Total: 112242 ns
[2020-09-11T17:35:55.391+0000][1][safepoint    ] Safepoint "RevokeBias", Time since last: 2296983527 ns, Reaching safepoint: 172582 ns, At safepoint: 24991 ns, Total: 197573 ns
[2020-09-11T17:35:57.085+0000][1][safepoint    ] Safepoint "RevokeBias", Time since last: 1691598181 ns, Reaching safepoint: 2088777 ns, At safepoint: 38742 ns, Total: 2127519 ns
[2020-09-11T17:36:03.651+0000][1][gc,start     ] GC(182) Pause Young (Allocation Failure)
[2020-09-11T17:36:03.651+0000][1][gc,task      ] GC(182) Using 1 workers of 1 for evacuation
[2020-09-11T17:36:03.657+0000][1][gc,age       ] GC(182) Desired survivor size 4358144 bytes, new threshold 6 (max threshold 6)
[2020-09-11T17:36:03.657+0000][1][gc,age       ] GC(182) Age table with threshold 6 (max threshold 6)
[2020-09-11T17:36:03.657+0000][1][gc,age       ] GC(182) - age   1:      64928 bytes,      64928 total
[2020-09-11T17:36:03.657+0000][1][gc,age       ] GC(182) - age   2:       6424 bytes,      71352 total
[2020-09-11T17:36:03.657+0000][1][gc,age       ] GC(182) - age   3:       1888 bytes,      73240 total
[2020-09-11T17:36:03.657+0000][1][gc,age       ] GC(182) - age   4:       4360 bytes,      77600 total
[2020-09-11T17:36:03.657+0000][1][gc,age       ] GC(182) - age   6:       1552 bytes,      79152 total
[2020-09-11T17:36:03.658+0000][1][gc,heap      ] GC(182) ParNew: 68710K->155K(76672K)
[2020-09-11T17:36:03.658+0000][1][gc,heap      ] GC(182) CMS: 77739K->77762K(439104K)
[2020-09-11T17:36:03.658+0000][1][gc,metaspace ] GC(182) Metaspace: 96589K->96589K(1138688K)
[2020-09-11T17:36:03.658+0000][1][gc           ] GC(182) Pause Young (Allocation Failure) 143M->76M(503M) 6.503ms
[2020-09-11T17:36:03.658+0000][1][gc,cpu       ] GC(182) User=0.00s Sys=0.00s Real=0.01s
[2020-09-11T17:36:03.658+0000][1][safepoint    ] Safepoint "GenCollectForAllocation", Time since last: 6563915223 ns, Reaching safepoint: 2228250 ns, At safepoint: 6584893 ns, Total: 8813143 ns
[2020-09-11T17:36:05.391+0000][1][safepoint    ] Safepoint "RevokeBias", Time since last: 1733115300 ns, Reaching safepoint: 99328 ns, At safepoint: 34989 ns, Total: 134317 ns
[2020-09-11T17:36:07.093+0000][1][safepoint    ] Safepoint "RevokeBias", Time since last: 1702455618 ns, Reaching safepoint: 96076 ns, At safepoint: 21191 ns, Total: 117267 ns
[2020-09-11T17:36:15.481+0000][1][safepoint    ] Safepoint "RevokeBias", Time since last: 8386908914 ns, Reaching safepoint: 174576 ns, At safepoint: 25388 ns, Total: 199964 ns
[2020-09-11T17:36:17.145+0000][1][safepoint    ] Safepoint "RevokeBias", Time since last: 1663723266 ns, Reaching safepoint: 184610 ns, At safepoint: 23775 ns, Total: 208385 ns
[2020-09-11T17:36:24.145+0000][1][safepoint    ] Safepoint "Cleanup", Time since last: 7000612730 ns, Reaching safepoint: 106536 ns, At safepoint: 8383 ns, Total: 114919 ns
[2020-09-11T17:36:25.389+0000][1][safepoint    ] Safepoint "RevokeBias", Time since last: 1243975755 ns, Reaching safepoint: 203543 ns, At safepoint: 23814 ns, Total: 227357 ns
[2020-09-11T17:36:26.386+0000][1][gc,start     ] GC(183) Pause Young (Allocation Failure)
[2020-09-11T17:36:26.386+0000][1][gc,task      ] GC(183) Using 1 workers of 1 for evacuation
[2020-09-11T17:36:26.393+0000][1][gc,age       ] GC(183) Desired survivor size 4358144 bytes, new threshold 6 (max threshold 6)
[2020-09-11T17:36:26.393+0000][1][gc,age       ] GC(183) Age table with threshold 6 (max threshold 6)
[2020-09-11T17:36:26.393+0000][1][gc,age       ] GC(183) - age   1:      73128 bytes,      73128 total
[2020-09-11T17:36:26.393+0000][1][gc,age       ] GC(183) - age   2:       3096 bytes,      76224 total
[2020-09-11T17:36:26.393+0000][1][gc,age       ] GC(183) - age   3:       3160 bytes,      79384 total
[2020-09-11T17:36:26.393+0000][1][gc,age       ] GC(183) - age   4:       1696 bytes,      81080 total
[2020-09-11T17:36:26.393+0000][1][gc,age       ] GC(183) - age   5:       4360 bytes,      85440 total
[2020-09-11T17:36:26.393+0000][1][gc,heap      ] GC(183) ParNew: 68277K->135K(76672K)
[2020-09-11T17:36:26.393+0000][1][gc,heap      ] GC(183) CMS: 77762K->77764K(439104K)
[2020-09-11T17:36:26.393+0000][1][gc,metaspace ] GC(183) Metaspace: 96604K->96604K(1138688K)
[2020-09-11T17:36:26.393+0000][1][gc           ] GC(183) Pause Young (Allocation Failure) 142M->76M(503M) 7.341ms
[2020-09-11T17:36:26.393+0000][1][gc,cpu       ] GC(183) User=0.01s Sys=0.00s Real=0.01s
[2020-09-11T17:36:26.394+0000][1][safepoint    ] Safepoint "GenCollectForAllocation", Time since last: 996498714 ns, Reaching safepoint: 162340 ns, At safepoint: 7412578 ns, Total: 7574918 ns
[2020-09-11T17:36:27.109+0000][1][safepoint    ] Safepoint "RevokeBias", Time since last: 713022292 ns, Reaching safepoint: 2372931 ns, At safepoint: 27470 ns, Total: 2400401 ns
[2020-09-11T17:36:28.109+0000][1][safepoint    ] Safepoint "Cleanup", Time since last: 1000112885 ns, Reaching safepoint: 115371 ns, At safepoint: 8756 ns, Total: 124127 ns
[2020-09-11T17:36:35.401+0000][1][safepoint    ] Safepoint "RevokeBias", Time since last: 7288260908 ns, Reaching safepoint: 3440134 ns, At safepoint: 29639 ns, Total: 3469773 ns
[2020-09-11T17:36:36.401+0000][1][safepoint    ] Safepoint "Cleanup", Time since last: 1000112660 ns, Reaching safepoint: 112218 ns, At safepoint: 10802 ns, Total: 123020 ns
[2020-09-11T17:36:37.166+0000][1][safepoint    ] Safepoint "RevokeBias", Time since last: 764303682 ns, Reaching safepoint: 199845 ns, At safepoint: 24583 ns, Total: 224428 ns
[2020-09-11T17:36:45.393+0000][1][safepoint    ] Safepoint "RevokeBias", Time since last: 8226885576 ns, Reaching safepoint: 295869 ns, At safepoint: 21729 ns, Total: 317598 ns
[2020-09-11T17:36:47.094+0000][1][safepoint    ] Safepoint "RevokeBias", Time since last: 1700583552 ns, Reaching safepoint: 186621 ns, At safepoint: 23255 ns, Total: 209876 ns
[2020-09-11T17:36:47.117+0000][1][gc,start     ] GC(184) Pause Young (Allocation Failure)
[2020-09-11T17:36:47.117+0000][1][gc,task      ] GC(184) Using 1 workers of 1 for evacuation
[2020-09-11T17:36:47.126+0000][1][gc,age       ] GC(184) Desired survivor size 4358144 bytes, new threshold 6 (max threshold 6)
[2020-09-11T17:36:47.127+0000][1][gc,age       ] GC(184) Age table with threshold 6 (max threshold 6)
[2020-09-11T17:36:47.127+0000][1][gc,age       ] GC(184) - age   1:     586840 bytes,     586840 total
[2020-09-11T17:36:47.127+0000][1][gc,age       ] GC(184) - age   2:      25488 bytes,     612328 total
[2020-09-11T17:36:47.127+0000][1][gc,age       ] GC(184) - age   3:       2704 bytes,     615032 total
[2020-09-11T17:36:47.127+0000][1][gc,age       ] GC(184) - age   4:       3160 bytes,     618192 total
[2020-09-11T17:36:47.127+0000][1][gc,age       ] GC(184) - age   5:       1696 bytes,     619888 total
[2020-09-11T17:36:47.127+0000][1][gc,age       ] GC(184) - age   6:       4360 bytes,     624248 total
[2020-09-11T17:36:47.127+0000][1][gc,heap      ] GC(184) ParNew: 68280K->669K(76672K)
[2020-09-11T17:36:47.127+0000][1][gc,heap      ] GC(184) CMS: 77764K->77764K(439104K)
[2020-09-11T17:36:47.127+0000][1][gc,metaspace ] GC(184) Metaspace: 96620K->96620K(1138688K)
[2020-09-11T17:36:47.127+0000][1][gc           ] GC(184) Pause Young (Allocation Failure) 142M->76M(503M) 9.211ms
[2020-09-11T17:36:47.127+0000][1][gc,cpu       ] GC(184) User=0.00s Sys=0.00s Real=0.01s
[2020-09-11T17:36:47.127+0000][1][safepoint    ] Safepoint "GenCollectForAllocation", Time since last: 23573416 ns, Reaching safepoint: 174983 ns, At safepoint: 9289221 ns, Total: 9464204 ns
[2020-09-11T17:36:48.137+0000][1][safepoint    ] Safepoint "Cleanup", Time since last: 1010143494 ns, Reaching safepoint: 99121 ns, At safepoint: 10784 ns, Total: 109905 ns
[2020-09-11T17:36:55.389+0000][1][safepoint    ] Safepoint "RevokeBias", Time since last: 7251833044 ns, Reaching safepoint: 171921 ns, At safepoint: 23062 ns, Total: 194983 ns
[2020-09-11T17:36:57.109+0000][1][safepoint    ] Safepoint "RevokeBias", Time since last: 1717285986 ns, Reaching safepoint: 2610634 ns, At safepoint: 29137 ns, Total: 2639771 ns
[2020-09-11T17:36:58.109+0000][1][safepoint    ] Safepoint "Cleanup", Time since last: 1000108746 ns, Reaching safepoint: 98541 ns, At safepoint: 9792 ns, Total: 108333 ns
[2020-09-11T17:37:05.110+0000][1][safepoint    ] Safepoint "Cleanup", Time since last: 7000542606 ns, Reaching safepoint: 98430 ns, At safepoint: 10232 ns, Total: 108662 ns
[2020-09-11T17:37:05.444+0000][1][safepoint    ] Safepoint "RevokeBias", Time since last: 334230546 ns, Reaching safepoint: 169949 ns, At safepoint: 43967 ns, Total: 213916 ns
[2020-09-11T17:37:07.106+0000][1][safepoint    ] Safepoint "RevokeBias", Time since last: 1661504324 ns, Reaching safepoint: 190857 ns, At safepoint: 51614 ns, Total: 242471 ns
[2020-09-11T17:37:08.715+0000][1][gc,start     ] GC(185) Pause Young (Allocation Failure)
[2020-09-11T17:37:08.715+0000][1][gc,task      ] GC(185) Using 1 workers of 1 for evacuation
[2020-09-11T17:37:08.725+0000][1][gc,age       ] GC(185) Desired survivor size 4358144 bytes, new threshold 6 (max threshold 6)
[2020-09-11T17:37:08.725+0000][1][gc,age       ] GC(185) Age table with threshold 6 (max threshold 6)
[2020-09-11T17:37:08.725+0000][1][gc,age       ] GC(185) - age   1:      80216 bytes,      80216 total
[2020-09-11T17:37:08.725+0000][1][gc,age       ] GC(185) - age   2:       4616 bytes,      84832 total
[2020-09-11T17:37:08.725+0000][1][gc,age       ] GC(185) - age   3:       7136 bytes,      91968 total
[2020-09-11T17:37:08.725+0000][1][gc,age       ] GC(185) - age   4:       2608 bytes,      94576 total
[2020-09-11T17:37:08.725+0000][1][gc,age       ] GC(185) - age   5:       3160 bytes,      97736 total
[2020-09-11T17:37:08.725+0000][1][gc,age       ] GC(185) - age   6:       1696 bytes,      99432 total
[2020-09-11T17:37:08.725+0000][1][gc,heap      ] GC(185) ParNew: 68829K->452K(76672K)
[2020-09-11T17:37:08.725+0000][1][gc,heap      ] GC(185) CMS: 77764K->77768K(439104K)
[2020-09-11T17:37:08.725+0000][1][gc,metaspace ] GC(185) Metaspace: 96623K->96623K(1138688K)
[2020-09-11T17:37:08.725+0000][1][gc           ] GC(185) Pause Young (Allocation Failure) 143M->76M(503M) 10.422ms
[2020-09-11T17:37:08.725+0000][1][gc,cpu       ] GC(185) User=0.01s Sys=0.00s Real=0.01s
[2020-09-11T17:37:08.726+0000][1][safepoint    ] Safepoint "GenCollectForAllocation", Time since last: 1608766131 ns, Reaching safepoint: 184655 ns, At safepoint: 10910431 ns, Total: 11095086 ns
[2020-09-11T17:37:15.388+0000][1][safepoint    ] Safepoint "RevokeBias", Time since last: 6662323752 ns, Reaching safepoint: 180988 ns, At safepoint: 25565 ns, Total: 206553 ns
[2020-09-11T17:37:17.097+0000][1][safepoint    ] Safepoint "RevokeBias", Time since last: 1706520262 ns, Reaching safepoint: 2005303 ns, At safepoint: 31668 ns, Total: 2036971 ns
[2020-09-11T17:37:25.389+0000][1][safepoint    ] Safepoint "RevokeBias", Time since last: 8291544212 ns, Reaching safepoint: 179476 ns, At safepoint: 26487 ns, Total: 205963 ns
[2020-09-11T17:37:27.105+0000][1][safepoint    ] Safepoint "RevokeBias", Time since last: 1711459866 ns, Reaching safepoint: 4820119 ns, At safepoint: 241530 ns, Total: 5061649 ns
[2020-09-11T17:37:32.896+0000][1][gc,start     ] GC(186) Pause Young (Allocation Failure)
[2020-09-11T17:37:32.897+0000][1][gc,task      ] GC(186) Using 1 workers of 1 for evacuation
[2020-09-11T17:37:32.905+0000][1][gc,age       ] GC(186) Desired survivor size 4358144 bytes, new threshold 6 (max threshold 6)
[2020-09-11T17:37:32.905+0000][1][gc,age       ] GC(186) Age table with threshold 6 (max threshold 6)
[2020-09-11T17:37:32.905+0000][1][gc,age       ] GC(186) - age   1:     186048 bytes,     186048 total
[2020-09-11T17:37:32.905+0000][1][gc,age       ] GC(186) - age   2:       5248 bytes,     191296 total
[2020-09-11T17:37:32.905+0000][1][gc,age       ] GC(186) - age   3:       1744 bytes,     193040 total
[2020-09-11T17:37:32.905+0000][1][gc,age       ] GC(186) - age   4:       6864 bytes,     199904 total
[2020-09-11T17:37:32.905+0000][1][gc,age       ] GC(186) - age   5:       2608 bytes,     202512 total
[2020-09-11T17:37:32.906+0000][1][gc,age       ] GC(186) - age   6:       2848 bytes,     205360 total
[2020-09-11T17:37:32.906+0000][1][gc,heap      ] GC(186) ParNew: 68612K->274K(76672K)
[2020-09-11T17:37:32.906+0000][1][gc,heap      ] GC(186) CMS: 77768K->77769K(439104K)
[2020-09-11T17:37:32.906+0000][1][gc,metaspace ] GC(186) Metaspace: 96646K->96646K(1138688K)
[2020-09-11T17:37:32.906+0000][1][gc           ] GC(186) Pause Young (Allocation Failure) 142M->76M(503M) 9.145ms
[2020-09-11T17:37:32.906+0000][1][gc,cpu       ] GC(186) User=0.01s Sys=0.00s Real=0.01s
[2020-09-11T17:37:32.906+0000][1][safepoint    ] Safepoint "GenCollectForAllocation", Time since last: 5790851750 ns, Reaching safepoint: 388336 ns, At safepoint: 9273754 ns, Total: 9662090 ns
[2020-09-11T17:37:35.387+0000][1][safepoint    ] Safepoint "RevokeBias", Time since last: 2480972634 ns, Reaching safepoint: 172330 ns, At safepoint: 24015 ns, Total: 196345 ns
[2020-09-11T17:37:36.387+0000][1][safepoint    ] Safepoint "Cleanup", Time since last: 1000113156 ns, Reaching safepoint: 95949 ns, At safepoint: 10536 ns, Total: 106485 ns
[2020-09-11T17:37:37.113+0000][1][safepoint    ] Safepoint "RevokeBias", Time since last: 724983086 ns, Reaching safepoint: 808176 ns, At safepoint: 55609 ns, Total: 863785 ns
[2020-09-11T17:37:45.387+0000][1][safepoint    ] Safepoint "RevokeBias", Time since last: 8274261573 ns, Reaching safepoint: 173274 ns, At safepoint: 23870 ns, Total: 197144 ns
[2020-09-11T17:37:47.117+0000][1][safepoint    ] Safepoint "RevokeBias", Time since last: 1726030929 ns, Reaching safepoint: 3468747 ns, At safepoint: 31928 ns, Total: 3500675 ns
[2020-09-11T17:37:48.117+0000][1][safepoint    ] Safepoint "Cleanup", Time since last: 1000114723 ns, Reaching safepoint: 116673 ns, At safepoint: 11470 ns, Total: 128143 ns
[2020-09-11T17:37:55.377+0000][1][gc,start     ] GC(187) Pause Young (Allocation Failure)
[2020-09-11T17:37:55.377+0000][1][gc,task      ] GC(187) Using 1 workers of 1 for evacuation
[2020-09-11T17:37:55.389+0000][1][gc,age       ] GC(187) Desired survivor size 4358144 bytes, new threshold 6 (max threshold 6)
[2020-09-11T17:37:55.389+0000][1][gc,age       ] GC(187) Age table with threshold 6 (max threshold 6)
[2020-09-11T17:37:55.389+0000][1][gc,age       ] GC(187) - age   1:     150296 bytes,     150296 total
[2020-09-11T17:37:55.389+0000][1][gc,age       ] GC(187) - age   2:       1792 bytes,     152088 total
[2020-09-11T17:37:55.389+0000][1][gc,age       ] GC(187) - age   3:       2488 bytes,     154576 total
[2020-09-11T17:37:55.389+0000][1][gc,age       ] GC(187) - age   4:       1744 bytes,     156320 total
[2020-09-11T17:37:55.389+0000][1][gc,age       ] GC(187) - age   5:       6864 bytes,     163184 total
[2020-09-11T17:37:55.389+0000][1][gc,age       ] GC(187) - age   6:       2608 bytes,     165792 total
[2020-09-11T17:37:55.389+0000][1][gc,heap      ] GC(187) ParNew: 68434K->184K(76672K)
[2020-09-11T17:37:55.389+0000][1][gc,heap      ] GC(187) CMS: 77769K->77772K(439104K)
[2020-09-11T17:37:55.389+0000][1][gc,metaspace ] GC(187) Metaspace: 96699K->96699K(1138688K)
[2020-09-11T17:37:55.389+0000][1][gc           ] GC(187) Pause Young (Allocation Failure) 142M->76M(503M) 12.575ms
[2020-09-11T17:37:55.390+0000][1][gc,cpu       ] GC(187) User=0.01s Sys=0.00s Real=0.01s
[2020-09-11T17:37:55.390+0000][1][safepoint    ] Safepoint "GenCollectForAllocation", Time since last: 7257806466 ns, Reaching safepoint: 1922148 ns, At safepoint: 13125519 ns, Total: 15047667 ns
[2020-09-11T17:37:55.402+0000][1][safepoint    ] Safepoint "RevokeBias", Time since last: 12350748 ns, Reaching safepoint: 93384 ns, At safepoint: 34722 ns, Total: 128106 ns
[2020-09-11T17:37:56.403+0000][1][safepoint    ] Safepoint "Cleanup", Time since last: 1000731159 ns, Reaching safepoint: 111640 ns, At safepoint: 34863 ns, Total: 146503 ns
[2020-09-11T17:37:57.137+0000][1][safepoint    ] Safepoint "RevokeBias", Time since last: 731667233 ns, Reaching safepoint: 1824016 ns, At safepoint: 29127 ns, Total: 1853143 ns
[2020-09-11T17:37:58.137+0000][1][safepoint    ] Safepoint "Cleanup", Time since last: 1000109716 ns, Reaching safepoint: 97136 ns, At safepoint: 10459 ns, Total: 107595 ns
[2020-09-11T17:38:05.433+0000][1][safepoint    ] Safepoint "RevokeBias", Time since last: 7296164021 ns, Reaching safepoint: 170205 ns, At safepoint: 24677 ns, Total: 194882 ns
[2020-09-11T17:38:07.129+0000][1][safepoint    ] Safepoint "RevokeBias", Time since last: 1691737847 ns, Reaching safepoint: 3717883 ns, At safepoint: 217220 ns, Total: 3935103 ns
[2020-09-11T17:38:08.129+0000][1][safepoint    ] Safepoint "Cleanup", Time since last: 1000120401 ns, Reaching safepoint: 97357 ns, At safepoint: 10989 ns, Total: 108346 ns
[2020-09-11T17:38:09.130+0000][1][safepoint    ] Safepoint "Cleanup", Time since last: 1000116860 ns, Reaching safepoint: 89558 ns, At safepoint: 7549 ns, Total: 97107 ns
[2020-09-11T17:38:10.130+0000][1][safepoint    ] Safepoint "Cleanup", Time since last: 1000118786 ns, Reaching safepoint: 93594 ns, At safepoint: 9920 ns, Total: 103514 ns
[2020-09-11T17:38:11.130+0000][1][safepoint    ] Safepoint "Cleanup", Time since last: 1000116480 ns, Reaching safepoint: 92167 ns, At safepoint: 10322 ns, Total: 102489 ns
[2020-09-11T17:38:12.130+0000][1][safepoint    ] Safepoint "Cleanup", Time since last: 1000111920 ns, Reaching safepoint: 99374 ns, At safepoint: 10894 ns, Total: 110268 ns
[2020-09-11T17:38:13.130+0000][1][safepoint    ] Safepoint "Cleanup", Time since last: 1000114025 ns, Reaching safepoint: 88348 ns, At safepoint: 7582 ns, Total: 95930 ns
[2020-09-11T17:38:14.131+0000][1][safepoint    ] Safepoint "Cleanup", Time since last: 1000111664 ns, Reaching safepoint: 93817 ns, At safepoint: 9218 ns, Total: 103035 ns
[2020-09-11T17:38:15.131+0000][1][safepoint    ] Safepoint "Cleanup", Time since last: 1000114104 ns, Reaching safepoint: 107713 ns, At safepoint: 7905 ns, Total: 115618 ns
[2020-09-11T17:38:15.441+0000][1][safepoint    ] Safepoint "RevokeBias", Time since last: 308299483 ns, Reaching safepoint: 1650419 ns, At safepoint: 26569 ns, Total: 1676988 ns
[2020-09-11T17:38:16.441+0000][1][safepoint    ] Safepoint "Cleanup", Time since last: 1000120497 ns, Reaching safepoint: 88135 ns, At safepoint: 7210 ns, Total: 95345 ns
[2020-09-11T17:38:17.109+0000][1][safepoint    ] Safepoint "RevokeBias", Time since last: 666171804 ns, Reaching safepoint: 1615337 ns, At safepoint: 31001 ns, Total: 1646338 ns
[2020-09-11T17:38:17.179+0000][1][gc,start     ] GC(188) Pause Young (Allocation Failure)
[2020-09-11T17:38:17.179+0000][1][gc,task      ] GC(188) Using 1 workers of 1 for evacuation
[2020-09-11T17:38:17.188+0000][1][gc,age       ] GC(188) Desired survivor size 4358144 bytes, new threshold 6 (max threshold 6)
[2020-09-11T17:38:17.188+0000][1][gc,age       ] GC(188) Age table with threshold 6 (max threshold 6)
[2020-09-11T17:38:17.188+0000][1][gc,age       ] GC(188) - age   1:     507264 bytes,     507264 total
[2020-09-11T17:38:17.188+0000][1][gc,age       ] GC(188) - age   2:      19568 bytes,     526832 total
[2020-09-11T17:38:17.188+0000][1][gc,age       ] GC(188) - age   3:        784 bytes,     527616 total
[2020-09-11T17:38:17.188+0000][1][gc,age       ] GC(188) - age   4:       2200 bytes,     529816 total
[2020-09-11T17:38:17.188+0000][1][gc,age       ] GC(188) - age   5:       1744 bytes,     531560 total
[2020-09-11T17:38:17.188+0000][1][gc,age       ] GC(188) - age   6:       6552 bytes,     538112 total
[2020-09-11T17:38:17.188+0000][1][gc,heap      ] GC(188) ParNew: 68344K->670K(76672K)
[2020-09-11T17:38:17.188+0000][1][gc,heap      ] GC(188) CMS: 77772K->77775K(439104K)
[2020-09-11T17:38:17.188+0000][1][gc,metaspace ] GC(188) Metaspace: 96837K->96837K(1138688K)
[2020-09-11T17:38:17.188+0000][1][gc           ] GC(188) Pause Young (Allocation Failure) 142M->76M(503M) 9.552ms
[2020-09-11T17:38:17.188+0000][1][gc,cpu       ] GC(188) User=0.00s Sys=0.00s Real=0.01s
[2020-09-11T17:38:17.199+0000][1][safepoint    ] Safepoint "GenCollectForAllocation", Time since last: 69718438 ns, Reaching safepoint: 172313 ns, At safepoint: 20540170 ns, Total: 20712483 ns
[2020-09-11T17:38:18.206+0000][1][safepoint    ] Safepoint "Cleanup", Time since last: 1006736118 ns, Reaching safepoint: 93492 ns, At safepoint: 8129 ns, Total: 101621 ns
[2020-09-11T17:38:19.206+0000][1][safepoint    ] Safepoint "Cleanup", Time since last: 1000110693 ns, Reaching safepoint: 93693 ns, At safepoint: 10083 ns, Total: 103776 ns
[2020-09-11T17:38:20.207+0000][1][safepoint    ] Safepoint "Cleanup", Time since last: 1000116750 ns, Reaching safepoint: 93067 ns, At safepoint: 10232 ns, Total: 103299 ns
[2020-09-11T17:38:21.207+0000][1][safepoint    ] Safepoint "Cleanup", Time since last: 1000112240 ns, Reaching safepoint: 91483 ns, At safepoint: 6956 ns, Total: 98439 ns
[2020-09-11T17:38:22.207+0000][1][safepoint    ] Safepoint "Cleanup", Time since last: 1000114325 ns, Reaching safepoint: 92357 ns, At safepoint: 9941 ns, Total: 102298 ns
[2020-09-11T17:38:23.207+0000][1][safepoint    ] Safepoint "Cleanup", Time since last: 1000111431 ns, Reaching safepoint: 87607 ns, At safepoint: 7823 ns, Total: 95430 ns
[2020-09-11T17:38:24.207+0000][1][safepoint    ] Safepoint "Cleanup", Time since last: 1000110888 ns, Reaching safepoint: 92298 ns, At safepoint: 9984 ns, Total: 102282 ns
[2020-09-11T17:38:25.208+0000][1][safepoint    ] Safepoint "Cleanup", Time since last: 1000117946 ns, Reaching safepoint: 94181 ns, At safepoint: 10387 ns, Total: 104568 ns
[2020-09-11T17:38:25.394+0000][1][safepoint    ] Safepoint "RevokeBias", Time since last: 186473336 ns, Reaching safepoint: 173311 ns, At safepoint: 21728 ns, Total: 195039 ns
[2020-09-11T17:38:26.395+0000][1][safepoint    ] Safepoint "Cleanup", Time since last: 1000103766 ns, Reaching safepoint: 91385 ns, At safepoint: 10289 ns, Total: 101674 ns
[2020-09-11T17:38:27.109+0000][1][safepoint    ] Safepoint "RevokeBias", Time since last: 714614268 ns, Reaching safepoint: 190232 ns, At safepoint: 23560 ns, Total: 213792 ns
[2020-09-11T17:38:28.110+0000][1][safepoint    ] Safepoint "Cleanup", Time since last: 1000106199 ns, Reaching safepoint: 103725 ns, At safepoint: 7107 ns, Total: 110832 ns
[2020-09-11T17:38:29.110+0000][1][safepoint    ] Safepoint "Cleanup", Time since last: 1000124435 ns, Reaching safepoint: 94713 ns, At safepoint: 10349 ns, Total: 105062 ns
[2020-09-11T17:38:30.110+0000][1][safepoint    ] Safepoint "Cleanup", Time since last: 1000116461 ns, Reaching safepoint: 94167 ns, At safepoint: 10693 ns, Total: 104860 ns
[2020-09-11T17:38:31.110+0000][1][safepoint    ] Safepoint "Cleanup", Time since last: 1000116836 ns, Reaching safepoint: 93848 ns, At safepoint: 10691 ns, Total: 104539 ns
[2020-09-11T17:38:32.111+0000][1][safepoint    ] Safepoint "Cleanup", Time since last: 1000118889 ns, Reaching safepoint: 93009 ns, At safepoint: 10416 ns, Total: 103425 ns
[2020-09-11T17:38:33.112+0000][1][safepoint    ] Safepoint "Cleanup", Time since last: 1001324856 ns, Reaching safepoint: 357816 ns, At safepoint: 9026 ns, Total: 366842 ns
[2020-09-11T17:38:34.112+0000][1][safepoint    ] Safepoint "Cleanup", Time since last: 1000114063 ns, Reaching safepoint: 92551 ns, At safepoint: 9861 ns, Total: 102412 ns
[2020-09-11T17:38:35.113+0000][1][safepoint    ] Safepoint "Cleanup", Time since last: 1000113180 ns, Reaching safepoint: 88112 ns, At safepoint: 7516 ns, Total: 95628 ns
[2020-09-11T17:38:35.399+0000][1][safepoint    ] Safepoint "RevokeBias", Time since last: 286528871 ns, Reaching safepoint: 173608 ns, At safepoint: 24171 ns, Total: 197779 ns
[2020-09-11T17:38:36.400+0000][1][safepoint    ] Safepoint "Cleanup", Time since last: 1000108373 ns, Reaching safepoint: 104424 ns, At safepoint: 8552 ns, Total: 112976 ns
[2020-09-11T17:38:37.149+0000][1][safepoint    ] Safepoint "RevokeBias", Time since last: 749280369 ns, Reaching safepoint: 192486 ns, At safepoint: 25886 ns, Total: 218372 ns
[2020-09-11T17:38:37.812+0000][1][gc,start     ] GC(189) Pause Young (Allocation Failure)
[2020-09-11T17:38:37.812+0000][1][gc,task      ] GC(189) Using 1 workers of 1 for evacuation
[2020-09-11T17:38:37.821+0000][1][gc,age       ] GC(189) Desired survivor size 4358144 bytes, new threshold 6 (max threshold 6)
[2020-09-11T17:38:37.821+0000][1][gc,age       ] GC(189) Age table with threshold 6 (max threshold 6)
[2020-09-11T17:38:37.821+0000][1][gc,age       ] GC(189) - age   1:      88856 bytes,      88856 total
[2020-09-11T17:38:37.821+0000][1][gc,age       ] GC(189) - age   2:       7296 bytes,      96152 total
[2020-09-11T17:38:37.821+0000][1][gc,age       ] GC(189) - age   3:       1688 bytes,      97840 total
[2020-09-11T17:38:37.821+0000][1][gc,age       ] GC(189) - age   4:        512 bytes,      98352 total
[2020-09-11T17:38:37.821+0000][1][gc,age       ] GC(189) - age   5:       2200 bytes,     100552 total
[2020-09-11T17:38:37.821+0000][1][gc,age       ] GC(189) - age   6:       1744 bytes,     102296 total
[2020-09-11T17:38:37.821+0000][1][gc,heap      ] GC(189) ParNew: 68830K->436K(76672K)
[2020-09-11T17:38:37.821+0000][1][gc,heap      ] GC(189) CMS: 77775K->77781K(439104K)
[2020-09-11T17:38:37.821+0000][1][gc,metaspace ] GC(189) Metaspace: 96865K->96865K(1138688K)
[2020-09-11T17:38:37.821+0000][1][gc           ] GC(189) Pause Young (Allocation Failure) 143M->76M(503M) 8.311ms
[2020-09-11T17:38:37.821+0000][1][gc,cpu       ] GC(189) User=0.01s Sys=0.00s Real=0.01s
[2020-09-11T17:38:37.821+0000][1][safepoint    ] Safepoint "GenCollectForAllocation", Time since last: 663231116 ns, Reaching safepoint: 87573 ns, At safepoint: 8395949 ns, Total: 8483522 ns
[2020-09-11T17:38:38.821+0000][1][safepoint    ] Safepoint "Cleanup", Time since last: 1000222363 ns, Reaching safepoint: 158932 ns, At safepoint: 20860 ns, Total: 179792 ns
[2020-09-11T17:38:39.821+0000][1][safepoint    ] Safepoint "Cleanup", Time since last: 1000108922 ns, Reaching safepoint: 85415 ns, At safepoint: 17186 ns, Total: 102601 ns
[2020-09-11T17:38:40.822+0000][1][safepoint    ] Safepoint "Cleanup", Time since last: 1000108320 ns, Reaching safepoint: 90695 ns, At safepoint: 8372 ns, Total: 99067 ns
[2020-09-11T17:38:41.822+0000][1][safepoint    ] Safepoint "Cleanup", Time since last: 1000107270 ns, Reaching safepoint: 87890 ns, At safepoint: 7167 ns, Total: 95057 ns
[2020-09-11T17:38:42.822+0000][1][safepoint    ] Safepoint "Cleanup", Time since last: 1000122231 ns, Reaching safepoint: 90260 ns, At safepoint: 8390 ns, Total: 98650 ns
[2020-09-11T17:38:43.822+0000][1][safepoint    ] Safepoint "Cleanup", Time since last: 1000104530 ns, Reaching safepoint: 85838 ns, At safepoint: 6386 ns, Total: 92224 ns
[2020-09-11T17:38:44.822+0000][1][safepoint    ] Safepoint "Cleanup", Time since last: 1000113143 ns, Reaching safepoint: 96980 ns, At safepoint: 8342 ns, Total: 105322 ns
[2020-09-11T17:38:45.412+0000][1][safepoint    ] Safepoint "RevokeBias", Time since last: 589740772 ns, Reaching safepoint: 175072 ns, At safepoint: 23845 ns, Total: 198917 ns
[2020-09-11T17:38:46.413+0000][1][safepoint    ] Safepoint "Cleanup", Time since last: 1000112356 ns, Reaching safepoint: 93199 ns, At safepoint: 10369 ns, Total: 103568 ns
[2020-09-11T17:38:47.090+0000][1][safepoint    ] Safepoint "BulkRevokeBias", Time since last: 676198446 ns, Reaching safepoint: 232591 ns, At safepoint: 653569 ns, Total: 886160 ns
[2020-09-11T17:38:47.145+0000][1][safepoint    ] Safepoint "RevokeBias", Time since last: 55225999 ns, Reaching safepoint: 173211 ns, At safepoint: 24843 ns, Total: 198054 ns
[2020-09-11T17:38:48.145+0000][1][safepoint    ] Safepoint "Cleanup", Time since last: 1000105659 ns, Reaching safepoint: 95438 ns, At safepoint: 7607 ns, Total: 103045 ns
[2020-09-11T17:38:49.146+0000][1][safepoint    ] Safepoint "Cleanup", Time since last: 1000109543 ns, Reaching safepoint: 92272 ns, At safepoint: 10221 ns, Total: 102493 ns
[2020-09-11T17:38:50.146+0000][1][safepoint    ] Safepoint "Cleanup", Time since last: 1000114341 ns, Reaching safepoint: 92994 ns, At safepoint: 10771 ns, Total: 103765 ns
[2020-09-11T17:38:51.146+0000][1][safepoint    ] Safepoint "Cleanup", Time since last: 1000114894 ns, Reaching safepoint: 86840 ns, At safepoint: 6841 ns, Total: 93681 ns
[2020-09-11T17:38:52.146+0000][1][safepoint    ] Safepoint "Cleanup", Time since last: 1000112867 ns, Reaching safepoint: 90704 ns, At safepoint: 9778 ns, Total: 100482 ns
[2020-09-11T17:38:53.146+0000][1][safepoint    ] Safepoint "Cleanup", Time since last: 1000111867 ns, Reaching safepoint: 93870 ns, At safepoint: 10105 ns, Total: 103975 ns
[2020-09-11T17:38:54.147+0000][1][safepoint    ] Safepoint "Cleanup", Time since last: 1000116637 ns, Reaching safepoint: 94702 ns, At safepoint: 8393 ns, Total: 103095 ns
[2020-09-11T17:38:55.147+0000][1][safepoint    ] Safepoint "Cleanup", Time since last: 1000114431 ns, Reaching safepoint: 92601 ns, At safepoint: 9654 ns, Total: 102255 ns
[2020-09-11T17:38:55.395+0000][1][safepoint    ] Safepoint "RevokeBias", Time since last: 248366041 ns, Reaching safepoint: 172834 ns, At safepoint: 23231 ns, Total: 196065 ns
[2020-09-11T17:38:56.396+0000][1][safepoint    ] Safepoint "Cleanup", Time since last: 1000105778 ns, Reaching safepoint: 90062 ns, At safepoint: 9652 ns, Total: 99714 ns
[2020-09-11T17:38:57.089+0000][1][safepoint    ] Safepoint "RevokeBias", Time since last: 689933604 ns, Reaching safepoint: 3367547 ns, At safepoint: 32074 ns, Total: 3399621 ns
[2020-09-11T17:38:58.089+0000][1][safepoint    ] Safepoint "Cleanup", Time since last: 1000123929 ns, Reaching safepoint: 118218 ns, At safepoint: 12881 ns, Total: 131099 ns
[2020-09-11T17:38:59.089+0000][1][safepoint    ] Safepoint "Cleanup", Time since last: 1000115439 ns, Reaching safepoint: 92317 ns, At safepoint: 10311 ns, Total: 102628 ns
[2020-09-11T17:39:00.090+0000][1][safepoint    ] Safepoint "Cleanup", Time since last: 1000112196 ns, Reaching safepoint: 93237 ns, At safepoint: 9763 ns, Total: 103000 ns
[2020-09-11T17:39:01.090+0000][1][safepoint    ] Safepoint "Cleanup", Time since last: 1000118869 ns, Reaching safepoint: 95360 ns, At safepoint: 10199 ns, Total: 105559 ns
[2020-09-11T17:39:02.090+0000][1][safepoint    ] Safepoint "Cleanup", Time since last: 1000114873 ns, Reaching safepoint: 110177 ns, At safepoint: 10196 ns, Total: 120373 ns
[2020-09-11T17:39:03.090+0000][1][safepoint    ] Safepoint "Cleanup", Time since last: 1000130039 ns, Reaching safepoint: 101057 ns, At safepoint: 9137 ns, Total: 110194 ns
[2020-09-11T17:39:03.828+0000][1][gc,start     ] GC(190) Pause Young (Allocation Failure)
[2020-09-11T17:39:03.828+0000][1][gc,task      ] GC(190) Using 1 workers of 1 for evacuation
[2020-09-11T17:39:03.833+0000][1][gc,age       ] GC(190) Desired survivor size 4358144 bytes, new threshold 6 (max threshold 6)
[2020-09-11T17:39:03.833+0000][1][gc,age       ] GC(190) Age table with threshold 6 (max threshold 6)
[2020-09-11T17:39:03.833+0000][1][gc,age       ] GC(190) - age   1:      69576 bytes,      69576 total
[2020-09-11T17:39:03.833+0000][1][gc,age       ] GC(190) - age   2:      30344 bytes,      99920 total
[2020-09-11T17:39:03.833+0000][1][gc,age       ] GC(190) - age   3:       3456 bytes,     103376 total
[2020-09-11T17:39:03.833+0000][1][gc,age       ] GC(190) - age   4:       1416 bytes,     104792 total
[2020-09-11T17:39:03.833+0000][1][gc,age       ] GC(190) - age   5:        512 bytes,     105304 total
[2020-09-11T17:39:03.833+0000][1][gc,age       ] GC(190) - age   6:       2200 bytes,     107504 total
[2020-09-11T17:39:03.834+0000][1][gc,heap      ] GC(190) ParNew: 68596K->133K(76672K)
[2020-09-11T17:39:03.834+0000][1][gc,heap      ] GC(190) CMS: 77781K->77783K(439104K)
[2020-09-11T17:39:03.834+0000][1][gc,metaspace ] GC(190) Metaspace: 96872K->96872K(1138688K)
[2020-09-11T17:39:03.834+0000][1][gc           ] GC(190) Pause Young (Allocation Failure) 142M->76M(503M) 5.479ms
[2020-09-11T17:39:03.834+0000][1][gc,cpu       ] GC(190) User=0.01s Sys=0.00s Real=0.01s
[2020-09-11T17:39:03.834+0000][1][safepoint    ] Safepoint "GenCollectForAllocation", Time since last: 737668024 ns, Reaching safepoint: 83494 ns, At safepoint: 5544826 ns, Total: 5628320 ns
[2020-09-11T17:39:04.841+0000][1][safepoint    ] Safepoint "Cleanup", Time since last: 1007319085 ns, Reaching safepoint: 93673 ns, At safepoint: 23962 ns, Total: 117635 ns
[2020-09-11T17:39:05.388+0000][1][safepoint    ] Safepoint "RevokeBias", Time since last: 546936587 ns, Reaching safepoint: 96762 ns, At safepoint: 35287 ns, Total: 132049 ns
[2020-09-11T17:39:06.388+0000][1][safepoint    ] Safepoint "Cleanup", Time since last: 1000106376 ns, Reaching safepoint: 105504 ns, At safepoint: 33033 ns, Total: 138537 ns
[2020-09-11T17:39:07.097+0000][1][safepoint    ] Safepoint "RevokeBias", Time since last: 708440937 ns, Reaching safepoint: 212144 ns, At safepoint: 27690 ns, Total: 239834 ns
[2020-09-11T17:39:08.097+0000][1][safepoint    ] Safepoint "Cleanup", Time since last: 1000117701 ns, Reaching safepoint: 97361 ns, At safepoint: 9470 ns, Total: 106831 ns
[2020-09-11T17:39:09.097+0000][1][safepoint    ] Safepoint "Cleanup", Time since last: 1000112644 ns, Reaching safepoint: 93569 ns, At safepoint: 9030 ns, Total: 102599 ns
[2020-09-11T17:39:10.098+0000][1][safepoint    ] Safepoint "Cleanup", Time since last: 1000117226 ns, Reaching safepoint: 94316 ns, At safepoint: 10537 ns, Total: 104853 ns
[2020-09-11T17:39:11.098+0000][1][safepoint    ] Safepoint "Cleanup", Time since last: 1000117962 ns, Reaching safepoint: 89844 ns, At safepoint: 10222 ns, Total: 100066 ns
[2020-09-11T17:39:12.098+0000][1][safepoint    ] Safepoint "Cleanup", Time since last: 1000117081 ns, Reaching safepoint: 109345 ns, At safepoint: 10409 ns, Total: 119754 ns
[2020-09-11T17:39:13.098+0000][1][safepoint    ] Safepoint "Cleanup", Time since last: 1000113657 ns, Reaching safepoint: 92182 ns, At safepoint: 10611 ns, Total: 102793 ns
[2020-09-11T17:39:14.099+0000][1][safepoint    ] Safepoint "Cleanup", Time since last: 1000112308 ns, Reaching safepoint: 92026 ns, At safepoint: 9837 ns, Total: 101863 ns
[2020-09-11T17:39:15.099+0000][1][safepoint    ] Safepoint "Cleanup", Time since last: 1000115807 ns, Reaching safepoint: 88162 ns, At safepoint: 7054 ns, Total: 95216 ns
[2020-09-11T17:39:15.393+0000][1][safepoint    ] Safepoint "RevokeBias", Time since last: 294416322 ns, Reaching safepoint: 178211 ns, At safepoint: 23661 ns, Total: 201872 ns
[2020-09-11T17:39:16.394+0000][1][safepoint    ] Safepoint "Cleanup", Time since last: 1000124633 ns, Reaching safepoint: 101515 ns, At safepoint: 12291 ns, Total: 113806 ns
[2020-09-11T17:39:17.105+0000][1][safepoint    ] Safepoint "RevokeBias", Time since last: 710075956 ns, Reaching safepoint: 1154749 ns, At safepoint: 29853 ns, Total: 1184602 ns
[2020-09-11T17:39:18.105+0000][1][safepoint    ] Safepoint "Cleanup", Time since last: 1000113392 ns, Reaching safepoint: 95589 ns, At safepoint: 10528 ns, Total: 106117 ns
[2020-09-11T17:39:19.105+0000][1][safepoint    ] Safepoint "Cleanup", Time since last: 1000115067 ns, Reaching safepoint: 93284 ns, At safepoint: 9467 ns, Total: 102751 ns
[2020-09-11T17:39:20.106+0000][1][safepoint    ] Safepoint "Cleanup", Time since last: 1000111724 ns, Reaching safepoint: 89013 ns, At safepoint: 9620 ns, Total: 98633 ns
[2020-09-11T17:39:21.106+0000][1][safepoint    ] Safepoint "Cleanup", Time since last: 1000113990 ns, Reaching safepoint: 112536 ns, At safepoint: 10312 ns, Total: 122848 ns
[2020-09-11T17:39:22.106+0000][1][safepoint    ] Safepoint "Cleanup", Time since last: 1000110770 ns, Reaching safepoint: 90244 ns, At safepoint: 8683 ns, Total: 98927 ns
[2020-09-11T17:39:23.106+0000][1][safepoint    ] Safepoint "Cleanup", Time since last: 1000109685 ns, Reaching safepoint: 88849 ns, At safepoint: 8976 ns, Total: 97825 ns
[2020-09-11T17:39:24.106+0000][1][safepoint    ] Safepoint "Cleanup", Time since last: 1000105020 ns, Reaching safepoint: 86816 ns, At safepoint: 8782 ns, Total: 95598 ns
[2020-09-11T17:39:25.107+0000][1][safepoint    ] Safepoint "Cleanup", Time since last: 1000103249 ns, Reaching safepoint: 254697 ns, At safepoint: 11406 ns, Total: 266103 ns
[2020-09-11T17:39:25.399+0000][1][safepoint    ] Safepoint "BulkRevokeBias", Time since last: 291902849 ns, Reaching safepoint: 170242 ns, At safepoint: 291386 ns, Total: 461628 ns
[2020-09-11T17:39:26.107+0000][1][gc,start     ] GC(191) Pause Young (Allocation Failure)
[2020-09-11T17:39:26.108+0000][1][gc,task      ] GC(191) Using 1 workers of 1 for evacuation
[2020-09-11T17:39:26.112+0000][1][gc,age       ] GC(191) Desired survivor size 4358144 bytes, new threshold 6 (max threshold 6)
[2020-09-11T17:39:26.112+0000][1][gc,age       ] GC(191) Age table with threshold 6 (max threshold 6)
[2020-09-11T17:39:26.112+0000][1][gc,age       ] GC(191) - age   1:      66072 bytes,      66072 total
[2020-09-11T17:39:26.112+0000][1][gc,age       ] GC(191) - age   2:       8056 bytes,      74128 total
[2020-09-11T17:39:26.112+0000][1][gc,age       ] GC(191) - age   3:      28432 bytes,     102560 total
[2020-09-11T17:39:26.112+0000][1][gc,age       ] GC(191) - age   4:       2952 bytes,     105512 total
[2020-09-11T17:39:26.112+0000][1][gc,age       ] GC(191) - age   5:       1416 bytes,     106928 total
[2020-09-11T17:39:26.112+0000][1][gc,age       ] GC(191) - age   6:        512 bytes,     107440 total
[2020-09-11T17:39:26.112+0000][1][gc,heap      ] GC(191) ParNew: 68255K->112K(76672K)
[2020-09-11T17:39:26.112+0000][1][gc,heap      ] GC(191) CMS: 77783K->77785K(439104K)
[2020-09-11T17:39:26.112+0000][1][gc,metaspace ] GC(191) Metaspace: 96874K->96874K(1138688K)
[2020-09-11T17:39:26.112+0000][1][gc           ] GC(191) Pause Young (Allocation Failure) 142M->76M(503M) 5.010ms
[2020-09-11T17:39:26.112+0000][1][gc,cpu       ] GC(191) User=0.00s Sys=0.00s Real=0.00s
[2020-09-11T17:39:26.117+0000][1][safepoint    ] Safepoint "GenCollectForAllocation", Time since last: 707956507 ns, Reaching safepoint: 349426 ns, At safepoint: 9787569 ns, Total: 10136995 ns
[2020-09-11T17:39:27.087+0000][1][safepoint    ] Safepoint "RevokeBias", Time since last: 969912898 ns, Reaching safepoint: 188295 ns, At safepoint: 23096 ns, Total: 211391 ns
[2020-09-11T17:39:28.088+0000][1][safepoint    ] Safepoint "Cleanup", Time since last: 1000113639 ns, Reaching safepoint: 95591 ns, At safepoint: 10523 ns, Total: 106114 ns
[2020-09-11T17:39:29.088+0000][1][safepoint    ] Safepoint "Cleanup", Time since last: 1000119290 ns, Reaching safepoint: 93240 ns, At safepoint: 10617 ns, Total: 103857 ns
[2020-09-11T17:39:30.088+0000][1][safepoint    ] Safepoint "Cleanup", Time since last: 1000131740 ns, Reaching safepoint: 92666 ns, At safepoint: 10549 ns, Total: 103215 ns
[2020-09-11T17:39:31.088+0000][1][safepoint    ] Safepoint "Cleanup", Time since last: 1000116617 ns, Reaching safepoint: 92766 ns, At safepoint: 10016 ns, Total: 102782 ns
[2020-09-11T17:39:32.088+0000][1][safepoint    ] Safepoint "Cleanup", Time since last: 1000112913 ns, Reaching safepoint: 93566 ns, At safepoint: 10824 ns, Total: 104390 ns
[2020-09-11T17:39:35.389+0000][1][safepoint    ] Safepoint "RevokeBias", Time since last: 3300298528 ns, Reaching safepoint: 175320 ns, At safepoint: 40253 ns, Total: 215573 ns
[2020-09-11T17:39:37.149+0000][1][safepoint    ] Safepoint "RevokeBias", Time since last: 1757580138 ns, Reaching safepoint: 2302471 ns, At safepoint: 29476 ns, Total: 2331947 ns
[2020-09-11T17:39:40.149+0000][1][safepoint    ] Safepoint "Cleanup", Time since last: 3000280486 ns, Reaching safepoint: 113748 ns, At safepoint: 8306 ns, Total: 122054 ns
[2020-09-11T17:39:45.391+0000][1][safepoint    ] Safepoint "RevokeBias", Time since last: 5241375805 ns, Reaching safepoint: 171918 ns, At safepoint: 24370 ns, Total: 196288 ns
[2020-09-11T17:39:47.129+0000][1][safepoint    ] Safepoint "RevokeBias", Time since last: 1736749455 ns, Reaching safepoint: 1246334 ns, At safepoint: 27792 ns, Total: 1274126 ns
[2020-09-11T17:39:47.161+0000][1][gc,start     ] GC(192) Pause Young (Allocation Failure)
[2020-09-11T17:39:47.161+0000][1][gc,task      ] GC(192) Using 1 workers of 1 for evacuation
[2020-09-11T17:39:47.174+0000][1][gc,age       ] GC(192) Desired survivor size 4358144 bytes, new threshold 6 (max threshold 6)
[2020-09-11T17:39:47.174+0000][1][gc,age       ] GC(192) Age table with threshold 6 (max threshold 6)
[2020-09-11T17:39:47.174+0000][1][gc,age       ] GC(192) - age   1:     510712 bytes,     510712 total
[2020-09-11T17:39:47.174+0000][1][gc,age       ] GC(192) - age   2:      19880 bytes,     530592 total
[2020-09-11T17:39:47.174+0000][1][gc,age       ] GC(192) - age   3:       7424 bytes,     538016 total
[2020-09-11T17:39:47.174+0000][1][gc,age       ] GC(192) - age   4:      28432 bytes,     566448 total
[2020-09-11T17:39:47.174+0000][1][gc,age       ] GC(192) - age   5:       2952 bytes,     569400 total
[2020-09-11T17:39:47.174+0000][1][gc,age       ] GC(192) - age   6:       1416 bytes,     570816 total
[2020-09-11T17:39:47.175+0000][1][gc,heap      ] GC(192) ParNew: 68272K->640K(76672K)
[2020-09-11T17:39:47.175+0000][1][gc,heap      ] GC(192) CMS: 77785K->77785K(439104K)
[2020-09-11T17:39:47.175+0000][1][gc,metaspace ] GC(192) Metaspace: 96876K->96876K(1138688K)
[2020-09-11T17:39:47.175+0000][1][gc           ] GC(192) Pause Young (Allocation Failure) 142M->76M(503M) 13.599ms
[2020-09-11T17:39:47.175+0000][1][gc,cpu       ] GC(192) User=0.01s Sys=0.00s Real=0.01s
[2020-09-11T17:39:47.175+0000][1][safepoint    ] Safepoint "GenCollectForAllocation", Time since last: 30592902 ns, Reaching safepoint: 1455191 ns, At safepoint: 13676646 ns, Total: 15131837 ns
[2020-09-11T17:39:48.186+0000][1][safepoint    ] Safepoint "Cleanup", Time since last: 1011059800 ns, Reaching safepoint: 102677 ns, At safepoint: 10791 ns, Total: 113468 ns
[2020-09-11T17:39:55.391+0000][1][safepoint    ] Safepoint "RevokeBias", Time since last: 7205019538 ns, Reaching safepoint: 95250 ns, At safepoint: 22357 ns, Total: 117607 ns
[2020-09-11T17:39:57.089+0000][1][safepoint    ] Safepoint "RevokeBias", Time since last: 1698253832 ns, Reaching safepoint: 194748 ns, At safepoint: 28660 ns, Total: 223408 ns
[2020-09-11T17:39:58.090+0000][1][safepoint    ] Safepoint "Cleanup", Time since last: 1000115583 ns, Reaching safepoint: 103174 ns, At safepoint: 9969 ns, Total: 113143 ns
[2020-09-11T17:40:05.389+0000][1][safepoint    ] Safepoint "RevokeBias", Time since last: 7299301655 ns, Reaching safepoint: 172001 ns, At safepoint: 40388 ns, Total: 212389 ns
[2020-09-11T17:40:07.108+0000][1][safepoint    ] Safepoint "RevokeBias", Time since last: 1718231311 ns, Reaching safepoint: 209954 ns, At safepoint: 26899 ns, Total: 236853 ns
[2020-09-11T17:40:08.674+0000][1][gc,start     ] GC(193) Pause Young (Allocation Failure)
[2020-09-11T17:40:08.674+0000][1][gc,task      ] GC(193) Using 1 workers of 1 for evacuation
[2020-09-11T17:40:08.683+0000][1][gc,age       ] GC(193) Desired survivor size 4358144 bytes, new threshold 6 (max threshold 6)
[2020-09-11T17:40:08.683+0000][1][gc,age       ] GC(193) Age table with threshold 6 (max threshold 6)
[2020-09-11T17:40:08.683+0000][1][gc,age       ] GC(193) - age   1:      66752 bytes,      66752 total
[2020-09-11T17:40:08.683+0000][1][gc,age       ] GC(193) - age   2:       4776 bytes,      71528 total
[2020-09-11T17:40:08.683+0000][1][gc,age       ] GC(193) - age   3:       2088 bytes,      73616 total
[2020-09-11T17:40:08.683+0000][1][gc,age       ] GC(193) - age   4:       7056 bytes,      80672 total
[2020-09-11T17:40:08.683+0000][1][gc,age       ] GC(193) - age   5:      28432 bytes,     109104 total
[2020-09-11T17:40:08.683+0000][1][gc,age       ] GC(193) - age   6:       2952 bytes,     112056 total
[2020-09-11T17:40:08.683+0000][1][gc,heap      ] GC(193) ParNew: 68800K->444K(76672K)
[2020-09-11T17:40:08.683+0000][1][gc,heap      ] GC(193) CMS: 77785K->77787K(439104K)
[2020-09-11T17:40:08.683+0000][1][gc,metaspace ] GC(193) Metaspace: 96876K->96876K(1138688K)
[2020-09-11T17:40:08.683+0000][1][gc           ] GC(193) Pause Young (Allocation Failure) 143M->76M(503M) 9.123ms
[2020-09-11T17:40:08.683+0000][1][gc,cpu       ] GC(193) User=0.00s Sys=0.00s Real=0.01s
[2020-09-11T17:40:08.683+0000][1][safepoint    ] Safepoint "GenCollectForAllocation", Time since last: 1566386656 ns, Reaching safepoint: 94793 ns, At safepoint: 9313955 ns, Total: 9408748 ns
[2020-09-11T17:40:15.397+0000][1][safepoint    ] Safepoint "RevokeBias", Time since last: 6713713569 ns, Reaching safepoint: 216516 ns, At safepoint: 24124 ns, Total: 240640 ns
[2020-09-11T17:40:17.095+0000][1][safepoint    ] Safepoint "RevokeBias", Time since last: 1697034136 ns, Reaching safepoint: 192059 ns, At safepoint: 25328 ns, Total: 217387 ns
[2020-09-11T17:40:24.095+0000][1][safepoint    ] Safepoint "Cleanup", Time since last: 7000573916 ns, Reaching safepoint: 99521 ns, At safepoint: 11212 ns, Total: 110733 ns
[2020-09-11T17:40:25.485+0000][1][safepoint    ] Safepoint "RevokeBias", Time since last: 1389066968 ns, Reaching safepoint: 177722 ns, At safepoint: 27547 ns, Total: 205269 ns
[2020-09-11T17:40:27.089+0000][1][safepoint    ] Safepoint "RevokeBias", Time since last: 1602935223 ns, Reaching safepoint: 1358578 ns, At safepoint: 28138 ns, Total: 1386716 ns
[2020-09-11T17:40:28.089+0000][1][safepoint    ] Safepoint "Cleanup", Time since last: 1000114306 ns, Reaching safepoint: 94874 ns, At safepoint: 7826 ns, Total: 102700 ns
[2020-09-11T17:40:32.076+0000][1][gc,start     ] GC(194) Pause Young (Allocation Failure)
[2020-09-11T17:40:32.076+0000][1][gc,task      ] GC(194) Using 1 workers of 1 for evacuation
[2020-09-11T17:40:32.081+0000][1][gc,age       ] GC(194) Desired survivor size 4358144 bytes, new threshold 6 (max threshold 6)
[2020-09-11T17:40:32.081+0000][1][gc,age       ] GC(194) Age table with threshold 6 (max threshold 6)
[2020-09-11T17:40:32.081+0000][1][gc,age       ] GC(194) - age   1:      65664 bytes,      65664 total
[2020-09-11T17:40:32.081+0000][1][gc,age       ] GC(194) - age   2:       4384 bytes,      70048 total
[2020-09-11T17:40:32.081+0000][1][gc,age       ] GC(194) - age   3:       1768 bytes,      71816 total
[2020-09-11T17:40:32.081+0000][1][gc,age       ] GC(194) - age   4:       1816 bytes,      73632 total
[2020-09-11T17:40:32.081+0000][1][gc,age       ] GC(194) - age   5:       6744 bytes,      80376 total
[2020-09-11T17:40:32.081+0000][1][gc,age       ] GC(194) - age   6:      28432 bytes,     108808 total
[2020-09-11T17:40:32.085+0000][1][gc,heap      ] GC(194) ParNew: 68604K->138K(76672K)
[2020-09-11T17:40:32.085+0000][1][gc,heap      ] GC(194) CMS: 77787K->77790K(439104K)
[2020-09-11T17:40:32.085+0000][1][gc,metaspace ] GC(194) Metaspace: 96890K->96890K(1138688K)
[2020-09-11T17:40:32.085+0000][1][gc           ] GC(194) Pause Young (Allocation Failure) 142M->76M(503M) 8.980ms
[2020-09-11T17:40:32.085+0000][1][gc,cpu       ] GC(194) User=0.00s Sys=0.00s Real=0.01s
[2020-09-11T17:40:32.085+0000][1][safepoint    ] Safepoint "GenCollectForAllocation", Time since last: 3986555728 ns, Reaching safepoint: 190977 ns, At safepoint: 9084542 ns, Total: 9275519 ns
[2020-09-11T17:40:35.431+0000][1][safepoint    ] Safepoint "RevokeBias", Time since last: 3345802244 ns, Reaching safepoint: 174091 ns, At safepoint: 24489 ns, Total: 198580 ns
[2020-09-11T17:40:37.154+0000][1][safepoint    ] Safepoint "RevokeBias", Time since last: 1723011497 ns, Reaching safepoint: 192599 ns, At safepoint: 22993 ns, Total: 215592 ns
[2020-09-11T17:40:38.154+0000][1][safepoint    ] Safepoint "Cleanup", Time since last: 1000113976 ns, Reaching safepoint: 100233 ns, At safepoint: 10330 ns, Total: 110563 ns
[2020-09-11T17:40:45.428+0000][1][safepoint    ] Safepoint "RevokeBias", Time since last: 7273733318 ns, Reaching safepoint: 174389 ns, At safepoint: 23544 ns, Total: 197933 ns
[2020-09-11T17:40:47.105+0000][1][safepoint    ] Safepoint "RevokeBias", Time since last: 1676497202 ns, Reaching safepoint: 195496 ns, At safepoint: 23540 ns, Total: 219036 ns
[2020-09-11T17:40:55.151+0000][1][gc,start     ] GC(195) Pause Young (Allocation Failure)
[2020-09-11T17:40:55.151+0000][1][gc,task      ] GC(195) Using 1 workers of 1 for evacuation
[2020-09-11T17:40:55.159+0000][1][gc,age       ] GC(195) Desired survivor size 4358144 bytes, new threshold 6 (max threshold 6)
[2020-09-11T17:40:55.159+0000][1][gc,age       ] GC(195) Age table with threshold 6 (max threshold 6)
[2020-09-11T17:40:55.159+0000][1][gc,age       ] GC(195) - age   1:      63072 bytes,      63072 total
[2020-09-11T17:40:55.159+0000][1][gc,age       ] GC(195) - age   2:      18976 bytes,      82048 total
[2020-09-11T17:40:55.159+0000][1][gc,age       ] GC(195) - age   3:       2072 bytes,      84120 total
[2020-09-11T17:40:55.159+0000][1][gc,age       ] GC(195) - age   4:       1768 bytes,      85888 total
[2020-09-11T17:40:55.160+0000][1][gc,age       ] GC(195) - age   5:       1816 bytes,      87704 total
[2020-09-11T17:40:55.160+0000][1][gc,age       ] GC(195) - age   6:       6744 bytes,      94448 total
[2020-09-11T17:40:55.160+0000][1][gc,heap      ] GC(195) ParNew: 68298K->114K(76672K)
[2020-09-11T17:40:55.160+0000][1][gc,heap      ] GC(195) CMS: 77790K->77817K(439104K)
[2020-09-11T17:40:55.160+0000][1][gc,metaspace ] GC(195) Metaspace: 96895K->96895K(1138688K)
[2020-09-11T17:40:55.160+0000][1][gc           ] GC(195) Pause Young (Allocation Failure) 142M->76M(503M) 8.584ms
[2020-09-11T17:40:55.160+0000][1][gc,cpu       ] GC(195) User=0.00s Sys=0.00s Real=0.01s
[2020-09-11T17:40:55.160+0000][1][safepoint    ] Safepoint "GenCollectForAllocation", Time since last: 8045752493 ns, Reaching safepoint: 183634 ns, At safepoint: 9196525 ns, Total: 9380159 ns
[2020-09-11T17:40:55.396+0000][1][safepoint    ] Safepoint "RevokeBias", Time since last: 235808332 ns, Reaching safepoint: 95778 ns, At safepoint: 36368 ns, Total: 132146 ns
[2020-09-11T17:40:57.086+0000][1][safepoint    ] Safepoint "RevokeBias", Time since last: 1689328546 ns, Reaching safepoint: 185067 ns, At safepoint: 22560 ns, Total: 207627 ns
[2020-09-11T17:40:58.086+0000][1][safepoint    ] Safepoint "Cleanup", Time since last: 1000111661 ns, Reaching safepoint: 100481 ns, At safepoint: 10681 ns, Total: 111162 ns
[2020-09-11T17:41:05.391+0000][1][safepoint    ] Safepoint "RevokeBias", Time since last: 7304520903 ns, Reaching safepoint: 173479 ns, At safepoint: 41409 ns, Total: 214888 ns
[2020-09-11T17:41:07.096+0000][1][safepoint    ] Safepoint "RevokeBias", Time since last: 1705640742 ns, Reaching safepoint: 190590 ns, At safepoint: 23450 ns, Total: 214040 ns
[2020-09-11T17:41:15.391+0000][1][safepoint    ] Safepoint "RevokeBias", Time since last: 8294704377 ns, Reaching safepoint: 172804 ns, At safepoint: 24260 ns, Total: 197064 ns
[2020-09-11T17:41:17.101+0000][1][safepoint    ] Safepoint "RevokeBias", Time since last: 1706710044 ns, Reaching safepoint: 2797143 ns, At safepoint: 31233 ns, Total: 2828376 ns
[2020-09-11T17:41:17.133+0000][1][gc,start     ] GC(196) Pause Young (Allocation Failure)
[2020-09-11T17:41:17.133+0000][1][gc,task      ] GC(196) Using 1 workers of 1 for evacuation
[2020-09-11T17:41:17.142+0000][1][gc,age       ] GC(196) Desired survivor size 4358144 bytes, new threshold 6 (max threshold 6)
[2020-09-11T17:41:17.142+0000][1][gc,age       ] GC(196) Age table with threshold 6 (max threshold 6)
[2020-09-11T17:41:17.142+0000][1][gc,age       ] GC(196) - age   1:     586296 bytes,     586296 total
[2020-09-11T17:41:17.142+0000][1][gc,age       ] GC(196) - age   2:       3208 bytes,     589504 total
[2020-09-11T17:41:17.142+0000][1][gc,age       ] GC(196) - age   3:       2104 bytes,     591608 total
[2020-09-11T17:41:17.142+0000][1][gc,age       ] GC(196) - age   4:       1784 bytes,     593392 total
[2020-09-11T17:41:17.142+0000][1][gc,age       ] GC(196) - age   5:       1768 bytes,     595160 total
[2020-09-11T17:41:17.142+0000][1][gc,age       ] GC(196) - age   6:       1816 bytes,     596976 total
[2020-09-11T17:41:17.142+0000][1][gc,heap      ] GC(196) ParNew: 68274K->586K(76672K)
[2020-09-11T17:41:17.142+0000][1][gc,heap      ] GC(196) CMS: 77817K->77824K(439104K)
[2020-09-11T17:41:17.142+0000][1][gc,metaspace ] GC(196) Metaspace: 96895K->96895K(1138688K)
[2020-09-11T17:41:17.142+0000][1][gc           ] GC(196) Pause Young (Allocation Failure) 142M->76M(503M) 9.436ms
[2020-09-11T17:41:17.142+0000][1][gc,cpu       ] GC(196) User=0.01s Sys=0.00s Real=0.01s
[2020-09-11T17:41:17.142+0000][1][safepoint    ] Safepoint "GenCollectForAllocation", Time since last: 28844580 ns, Reaching safepoint: 3078256 ns, At safepoint: 9509926 ns, Total: 12588182 ns
[2020-09-11T17:41:24.152+0000][1][safepoint    ] Safepoint "Cleanup", Time since last: 7009828326 ns, Reaching safepoint: 106340 ns, At safepoint: 9310 ns, Total: 115650 ns
[2020-09-11T17:41:25.391+0000][1][safepoint    ] Safepoint "RevokeBias", Time since last: 1238400904 ns, Reaching safepoint: 174324 ns, At safepoint: 23729 ns, Total: 198053 ns
[2020-09-11T17:41:27.105+0000][1][safepoint    ] Safepoint "RevokeBias", Time since last: 1714365745 ns, Reaching safepoint: 105263 ns, At safepoint: 21407 ns, Total: 126670 ns
[2020-09-11T17:41:30.106+0000][1][safepoint    ] Safepoint "Cleanup", Time since last: 3000284555 ns, Reaching safepoint: 96398 ns, At safepoint: 10757 ns, Total: 107155 ns
[2020-09-11T17:41:31.106+0000][1][safepoint    ] Safepoint "Cleanup", Time since last: 1000120729 ns, Reaching safepoint: 95293 ns, At safepoint: 10009 ns, Total: 105302 ns
[2020-09-11T17:41:32.106+0000][1][safepoint    ] Safepoint "Cleanup", Time since last: 1000116577 ns, Reaching safepoint: 97027 ns, At safepoint: 11039 ns, Total: 108066 ns
[2020-09-11T17:41:33.106+0000][1][safepoint    ] Safepoint "Cleanup", Time since last: 1000117950 ns, Reaching safepoint: 112933 ns, At safepoint: 10764 ns, Total: 123697 ns
[2020-09-11T17:41:34.107+0000][1][safepoint    ] Safepoint "Cleanup", Time since last: 1000115624 ns, Reaching safepoint: 95873 ns, At safepoint: 11370 ns, Total: 107243 ns
[2020-09-11T17:41:35.107+0000][1][safepoint    ] Safepoint "Cleanup", Time since last: 1000117621 ns, Reaching safepoint: 114409 ns, At safepoint: 10132 ns, Total: 124541 ns
[2020-09-11T17:41:35.394+0000][1][safepoint    ] Safepoint "RevokeBias", Time since last: 286429804 ns, Reaching safepoint: 181219 ns, At safepoint: 25148 ns, Total: 206367 ns
[2020-09-11T17:41:36.394+0000][1][safepoint    ] Safepoint "Cleanup", Time since last: 1000107463 ns, Reaching safepoint: 89869 ns, At safepoint: 7797 ns, Total: 97666 ns
[2020-09-11T17:41:37.118+0000][1][safepoint    ] Safepoint "RevokeBias", Time since last: 723269031 ns, Reaching safepoint: 227085 ns, At safepoint: 236283 ns, Total: 463368 ns
[2020-09-11T17:41:37.169+0000][1][gc,start     ] GC(197) Pause Young (Allocation Failure)
[2020-09-11T17:41:37.169+0000][1][gc,task      ] GC(197) Using 1 workers of 1 for evacuation
[2020-09-11T17:41:37.183+0000][1][gc,age       ] GC(197) Desired survivor size 4358144 bytes, new threshold 6 (max threshold 6)
[2020-09-11T17:41:37.183+0000][1][gc,age       ] GC(197) Age table with threshold 6 (max threshold 6)
[2020-09-11T17:41:37.183+0000][1][gc,age       ] GC(197) - age   1:     131328 bytes,     131328 total
[2020-09-11T17:41:37.183+0000][1][gc,age       ] GC(197) - age   2:      15592 bytes,     146920 total
[2020-09-11T17:41:37.183+0000][1][gc,age       ] GC(197) - age   3:       1592 bytes,     148512 total
[2020-09-11T17:41:37.183+0000][1][gc,age       ] GC(197) - age   4:       2104 bytes,     150616 total
[2020-09-11T17:41:37.183+0000][1][gc,age       ] GC(197) - age   5:       1512 bytes,     152128 total
[2020-09-11T17:41:37.183+0000][1][gc,age       ] GC(197) - age   6:       1768 bytes,     153896 total
[2020-09-11T17:41:37.183+0000][1][gc,heap      ] GC(197) ParNew: 68706K->461K(76672K)
[2020-09-11T17:41:37.183+0000][1][gc,heap      ] GC(197) CMS: 77824K->77826K(439104K)
[2020-09-11T17:41:37.183+0000][1][gc,metaspace ] GC(197) Metaspace: 96895K->96895K(1138688K)
[2020-09-11T17:41:37.183+0000][1][gc           ] GC(197) Pause Young (Allocation Failure) 143M->76M(503M) 14.383ms
[2020-09-11T17:41:37.183+0000][1][gc,cpu       ] GC(197) User=0.01s Sys=0.00s Real=0.02s
[2020-09-11T17:41:37.183+0000][1][safepoint    ] Safepoint "GenCollectForAllocation", Time since last: 51284386 ns, Reaching safepoint: 96054 ns, At safepoint: 14450859 ns, Total: 14546913 ns
[2020-09-11T17:41:38.184+0000][1][safepoint    ] Safepoint "Cleanup", Time since last: 1000461630 ns, Reaching safepoint: 85998 ns, At safepoint: 17267 ns, Total: 103265 ns
[2020-09-11T17:41:39.184+0000][1][safepoint    ] Safepoint "Cleanup", Time since last: 1000107216 ns, Reaching safepoint: 90861 ns, At safepoint: 21001 ns, Total: 111862 ns
[2020-09-11T17:41:40.184+0000][1][safepoint    ] Safepoint "Cleanup", Time since last: 1000111530 ns, Reaching safepoint: 86725 ns, At safepoint: 19882 ns, Total: 106607 ns
[2020-09-11T17:41:41.185+0000][1][safepoint    ] Safepoint "Cleanup", Time since last: 1000112360 ns, Reaching safepoint: 94360 ns, At safepoint: 10473 ns, Total: 104833 ns
[2020-09-11T17:41:42.185+0000][1][safepoint    ] Safepoint "Cleanup", Time since last: 1000114982 ns, Reaching safepoint: 109998 ns, At safepoint: 7346 ns, Total: 117344 ns
[2020-09-11T17:41:43.185+0000][1][safepoint    ] Safepoint "Cleanup", Time since last: 1000106435 ns, Reaching safepoint: 93048 ns, At safepoint: 9586 ns, Total: 102634 ns
[2020-09-11T17:41:44.185+0000][1][safepoint    ] Safepoint "Cleanup", Time since last: 1000111638 ns, Reaching safepoint: 89434 ns, At safepoint: 7550 ns, Total: 96984 ns
[2020-09-11T17:41:45.185+0000][1][safepoint    ] Safepoint "Cleanup", Time since last: 1000111937 ns, Reaching safepoint: 93593 ns, At safepoint: 10607 ns, Total: 104200 ns
[2020-09-11T17:41:45.396+0000][1][safepoint    ] Safepoint "RevokeBias", Time since last: 210766492 ns, Reaching safepoint: 175117 ns, At safepoint: 23366 ns, Total: 198483 ns
[2020-09-11T17:41:46.397+0000][1][safepoint    ] Safepoint "Cleanup", Time since last: 1000112023 ns, Reaching safepoint: 93533 ns, At safepoint: 10784 ns, Total: 104317 ns
[2020-09-11T17:41:47.117+0000][1][safepoint    ] Safepoint "RevokeBias", Time since last: 717713605 ns, Reaching safepoint: 2554790 ns, At safepoint: 27693 ns, Total: 2582483 ns
[2020-09-11T17:41:48.117+0000][1][safepoint    ] Safepoint "Cleanup", Time since last: 1000110264 ns, Reaching safepoint: 99115 ns, At safepoint: 10496 ns, Total: 109611 ns
[2020-09-11T17:41:49.117+0000][1][safepoint    ] Safepoint "Cleanup", Time since last: 1000135614 ns, Reaching safepoint: 92799 ns, At safepoint: 10273 ns, Total: 103072 ns
[2020-09-11T17:41:50.118+0000][1][safepoint    ] Safepoint "Cleanup", Time since last: 1000113498 ns, Reaching safepoint: 91833 ns, At safepoint: 7647 ns, Total: 99480 ns
[2020-09-11T17:41:51.118+0000][1][safepoint    ] Safepoint "Cleanup", Time since last: 1000113961 ns, Reaching safepoint: 92972 ns, At safepoint: 10374 ns, Total: 103346 ns
[2020-09-11T17:41:52.118+0000][1][safepoint    ] Safepoint "Cleanup", Time since last: 1000129094 ns, Reaching safepoint: 101879 ns, At safepoint: 8436 ns, Total: 110315 ns
[2020-09-11T17:41:53.118+0000][1][safepoint    ] Safepoint "Cleanup", Time since last: 1000112467 ns, Reaching safepoint: 90691 ns, At safepoint: 10913 ns, Total: 101604 ns
[2020-09-11T17:41:54.118+0000][1][safepoint    ] Safepoint "Cleanup", Time since last: 1000110260 ns, Reaching safepoint: 92308 ns, At safepoint: 9578 ns, Total: 101886 ns
[2020-09-11T17:41:55.119+0000][1][safepoint    ] Safepoint "Cleanup", Time since last: 1000111231 ns, Reaching safepoint: 92628 ns, At safepoint: 9266 ns, Total: 101894 ns
[2020-09-11T17:41:55.401+0000][1][safepoint    ] Safepoint "RevokeBias", Time since last: 282427808 ns, Reaching safepoint: 170941 ns, At safepoint: 23524 ns, Total: 194465 ns
[2020-09-11T17:41:57.089+0000][1][safepoint    ] Safepoint "RevokeBias", Time since last: 1686033311 ns, Reaching safepoint: 1560438 ns, At safepoint: 27926 ns, Total: 1588364 ns
[2020-09-11T17:42:02.303+0000][1][gc,start     ] GC(198) Pause Young (Allocation Failure)
[2020-09-11T17:42:02.303+0000][1][gc,task      ] GC(198) Using 1 workers of 1 for evacuation
[2020-09-11T17:42:02.307+0000][1][gc,age       ] GC(198) Desired survivor size 4358144 bytes, new threshold 6 (max threshold 6)
[2020-09-11T17:42:02.307+0000][1][gc,age       ] GC(198) Age table with threshold 6 (max threshold 6)
[2020-09-11T17:42:02.307+0000][1][gc,age       ] GC(198) - age   1:      64792 bytes,      64792 total
[2020-09-11T17:42:02.307+0000][1][gc,age       ] GC(198) - age   2:       2536 bytes,      67328 total
[2020-09-11T17:42:02.307+0000][1][gc,age       ] GC(198) - age   3:      11744 bytes,      79072 total
[2020-09-11T17:42:02.307+0000][1][gc,age       ] GC(198) - age   4:       1320 bytes,      80392 total
[2020-09-11T17:42:02.307+0000][1][gc,age       ] GC(198) - age   5:       2104 bytes,      82496 total
[2020-09-11T17:42:02.307+0000][1][gc,age       ] GC(198) - age   6:       1512 bytes,      84008 total
[2020-09-11T17:42:02.307+0000][1][gc,heap      ] GC(198) ParNew: 68621K->152K(76672K)
[2020-09-11T17:42:02.307+0000][1][gc,heap      ] GC(198) CMS: 77826K->77827K(439104K)
[2020-09-11T17:42:02.307+0000][1][gc,metaspace ] GC(198) Metaspace: 96895K->96895K(1138688K)
[2020-09-11T17:42:02.307+0000][1][gc           ] GC(198) Pause Young (Allocation Failure) 143M->76M(503M) 4.650ms
[2020-09-11T17:42:02.307+0000][1][gc,cpu       ] GC(198) User=0.00s Sys=0.00s Real=0.00s
[2020-09-11T17:42:02.313+0000][1][safepoint    ] Safepoint "GenCollectForAllocation", Time since last: 5213542948 ns, Reaching safepoint: 90122 ns, At safepoint: 10723050 ns, Total: 10813172 ns
[2020-09-11T17:42:05.395+0000][1][safepoint    ] Safepoint "RevokeBias", Time since last: 3081382245 ns, Reaching safepoint: 173672 ns, At safepoint: 23631 ns, Total: 197303 ns
[2020-09-11T17:42:07.097+0000][1][safepoint    ] Safepoint "RevokeBias", Time since last: 1699638111 ns, Reaching safepoint: 2397091 ns, At safepoint: 55626 ns, Total: 2452717 ns
[2020-09-11T17:42:09.097+0000][1][safepoint    ] Safepoint "Cleanup", Time since last: 2000180643 ns, Reaching safepoint: 98102 ns, At safepoint: 10111 ns, Total: 108213 ns
[2020-09-11T17:42:15.395+0000][1][safepoint    ] Safepoint "RevokeBias", Time since last: 6297255026 ns, Reaching safepoint: 185143 ns, At safepoint: 24297 ns, Total: 209440 ns
[2020-09-11T17:42:17.146+0000][1][safepoint    ] Safepoint "RevokeBias", Time since last: 1750807828 ns, Reaching safepoint: 213231 ns, At safepoint: 27141 ns, Total: 240372 ns
[2020-09-11T17:42:25.191+0000][1][gc,start     ] GC(199) Pause Young (Allocation Failure)
[2020-09-11T17:42:25.191+0000][1][gc,task      ] GC(199) Using 1 workers of 1 for evacuation
[2020-09-11T17:42:25.200+0000][1][gc,age       ] GC(199) Desired survivor size 4358144 bytes, new threshold 6 (max threshold 6)
[2020-09-11T17:42:25.200+0000][1][gc,age       ] GC(199) Age table with threshold 6 (max threshold 6)
[2020-09-11T17:42:25.200+0000][1][gc,age       ] GC(199) - age   1:      60568 bytes,      60568 total
[2020-09-11T17:42:25.200+0000][1][gc,age       ] GC(199) - age   2:      18408 bytes,      78976 total
[2020-09-11T17:42:25.200+0000][1][gc,age       ] GC(199) - age   3:       1200 bytes,      80176 total
[2020-09-11T17:42:25.200+0000][1][gc,age       ] GC(199) - age   4:      11552 bytes,      91728 total
[2020-09-11T17:42:25.200+0000][1][gc,age       ] GC(199) - age   5:       1320 bytes,      93048 total
[2020-09-11T17:42:25.200+0000][1][gc,age       ] GC(199) - age   6:       2104 bytes,      95152 total
[2020-09-11T17:42:25.200+0000][1][gc,heap      ] GC(199) ParNew: 68312K->138K(76672K)
[2020-09-11T17:42:25.200+0000][1][gc,heap      ] GC(199) CMS: 77827K->77828K(439104K)
[2020-09-11T17:42:25.200+0000][1][gc,metaspace ] GC(199) Metaspace: 96895K->96895K(1138688K)
[2020-09-11T17:42:25.200+0000][1][gc           ] GC(199) Pause Young (Allocation Failure) 142M->76M(503M) 9.225ms
[2020-09-11T17:42:25.200+0000][1][gc,cpu       ] GC(199) User=0.01s Sys=0.00s Real=0.01s
[2020-09-11T17:42:25.200+0000][1][safepoint    ] Safepoint "GenCollectForAllocation", Time since last: 8043109412 ns, Reaching safepoint: 1753144 ns, At safepoint: 9337685 ns, Total: 11090829 ns
[2020-09-11T17:42:25.423+0000][1][safepoint    ] Safepoint "RevokeBias", Time since last: 222438476 ns, Reaching safepoint: 95668 ns, At safepoint: 34902 ns, Total: 130570 ns
[2020-09-11T17:42:27.093+0000][1][safepoint    ] Safepoint "BulkRevokeBias", Time since last: 1666809683 ns, Reaching safepoint: 3156073 ns, At safepoint: 352351 ns, Total: 3508424 ns
[2020-09-11T17:42:27.133+0000][1][safepoint    ] Safepoint "RevokeBias", Time since last: 40395103 ns, Reaching safepoint: 162374 ns, At safepoint: 23006 ns, Total: 185380 ns
[2020-09-11T17:42:35.391+0000][1][safepoint    ] Safepoint "RevokeBias", Time since last: 8257749336 ns, Reaching safepoint: 170894 ns, At safepoint: 23886 ns, Total: 194780 ns
[2020-09-11T17:42:37.137+0000][1][safepoint    ] Safepoint "RevokeBias", Time since last: 1745546979 ns, Reaching safepoint: 210655 ns, At safepoint: 26921 ns, Total: 237576 ns
[2020-09-11T17:42:44.138+0000][1][safepoint    ] Safepoint "Cleanup", Time since last: 7000593162 ns, Reaching safepoint: 107069 ns, At safepoint: 8498 ns, Total: 115567 ns
[2020-09-11T17:42:45.466+0000][1][safepoint    ] Safepoint "RevokeBias", Time since last: 1328431469 ns, Reaching safepoint: 172581 ns, At safepoint: 23970 ns, Total: 196551 ns
[2020-09-11T17:42:47.089+0000][1][safepoint    ] Safepoint "RevokeBias", Time since last: 1620248076 ns, Reaching safepoint: 2146326 ns, At safepoint: 27823 ns, Total: 2174149 ns
[2020-09-11T17:42:47.129+0000][1][gc,start     ] GC(200) Pause Young (Allocation Failure)
[2020-09-11T17:42:47.129+0000][1][gc,task      ] GC(200) Using 1 workers of 1 for evacuation
[2020-09-11T17:42:47.138+0000][1][gc,age       ] GC(200) Desired survivor size 4358144 bytes, new threshold 6 (max threshold 6)
[2020-09-11T17:42:47.138+0000][1][gc,age       ] GC(200) Age table with threshold 6 (max threshold 6)
[2020-09-11T17:42:47.138+0000][1][gc,age       ] GC(200) - age   1:     583160 bytes,     583160 total
[2020-09-11T17:42:47.138+0000][1][gc,age       ] GC(200) - age   2:       2928 bytes,     586088 total
[2020-09-11T17:42:47.138+0000][1][gc,age       ] GC(200) - age   3:       2336 bytes,     588424 total
[2020-09-11T17:42:47.138+0000][1][gc,age       ] GC(200) - age   4:       1200 bytes,     589624 total
[2020-09-11T17:42:47.138+0000][1][gc,age       ] GC(200) - age   5:      11552 bytes,     601176 total
[2020-09-11T17:42:47.138+0000][1][gc,age       ] GC(200) - age   6:       1240 bytes,     602416 total
[2020-09-11T17:42:47.138+0000][1][gc,heap      ] GC(200) ParNew: 68288K->608K(76672K)
[2020-09-11T17:42:47.138+0000][1][gc,heap      ] GC(200) CMS: 77828K->77830K(439104K)
[2020-09-11T17:42:47.138+0000][1][gc,metaspace ] GC(200) Metaspace: 96898K->96898K(1138688K)
[2020-09-11T17:42:47.138+0000][1][gc           ] GC(200) Pause Young (Allocation Failure) 142M->76M(503M) 8.934ms
[2020-09-11T17:42:47.138+0000][1][gc,cpu       ] GC(200) User=0.01s Sys=0.00s Real=0.01s
[2020-09-11T17:42:47.145+0000][1][safepoint    ] Safepoint "GenCollectForAllocation", Time since last: 39082191 ns, Reaching safepoint: 858708 ns, At safepoint: 15994519 ns, Total: 16853227 ns
[2020-09-11T17:42:49.153+0000][1][safepoint    ] Safepoint "Cleanup", Time since last: 2008081361 ns, Reaching safepoint: 100382 ns, At safepoint: 10844 ns, Total: 111226 ns
[2020-09-11T17:42:55.457+0000][1][safepoint    ] Safepoint "RevokeBias", Time since last: 6303628685 ns, Reaching safepoint: 202158 ns, At safepoint: 24638 ns, Total: 226796 ns
[2020-09-11T17:42:56.457+0000][1][safepoint    ] Safepoint "Cleanup", Time since last: 1000106654 ns, Reaching safepoint: 94957 ns, At safepoint: 9865 ns, Total: 104822 ns
[2020-09-11T17:42:57.176+0000][1][safepoint    ] Safepoint "RevokeBias", Time since last: 718940170 ns, Reaching safepoint: 187462 ns, At safepoint: 22976 ns, Total: 210438 ns
[2020-09-11T17:42:58.176+0000][1][safepoint    ] Safepoint "Cleanup", Time since last: 1000116609 ns, Reaching safepoint: 98014 ns, At safepoint: 10303 ns, Total: 108317 ns
[2020-09-11T17:42:59.177+0000][1][safepoint    ] Safepoint "Cleanup", Time since last: 1000119172 ns, Reaching safepoint: 92353 ns, At safepoint: 9314 ns, Total: 101667 ns
[2020-09-11T17:43:00.177+0000][1][safepoint    ] Safepoint "Cleanup", Time since last: 1000081309 ns, Reaching safepoint: 92895 ns, At safepoint: 9981 ns, Total: 102876 ns
[2020-09-11T17:43:01.177+0000][1][safepoint    ] Safepoint "Cleanup", Time since last: 1000113105 ns, Reaching safepoint: 94179 ns, At safepoint: 9705 ns, Total: 103884 ns
[2020-09-11T17:43:02.177+0000][1][safepoint    ] Safepoint "Cleanup", Time since last: 1000107446 ns, Reaching safepoint: 88399 ns, At safepoint: 6608 ns, Total: 95007 ns
[2020-09-11T17:43:03.178+0000][1][safepoint    ] Safepoint "Cleanup", Time since last: 1000108592 ns, Reaching safepoint: 92489 ns, At safepoint: 11254 ns, Total: 103743 ns
[2020-09-11T17:43:04.178+0000][1][safepoint    ] Safepoint "Cleanup", Time since last: 1000114740 ns, Reaching safepoint: 92474 ns, At safepoint: 10161 ns, Total: 102635 ns
[2020-09-11T17:43:05.178+0000][1][safepoint    ] Safepoint "Cleanup", Time since last: 1000115817 ns, Reaching safepoint: 89007 ns, At safepoint: 7100 ns, Total: 96107 ns
[2020-09-11T17:43:05.392+0000][1][safepoint    ] Safepoint "BulkRevokeBias", Time since last: 213517967 ns, Reaching safepoint: 98652 ns, At safepoint: 242269 ns, Total: 340921 ns
[2020-09-11T17:43:06.392+0000][1][safepoint    ] Safepoint "Cleanup", Time since last: 1000111537 ns, Reaching safepoint: 98776 ns, At safepoint: 8103 ns, Total: 106879 ns
[2020-09-11T17:43:07.130+0000][1][safepoint    ] Safepoint "RevokeBias", Time since last: 737476332 ns, Reaching safepoint: 107183 ns, At safepoint: 23303 ns, Total: 130486 ns
[2020-09-11T17:43:07.402+0000][1][gc,start     ] GC(201) Pause Young (Allocation Failure)
[2020-09-11T17:43:07.402+0000][1][gc,task      ] GC(201) Using 1 workers of 1 for evacuation
[2020-09-11T17:43:07.406+0000][1][gc,age       ] GC(201) Desired survivor size 4358144 bytes, new threshold 6 (max threshold 6)
[2020-09-11T17:43:07.406+0000][1][gc,age       ] GC(201) Age table with threshold 6 (max threshold 6)
[2020-09-11T17:43:07.406+0000][1][gc,age       ] GC(201) - age   1:      61608 bytes,      61608 total
[2020-09-11T17:43:07.406+0000][1][gc,age       ] GC(201) - age   2:       5856 bytes,      67464 total
[2020-09-11T17:43:07.406+0000][1][gc,age       ] GC(201) - age   3:        312 bytes,      67776 total
[2020-09-11T17:43:07.406+0000][1][gc,age       ] GC(201) - age   4:       2240 bytes,      70016 total
[2020-09-11T17:43:07.406+0000][1][gc,age       ] GC(201) - age   5:        928 bytes,      70944 total
[2020-09-11T17:43:07.406+0000][1][gc,age       ] GC(201) - age   6:      11552 bytes,      82496 total
[2020-09-11T17:43:07.406+0000][1][gc,heap      ] GC(201) ParNew: 68768K->462K(76672K)
[2020-09-11T17:43:07.406+0000][1][gc,heap      ] GC(201) CMS: 77830K->77831K(439104K)
[2020-09-11T17:43:07.406+0000][1][gc,metaspace ] GC(201) Metaspace: 96902K->96902K(1138688K)
[2020-09-11T17:43:07.406+0000][1][gc           ] GC(201) Pause Young (Allocation Failure) 143M->76M(503M) 4.035ms
[2020-09-11T17:43:07.406+0000][1][gc,cpu       ] GC(201) User=0.00s Sys=0.00s Real=0.00s
[2020-09-11T17:43:07.409+0000][1][safepoint    ] Safepoint "GenCollectForAllocation", Time since last: 272630476 ns, Reaching safepoint: 112621 ns, At safepoint: 6849609 ns, Total: 6962230 ns
[2020-09-11T17:43:08.410+0000][1][safepoint    ] Safepoint "Cleanup", Time since last: 1000605927 ns, Reaching safepoint: 87771 ns, At safepoint: 21812 ns, Total: 109583 ns
[2020-09-11T17:43:09.410+0000][1][safepoint    ] Safepoint "Cleanup", Time since last: 1000104814 ns, Reaching safepoint: 89002 ns, At safepoint: 15569 ns, Total: 104571 ns
[2020-09-11T17:43:10.410+0000][1][safepoint    ] Safepoint "Cleanup", Time since last: 1000111719 ns, Reaching safepoint: 94764 ns, At safepoint: 10600 ns, Total: 105364 ns
[2020-09-11T17:43:11.411+0000][1][safepoint    ] Safepoint "Cleanup", Time since last: 1000115215 ns, Reaching safepoint: 92821 ns, At safepoint: 9346 ns, Total: 102167 ns
[2020-09-11T17:43:12.411+0000][1][safepoint    ] Safepoint "Cleanup", Time since last: 1000113285 ns, Reaching safepoint: 106835 ns, At safepoint: 10987 ns, Total: 117822 ns
[2020-09-11T17:43:13.411+0000][1][safepoint    ] Safepoint "Cleanup", Time since last: 1000110395 ns, Reaching safepoint: 91363 ns, At safepoint: 8893 ns, Total: 100256 ns
[2020-09-11T17:43:14.411+0000][1][safepoint    ] Safepoint "Cleanup", Time since last: 1000115662 ns, Reaching safepoint: 94610 ns, At safepoint: 10709 ns, Total: 105319 ns
[2020-09-11T17:43:15.401+0000][1][safepoint    ] Safepoint "RevokeBias", Time since last: 989976887 ns, Reaching safepoint: 95831 ns, At safepoint: 21020 ns, Total: 116851 ns
[2020-09-11T17:43:16.402+0000][1][safepoint    ] Safepoint "Cleanup", Time since last: 1000104950 ns, Reaching safepoint: 88121 ns, At safepoint: 7963 ns, Total: 96084 ns
[2020-09-11T17:43:17.097+0000][1][safepoint    ] Safepoint "RevokeBias", Time since last: 694469232 ns, Reaching safepoint: 720668 ns, At safepoint: 252912 ns, Total: 973580 ns
[2020-09-11T17:43:18.097+0000][1][safepoint    ] Safepoint "Cleanup", Time since last: 1000109718 ns, Reaching safepoint: 99449 ns, At safepoint: 9495 ns, Total: 108944 ns
[2020-09-11T17:43:19.097+0000][1][safepoint    ] Safepoint "Cleanup", Time since last: 1000108302 ns, Reaching safepoint: 93415 ns, At safepoint: 9154 ns, Total: 102569 ns
[2020-09-11T17:43:20.098+0000][1][safepoint    ] Safepoint "Cleanup", Time since last: 1000110375 ns, Reaching safepoint: 92170 ns, At safepoint: 9334 ns, Total: 101504 ns
[2020-09-11T17:43:21.098+0000][1][safepoint    ] Safepoint "Cleanup", Time since last: 1000107956 ns, Reaching safepoint: 89218 ns, At safepoint: 7016 ns, Total: 96234 ns
[2020-09-11T17:43:22.098+0000][1][safepoint    ] Safepoint "Cleanup", Time since last: 1000111729 ns, Reaching safepoint: 94257 ns, At safepoint: 9250 ns, Total: 103507 ns
[2020-09-11T17:43:23.098+0000][1][safepoint    ] Safepoint "Cleanup", Time since last: 1000115969 ns, Reaching safepoint: 93149 ns, At safepoint: 9904 ns, Total: 103053 ns
[2020-09-11T17:43:24.098+0000][1][safepoint    ] Safepoint "Cleanup", Time since last: 1000115844 ns, Reaching safepoint: 91450 ns, At safepoint: 7582 ns, Total: 99032 ns
[2020-09-11T17:43:25.099+0000][1][safepoint    ] Safepoint "Cleanup", Time since last: 1000121346 ns, Reaching safepoint: 94449 ns, At safepoint: 9559 ns, Total: 104008 ns
[2020-09-11T17:43:25.396+0000][1][safepoint    ] Safepoint "RevokeBias", Time since last: 297096614 ns, Reaching safepoint: 175777 ns, At safepoint: 23378 ns, Total: 199155 ns
[2020-09-11T17:43:26.396+0000][1][safepoint    ] Safepoint "Cleanup", Time since last: 1000109511 ns, Reaching safepoint: 92099 ns, At safepoint: 9523 ns, Total: 101622 ns
[2020-09-11T17:43:27.088+0000][1][safepoint    ] Safepoint "RevokeBias", Time since last: 689674352 ns, Reaching safepoint: 1778635 ns, At safepoint: 28713 ns, Total: 1807348 ns
[2020-09-11T17:43:28.088+0000][1][safepoint    ] Safepoint "Cleanup", Time since last: 1000128017 ns, Reaching safepoint: 91491 ns, At safepoint: 8548 ns, Total: 100039 ns
[2020-09-11T17:43:29.088+0000][1][safepoint    ] Safepoint "Cleanup", Time since last: 1000110092 ns, Reaching safepoint: 82455 ns, At safepoint: 7571 ns, Total: 90026 ns
[2020-09-11T17:43:30.088+0000][1][safepoint    ] Safepoint "Cleanup", Time since last: 1000109207 ns, Reaching safepoint: 87259 ns, At safepoint: 7793 ns, Total: 95052 ns
[2020-09-11T17:43:31.089+0000][1][safepoint    ] Safepoint "Cleanup", Time since last: 1000108095 ns, Reaching safepoint: 82800 ns, At safepoint: 5952 ns, Total: 88752 ns
[2020-09-11T17:43:32.089+0000][1][safepoint    ] Safepoint "Cleanup", Time since last: 1000107057 ns, Reaching safepoint: 87957 ns, At safepoint: 16936 ns, Total: 104893 ns
[2020-09-11T17:43:33.089+0000][1][safepoint    ] Safepoint "Cleanup", Time since last: 1000174799 ns, Reaching safepoint: 93303 ns, At safepoint: 6918 ns, Total: 100221 ns
[2020-09-11T17:43:34.089+0000][1][safepoint    ] Safepoint "Cleanup", Time since last: 1000105142 ns, Reaching safepoint: 128153 ns, At safepoint: 8875 ns, Total: 137028 ns
[2020-09-11T17:43:34.090+0000][1][gc,start     ] GC(202) Pause Young (Allocation Failure)
[2020-09-11T17:43:34.090+0000][1][gc,task      ] GC(202) Using 1 workers of 1 for evacuation
[2020-09-11T17:43:34.099+0000][1][gc,age       ] GC(202) Desired survivor size 4358144 bytes, new threshold 6 (max threshold 6)
[2020-09-11T17:43:34.099+0000][1][gc,age       ] GC(202) Age table with threshold 6 (max threshold 6)
[2020-09-11T17:43:34.099+0000][1][gc,age       ] GC(202) - age   1:      65176 bytes,      65176 total
[2020-09-11T17:43:34.099+0000][1][gc,age       ] GC(202) - age   2:       3520 bytes,      68696 total
[2020-09-11T17:43:34.099+0000][1][gc,age       ] GC(202) - age   3:       2112 bytes,      70808 total
[2020-09-11T17:43:34.099+0000][1][gc,age       ] GC(202) - age   5:       2240 bytes,      73048 total
[2020-09-11T17:43:34.099+0000][1][gc,age       ] GC(202) - age   6:        656 bytes,      73704 total
[2020-09-11T17:43:34.099+0000][1][gc,heap      ] GC(202) ParNew: 68622K->130K(76672K)
[2020-09-11T17:43:34.099+0000][1][gc,heap      ] GC(202) CMS: 77831K->77843K(439104K)
[2020-09-11T17:43:34.099+0000][1][gc,metaspace ] GC(202) Metaspace: 96904K->96904K(1138688K)
[2020-09-11T17:43:34.099+0000][1][gc           ] GC(202) Pause Young (Allocation Failure) 143M->76M(503M) 8.825ms
[2020-09-11T17:43:34.099+0000][1][gc,cpu       ] GC(202) User=0.01s Sys=0.00s Real=0.01s
[2020-09-11T17:43:34.101+0000][1][safepoint    ] Safepoint "GenCollectForAllocation", Time since last: 442733 ns, Reaching safepoint: 150557 ns, At safepoint: 10741246 ns, Total: 10891803 ns
[2020-09-11T17:43:35.107+0000][1][safepoint    ] Safepoint "Cleanup", Time since last: 1006441475 ns, Reaching safepoint: 102237 ns, At safepoint: 21732 ns, Total: 123969 ns
[2020-09-11T17:43:35.396+0000][1][safepoint    ] Safepoint "RevokeBias", Time since last: 288568403 ns, Reaching safepoint: 96435 ns, At safepoint: 37398 ns, Total: 133833 ns
[2020-09-11T17:43:37.107+0000][1][safepoint    ] Safepoint "RevokeBias", Time since last: 1709566090 ns, Reaching safepoint: 1587144 ns, At safepoint: 24505 ns, Total: 1611649 ns
[2020-09-11T17:43:45.490+0000][1][safepoint    ] Safepoint "RevokeBias", Time since last: 8383005566 ns, Reaching safepoint: 172938 ns, At safepoint: 42391 ns, Total: 215329 ns
[2020-09-11T17:43:47.141+0000][1][safepoint    ] Safepoint "RevokeBias", Time since last: 1649492132 ns, Reaching safepoint: 1138203 ns, At safepoint: 25165 ns, Total: 1163368 ns
[2020-09-11T17:43:55.369+0000][1][gc,start     ] GC(203) Pause Young (Allocation Failure)
[2020-09-11T17:43:55.369+0000][1][gc,task      ] GC(203) Using 1 workers of 1 for evacuation
[2020-09-11T17:43:55.373+0000][1][gc,age       ] GC(203) Desired survivor size 4358144 bytes, new threshold 6 (max threshold 6)
[2020-09-11T17:43:55.373+0000][1][gc,age       ] GC(203) Age table with threshold 6 (max threshold 6)
[2020-09-11T17:43:55.373+0000][1][gc,age       ] GC(203) - age   1:     166208 bytes,     166208 total
[2020-09-11T17:43:55.373+0000][1][gc,age       ] GC(203) - age   2:       3680 bytes,     169888 total
[2020-09-11T17:43:55.373+0000][1][gc,age       ] GC(203) - age   3:       2112 bytes,     172000 total
[2020-09-11T17:43:55.373+0000][1][gc,age       ] GC(203) - age   4:       1800 bytes,     173800 total
[2020-09-11T17:43:55.373+0000][1][gc,age       ] GC(203) - age   6:       1968 bytes,     175768 total
[2020-09-11T17:43:55.373+0000][1][gc,heap      ] GC(203) ParNew: 68290K->183K(76672K)
[2020-09-11T17:43:55.373+0000][1][gc,heap      ] GC(203) CMS: 77843K->77843K(439104K)
[2020-09-11T17:43:55.373+0000][1][gc,metaspace ] GC(203) Metaspace: 96913K->96913K(1138688K)
[2020-09-11T17:43:55.373+0000][1][gc           ] GC(203) Pause Young (Allocation Failure) 142M->76M(503M) 4.129ms
[2020-09-11T17:43:55.373+0000][1][gc,cpu       ] GC(203) User=0.01s Sys=0.00s Real=0.00s
[2020-09-11T17:43:55.377+0000][1][safepoint    ] Safepoint "GenCollectForAllocation", Time since last: 8227455590 ns, Reaching safepoint: 193953 ns, At safepoint: 8299967 ns, Total: 8493920 ns
[2020-09-11T17:43:55.464+0000][1][safepoint    ] Safepoint "RevokeBias", Time since last: 87124759 ns, Reaching safepoint: 94356 ns, At safepoint: 34006 ns, Total: 128362 ns
[2020-09-11T17:43:57.090+0000][1][safepoint    ] Safepoint "RevokeBias", Time since last: 1626130059 ns, Reaching safepoint: 186012 ns, At safepoint: 22049 ns, Total: 208061 ns
[2020-09-11T17:44:05.452+0000][1][safepoint    ] Safepoint "RevokeBias", Time since last: 8361143631 ns, Reaching safepoint: 96060 ns, At safepoint: 23799 ns, Total: 119859 ns
[2020-09-11T17:44:07.101+0000][1][safepoint    ] Safepoint "RevokeBias", Time since last: 1645610061 ns, Reaching safepoint: 3577995 ns, At safepoint: 32449 ns, Total: 3610444 ns
[2020-09-11T17:44:15.403+0000][1][safepoint    ] Safepoint "RevokeBias", Time since last: 8301659274 ns, Reaching safepoint: 174623 ns, At safepoint: 24418 ns, Total: 199041 ns
[2020-09-11T17:44:16.403+0000][1][safepoint    ] Safepoint "Cleanup", Time since last: 1000108398 ns, Reaching safepoint: 99416 ns, At safepoint: 10660 ns, Total: 110076 ns
[2020-09-11T17:44:17.105+0000][1][safepoint    ] Safepoint "RevokeBias", Time since last: 702091729 ns, Reaching safepoint: 185573 ns, At safepoint: 21846 ns, Total: 207419 ns
[2020-09-11T17:44:17.129+0000][1][gc,start     ] GC(204) Pause Young (Allocation Failure)
[2020-09-11T17:44:17.129+0000][1][gc,task      ] GC(204) Using 1 workers of 1 for evacuation
[2020-09-11T17:44:17.153+0000][1][gc,age       ] GC(204) Desired survivor size 4358144 bytes, new threshold 6 (max threshold 6)
[2020-09-11T17:44:17.153+0000][1][gc,age       ] GC(204) Age table with threshold 6 (max threshold 6)
[2020-09-11T17:44:17.153+0000][1][gc,age       ] GC(204) - age   1:     493896 bytes,     493896 total
[2020-09-11T17:44:17.153+0000][1][gc,age       ] GC(204) - age   2:      46544 bytes,     540440 total
[2020-09-11T17:44:17.153+0000][1][gc,age       ] GC(204) - age   3:       2008 bytes,     542448 total
[2020-09-11T17:44:17.153+0000][1][gc,age       ] GC(204) - age   4:       1824 bytes,     544272 total
[2020-09-11T17:44:17.153+0000][1][gc,age       ] GC(204) - age   5:       1800 bytes,     546072 total
[2020-09-11T17:44:17.153+0000][1][gc,heap      ] GC(204) ParNew: 68342K->573K(76672K)
[2020-09-11T17:44:17.153+0000][1][gc,heap      ] GC(204) CMS: 77843K->77845K(439104K)
[2020-09-11T17:44:17.153+0000][1][gc,metaspace ] GC(204) Metaspace: 96913K->96913K(1138688K)
[2020-09-11T17:44:17.153+0000][1][gc           ] GC(204) Pause Young (Allocation Failure) 142M->76M(503M) 23.751ms
[2020-09-11T17:44:17.153+0000][1][gc,cpu       ] GC(204) User=0.01s Sys=0.00s Real=0.03s
[2020-09-11T17:44:17.153+0000][1][safepoint    ] Safepoint "GenCollectForAllocation", Time since last: 23823271 ns, Reaching safepoint: 157799 ns, At safepoint: 24196624 ns, Total: 24354423 ns
[2020-09-11T17:44:25.399+0000][1][safepoint    ] Safepoint "RevokeBias", Time since last: 8245559447 ns, Reaching safepoint: 173331 ns, At safepoint: 24355 ns, Total: 197686 ns
[2020-09-11T17:44:27.088+0000][1][safepoint    ] Safepoint "RevokeBias", Time since last: 1688965904 ns, Reaching safepoint: 201488 ns, At safepoint: 24593 ns, Total: 226081 ns
[2020-09-11T17:44:35.453+0000][1][safepoint    ] Safepoint "RevokeBias", Time since last: 8364055474 ns, Reaching safepoint: 96977 ns, At safepoint: 23356 ns, Total: 120333 ns
[2020-09-11T17:44:37.113+0000][1][safepoint    ] Safepoint "RevokeBias", Time since last: 1655607869 ns, Reaching safepoint: 5074196 ns, At safepoint: 34438 ns, Total: 5108634 ns
[2020-09-11T17:44:37.510+0000][1][gc,start     ] GC(205) Pause Young (Allocation Failure)
[2020-09-11T17:44:37.510+0000][1][gc,task      ] GC(205) Using 1 workers of 1 for evacuation
[2020-09-11T17:44:37.514+0000][1][gc,age       ] GC(205) Desired survivor size 4358144 bytes, new threshold 6 (max threshold 6)
[2020-09-11T17:44:37.514+0000][1][gc,age       ] GC(205) Age table with threshold 6 (max threshold 6)
[2020-09-11T17:44:37.514+0000][1][gc,age       ] GC(205) - age   1:      61792 bytes,      61792 total
[2020-09-11T17:44:37.514+0000][1][gc,age       ] GC(205) - age   2:       5712 bytes,      67504 total
[2020-09-11T17:44:37.514+0000][1][gc,age       ] GC(205) - age   3:      30256 bytes,      97760 total
[2020-09-11T17:44:37.514+0000][1][gc,age       ] GC(205) - age   4:       2008 bytes,      99768 total
[2020-09-11T17:44:37.514+0000][1][gc,age       ] GC(205) - age   5:       1824 bytes,     101592 total
[2020-09-11T17:44:37.514+0000][1][gc,age       ] GC(205) - age   6:       1528 bytes,     103120 total
[2020-09-11T17:44:37.514+0000][1][gc,heap      ] GC(205) ParNew: 68693K->423K(76672K)
[2020-09-11T17:44:37.514+0000][1][gc,heap      ] GC(205) CMS: 77845K->77845K(439104K)
[2020-09-11T17:44:37.514+0000][1][gc,metaspace ] GC(205) Metaspace: 96931K->96931K(1138688K)
[2020-09-11T17:44:37.514+0000][1][gc           ] GC(205) Pause Young (Allocation Failure) 143M->76M(503M) 3.857ms
[2020-09-11T17:44:37.514+0000][1][gc,cpu       ] GC(205) User=0.00s Sys=0.00s Real=0.01s
[2020-09-11T17:44:37.517+0000][1][safepoint    ] Safepoint "GenCollectForAllocation", Time since last: 396937532 ns, Reaching safepoint: 86364 ns, At safepoint: 6436165 ns, Total: 6522529 ns
[2020-09-11T17:44:45.455+0000][1][safepoint    ] Safepoint "RevokeBias", Time since last: 7938225652 ns, Reaching safepoint: 108653 ns, At safepoint: 27336 ns, Total: 135989 ns
[2020-09-11T17:44:47.102+0000][1][safepoint    ] Safepoint "RevokeBias", Time since last: 1647028523 ns, Reaching safepoint: 99589 ns, At safepoint: 23456 ns, Total: 123045 ns
[2020-09-11T17:44:55.427+0000][1][safepoint    ] Safepoint "RevokeBias", Time since last: 8324571809 ns, Reaching safepoint: 175276 ns, At safepoint: 24557 ns, Total: 199833 ns
[2020-09-11T17:44:57.089+0000][1][safepoint    ] Safepoint "RevokeBias", Time since last: 1661225308 ns, Reaching safepoint: 581052 ns, At safepoint: 23754 ns, Total: 604806 ns
[2020-09-11T17:44:59.907+0000][1][gc,start     ] GC(206) Pause Young (Allocation Failure)
[2020-09-11T17:44:59.907+0000][1][gc,task      ] GC(206) Using 1 workers of 1 for evacuation
[2020-09-11T17:44:59.911+0000][1][gc,age       ] GC(206) Desired survivor size 4358144 bytes, new threshold 6 (max threshold 6)
[2020-09-11T17:44:59.911+0000][1][gc,age       ] GC(206) Age table with threshold 6 (max threshold 6)
[2020-09-11T17:44:59.911+0000][1][gc,age       ] GC(206) - age   1:      63824 bytes,      63824 total
[2020-09-11T17:44:59.911+0000][1][gc,age       ] GC(206) - age   2:       2888 bytes,      66712 total
[2020-09-11T17:44:59.911+0000][1][gc,age       ] GC(206) - age   3:       2176 bytes,      68888 total
[2020-09-11T17:44:59.911+0000][1][gc,age       ] GC(206) - age   4:      30256 bytes,      99144 total
[2020-09-11T17:44:59.911+0000][1][gc,age       ] GC(206) - age   5:       2008 bytes,     101152 total
[2020-09-11T17:44:59.911+0000][1][gc,age       ] GC(206) - age   6:       1552 bytes,     102704 total
[2020-09-11T17:44:59.911+0000][1][gc,heap      ] GC(206) ParNew: 68535K->131K(76672K)
[2020-09-11T17:44:59.911+0000][1][gc,heap      ] GC(206) CMS: 77845K->77847K(439104K)
[2020-09-11T17:44:59.911+0000][1][gc,metaspace ] GC(206) Metaspace: 96932K->96932K(1138688K)
[2020-09-11T17:44:59.912+0000][1][gc           ] GC(206) Pause Young (Allocation Failure) 142M->76M(503M) 4.534ms
[2020-09-11T17:44:59.912+0000][1][gc,cpu       ] GC(206) User=0.01s Sys=0.00s Real=0.00s
[2020-09-11T17:44:59.917+0000][1][safepoint    ] Safepoint "GenCollectForAllocation", Time since last: 2817982787 ns, Reaching safepoint: 86859 ns, At safepoint: 9877449 ns, Total: 9964308 ns
[2020-09-11T17:45:05.396+0000][1][safepoint    ] Safepoint "RevokeBias", Time since last: 5479520744 ns, Reaching safepoint: 98005 ns, At safepoint: 22602 ns, Total: 120607 ns
[2020-09-11T17:45:07.141+0000][1][safepoint    ] Safepoint "RevokeBias", Time since last: 1742507016 ns, Reaching safepoint: 1884801 ns, At safepoint: 26344 ns, Total: 1911145 ns
[2020-09-11T17:45:14.142+0000][1][safepoint    ] Safepoint "Cleanup", Time since last: 7000564385 ns, Reaching safepoint: 106835 ns, At safepoint: 8642 ns, Total: 115477 ns
[2020-09-11T17:45:15.399+0000][1][safepoint    ] Safepoint "RevokeBias", Time since last: 1257483557 ns, Reaching safepoint: 173408 ns, At safepoint: 23705 ns, Total: 197113 ns
[2020-09-11T17:45:17.107+0000][1][safepoint    ] Safepoint "RevokeBias", Time since last: 1707822924 ns, Reaching safepoint: 193222 ns, At safepoint: 25098 ns, Total: 218320 ns
[2020-09-11T17:45:25.280+0000][1][gc,start     ] GC(207) Pause Young (Allocation Failure)
[2020-09-11T17:45:25.280+0000][1][gc,task      ] GC(207) Using 1 workers of 1 for evacuation
[2020-09-11T17:45:25.288+0000][1][gc,age       ] GC(207) Desired survivor size 4358144 bytes, new threshold 6 (max threshold 6)
[2020-09-11T17:45:25.288+0000][1][gc,age       ] GC(207) Age table with threshold 6 (max threshold 6)
[2020-09-11T17:45:25.288+0000][1][gc,age       ] GC(207) - age   1:      64112 bytes,      64112 total
[2020-09-11T17:45:25.288+0000][1][gc,age       ] GC(207) - age   2:      16848 bytes,      80960 total
[2020-09-11T17:45:25.288+0000][1][gc,age       ] GC(207) - age   3:        272 bytes,      81232 total
[2020-09-11T17:45:25.288+0000][1][gc,age       ] GC(207) - age   4:       1984 bytes,      83216 total
[2020-09-11T17:45:25.288+0000][1][gc,age       ] GC(207) - age   5:      30256 bytes,     113472 total
[2020-09-11T17:45:25.288+0000][1][gc,age       ] GC(207) - age   6:       1736 bytes,     115208 total
[2020-09-11T17:45:25.288+0000][1][gc,heap      ] GC(207) ParNew: 68291K->216K(76672K)
[2020-09-11T17:45:25.288+0000][1][gc,heap      ] GC(207) CMS: 77847K->77848K(439104K)
[2020-09-11T17:45:25.288+0000][1][gc,metaspace ] GC(207) Metaspace: 96932K->96932K(1138688K)
[2020-09-11T17:45:25.288+0000][1][gc           ] GC(207) Pause Young (Allocation Failure) 142M->76M(503M) 8.284ms
[2020-09-11T17:45:25.288+0000][1][gc,cpu       ] GC(207) User=0.00s Sys=0.00s Real=0.01s
[2020-09-11T17:45:25.291+0000][1][safepoint    ] Safepoint "GenCollectForAllocation", Time since last: 8172072901 ns, Reaching safepoint: 166093 ns, At safepoint: 11177294 ns, Total: 11343387 ns
[2020-09-11T17:45:25.455+0000][1][safepoint    ] Safepoint "RevokeBias", Time since last: 164567451 ns, Reaching safepoint: 100559 ns, At safepoint: 41006 ns, Total: 141565 ns
[2020-09-11T17:45:27.113+0000][1][safepoint    ] Safepoint "RevokeBias", Time since last: 1654779893 ns, Reaching safepoint: 2672426 ns, At safepoint: 31489 ns, Total: 2703915 ns
[2020-09-11T17:45:28.113+0000][1][safepoint    ] Safepoint "Cleanup", Time since last: 1000123678 ns, Reaching safepoint: 95516 ns, At safepoint: 7826 ns, Total: 103342 ns
[2020-09-11T17:45:35.469+0000][1][safepoint    ] Safepoint "RevokeBias", Time since last: 7356056831 ns, Reaching safepoint: 173576 ns, At safepoint: 23669 ns, Total: 197245 ns
[2020-09-11T17:45:37.100+0000][1][safepoint    ] Safepoint "RevokeBias", Time since last: 1627859258 ns, Reaching safepoint: 2591068 ns, At safepoint: 30906 ns, Total: 2621974 ns
[2020-09-11T17:45:45.395+0000][1][safepoint    ] Safepoint "RevokeBias", Time since last: 8295153922 ns, Reaching safepoint: 95827 ns, At safepoint: 38703 ns, Total: 134530 ns
[2020-09-11T17:45:47.097+0000][1][safepoint    ] Safepoint "RevokeBias", Time since last: 1698893324 ns, Reaching safepoint: 2842616 ns, At safepoint: 29826 ns, Total: 2872442 ns
[2020-09-11T17:45:47.104+0000][1][gc,start     ] GC(208) Pause Young (Allocation Failure)
[2020-09-11T17:45:47.104+0000][1][gc,task      ] GC(208) Using 1 workers of 1 for evacuation
[2020-09-11T17:45:47.113+0000][1][gc,age       ] GC(208) Desired survivor size 4358144 bytes, new threshold 6 (max threshold 6)
[2020-09-11T17:45:47.113+0000][1][gc,age       ] GC(208) Age table with threshold 6 (max threshold 6)
[2020-09-11T17:45:47.113+0000][1][gc,age       ] GC(208) - age   1:     375296 bytes,     375296 total
[2020-09-11T17:45:47.113+0000][1][gc,age       ] GC(208) - age   2:       3320 bytes,     378616 total
[2020-09-11T17:45:47.113+0000][1][gc,age       ] GC(208) - age   3:         96 bytes,     378712 total
[2020-09-11T17:45:47.113+0000][1][gc,age       ] GC(208) - age   4:        272 bytes,     378984 total
[2020-09-11T17:45:47.113+0000][1][gc,age       ] GC(208) - age   5:       1984 bytes,     380968 total
[2020-09-11T17:45:47.113+0000][1][gc,age       ] GC(208) - age   6:      30256 bytes,     411224 total
[2020-09-11T17:45:47.113+0000][1][gc,heap      ] GC(208) ParNew: 68376K->415K(76672K)
[2020-09-11T17:45:47.113+0000][1][gc,heap      ] GC(208) CMS: 77848K->77850K(439104K)
[2020-09-11T17:45:47.113+0000][1][gc,metaspace ] GC(208) Metaspace: 96932K->96932K(1138688K)
[2020-09-11T17:45:47.113+0000][1][gc           ] GC(208) Pause Young (Allocation Failure) 142M->76M(503M) 8.904ms
[2020-09-11T17:45:47.113+0000][1][gc,cpu       ] GC(208) User=0.00s Sys=0.00s Real=0.01s
[2020-09-11T17:45:47.113+0000][1][safepoint    ] Safepoint "GenCollectForAllocation", Time since last: 4481406 ns, Reaching safepoint: 2792464 ns, At safepoint: 9012209 ns, Total: 11804673 ns
[2020-09-11T17:45:55.402+0000][1][safepoint    ] Safepoint "RevokeBias", Time since last: 8288940914 ns, Reaching safepoint: 173103 ns, At safepoint: 24545 ns, Total: 197648 ns
[2020-09-11T17:45:57.089+0000][1][safepoint    ] Safepoint "RevokeBias", Time since last: 1683487061 ns, Reaching safepoint: 3056415 ns, At safepoint: 29424 ns, Total: 3085839 ns
[2020-09-11T17:46:05.402+0000][1][safepoint    ] Safepoint "RevokeBias", Time since last: 8313359011 ns, Reaching safepoint: 98268 ns, At safepoint: 23360 ns, Total: 121628 ns
[2020-09-11T17:46:07.109+0000][1][safepoint    ] Safepoint "BulkRevokeBias", Time since last: 1704622338 ns, Reaching safepoint: 1840145 ns, At safepoint: 318125 ns, Total: 2158270 ns
[2020-09-11T17:46:07.145+0000][1][safepoint    ] Safepoint "RevokeBias", Time since last: 35808868 ns, Reaching safepoint: 165607 ns, At safepoint: 23833 ns, Total: 189440 ns
[2020-09-11T17:46:07.146+0000][1][gc,start     ] GC(209) Pause Young (Allocation Failure)
[2020-09-11T17:46:07.146+0000][1][gc,task      ] GC(209) Using 1 workers of 1 for evacuation
[2020-09-11T17:46:07.156+0000][1][gc,age       ] GC(209) Desired survivor size 4358144 bytes, new threshold 6 (max threshold 6)
[2020-09-11T17:46:07.156+0000][1][gc,age       ] GC(209) Age table with threshold 6 (max threshold 6)
[2020-09-11T17:46:07.156+0000][1][gc,age       ] GC(209) - age   1:     578424 bytes,     578424 total
[2020-09-11T17:46:07.156+0000][1][gc,age       ] GC(209) - age   2:       6520 bytes,     584944 total
[2020-09-11T17:46:07.156+0000][1][gc,age       ] GC(209) - age   3:       1368 bytes,     586312 total
[2020-09-11T17:46:07.156+0000][1][gc,age       ] GC(209) - age   5:        272 bytes,     586584 total
[2020-09-11T17:46:07.156+0000][1][gc,age       ] GC(209) - age   6:       1984 bytes,     588568 total
[2020-09-11T17:46:07.156+0000][1][gc,heap      ] GC(209) ParNew: 68575K->636K(76672K)
[2020-09-11T17:46:07.156+0000][1][gc,heap      ] GC(209) CMS: 77850K->77879K(439104K)
[2020-09-11T17:46:07.156+0000][1][gc,metaspace ] GC(209) Metaspace: 96937K->96937K(1138688K)
[2020-09-11T17:46:07.156+0000][1][gc           ] GC(209) Pause Young (Allocation Failure) 142M->76M(503M) 9.739ms
[2020-09-11T17:46:07.156+0000][1][gc,cpu       ] GC(209) User=0.00s Sys=0.00s Real=0.01s
[2020-09-11T17:46:07.156+0000][1][safepoint    ] Safepoint "GenCollectForAllocation", Time since last: 719736 ns, Reaching safepoint: 121600 ns, At safepoint: 9806075 ns, Total: 9927675 ns
[2020-09-11T17:46:15.439+0000][1][safepoint    ] Safepoint "RevokeBias", Time since last: 8282882500 ns, Reaching safepoint: 188865 ns, At safepoint: 42071 ns, Total: 230936 ns
[2020-09-11T17:46:16.439+0000][1][safepoint    ] Safepoint "Cleanup", Time since last: 1000109015 ns, Reaching safepoint: 114154 ns, At safepoint: 8033 ns, Total: 122187 ns
[2020-09-11T17:46:17.097+0000][1][safepoint    ] Safepoint "RevokeBias", Time since last: 657362746 ns, Reaching safepoint: 334015 ns, At safepoint: 27717 ns, Total: 361732 ns
[2020-09-11T17:46:25.408+0000][1][safepoint    ] Safepoint "RevokeBias", Time since last: 8310427851 ns, Reaching safepoint: 173801 ns, At safepoint: 24080 ns, Total: 197881 ns
[2020-09-11T17:46:27.101+0000][1][safepoint    ] Safepoint "RevokeBias", Time since last: 1692080283 ns, Reaching safepoint: 1318122 ns, At safepoint: 240898 ns, Total: 1559020 ns
[2020-09-11T17:46:29.253+0000][1][gc,start     ] GC(210) Pause Young (Allocation Failure)
[2020-09-11T17:46:29.253+0000][1][gc,task      ] GC(210) Using 1 workers of 1 for evacuation
[2020-09-11T17:46:29.262+0000][1][gc,age       ] GC(210) Desired survivor size 4358144 bytes, new threshold 6 (max threshold 6)
[2020-09-11T17:46:29.262+0000][1][gc,age       ] GC(210) Age table with threshold 6 (max threshold 6)
[2020-09-11T17:46:29.262+0000][1][gc,age       ] GC(210) - age   1:      72768 bytes,      72768 total
[2020-09-11T17:46:29.262+0000][1][gc,age       ] GC(210) - age   2:       5080 bytes,      77848 total
[2020-09-11T17:46:29.262+0000][1][gc,age       ] GC(210) - age   3:       2776 bytes,      80624 total
[2020-09-11T17:46:29.262+0000][1][gc,age       ] GC(210) - age   4:       1368 bytes,      81992 total
[2020-09-11T17:46:29.262+0000][1][gc,age       ] GC(210) - age   6:        272 bytes,      82264 total
[2020-09-11T17:46:29.262+0000][1][gc,heap      ] GC(210) ParNew: 68796K->510K(76672K)
[2020-09-11T17:46:29.262+0000][1][gc,heap      ] GC(210) CMS: 77879K->77881K(439104K)
[2020-09-11T17:46:29.262+0000][1][gc,metaspace ] GC(210) Metaspace: 96953K->96953K(1138688K)
[2020-09-11T17:46:29.262+0000][1][gc           ] GC(210) Pause Young (Allocation Failure) 143M->76M(503M) 8.859ms
[2020-09-11T17:46:29.262+0000][1][gc,cpu       ] GC(210) User=0.01s Sys=0.00s Real=0.01s
[2020-09-11T17:46:29.262+0000][1][safepoint    ] Safepoint "GenCollectForAllocation", Time since last: 2148746665 ns, Reaching safepoint: 2947827 ns, At safepoint: 8976921 ns, Total: 11924748 ns
[2020-09-11T17:46:35.404+0000][1][safepoint    ] Safepoint "RevokeBias", Time since last: 6141986694 ns, Reaching safepoint: 172583 ns, At safepoint: 23476 ns, Total: 196059 ns
[2020-09-11T17:46:37.105+0000][1][safepoint    ] Safepoint "RevokeBias", Time since last: 1698889977 ns, Reaching safepoint: 1977148 ns, At safepoint: 32448 ns, Total: 2009596 ns
[2020-09-11T17:46:38.105+0000][1][safepoint    ] Safepoint "Cleanup", Time since last: 1000116774 ns, Reaching safepoint: 96775 ns, At safepoint: 8247 ns, Total: 105022 ns
[2020-09-11T17:46:45.403+0000][1][safepoint    ] Safepoint "BulkRevokeBias", Time since last: 7297260934 ns, Reaching safepoint: 99091 ns, At safepoint: 337338 ns, Total: 436429 ns
[2020-09-11T17:46:47.117+0000][1][safepoint    ] Safepoint "RevokeBias", Time since last: 1709717839 ns, Reaching safepoint: 4325844 ns, At safepoint: 33840 ns, Total: 4359684 ns
[2020-09-11T17:46:54.280+0000][1][gc,start     ] GC(211) Pause Young (Allocation Failure)
[2020-09-11T17:46:54.280+0000][1][gc,task      ] GC(211) Using 1 workers of 1 for evacuation
[2020-09-11T17:46:54.287+0000][1][gc,age       ] GC(211) Desired survivor size 4358144 bytes, new threshold 6 (max threshold 6)
[2020-09-11T17:46:54.287+0000][1][gc,age       ] GC(211) Age table with threshold 6 (max threshold 6)
[2020-09-11T17:46:54.287+0000][1][gc,age       ] GC(211) - age   1:      50608 bytes,      50608 total
[2020-09-11T17:46:54.287+0000][1][gc,age       ] GC(211) - age   2:      25440 bytes,      76048 total
[2020-09-11T17:46:54.287+0000][1][gc,age       ] GC(211) - age   3:       3472 bytes,      79520 total
[2020-09-11T17:46:54.287+0000][1][gc,age       ] GC(211) - age   4:       2776 bytes,      82296 total
[2020-09-11T17:46:54.287+0000][1][gc,age       ] GC(211) - age   5:       1368 bytes,      83664 total
[2020-09-11T17:46:54.287+0000][1][gc,heap      ] GC(211) ParNew: 68670K->142K(76672K)
[2020-09-11T17:46:54.287+0000][1][gc,heap      ] GC(211) CMS: 77881K->77881K(439104K)
[2020-09-11T17:46:54.287+0000][1][gc,metaspace ] GC(211) Metaspace: 96964K->96964K(1138688K)
[2020-09-11T17:46:54.287+0000][1][gc           ] GC(211) Pause Young (Allocation Failure) 143M->76M(503M) 6.740ms
[2020-09-11T17:46:54.287+0000][1][gc,cpu       ] GC(211) User=0.00s Sys=0.00s Real=0.01s
[2020-09-11T17:46:54.287+0000][1][safepoint    ] Safepoint "GenCollectForAllocation", Time since last: 7163016337 ns, Reaching safepoint: 162951 ns, At safepoint: 6828803 ns, Total: 6991754 ns
[2020-09-11T17:46:55.459+0000][1][safepoint    ] Safepoint "RevokeBias", Time since last: 1171553040 ns, Reaching safepoint: 102155 ns, At safepoint: 26482 ns, Total: 128637 ns
[2020-09-11T17:46:57.141+0000][1][safepoint    ] Safepoint "RevokeBias", Time since last: 1679725002 ns, Reaching safepoint: 2554441 ns, At safepoint: 32507 ns, Total: 2586948 ns
[2020-09-11T17:47:05.464+0000][1][safepoint    ] Safepoint "RevokeBias", Time since last: 8323291499 ns, Reaching safepoint: 185118 ns, At safepoint: 26065 ns, Total: 211183 ns
[2020-09-11T17:47:06.465+0000][1][safepoint    ] Safepoint "Cleanup", Time since last: 1000117364 ns, Reaching safepoint: 92634 ns, At safepoint: 7782 ns, Total: 100416 ns
[2020-09-11T17:47:07.161+0000][1][safepoint    ] Safepoint "RevokeBias", Time since last: 692375893 ns, Reaching safepoint: 3921799 ns, At safepoint: 236937 ns, Total: 4158736 ns
[2020-09-11T17:47:15.406+0000][1][safepoint    ] Safepoint "RevokeBias", Time since last: 8244718641 ns, Reaching safepoint: 186959 ns, At safepoint: 40832 ns, Total: 227791 ns
[2020-09-11T17:47:17.046+0000][1][gc,start     ] GC(212) Pause Young (Allocation Failure)
[2020-09-11T17:47:17.046+0000][1][gc,task      ] GC(212) Using 1 workers of 1 for evacuation
[2020-09-11T17:47:17.057+0000][1][gc,age       ] GC(212) Desired survivor size 4358144 bytes, new threshold 6 (max threshold 6)
[2020-09-11T17:47:17.057+0000][1][gc,age       ] GC(212) Age table with threshold 6 (max threshold 6)
[2020-09-11T17:47:17.057+0000][1][gc,age       ] GC(212) - age   1:     355976 bytes,     355976 total
[2020-09-11T17:47:17.057+0000][1][gc,age       ] GC(212) - age   2:       3592 bytes,     359568 total
[2020-09-11T17:47:17.057+0000][1][gc,age       ] GC(212) - age   3:       8456 bytes,     368024 total
[2020-09-11T17:47:17.057+0000][1][gc,age       ] GC(212) - age   4:       3184 bytes,     371208 total
[2020-09-11T17:47:17.057+0000][1][gc,age       ] GC(212) - age   5:       2776 bytes,     373984 total
[2020-09-11T17:47:17.057+0000][1][gc,age       ] GC(212) - age   6:       1368 bytes,     375352 total
[2020-09-11T17:47:17.057+0000][1][gc,heap      ] GC(212) ParNew: 68302K->397K(76672K)
[2020-09-11T17:47:17.057+0000][1][gc,heap      ] GC(212) CMS: 77881K->77881K(439104K)
[2020-09-11T17:47:17.057+0000][1][gc,metaspace ] GC(212) Metaspace: 96971K->96971K(1138688K)
[2020-09-11T17:47:17.057+0000][1][gc           ] GC(212) Pause Young (Allocation Failure) 142M->76M(503M) 11.488ms
[2020-09-11T17:47:17.058+0000][1][gc,cpu       ] GC(212) User=0.00s Sys=0.00s Real=0.01s
[2020-09-11T17:47:17.058+0000][1][safepoint    ] Safepoint "GenCollectForAllocation", Time since last: 1639697300 ns, Reaching safepoint: 177387 ns, At safepoint: 12232967 ns, Total: 12410354 ns
[2020-09-11T17:47:17.120+0000][1][safepoint    ] Safepoint "RevokeBias", Time since last: 61423126 ns, Reaching safepoint: 123067 ns, At safepoint: 21644 ns, Total: 144711 ns
[2020-09-11T17:47:20.120+0000][1][safepoint    ] Safepoint "Cleanup", Time since last: 3000284058 ns, Reaching safepoint: 90906 ns, At safepoint: 7448 ns, Total: 98354 ns
[2020-09-11T17:47:21.120+0000][1][safepoint    ] Safepoint "Cleanup", Time since last: 1000114011 ns, Reaching safepoint: 95478 ns, At safepoint: 10008 ns, Total: 105486 ns
[2020-09-11T17:47:22.121+0000][1][safepoint    ] Safepoint "Cleanup", Time since last: 1000109186 ns, Reaching safepoint: 93617 ns, At safepoint: 9309 ns, Total: 102926 ns
[2020-09-11T17:47:23.121+0000][1][safepoint    ] Safepoint "Cleanup", Time since last: 1000126764 ns, Reaching safepoint: 109530 ns, At safepoint: 9426 ns, Total: 118956 ns
[2020-09-11T17:47:24.121+0000][1][safepoint    ] Safepoint "Cleanup", Time since last: 1000110178 ns, Reaching safepoint: 90643 ns, At safepoint: 8143 ns, Total: 98786 ns
[2020-09-11T17:47:25.121+0000][1][safepoint    ] Safepoint "Cleanup", Time since last: 1000110618 ns, Reaching safepoint: 95593 ns, At safepoint: 10165 ns, Total: 105758 ns
[2020-09-11T17:47:25.408+0000][1][safepoint    ] Safepoint "RevokeBias", Time since last: 286161284 ns, Reaching safepoint: 170376 ns, At safepoint: 23860 ns, Total: 194236 ns
[2020-09-11T17:47:26.408+0000][1][safepoint    ] Safepoint "Cleanup", Time since last: 1000104635 ns, Reaching safepoint: 95810 ns, At safepoint: 9706 ns, Total: 105516 ns
[2020-09-11T17:47:27.092+0000][1][safepoint    ] Safepoint "RevokeBias", Time since last: 684357041 ns, Reaching safepoint: 213940 ns, At safepoint: 26979 ns, Total: 240919 ns
[2020-09-11T17:47:28.093+0000][1][safepoint    ] Safepoint "Cleanup", Time since last: 1000117267 ns, Reaching safepoint: 95495 ns, At safepoint: 11249 ns, Total: 106744 ns
[2020-09-11T17:47:29.093+0000][1][safepoint    ] Safepoint "Cleanup", Time since last: 1000102232 ns, Reaching safepoint: 108290 ns, At safepoint: 16942 ns, Total: 125232 ns
[2020-09-11T17:47:30.093+0000][1][safepoint    ] Safepoint "Cleanup", Time since last: 1000106290 ns, Reaching safepoint: 93950 ns, At safepoint: 8434 ns, Total: 102384 ns
[2020-09-11T17:47:31.093+0000][1][safepoint    ] Safepoint "Cleanup", Time since last: 1000118618 ns, Reaching safepoint: 90747 ns, At safepoint: 8079 ns, Total: 98826 ns
[2020-09-11T17:47:32.094+0000][1][safepoint    ] Safepoint "Cleanup", Time since last: 1000113689 ns, Reaching safepoint: 102771 ns, At safepoint: 12019 ns, Total: 114790 ns
[2020-09-11T17:47:33.094+0000][1][safepoint    ] Safepoint "Cleanup", Time since last: 1000112733 ns, Reaching safepoint: 90828 ns, At safepoint: 7331 ns, Total: 98159 ns
[2020-09-11T17:47:34.094+0000][1][safepoint    ] Safepoint "Cleanup", Time since last: 1000113540 ns, Reaching safepoint: 94576 ns, At safepoint: 10441 ns, Total: 105017 ns
[2020-09-11T17:47:35.094+0000][1][safepoint    ] Safepoint "Cleanup", Time since last: 1000114089 ns, Reaching safepoint: 96801 ns, At safepoint: 10512 ns, Total: 107313 ns
[2020-09-11T17:47:35.405+0000][1][safepoint    ] Safepoint "RevokeBias", Time since last: 310685821 ns, Reaching safepoint: 175724 ns, At safepoint: 24295 ns, Total: 200019 ns
[2020-09-11T17:47:36.405+0000][1][safepoint    ] Safepoint "Cleanup", Time since last: 1000102017 ns, Reaching safepoint: 88233 ns, At safepoint: 6946 ns, Total: 95179 ns
[2020-09-11T17:47:37.121+0000][1][safepoint    ] Safepoint "RevokeBias", Time since last: 715316770 ns, Reaching safepoint: 212671 ns, At safepoint: 25224 ns, Total: 237895 ns
[2020-09-11T17:47:37.149+0000][1][gc,start     ] GC(213) Pause Young (Allocation Failure)
[2020-09-11T17:47:37.149+0000][1][gc,task      ] GC(213) Using 1 workers of 1 for evacuation
[2020-09-11T17:47:37.157+0000][1][gc,age       ] GC(213) Desired survivor size 4358144 bytes, new threshold 6 (max threshold 6)
[2020-09-11T17:47:37.158+0000][1][gc,age       ] GC(213) Age table with threshold 6 (max threshold 6)
[2020-09-11T17:47:37.158+0000][1][gc,age       ] GC(213) - age   1:     582800 bytes,     582800 total
[2020-09-11T17:47:37.158+0000][1][gc,age       ] GC(213) - age   2:       5728 bytes,     588528 total
[2020-09-11T17:47:37.158+0000][1][gc,age       ] GC(213) - age   3:       2776 bytes,     591304 total
[2020-09-11T17:47:37.158+0000][1][gc,age       ] GC(213) - age   4:       8184 bytes,     599488 total
[2020-09-11T17:47:37.158+0000][1][gc,age       ] GC(213) - age   5:       3144 bytes,     602632 total
[2020-09-11T17:47:37.158+0000][1][gc,age       ] GC(213) - age   6:       2776 bytes,     605408 total
[2020-09-11T17:47:37.158+0000][1][gc,heap      ] GC(213) ParNew: 68557K->874K(76672K)
[2020-09-11T17:47:37.158+0000][1][gc,heap      ] GC(213) CMS: 77881K->77883K(439104K)
[2020-09-11T17:47:37.158+0000][1][gc,metaspace ] GC(213) Metaspace: 96971K->96971K(1138688K)
[2020-09-11T17:47:37.158+0000][1][gc           ] GC(213) Pause Young (Allocation Failure) 143M->76M(503M) 8.771ms
[2020-09-11T17:47:37.158+0000][1][gc,cpu       ] GC(213) User=0.01s Sys=0.00s Real=0.01s
[2020-09-11T17:47:37.158+0000][1][safepoint    ] Safepoint "GenCollectForAllocation", Time since last: 25869905 ns, Reaching safepoint: 2153342 ns, At safepoint: 8844848 ns, Total: 10998190 ns
[2020-09-11T17:47:38.169+0000][1][safepoint    ] Safepoint "Cleanup", Time since last: 1011201822 ns, Reaching safepoint: 97016 ns, At safepoint: 25284 ns, Total: 122300 ns
[2020-09-11T17:47:39.169+0000][1][safepoint    ] Safepoint "Cleanup", Time since last: 1000125336 ns, Reaching safepoint: 93027 ns, At safepoint: 22498 ns, Total: 115525 ns
[2020-09-11T17:47:40.169+0000][1][safepoint    ] Safepoint "Cleanup", Time since last: 1000114463 ns, Reaching safepoint: 93683 ns, At safepoint: 10996 ns, Total: 104679 ns
[2020-09-11T17:47:41.170+0000][1][safepoint    ] Safepoint "Cleanup", Time since last: 1000113371 ns, Reaching safepoint: 92845 ns, At safepoint: 8961 ns, Total: 101806 ns
[2020-09-11T17:47:42.170+0000][1][safepoint    ] Safepoint "Cleanup", Time since last: 1000107139 ns, Reaching safepoint: 90835 ns, At safepoint: 7395 ns, Total: 98230 ns
[2020-09-11T17:47:43.170+0000][1][safepoint    ] Safepoint "Cleanup", Time since last: 1000108871 ns, Reaching safepoint: 94813 ns, At safepoint: 10703 ns, Total: 105516 ns
[2020-09-11T17:47:44.170+0000][1][safepoint    ] Safepoint "Cleanup", Time since last: 1000113842 ns, Reaching safepoint: 91551 ns, At safepoint: 8184 ns, Total: 99735 ns
[2020-09-11T17:47:45.171+0000][1][safepoint    ] Safepoint "Cleanup", Time since last: 1000114249 ns, Reaching safepoint: 94235 ns, At safepoint: 9879 ns, Total: 104114 ns
[2020-09-11T17:47:45.409+0000][1][safepoint    ] Safepoint "RevokeBias", Time since last: 238672610 ns, Reaching safepoint: 100405 ns, At safepoint: 39863 ns, Total: 140268 ns
[2020-09-11T17:47:46.410+0000][1][safepoint    ] Safepoint "Cleanup", Time since last: 1000102724 ns, Reaching safepoint: 94531 ns, At safepoint: 10228 ns, Total: 104759 ns
[2020-09-11T17:47:47.097+0000][1][safepoint    ] Safepoint "RevokeBias", Time since last: 685216470 ns, Reaching safepoint: 2098737 ns, At safepoint: 28477 ns, Total: 2127214 ns
[2020-09-11T17:47:48.533+0000][1][safepoint    ] Safepoint "Cleanup", Time since last: 1435644433 ns, Reaching safepoint: 106936 ns, At safepoint: 12147 ns, Total: 119083 ns
[2020-09-11T17:47:49.533+0000][1][safepoint    ] Safepoint "Cleanup", Time since last: 1000095572 ns, Reaching safepoint: 89365 ns, At safepoint: 7634 ns, Total: 96999 ns
[2020-09-11T17:47:50.533+0000][1][safepoint    ] Safepoint "Cleanup", Time since last: 1000112372 ns, Reaching safepoint: 94966 ns, At safepoint: 10325 ns, Total: 105291 ns
[2020-09-11T17:47:51.533+0000][1][safepoint    ] Safepoint "Cleanup", Time since last: 1000113676 ns, Reaching safepoint: 93686 ns, At safepoint: 10319 ns, Total: 104005 ns
[2020-09-11T17:47:52.534+0000][1][safepoint    ] Safepoint "Cleanup", Time since last: 1000118847 ns, Reaching safepoint: 102456 ns, At safepoint: 10823 ns, Total: 113279 ns
[2020-09-11T17:47:53.534+0000][1][safepoint    ] Safepoint "Cleanup", Time since last: 1000111058 ns, Reaching safepoint: 93797 ns, At safepoint: 10074 ns, Total: 103871 ns
[2020-09-11T17:47:54.534+0000][1][safepoint    ] Safepoint "Cleanup", Time since last: 1000131136 ns, Reaching safepoint: 97361 ns, At safepoint: 10742 ns, Total: 108103 ns
[2020-09-11T17:47:55.426+0000][1][safepoint    ] Safepoint "RevokeBias", Time since last: 891552756 ns, Reaching safepoint: 172453 ns, At safepoint: 24568 ns, Total: 197021 ns
[2020-09-11T17:47:56.426+0000][1][safepoint    ] Safepoint "Cleanup", Time since last: 1000105506 ns, Reaching safepoint: 93363 ns, At safepoint: 10718 ns, Total: 104081 ns
[2020-09-11T17:47:57.093+0000][1][safepoint    ] Safepoint "RevokeBias", Time since last: 666643225 ns, Reaching safepoint: 212626 ns, At safepoint: 27526 ns, Total: 240152 ns
[2020-09-11T17:47:58.093+0000][1][safepoint    ] Safepoint "Cleanup", Time since last: 1000112762 ns, Reaching safepoint: 95900 ns, At safepoint: 10396 ns, Total: 106296 ns
[2020-09-11T17:47:59.093+0000][1][safepoint    ] Safepoint "Cleanup", Time since last: 1000113398 ns, Reaching safepoint: 95396 ns, At safepoint: 10315 ns, Total: 105711 ns
[2020-09-11T17:47:59.350+0000][1][gc,start     ] GC(214) Pause Young (Allocation Failure)
[2020-09-11T17:47:59.351+0000][1][gc,task      ] GC(214) Using 1 workers of 1 for evacuation
[2020-09-11T17:47:59.357+0000][1][gc,age       ] GC(214) Desired survivor size 4358144 bytes, new threshold 6 (max threshold 6)
[2020-09-11T17:47:59.357+0000][1][gc,age       ] GC(214) Age table with threshold 6 (max threshold 6)
[2020-09-11T17:47:59.357+0000][1][gc,age       ] GC(214) - age   1:      65480 bytes,      65480 total
[2020-09-11T17:47:59.357+0000][1][gc,age       ] GC(214) - age   2:       2496 bytes,      67976 total
[2020-09-11T17:47:59.357+0000][1][gc,age       ] GC(214) - age   3:       2064 bytes,      70040 total
[2020-09-11T17:47:59.357+0000][1][gc,age       ] GC(214) - age   4:       2504 bytes,      72544 total
[2020-09-11T17:47:59.357+0000][1][gc,age       ] GC(214) - age   5:       8184 bytes,      80728 total
[2020-09-11T17:47:59.357+0000][1][gc,age       ] GC(214) - age   6:       3144 bytes,      83872 total
[2020-09-11T17:47:59.357+0000][1][gc,heap      ] GC(214) ParNew: 69034K->516K(76672K)
[2020-09-11T17:47:59.357+0000][1][gc,heap      ] GC(214) CMS: 77883K->77885K(439104K)
[2020-09-11T17:47:59.357+0000][1][gc,metaspace ] GC(214) Metaspace: 96974K->96974K(1138688K)
[2020-09-11T17:47:59.357+0000][1][gc           ] GC(214) Pause Young (Allocation Failure) 143M->76M(503M) 6.287ms
[2020-09-11T17:47:59.357+0000][1][gc,cpu       ] GC(214) User=0.00s Sys=0.00s Real=0.01s
[2020-09-11T17:47:59.361+0000][1][safepoint    ] Safepoint "GenCollectForAllocation", Time since last: 256974350 ns, Reaching safepoint: 163840 ns, At safepoint: 10417031 ns, Total: 10580871 ns
[2020-09-11T17:48:00.364+0000][1][safepoint    ] Safepoint "Cleanup", Time since last: 1003376611 ns, Reaching safepoint: 164378 ns, At safepoint: 23279 ns, Total: 187657 ns
[2020-09-11T17:48:01.365+0000][1][safepoint    ] Safepoint "Cleanup", Time since last: 1000109061 ns, Reaching safepoint: 89078 ns, At safepoint: 28542 ns, Total: 117620 ns
[2020-09-11T17:48:02.365+0000][1][safepoint    ] Safepoint "Cleanup", Time since last: 1000106827 ns, Reaching safepoint: 112387 ns, At safepoint: 20168 ns, Total: 132555 ns
[2020-09-11T17:48:03.365+0000][1][safepoint    ] Safepoint "Cleanup", Time since last: 1000127680 ns, Reaching safepoint: 163004 ns, At safepoint: 26636 ns, Total: 189640 ns
[2020-09-11T17:48:04.365+0000][1][safepoint    ] Safepoint "Cleanup", Time since last: 1000106684 ns, Reaching safepoint: 85755 ns, At safepoint: 8620 ns, Total: 94375 ns
[2020-09-11T17:48:05.366+0000][1][safepoint    ] Safepoint "Cleanup", Time since last: 1000111076 ns, Reaching safepoint: 103359 ns, At safepoint: 9189 ns, Total: 112548 ns
[2020-09-11T17:48:05.414+0000][1][safepoint    ] Safepoint "RevokeBias", Time since last: 48147661 ns, Reaching safepoint: 174701 ns, At safepoint: 24534 ns, Total: 199235 ns
[2020-09-11T17:48:06.414+0000][1][safepoint    ] Safepoint "Cleanup", Time since last: 1000108731 ns, Reaching safepoint: 96956 ns, At safepoint: 10346 ns, Total: 107302 ns
[2020-09-11T17:48:07.101+0000][1][safepoint    ] Safepoint "RevokeBias", Time since last: 683829413 ns, Reaching safepoint: 2936329 ns, At safepoint: 256725 ns, Total: 3193054 ns
[2020-09-11T17:48:08.101+0000][1][safepoint    ] Safepoint "Cleanup", Time since last: 1000111967 ns, Reaching safepoint: 91082 ns, At safepoint: 6855 ns, Total: 97937 ns
[2020-09-11T17:48:09.102+0000][1][safepoint    ] Safepoint "Cleanup", Time since last: 1000108980 ns, Reaching safepoint: 95193 ns, At safepoint: 10394 ns, Total: 105587 ns
[2020-09-11T17:48:10.102+0000][1][safepoint    ] Safepoint "Cleanup", Time since last: 1000108756 ns, Reaching safepoint: 96723 ns, At safepoint: 10272 ns, Total: 106995 ns
[2020-09-11T17:48:11.102+0000][1][safepoint    ] Safepoint "Cleanup", Time since last: 1000112598 ns, Reaching safepoint: 93438 ns, At safepoint: 9377 ns, Total: 102815 ns
[2020-09-11T17:48:12.102+0000][1][safepoint    ] Safepoint "Cleanup", Time since last: 1000109063 ns, Reaching safepoint: 94166 ns, At safepoint: 9448 ns, Total: 103614 ns
[2020-09-11T17:48:13.103+0000][1][safepoint    ] Safepoint "Cleanup", Time since last: 1000118467 ns, Reaching safepoint: 117354 ns, At safepoint: 12514 ns, Total: 129868 ns
[2020-09-11T17:48:14.103+0000][1][safepoint    ] Safepoint "Cleanup", Time since last: 1000123221 ns, Reaching safepoint: 94177 ns, At safepoint: 11313 ns, Total: 105490 ns
[2020-09-11T17:48:15.103+0000][1][safepoint    ] Safepoint "Cleanup", Time since last: 1000113624 ns, Reaching safepoint: 94345 ns, At safepoint: 10391 ns, Total: 104736 ns
[2020-09-11T17:48:15.409+0000][1][safepoint    ] Safepoint "RevokeBias", Time since last: 306095777 ns, Reaching safepoint: 174893 ns, At safepoint: 40828 ns, Total: 215721 ns
[2020-09-11T17:48:16.409+0000][1][safepoint    ] Safepoint "Cleanup", Time since last: 1000099561 ns, Reaching safepoint: 94681 ns, At safepoint: 9712 ns, Total: 104393 ns
[2020-09-11T17:48:17.165+0000][1][safepoint    ] Safepoint "RevokeBias", Time since last: 754745808 ns, Reaching safepoint: 675528 ns, At safepoint: 29885 ns, Total: 705413 ns
[2020-09-11T17:48:18.165+0000][1][safepoint    ] Safepoint "Cleanup", Time since last: 1000115046 ns, Reaching safepoint: 101519 ns, At safepoint: 10328 ns, Total: 111847 ns
[2020-09-11T17:48:19.165+0000][1][safepoint    ] Safepoint "Cleanup", Time since last: 1000137121 ns, Reaching safepoint: 92607 ns, At safepoint: 9763 ns, Total: 102370 ns
[2020-09-11T17:48:20.166+0000][1][safepoint    ] Safepoint "Cleanup", Time since last: 1000108979 ns, Reaching safepoint: 94191 ns, At safepoint: 9961 ns, Total: 104152 ns
[2020-09-11T17:48:21.166+0000][1][safepoint    ] Safepoint "Cleanup", Time since last: 1000114045 ns, Reaching safepoint: 91986 ns, At safepoint: 8981 ns, Total: 100967 ns
[2020-09-11T17:48:22.166+0000][1][safepoint    ] Safepoint "Cleanup", Time since last: 1000108863 ns, Reaching safepoint: 92660 ns, At safepoint: 9544 ns, Total: 102204 ns
[2020-09-11T17:48:23.166+0000][1][safepoint    ] Safepoint "Cleanup", Time since last: 1000123396 ns, Reaching safepoint: 105261 ns, At safepoint: 10904 ns, Total: 116165 ns
[2020-09-11T17:48:24.382+0000][1][gc,start     ] GC(215) Pause Young (Allocation Failure)
[2020-09-11T17:48:24.382+0000][1][gc,task      ] GC(215) Using 1 workers of 1 for evacuation
[2020-09-11T17:48:24.390+0000][1][gc,age       ] GC(215) Desired survivor size 4358144 bytes, new threshold 6 (max threshold 6)
[2020-09-11T17:48:24.390+0000][1][gc,age       ] GC(215) Age table with threshold 6 (max threshold 6)
[2020-09-11T17:48:24.390+0000][1][gc,age       ] GC(215) - age   1:      49296 bytes,      49296 total
[2020-09-11T17:48:24.390+0000][1][gc,age       ] GC(215) - age   2:      18912 bytes,      68208 total
[2020-09-11T17:48:24.390+0000][1][gc,age       ] GC(215) - age   3:        544 bytes,      68752 total
[2020-09-11T17:48:24.390+0000][1][gc,age       ] GC(215) - age   4:       1560 bytes,      70312 total
[2020-09-11T17:48:24.390+0000][1][gc,age       ] GC(215) - age   5:       2504 bytes,      72816 total
[2020-09-11T17:48:24.390+0000][1][gc,age       ] GC(215) - age   6:       8184 bytes,      81000 total
[2020-09-11T17:48:24.390+0000][1][gc,heap      ] GC(215) ParNew: 68676K->144K(76672K)
[2020-09-11T17:48:24.390+0000][1][gc,heap      ] GC(215) CMS: 77885K->77888K(439104K)
[2020-09-11T17:48:24.390+0000][1][gc,metaspace ] GC(215) Metaspace: 96974K->96974K(1138688K)
[2020-09-11T17:48:24.390+0000][1][gc           ] GC(215) Pause Young (Allocation Failure) 143M->76M(503M) 8.251ms
[2020-09-11T17:48:24.390+0000][1][gc,cpu       ] GC(215) User=0.01s Sys=0.00s Real=0.00s
[2020-09-11T17:48:24.390+0000][1][safepoint    ] Safepoint "GenCollectForAllocation", Time since last: 1215306186 ns, Reaching safepoint: 95388 ns, At safepoint: 8321341 ns, Total: 8416729 ns
[2020-09-11T17:48:25.398+0000][1][safepoint    ] Safepoint "Cleanup", Time since last: 1007982017 ns, Reaching safepoint: 92359 ns, At safepoint: 19478 ns, Total: 111837 ns
[2020-09-11T17:48:25.449+0000][1][safepoint    ] Safepoint "RevokeBias", Time since last: 50929016 ns, Reaching safepoint: 94240 ns, At safepoint: 33863 ns, Total: 128103 ns
[2020-09-11T17:48:26.449+0000][1][safepoint    ] Safepoint "Cleanup", Time since last: 1000106072 ns, Reaching safepoint: 92202 ns, At safepoint: 24306 ns, Total: 116508 ns
[2020-09-11T17:48:27.094+0000][1][safepoint    ] Safepoint "RevokeBias", Time since last: 644168035 ns, Reaching safepoint: 176816 ns, At safepoint: 22747 ns, Total: 199563 ns
[2020-09-11T17:48:28.094+0000][1][safepoint    ] Safepoint "Cleanup", Time since last: 1000113167 ns, Reaching safepoint: 93291 ns, At safepoint: 10920 ns, Total: 104211 ns
[2020-09-11T17:48:29.094+0000][1][safepoint    ] Safepoint "Cleanup", Time since last: 1000121501 ns, Reaching safepoint: 93715 ns, At safepoint: 10951 ns, Total: 104666 ns
[2020-09-11T17:48:30.094+0000][1][safepoint    ] Safepoint "Cleanup", Time since last: 1000115998 ns, Reaching safepoint: 101641 ns, At safepoint: 10580 ns, Total: 112221 ns
[2020-09-11T17:48:31.095+0000][1][safepoint    ] Safepoint "Cleanup", Time since last: 1000118843 ns, Reaching safepoint: 93317 ns, At safepoint: 10750 ns, Total: 104067 ns
[2020-09-11T17:48:32.095+0000][1][safepoint    ] Safepoint "Cleanup", Time since last: 1000116171 ns, Reaching safepoint: 95989 ns, At safepoint: 11131 ns, Total: 107120 ns
[2020-09-11T17:48:35.419+0000][1][safepoint    ] Safepoint "RevokeBias", Time since last: 3324389009 ns, Reaching safepoint: 167262 ns, At safepoint: 22668 ns, Total: 189930 ns
[2020-09-11T17:48:37.101+0000][1][safepoint    ] Safepoint "RevokeBias", Time since last: 1680327028 ns, Reaching safepoint: 1119745 ns, At safepoint: 29683 ns, Total: 1149428 ns
[2020-09-11T17:48:45.459+0000][1][safepoint    ] Safepoint "RevokeBias", Time since last: 8357789586 ns, Reaching safepoint: 100738 ns, At safepoint: 45054 ns, Total: 145792 ns
[2020-09-11T17:48:47.033+0000][1][gc,start     ] GC(216) Pause Young (Allocation Failure)
[2020-09-11T17:48:47.033+0000][1][gc,task      ] GC(216) Using 1 workers of 1 for evacuation
[2020-09-11T17:48:47.041+0000][1][gc,age       ] GC(216) Desired survivor size 4358144 bytes, new threshold 6 (max threshold 6)
[2020-09-11T17:48:47.041+0000][1][gc,age       ] GC(216) Age table with threshold 6 (max threshold 6)
[2020-09-11T17:48:47.041+0000][1][gc,age       ] GC(216) - age   1:     356600 bytes,     356600 total
[2020-09-11T17:48:47.041+0000][1][gc,age       ] GC(216) - age   2:       2888 bytes,     359488 total
[2020-09-11T17:48:47.041+0000][1][gc,age       ] GC(216) - age   3:       1920 bytes,     361408 total
[2020-09-11T17:48:47.041+0000][1][gc,age       ] GC(216) - age   4:        544 bytes,     361952 total
[2020-09-11T17:48:47.041+0000][1][gc,age       ] GC(216) - age   5:       1560 bytes,     363512 total
[2020-09-11T17:48:47.041+0000][1][gc,age       ] GC(216) - age   6:       2504 bytes,     366016 total
[2020-09-11T17:48:47.041+0000][1][gc,heap      ] GC(216) ParNew: 68304K->394K(76672K)
[2020-09-11T17:48:47.041+0000][1][gc,heap      ] GC(216) CMS: 77888K->77896K(439104K)
[2020-09-11T17:48:47.041+0000][1][gc,metaspace ] GC(216) Metaspace: 96976K->96976K(1138688K)
[2020-09-11T17:48:47.041+0000][1][gc           ] GC(216) Pause Young (Allocation Failure) 142M->76M(503M) 8.088ms
[2020-09-11T17:48:47.041+0000][1][gc,cpu       ] GC(216) User=0.01s Sys=0.00s Real=0.01s
[2020-09-11T17:48:47.057+0000][1][safepoint    ] Safepoint "GenCollectForAllocation", Time since last: 1570760928 ns, Reaching safepoint: 3273726 ns, At safepoint: 23819697 ns, Total: 27093423 ns
[2020-09-11T17:48:47.218+0000][1][safepoint    ] Safepoint "RevokeBias", Time since last: 156147716 ns, Reaching safepoint: 5098138 ns, At safepoint: 30603 ns, Total: 5128741 ns
[2020-09-11T17:48:48.218+0000][1][safepoint    ] Safepoint "Cleanup", Time since last: 1000114660 ns, Reaching safepoint: 93941 ns, At safepoint: 8198 ns, Total: 102139 ns
[2020-09-11T17:48:55.439+0000][1][safepoint    ] Safepoint "RevokeBias", Time since last: 7220418575 ns, Reaching safepoint: 176192 ns, At safepoint: 25787 ns, Total: 201979 ns
[2020-09-11T17:48:57.101+0000][1][safepoint    ] Safepoint "RevokeBias", Time since last: 1659024232 ns, Reaching safepoint: 3091509 ns, At safepoint: 247930 ns, Total: 3339439 ns
[2020-09-11T17:49:05.418+0000][1][safepoint    ] Safepoint "RevokeBias", Time since last: 8317079832 ns, Reaching safepoint: 170366 ns, At safepoint: 23111 ns, Total: 193477 ns
[2020-09-11T17:49:07.113+0000][1][safepoint    ] Safepoint "RevokeBias", Time since last: 1694245688 ns, Reaching safepoint: 183300 ns, At safepoint: 28417 ns, Total: 211717 ns
[2020-09-11T17:49:07.153+0000][1][gc,start     ] GC(217) Pause Young (Allocation Failure)
[2020-09-11T17:49:07.153+0000][1][gc,task      ] GC(217) Using 1 workers of 1 for evacuation
[2020-09-11T17:49:07.167+0000][1][gc,age       ] GC(217) Desired survivor size 4358144 bytes, new threshold 6 (max threshold 6)
[2020-09-11T17:49:07.167+0000][1][gc,age       ] GC(217) Age table with threshold 6 (max threshold 6)
[2020-09-11T17:49:07.167+0000][1][gc,age       ] GC(217) - age   1:     583048 bytes,     583048 total
[2020-09-11T17:49:07.167+0000][1][gc,age       ] GC(217) - age   2:       5216 bytes,     588264 total
[2020-09-11T17:49:07.167+0000][1][gc,age       ] GC(217) - age   3:       1808 bytes,     590072 total
[2020-09-11T17:49:07.167+0000][1][gc,age       ] GC(217) - age   4:       1552 bytes,     591624 total
[2020-09-11T17:49:07.167+0000][1][gc,age       ] GC(217) - age   5:        544 bytes,     592168 total
[2020-09-11T17:49:07.167+0000][1][gc,age       ] GC(217) - age   6:       1560 bytes,     593728 total
[2020-09-11T17:49:07.167+0000][1][gc,heap      ] GC(217) ParNew: 68554K->853K(76672K)
[2020-09-11T17:49:07.167+0000][1][gc,heap      ] GC(217) CMS: 77896K->77899K(439104K)
[2020-09-11T17:49:07.167+0000][1][gc,metaspace ] GC(217) Metaspace: 96976K->96976K(1138688K)
[2020-09-11T17:49:07.167+0000][1][gc           ] GC(217) Pause Young (Allocation Failure) 143M->76M(503M) 14.505ms
[2020-09-11T17:49:07.167+0000][1][gc,cpu       ] GC(217) User=0.00s Sys=0.00s Real=0.01s
[2020-09-11T17:49:07.168+0000][1][safepoint    ] Safepoint "GenCollectForAllocation", Time since last: 37186265 ns, Reaching safepoint: 2764267 ns, At safepoint: 14836555 ns, Total: 17600822 ns
[2020-09-11T17:49:15.453+0000][1][safepoint    ] Safepoint "RevokeBias", Time since last: 8285283441 ns, Reaching safepoint: 199882 ns, At safepoint: 27452 ns, Total: 227334 ns
[2020-09-11T17:49:17.093+0000][1][safepoint    ] Safepoint "RevokeBias", Time since last: 1639523703 ns, Reaching safepoint: 209029 ns, At safepoint: 26957 ns, Total: 235986 ns
[2020-09-11T17:49:20.596+0000][1][safepoint    ] Safepoint "RevokeBias", Time since last: 3503139416 ns, Reaching safepoint: 103939 ns, At safepoint: 26325 ns, Total: 130264 ns
[2020-09-11T17:49:20.605+0000][1][safepoint    ] Safepoint "RevokeBias", Time since last: 2987568 ns, Reaching safepoint: 5677721 ns, At safepoint: 43056 ns, Total: 5720777 ns
[2020-09-11T17:49:20.605+0000][1][safepoint    ] Safepoint "RevokeBias", Time since last: 361090 ns, Reaching safepoint: 171324 ns, At safepoint: 19560 ns, Total: 190884 ns
[2020-09-11T17:49:20.606+0000][1][safepoint    ] Safepoint "RevokeBias", Time since last: 277958 ns, Reaching safepoint: 163254 ns, At safepoint: 16801 ns, Total: 180055 ns
[2020-09-11T17:49:20.693+0000][1][safepoint    ] Safepoint "RevokeBias", Time since last: 82669319 ns, Reaching safepoint: 4622890 ns, At safepoint: 22662 ns, Total: 4645552 ns
[2020-09-11T17:49:20.694+0000][1][safepoint    ] Safepoint "RevokeBias", Time since last: 110254 ns, Reaching safepoint: 357701 ns, At safepoint: 20548 ns, Total: 378249 ns
[2020-09-11T17:49:20.695+0000][1][safepoint    ] Safepoint "RevokeBias", Time since last: 876327 ns, Reaching safepoint: 166724 ns, At safepoint: 18165 ns, Total: 184889 ns
[2020-09-11T17:49:20.705+0000][1][safepoint    ] Safepoint "RevokeBias", Time since last: 9621832 ns, Reaching safepoint: 189074 ns, At safepoint: 26162 ns, Total: 215236 ns
[2020-09-11T17:49:20.707+0000][1][safepoint    ] Safepoint "RevokeBias", Time since last: 2244686 ns, Reaching safepoint: 529216 ns, At safepoint: 21847 ns, Total: 551063 ns
[2020-09-11T17:49:20.709+0000][1][safepoint    ] Safepoint "RevokeBias", Time since last: 346690 ns, Reaching safepoint: 1056274 ns, At safepoint: 17371 ns, Total: 1073645 ns
[2020-09-11T17:49:20.717+0000][1][safepoint    ] Safepoint "RevokeBias", Time since last: 8295702 ns, Reaching safepoint: 182081 ns, At safepoint: 21721 ns, Total: 203802 ns
[2020-09-11T17:49:20.722+0000][1][safepoint    ] Safepoint "RevokeBias", Time since last: 3972683 ns, Reaching safepoint: 183782 ns, At safepoint: 21473 ns, Total: 205255 ns
[2020-09-11T17:49:20.722+0000][1][safepoint    ] Safepoint "RevokeBias", Time since last: 342777 ns, Reaching safepoint: 383443 ns, At safepoint: 16304 ns, Total: 399747 ns
[2020-09-11T17:49:20.730+0000][1][safepoint    ] Safepoint "RevokeBias", Time since last: 7199720 ns, Reaching safepoint: 180090 ns, At safepoint: 52995 ns, Total: 233085 ns
[2020-09-11T17:49:20.734+0000][1][safepoint    ] Safepoint "RevokeBias", Time since last: 2864152 ns, Reaching safepoint: 1849505 ns, At safepoint: 23331 ns, Total: 1872836 ns
[2020-09-11T17:49:20.737+0000][1][safepoint    ] Safepoint "RevokeBias", Time since last: 669789 ns, Reaching safepoint: 1759394 ns, At safepoint: 23050 ns, Total: 1782444 ns
[2020-09-11T17:49:20.737+0000][1][safepoint    ] Safepoint "RevokeBias", Time since last: 131765 ns, Reaching safepoint: 148999 ns, At safepoint: 16054 ns, Total: 165053 ns
[2020-09-11T17:49:20.737+0000][1][safepoint    ] Safepoint "RevokeBias", Time since last: 78407 ns, Reaching safepoint: 138498 ns, At safepoint: 15659 ns, Total: 154157 ns
[2020-09-11T17:49:20.741+0000][1][safepoint    ] Safepoint "RevokeBias", Time since last: 367935 ns, Reaching safepoint: 3026843 ns, At safepoint: 18518 ns, Total: 3045361 ns
[2020-09-11T17:49:20.742+0000][1][safepoint    ] Safepoint "RevokeBias", Time since last: 1053053 ns, Reaching safepoint: 211821 ns, At safepoint: 17624 ns, Total: 229445 ns
[2020-09-11T17:49:20.743+0000][1][safepoint    ] Safepoint "RevokeBias", Time since last: 803671 ns, Reaching safepoint: 140801 ns, At safepoint: 15573 ns, Total: 156374 ns
[2020-09-11T17:49:20.811+0000][1][safepoint    ] Safepoint "RevokeBias", Time since last: 66246100 ns, Reaching safepoint: 1647484 ns, At safepoint: 27925 ns, Total: 1675409 ns
[2020-09-11T17:49:20.862+0000][1][safepoint    ] Safepoint "RevokeBias", Time since last: 50695870 ns, Reaching safepoint: 180118 ns, At safepoint: 11382 ns, Total: 191500 ns
[2020-09-11T17:49:20.863+0000][1][safepoint    ] Safepoint "RevokeBias", Time since last: 598689 ns, Reaching safepoint: 161439 ns, At safepoint: 8628 ns, Total: 170067 ns
[2020-09-11T17:49:20.865+0000][1][safepoint    ] Safepoint "RevokeBias", Time since last: 1997290 ns, Reaching safepoint: 192499 ns, At safepoint: 9372 ns, Total: 201871 ns
[2020-09-11T17:49:20.889+0000][1][safepoint    ] Safepoint "RevokeBias", Time since last: 23915012 ns, Reaching safepoint: 187919 ns, At safepoint: 13499 ns, Total: 201418 ns
[2020-09-11T17:49:20.963+0000][1][safepoint    ] Safepoint "RevokeBias", Time since last: 73906523 ns, Reaching safepoint: 181129 ns, At safepoint: 10567 ns, Total: 191696 ns
[2020-09-11T17:49:21.453+0000][1][safepoint    ] Safepoint "RevokeBias", Time since last: 489036443 ns, Reaching safepoint: 723250 ns, At safepoint: 24177 ns, Total: 747427 ns
[2020-09-11T17:49:21.457+0000][1][safepoint    ] Safepoint "RevokeBias", Time since last: 1204696 ns, Reaching safepoint: 2777774 ns, At safepoint: 26387 ns, Total: 2804161 ns
[2020-09-11T17:49:21.457+0000][1][safepoint    ] Safepoint "RevokeBias", Time since last: 165237 ns, Reaching safepoint: 119695 ns, At safepoint: 15269 ns, Total: 134964 ns
[2020-09-11T17:49:21.457+0000][1][safepoint    ] Safepoint "RevokeBias", Time since last: 59497 ns, Reaching safepoint: 113864 ns, At safepoint: 14423 ns, Total: 128287 ns
[2020-09-11T17:49:21.469+0000][1][safepoint    ] Safepoint "RevokeBias", Time since last: 9682945 ns, Reaching safepoint: 1812982 ns, At safepoint: 26984 ns, Total: 1839966 ns
[2020-09-11T17:49:21.711+0000][1][safepoint    ] Safepoint "RevokeBias", Time since last: 242295698 ns, Reaching safepoint: 116405 ns, At safepoint: 17110 ns, Total: 133515 ns
[2020-09-11T17:49:21.717+0000][1][safepoint    ] Safepoint "RevokeBias", Time since last: 5973462 ns, Reaching safepoint: 89632 ns, At safepoint: 17127 ns, Total: 106759 ns
[2020-09-11T17:49:21.720+0000][1][safepoint    ] Safepoint "RevokeBias", Time since last: 2588077 ns, Reaching safepoint: 89737 ns, At safepoint: 17511 ns, Total: 107248 ns
[2020-09-11T17:49:25.509+0000][1][safepoint    ] Safepoint "RevokeBias", Time since last: 3788829636 ns, Reaching safepoint: 105489 ns, At safepoint: 22993 ns, Total: 128482 ns
[2020-09-11T17:49:26.509+0000][1][safepoint    ] Safepoint "Cleanup", Time since last: 1000109224 ns, Reaching safepoint: 92762 ns, At safepoint: 10955 ns, Total: 103717 ns
[2020-09-11T17:49:26.993+0000][1][safepoint    ] Safepoint "RevokeBias", Time since last: 481125864 ns, Reaching safepoint: 2459466 ns, At safepoint: 26827 ns, Total: 2486293 ns
[2020-09-11T17:49:26.997+0000][1][gc,start     ] GC(218) Pause Young (Allocation Failure)
[2020-09-11T17:49:26.997+0000][1][gc,task      ] GC(218) Using 1 workers of 1 for evacuation
[2020-09-11T17:49:27.007+0000][1][gc,age       ] GC(218) Desired survivor size 4358144 bytes, new threshold 6 (max threshold 6)
[2020-09-11T17:49:27.007+0000][1][gc,age       ] GC(218) Age table with threshold 6 (max threshold 6)
[2020-09-11T17:49:27.007+0000][1][gc,age       ] GC(218) - age   1:     589048 bytes,     589048 total
[2020-09-11T17:49:27.007+0000][1][gc,age       ] GC(218) - age   2:       4168 bytes,     593216 total
[2020-09-11T17:49:27.007+0000][1][gc,age       ] GC(218) - age   3:       1680 bytes,     594896 total
[2020-09-11T17:49:27.007+0000][1][gc,age       ] GC(218) - age   4:       1536 bytes,     596432 total
[2020-09-11T17:49:27.007+0000][1][gc,age       ] GC(218) - age   5:       1552 bytes,     597984 total
[2020-09-11T17:49:27.007+0000][1][gc,age       ] GC(218) - age   6:        544 bytes,     598528 total
[2020-09-11T17:49:27.007+0000][1][gc,heap      ] GC(218) ParNew: 69013K->1011K(76672K)
[2020-09-11T17:49:27.007+0000][1][gc,heap      ] GC(218) CMS: 77899K->77900K(439104K)
[2020-09-11T17:49:27.007+0000][1][gc,metaspace ] GC(218) Metaspace: 97306K->97306K(1138688K)
[2020-09-11T17:49:27.007+0000][1][gc           ] GC(218) Pause Young (Allocation Failure) 143M->77M(503M) 10.565ms
[2020-09-11T17:49:27.007+0000][1][gc,cpu       ] GC(218) User=0.01s Sys=0.00s Real=0.01s
[2020-09-11T17:49:27.007+0000][1][safepoint    ] Safepoint "GenCollectForAllocation", Time since last: 1775953 ns, Reaching safepoint: 2203461 ns, At safepoint: 10641992 ns, Total: 12845453 ns
[2020-09-11T17:49:27.117+0000][1][safepoint    ] Safepoint "RevokeBias", Time since last: 109478587 ns, Reaching safepoint: 196568 ns, At safepoint: 27133 ns, Total: 223701 ns
[2020-09-11T17:49:28.117+0000][1][safepoint    ] Safepoint "Cleanup", Time since last: 1000140982 ns, Reaching safepoint: 95022 ns, At safepoint: 11023 ns, Total: 106045 ns
[2020-09-11T17:49:29.118+0000][1][safepoint    ] Safepoint "Cleanup", Time since last: 1000119579 ns, Reaching safepoint: 91543 ns, At safepoint: 10515 ns, Total: 102058 ns
[2020-09-11T17:49:30.118+0000][1][safepoint    ] Safepoint "Cleanup", Time since last: 1000133736 ns, Reaching safepoint: 90792 ns, At safepoint: 10661 ns, Total: 101453 ns
[2020-09-11T17:49:31.118+0000][1][safepoint    ] Safepoint "Cleanup", Time since last: 1000115594 ns, Reaching safepoint: 92679 ns, At safepoint: 10282 ns, Total: 102961 ns
[2020-09-11T17:49:32.118+0000][1][safepoint    ] Safepoint "Cleanup", Time since last: 1000114076 ns, Reaching safepoint: 90692 ns, At safepoint: 10944 ns, Total: 101636 ns
[2020-09-11T17:49:33.119+0000][1][safepoint    ] Safepoint "Cleanup", Time since last: 1000113382 ns, Reaching safepoint: 91225 ns, At safepoint: 9709 ns, Total: 100934 ns
[2020-09-11T17:49:34.119+0000][1][safepoint    ] Safepoint "Cleanup", Time since last: 1000113607 ns, Reaching safepoint: 92491 ns, At safepoint: 9679 ns, Total: 102170 ns
[2020-09-11T17:49:35.119+0000][1][safepoint    ] Safepoint "Cleanup", Time since last: 1000112042 ns, Reaching safepoint: 90606 ns, At safepoint: 9478 ns, Total: 100084 ns
[2020-09-11T17:49:35.443+0000][1][safepoint    ] Safepoint "RevokeBias", Time since last: 324106906 ns, Reaching safepoint: 175822 ns, At safepoint: 24120 ns, Total: 199942 ns
[2020-09-11T17:49:36.444+0000][1][safepoint    ] Safepoint "Cleanup", Time since last: 1000111129 ns, Reaching safepoint: 93514 ns, At safepoint: 10272 ns, Total: 103786 ns
[2020-09-11T17:49:37.110+0000][1][safepoint    ] Safepoint "RevokeBias", Time since last: 666176204 ns, Reaching safepoint: 447115 ns, At safepoint: 22122 ns, Total: 469237 ns
[2020-09-11T17:49:38.110+0000][1][safepoint    ] Safepoint "Cleanup", Time since last: 1000116107 ns, Reaching safepoint: 96554 ns, At safepoint: 11143 ns, Total: 107697 ns
[2020-09-11T17:49:39.111+0000][1][safepoint    ] Safepoint "Cleanup", Time since last: 1000112507 ns, Reaching safepoint: 95256 ns, At safepoint: 9081 ns, Total: 104337 ns
[2020-09-11T17:49:40.111+0000][1][safepoint    ] Safepoint "Cleanup", Time since last: 1000117913 ns, Reaching safepoint: 93535 ns, At safepoint: 9703 ns, Total: 103238 ns
[2020-09-11T17:49:41.111+0000][1][safepoint    ] Safepoint "Cleanup", Time since last: 1000116527 ns, Reaching safepoint: 92263 ns, At safepoint: 9763 ns, Total: 102026 ns
[2020-09-11T17:49:42.111+0000][1][safepoint    ] Safepoint "Cleanup", Time since last: 1000120500 ns, Reaching safepoint: 95400 ns, At safepoint: 10609 ns, Total: 106009 ns
[2020-09-11T17:49:43.111+0000][1][safepoint    ] Safepoint "Cleanup", Time since last: 1000116718 ns, Reaching safepoint: 90829 ns, At safepoint: 10395 ns, Total: 101224 ns
[2020-09-11T17:49:44.112+0000][1][safepoint    ] Safepoint "Cleanup", Time since last: 1000118258 ns, Reaching safepoint: 90479 ns, At safepoint: 7837 ns, Total: 98316 ns
[2020-09-11T17:49:45.112+0000][1][safepoint    ] Safepoint "Cleanup", Time since last: 1000113128 ns, Reaching safepoint: 91547 ns, At safepoint: 9405 ns, Total: 100952 ns
[2020-09-11T17:49:45.408+0000][1][safepoint    ] Safepoint "RevokeBias", Time since last: 296122773 ns, Reaching safepoint: 179018 ns, At safepoint: 23158 ns, Total: 202176 ns
[2020-09-11T17:49:46.408+0000][1][safepoint    ] Safepoint "Cleanup", Time since last: 1000111683 ns, Reaching safepoint: 91863 ns, At safepoint: 10487 ns, Total: 102350 ns
[2020-09-11T17:49:47.101+0000][1][safepoint    ] Safepoint "BulkRevokeBias", Time since last: 687901631 ns, Reaching safepoint: 576711 ns, At safepoint: 3968854 ns, Total: 4545565 ns
[2020-09-11T17:49:47.133+0000][1][gc,start     ] GC(219) Pause Young (Allocation Failure)
[2020-09-11T17:49:47.133+0000][1][gc,task      ] GC(219) Using 1 workers of 1 for evacuation
[2020-09-11T17:49:47.143+0000][1][gc,age       ] GC(219) Desired survivor size 4358144 bytes, new threshold 6 (max threshold 6)
[2020-09-11T17:49:47.143+0000][1][gc,age       ] GC(219) Age table with threshold 6 (max threshold 6)
[2020-09-11T17:49:47.143+0000][1][gc,age       ] GC(219) - age   1:     549984 bytes,     549984 total
[2020-09-11T17:49:47.143+0000][1][gc,age       ] GC(219) - age   2:     434656 bytes,     984640 total
[2020-09-11T17:49:47.143+0000][1][gc,age       ] GC(219) - age   3:       1888 bytes,     986528 total
[2020-09-11T17:49:47.143+0000][1][gc,age       ] GC(219) - age   4:       1680 bytes,     988208 total
[2020-09-11T17:49:47.143+0000][1][gc,age       ] GC(219) - age   5:       1536 bytes,     989744 total
[2020-09-11T17:49:47.143+0000][1][gc,age       ] GC(219) - age   6:       1240 bytes,     990984 total
[2020-09-11T17:49:47.143+0000][1][gc,heap      ] GC(219) ParNew: 69171K->1037K(76672K)
[2020-09-11T17:49:47.143+0000][1][gc,heap      ] GC(219) CMS: 77900K->77901K(439104K)
[2020-09-11T17:49:47.143+0000][1][gc,metaspace ] GC(219) Metaspace: 97307K->97307K(1138688K)
[2020-09-11T17:49:47.143+0000][1][gc           ] GC(219) Pause Young (Allocation Failure) 143M->77M(503M) 10.633ms
[2020-09-11T17:49:47.144+0000][1][gc,cpu       ] GC(219) User=0.00s Sys=0.00s Real=0.01s
[2020-09-11T17:49:47.144+0000][1][safepoint    ] Safepoint "GenCollectForAllocation", Time since last: 27898326 ns, Reaching safepoint: 4066810 ns, At safepoint: 10700701 ns, Total: 14767511 ns
[2020-09-11T17:49:47.149+0000][1][safepoint    ] Safepoint "RevokeBias", Time since last: 1115297 ns, Reaching safepoint: 4135645 ns, At safepoint: 49142 ns, Total: 4184787 ns
[2020-09-11T17:49:48.152+0000][1][safepoint    ] Safepoint "Cleanup", Time since last: 1003203832 ns, Reaching safepoint: 96734 ns, At safepoint: 24423 ns, Total: 121157 ns
[2020-09-11T17:49:49.152+0000][1][safepoint    ] Safepoint "Cleanup", Time since last: 1000118265 ns, Reaching safepoint: 91248 ns, At safepoint: 22899 ns, Total: 114147 ns
[2020-09-11T17:49:50.153+0000][1][safepoint    ] Safepoint "Cleanup", Time since last: 1000115356 ns, Reaching safepoint: 91991 ns, At safepoint: 10688 ns, Total: 102679 ns
[2020-09-11T17:49:51.153+0000][1][safepoint    ] Safepoint "Cleanup", Time since last: 1000131968 ns, Reaching safepoint: 87659 ns, At safepoint: 6475 ns, Total: 94134 ns
[2020-09-11T17:49:52.153+0000][1][safepoint    ] Safepoint "Cleanup", Time since last: 1000128828 ns, Reaching safepoint: 90236 ns, At safepoint: 9195 ns, Total: 99431 ns
[2020-09-11T17:49:53.153+0000][1][safepoint    ] Safepoint "Cleanup", Time since last: 1000109390 ns, Reaching safepoint: 89026 ns, At safepoint: 6831 ns, Total: 95857 ns
[2020-09-11T17:49:54.153+0000][1][safepoint    ] Safepoint "Cleanup", Time since last: 1000105721 ns, Reaching safepoint: 91160 ns, At safepoint: 10207 ns, Total: 101367 ns
[2020-09-11T17:49:55.154+0000][1][safepoint    ] Safepoint "Cleanup", Time since last: 1000112917 ns, Reaching safepoint: 92994 ns, At safepoint: 9785 ns, Total: 102779 ns
[2020-09-11T17:49:55.408+0000][1][safepoint    ] Safepoint "BulkRevokeBias", Time since last: 254305519 ns, Reaching safepoint: 94144 ns, At safepoint: 244969 ns, Total: 339113 ns
[2020-09-11T17:49:56.409+0000][1][safepoint    ] Safepoint "Cleanup", Time since last: 1000116778 ns, Reaching safepoint: 100804 ns, At safepoint: 10365 ns, Total: 111169 ns
[2020-09-11T17:49:57.094+0000][1][safepoint    ] Safepoint "RevokeBias", Time since last: 684258049 ns, Reaching safepoint: 1026435 ns, At safepoint: 29354 ns, Total: 1055789 ns
[2020-09-11T17:49:58.094+0000][1][safepoint    ] Safepoint "Cleanup", Time since last: 1000108644 ns, Reaching safepoint: 90564 ns, At safepoint: 9818 ns, Total: 100382 ns
[2020-09-11T17:49:59.094+0000][1][safepoint    ] Safepoint "Cleanup", Time since last: 1000121836 ns, Reaching safepoint: 87171 ns, At safepoint: 9641 ns, Total: 96812 ns
[2020-09-11T17:50:00.095+0000][1][safepoint    ] Safepoint "Cleanup", Time since last: 1000097902 ns, Reaching safepoint: 103837 ns, At safepoint: 12916 ns, Total: 116753 ns
[2020-09-11T17:50:01.095+0000][1][safepoint    ] Safepoint "Cleanup", Time since last: 1000122469 ns, Reaching safepoint: 91706 ns, At safepoint: 9596 ns, Total: 101302 ns
[2020-09-11T17:50:02.095+0000][1][safepoint    ] Safepoint "Cleanup", Time since last: 1000110538 ns, Reaching safepoint: 92263 ns, At safepoint: 9879 ns, Total: 102142 ns
[2020-09-11T17:50:05.383+0000][1][safepoint    ] Safepoint "RevokeBias", Time since last: 3287952160 ns, Reaching safepoint: 90837 ns, At safepoint: 25502 ns, Total: 116339 ns
[2020-09-11T17:50:05.383+0000][1][safepoint    ] Safepoint "RevokeBias", Time since last: 67467 ns, Reaching safepoint: 58269 ns, At safepoint: 16001 ns, Total: 74270 ns
[2020-09-11T17:50:05.383+0000][1][safepoint    ] Safepoint "RevokeBias", Time since last: 36394 ns, Reaching safepoint: 46142 ns, At safepoint: 13690 ns, Total: 59832 ns
[2020-09-11T17:50:05.383+0000][1][safepoint    ] Safepoint "RevokeBias", Time since last: 33052 ns, Reaching safepoint: 42884 ns, At safepoint: 12661 ns, Total: 55545 ns
[2020-09-11T17:50:05.383+0000][1][safepoint    ] Safepoint "RevokeBias", Time since last: 32318 ns, Reaching safepoint: 41717 ns, At safepoint: 12183 ns, Total: 53900 ns
[2020-09-11T17:50:05.384+0000][1][safepoint    ] Safepoint "RevokeBias", Time since last: 29845 ns, Reaching safepoint: 40061 ns, At safepoint: 11522 ns, Total: 51583 ns
[2020-09-11T17:50:05.384+0000][1][safepoint    ] Safepoint "RevokeBias", Time since last: 29948 ns, Reaching safepoint: 39166 ns, At safepoint: 11523 ns, Total: 50689 ns
[2020-09-11T17:50:05.384+0000][1][safepoint    ] Safepoint "RevokeBias", Time since last: 29459 ns, Reaching safepoint: 39587 ns, At safepoint: 11324 ns, Total: 50911 ns
[2020-09-11T17:50:05.529+0000][1][safepoint    ] Safepoint "RevokeBias", Time since last: 145163588 ns, Reaching safepoint: 105371 ns, At safepoint: 22233 ns, Total: 127604 ns
[2020-09-11T17:50:07.153+0000][1][safepoint    ] Safepoint "RevokeBias", Time since last: 1619472320 ns, Reaching safepoint: 4419805 ns, At safepoint: 33028 ns, Total: 4452833 ns
[2020-09-11T17:50:08.153+0000][1][safepoint    ] Safepoint "Cleanup", Time since last: 1000113337 ns, Reaching safepoint: 94306 ns, At safepoint: 8112 ns, Total: 102418 ns
[2020-09-11T17:50:09.490+0000][1][gc,start     ] GC(220) Pause Young (Allocation Failure)
[2020-09-11T17:50:09.491+0000][1][gc,task      ] GC(220) Using 1 workers of 1 for evacuation
[2020-09-11T17:50:09.500+0000][1][gc,age       ] GC(220) Desired survivor size 4358144 bytes, new threshold 6 (max threshold 6)
[2020-09-11T17:50:09.500+0000][1][gc,age       ] GC(220) Age table with threshold 6 (max threshold 6)
[2020-09-11T17:50:09.500+0000][1][gc,age       ] GC(220) - age   1:      65864 bytes,      65864 total
[2020-09-11T17:50:09.500+0000][1][gc,age       ] GC(220) - age   2:      37600 bytes,     103464 total
[2020-09-11T17:50:09.500+0000][1][gc,age       ] GC(220) - age   3:     416856 bytes,     520320 total
[2020-09-11T17:50:09.500+0000][1][gc,age       ] GC(220) - age   4:       1600 bytes,     521920 total
[2020-09-11T17:50:09.500+0000][1][gc,age       ] GC(220) - age   5:       1680 bytes,     523600 total
[2020-09-11T17:50:09.500+0000][1][gc,age       ] GC(220) - age   6:       1536 bytes,     525136 total
[2020-09-11T17:50:09.500+0000][1][gc,heap      ] GC(220) ParNew: 69197K->812K(76672K)
[2020-09-11T17:50:09.500+0000][1][gc,heap      ] GC(220) CMS: 77901K->77902K(439104K)
[2020-09-11T17:50:09.500+0000][1][gc,metaspace ] GC(220) Metaspace: 97307K->97307K(1138688K)
[2020-09-11T17:50:09.500+0000][1][gc           ] GC(220) Pause Young (Allocation Failure) 143M->76M(503M) 9.580ms
[2020-09-11T17:50:09.500+0000][1][gc,cpu       ] GC(220) User=0.01s Sys=0.00s Real=0.01s
[2020-09-11T17:50:09.500+0000][1][safepoint    ] Safepoint "GenCollectForAllocation", Time since last: 1337128902 ns, Reaching safepoint: 185094 ns, At safepoint: 9657541 ns, Total: 9842635 ns
[2020-09-11T17:50:15.410+0000][1][safepoint    ] Safepoint "RevokeBias", Time since last: 5909315010 ns, Reaching safepoint: 194548 ns, At safepoint: 26780 ns, Total: 221328 ns
[2020-09-11T17:50:17.121+0000][1][safepoint    ] Safepoint "RevokeBias", Time since last: 1709547962 ns, Reaching safepoint: 1701113 ns, At safepoint: 28409 ns, Total: 1729522 ns
[2020-09-11T17:50:20.121+0000][1][safepoint    ] Safepoint "Cleanup", Time since last: 3000255455 ns, Reaching safepoint: 97901 ns, At safepoint: 10821 ns, Total: 108722 ns
[2020-09-11T17:50:25.466+0000][1][safepoint    ] Safepoint "RevokeBias", Time since last: 5344665212 ns, Reaching safepoint: 282166 ns, At safepoint: 49567 ns, Total: 331733 ns
[2020-09-11T17:50:27.058+0000][1][safepoint    ] Safepoint "RevokeBias", Time since last: 1591333199 ns, Reaching safepoint: 234708 ns, At safepoint: 24430 ns, Total: 259138 ns
[2020-09-11T17:50:34.631+0000][1][gc,start     ] GC(221) Pause Young (Allocation Failure)
[2020-09-11T17:50:34.636+0000][1][gc,task      ] GC(221) Using 1 workers of 1 for evacuation
[2020-09-11T17:50:34.642+0000][1][gc,age       ] GC(221) Desired survivor size 4358144 bytes, new threshold 6 (max threshold 6)
[2020-09-11T17:50:34.642+0000][1][gc,age       ] GC(221) Age table with threshold 6 (max threshold 6)
[2020-09-11T17:50:34.642+0000][1][gc,age       ] GC(221) - age   1:      62896 bytes,      62896 total
[2020-09-11T17:50:34.642+0000][1][gc,age       ] GC(221) - age   2:       4832 bytes,      67728 total
[2020-09-11T17:50:34.642+0000][1][gc,age       ] GC(221) - age   3:      35512 bytes,     103240 total
[2020-09-11T17:50:34.642+0000][1][gc,age       ] GC(221) - age   4:     416856 bytes,     520096 total
[2020-09-11T17:50:34.642+0000][1][gc,age       ] GC(221) - age   5:       1600 bytes,     521696 total
[2020-09-11T17:50:34.642+0000][1][gc,age       ] GC(221) - age   6:       1680 bytes,     523376 total
[2020-09-11T17:50:34.643+0000][1][gc,heap      ] GC(221) ParNew: 68960K->587K(76672K)
[2020-09-11T17:50:34.643+0000][1][gc,heap      ] GC(221) CMS: 77902K->77903K(439104K)
[2020-09-11T17:50:34.643+0000][1][gc,metaspace ] GC(221) Metaspace: 97307K->97307K(1138688K)
[2020-09-11T17:50:34.643+0000][1][gc           ] GC(221) Pause Young (Allocation Failure) 143M->76M(503M) 11.660ms
[2020-09-11T17:50:34.643+0000][1][gc,cpu       ] GC(221) User=0.00s Sys=0.00s Real=0.02s
[2020-09-11T17:50:34.643+0000][1][safepoint    ] Safepoint "GenCollectForAllocation", Time since last: 7572820272 ns, Reaching safepoint: 201735 ns, At safepoint: 12354359 ns, Total: 12556094 ns
[2020-09-11T17:50:35.431+0000][1][safepoint    ] Safepoint "RevokeBias", Time since last: 787424746 ns, Reaching safepoint: 99440 ns, At safepoint: 35718 ns, Total: 135158 ns
[2020-09-11T17:50:36.432+0000][1][safepoint    ] Safepoint "Cleanup", Time since last: 1000776891 ns, Reaching safepoint: 183317 ns, At safepoint: 56169 ns, Total: 239486 ns
[2020-09-11T17:50:37.067+0000][1][safepoint    ] Safepoint "RevokeBias", Time since last: 634437720 ns, Reaching safepoint: 224154 ns, At safepoint: 25964 ns, Total: 250118 ns
[2020-09-11T17:50:45.404+0000][1][safepoint    ] Safepoint "RevokeBias", Time since last: 8337497842 ns, Reaching safepoint: 218480 ns, At safepoint: 23008 ns, Total: 241488 ns
[2020-09-11T17:50:47.070+0000][1][safepoint    ] Safepoint "RevokeBias", Time since last: 1665445735 ns, Reaching safepoint: 237172 ns, At safepoint: 23043 ns, Total: 260215 ns
[2020-09-11T17:50:55.407+0000][1][safepoint    ] Safepoint "RevokeBias", Time since last: 8337023971 ns, Reaching safepoint: 217721 ns, At safepoint: 23643 ns, Total: 241364 ns
[2020-09-11T17:50:56.408+0000][1][safepoint    ] Safepoint "Cleanup", Time since last: 1000159271 ns, Reaching safepoint: 128289 ns, At safepoint: 8904 ns, Total: 137193 ns
[2020-09-11T17:50:57.046+0000][1][safepoint    ] Safepoint "RevokeBias", Time since last: 638479437 ns, Reaching safepoint: 223965 ns, At safepoint: 22763 ns, Total: 246728 ns
[2020-09-11T17:50:57.047+0000][1][gc,start     ] GC(222) Pause Young (Allocation Failure)
[2020-09-11T17:50:57.047+0000][1][gc,task      ] GC(222) Using 1 workers of 1 for evacuation
[2020-09-11T17:50:57.053+0000][1][gc,age       ] GC(222) Desired survivor size 4358144 bytes, new threshold 6 (max threshold 6)
[2020-09-11T17:50:57.053+0000][1][gc,age       ] GC(222) Age table with threshold 6 (max threshold 6)
[2020-09-11T17:50:57.053+0000][1][gc,age       ] GC(222) - age   1:     377304 bytes,     377304 total
[2020-09-11T17:50:57.053+0000][1][gc,age       ] GC(222) - age   2:        576 bytes,     377880 total
[2020-09-11T17:50:57.053+0000][1][gc,age       ] GC(222) - age   3:       1528 bytes,     379408 total
[2020-09-11T17:50:57.053+0000][1][gc,age       ] GC(222) - age   4:      35512 bytes,     414920 total
[2020-09-11T17:50:57.053+0000][1][gc,age       ] GC(222) - age   5:     416856 bytes,     831776 total
[2020-09-11T17:50:57.053+0000][1][gc,age       ] GC(222) - age   6:       1328 bytes,     833104 total
[2020-09-11T17:50:57.053+0000][1][gc,heap      ] GC(222) ParNew: 68743K->1060K(76672K)
[2020-09-11T17:50:57.053+0000][1][gc,heap      ] GC(222) CMS: 77903K->77905K(439104K)
[2020-09-11T17:50:57.053+0000][1][gc,metaspace ] GC(222) Metaspace: 97307K->97307K(1138688K)
[2020-09-11T17:50:57.053+0000][1][gc           ] GC(222) Pause Young (Allocation Failure) 143M->77M(503M) 6.177ms
[2020-09-11T17:50:57.053+0000][1][gc,cpu       ] GC(222) User=0.00s Sys=0.01s Real=0.01s
[2020-09-11T17:50:57.054+0000][1][safepoint    ] Safepoint "GenCollectForAllocation", Time since last: 304705 ns, Reaching safepoint: 168762 ns, At safepoint: 6825679 ns, Total: 6994441 ns
[2020-09-11T17:51:05.410+0000][1][safepoint    ] Safepoint "RevokeBias", Time since last: 8356149374 ns, Reaching safepoint: 229404 ns, At safepoint: 28011 ns, Total: 257415 ns
[2020-09-11T17:51:07.052+0000][1][safepoint    ] Safepoint "RevokeBias", Time since last: 1641671565 ns, Reaching safepoint: 190018 ns, At safepoint: 24856 ns, Total: 214874 ns
[2020-09-11T17:51:15.410+0000][1][safepoint    ] Safepoint "RevokeBias", Time since last: 8358276262 ns, Reaching safepoint: 271853 ns, At safepoint: 41639 ns, Total: 313492 ns
[2020-09-11T17:51:17.067+0000][1][safepoint    ] Safepoint "RevokeBias", Time since last: 1656498206 ns, Reaching safepoint: 201254 ns, At safepoint: 24392 ns, Total: 225646 ns
[2020-09-11T17:51:17.100+0000][1][gc,start     ] GC(223) Pause Young (Allocation Failure)
[2020-09-11T17:51:17.101+0000][1][gc,task      ] GC(223) Using 1 workers of 1 for evacuation
[2020-09-11T17:51:17.109+0000][1][gc,age       ] GC(223) Desired survivor size 4358144 bytes, new threshold 6 (max threshold 6)
[2020-09-11T17:51:17.109+0000][1][gc,age       ] GC(223) Age table with threshold 6 (max threshold 6)
[2020-09-11T17:51:17.109+0000][1][gc,age       ] GC(223) - age   1:     503176 bytes,     503176 total
[2020-09-11T17:51:17.109+0000][1][gc,age       ] GC(223) - age   2:      19360 bytes,     522536 total
[2020-09-11T17:51:17.109+0000][1][gc,age       ] GC(223) - age   3:        272 bytes,     522808 total
[2020-09-11T17:51:17.109+0000][1][gc,age       ] GC(223) - age   4:       1240 bytes,     524048 total
[2020-09-11T17:51:17.109+0000][1][gc,age       ] GC(223) - age   5:      35216 bytes,     559264 total
[2020-09-11T17:51:17.109+0000][1][gc,age       ] GC(223) - age   6:     416768 bytes,     976032 total
[2020-09-11T17:51:17.109+0000][1][gc,heap      ] GC(223) ParNew: 69220K->1485K(76672K)
[2020-09-11T17:51:17.109+0000][1][gc,heap      ] GC(223) CMS: 77905K->77906K(439104K)
[2020-09-11T17:51:17.109+0000][1][gc,metaspace ] GC(223) Metaspace: 97328K->97328K(1138688K)
[2020-09-11T17:51:17.109+0000][1][gc           ] GC(223) Pause Young (Allocation Failure) 143M->77M(503M) 8.690ms
[2020-09-11T17:51:17.109+0000][1][gc,cpu       ] GC(223) User=0.00s Sys=0.00s Real=0.01s
[2020-09-11T17:51:17.113+0000][1][safepoint    ] Safepoint "GenCollectForAllocation", Time since last: 33120775 ns, Reaching safepoint: 170510 ns, At safepoint: 12355401 ns, Total: 12525911 ns
[2020-09-11T17:51:25.411+0000][1][safepoint    ] Safepoint "RevokeBias", Time since last: 8298246492 ns, Reaching safepoint: 98280 ns, At safepoint: 39588 ns, Total: 137868 ns
[2020-09-11T17:51:27.047+0000][1][safepoint    ] Safepoint "RevokeBias", Time since last: 1635221210 ns, Reaching safepoint: 219024 ns, At safepoint: 24335 ns, Total: 243359 ns
[2020-09-11T17:51:28.047+0000][1][safepoint    ] Safepoint "Cleanup", Time since last: 1000179694 ns, Reaching safepoint: 114934 ns, At safepoint: 8482 ns, Total: 123416 ns
[2020-09-11T17:51:35.411+0000][1][safepoint    ] Safepoint "RevokeBias", Time since last: 7363741778 ns, Reaching safepoint: 220398 ns, At safepoint: 23092 ns, Total: 243490 ns
[2020-09-11T17:51:37.087+0000][1][safepoint    ] Safepoint "RevokeBias", Time since last: 1675514130 ns, Reaching safepoint: 208155 ns, At safepoint: 23015 ns, Total: 231170 ns
[2020-09-11T17:51:39.618+0000][1][gc,start     ] GC(224) Pause Young (Allocation Failure)
[2020-09-11T17:51:39.618+0000][1][gc,task      ] GC(224) Using 1 workers of 1 for evacuation
[2020-09-11T17:51:39.628+0000][1][gc,age       ] GC(224) Desired survivor size 4358144 bytes, new threshold 6 (max threshold 6)
[2020-09-11T17:51:39.628+0000][1][gc,age       ] GC(224) Age table with threshold 6 (max threshold 6)
[2020-09-11T17:51:39.628+0000][1][gc,age       ] GC(224) - age   1:      64800 bytes,      64800 total
[2020-09-11T17:51:39.628+0000][1][gc,age       ] GC(224) - age   2:       4072 bytes,      68872 total
[2020-09-11T17:51:39.628+0000][1][gc,age       ] GC(224) - age   3:       1552 bytes,      70424 total
[2020-09-11T17:51:39.628+0000][1][gc,age       ] GC(224) - age   4:        272 bytes,      70696 total
[2020-09-11T17:51:39.628+0000][1][gc,age       ] GC(224) - age   5:       1240 bytes,      71936 total
[2020-09-11T17:51:39.628+0000][1][gc,age       ] GC(224) - age   6:      35216 bytes,     107152 total
[2020-09-11T17:51:39.628+0000][1][gc,heap      ] GC(224) ParNew: 69645K->900K(76672K)
[2020-09-11T17:51:39.628+0000][1][gc,heap      ] GC(224) CMS: 77906K->78322K(439104K)
[2020-09-11T17:51:39.628+0000][1][gc,metaspace ] GC(224) Metaspace: 97328K->97328K(1138688K)
[2020-09-11T17:51:39.628+0000][1][gc           ] GC(224) Pause Young (Allocation Failure) 144M->77M(503M) 10.212ms
[2020-09-11T17:51:39.628+0000][1][gc,cpu       ] GC(224) User=0.01s Sys=0.00s Real=0.01s
[2020-09-11T17:51:39.628+0000][1][safepoint    ] Safepoint "GenCollectForAllocation", Time since last: 2530829118 ns, Reaching safepoint: 211096 ns, At safepoint: 10285055 ns, Total: 10496151 ns
[2020-09-11T17:51:45.439+0000][1][safepoint    ] Safepoint "RevokeBias", Time since last: 5810184069 ns, Reaching safepoint: 309252 ns, At safepoint: 47826 ns, Total: 357078 ns
[2020-09-11T17:51:47.061+0000][1][safepoint    ] Safepoint "RevokeBias", Time since last: 1622574730 ns, Reaching safepoint: 120161 ns, At safepoint: 30015 ns, Total: 150176 ns
[2020-09-11T17:51:55.511+0000][1][safepoint    ] Safepoint "RevokeBias", Time since last: 8449281285 ns, Reaching safepoint: 292491 ns, At safepoint: 83564 ns, Total: 376055 ns
[2020-09-11T17:51:57.060+0000][1][safepoint    ] Safepoint "RevokeBias", Time since last: 1549066699 ns, Reaching safepoint: 194002 ns, At safepoint: 26965 ns, Total: 220967 ns
[2020-09-11T17:52:03.061+0000][1][safepoint    ] Safepoint "Cleanup", Time since last: 6000874841 ns, Reaching safepoint: 122272 ns, At safepoint: 8609 ns, Total: 130881 ns
[2020-09-11T17:52:05.436+0000][1][safepoint    ] Safepoint "RevokeBias", Time since last: 2373953229 ns, Reaching safepoint: 357693 ns, At safepoint: 53325 ns, Total: 411018 ns
[2020-09-11T17:52:06.995+0000][1][gc,start     ] GC(225) Pause Young (Allocation Failure)
[2020-09-11T17:52:06.995+0000][1][gc,task      ] GC(225) Using 1 workers of 1 for evacuation
[2020-09-11T17:52:07.002+0000][1][gc,age       ] GC(225) Desired survivor size 4358144 bytes, new threshold 6 (max threshold 6)
[2020-09-11T17:52:07.002+0000][1][gc,age       ] GC(225) Age table with threshold 6 (max threshold 6)
[2020-09-11T17:52:07.002+0000][1][gc,age       ] GC(225) - age   1:     117504 bytes,     117504 total
[2020-09-11T17:52:07.002+0000][1][gc,age       ] GC(225) - age   2:       3520 bytes,     121024 total
[2020-09-11T17:52:07.002+0000][1][gc,age       ] GC(225) - age   3:       1928 bytes,     122952 total
[2020-09-11T17:52:07.002+0000][1][gc,age       ] GC(225) - age   4:       1552 bytes,     124504 total
[2020-09-11T17:52:07.002+0000][1][gc,age       ] GC(225) - age   5:        272 bytes,     124776 total
[2020-09-11T17:52:07.002+0000][1][gc,age       ] GC(225) - age   6:       1240 bytes,     126016 total
[2020-09-11T17:52:07.002+0000][1][gc,heap      ] GC(225) ParNew: 69060K->244K(76672K)
[2020-09-11T17:52:07.002+0000][1][gc,heap      ] GC(225) CMS: 78322K->78356K(439104K)
[2020-09-11T17:52:07.002+0000][1][gc,metaspace ] GC(225) Metaspace: 97328K->97328K(1138688K)
[2020-09-11T17:52:07.002+0000][1][gc           ] GC(225) Pause Young (Allocation Failure) 143M->76M(503M) 6.922ms
[2020-09-11T17:52:07.002+0000][1][gc,cpu       ] GC(225) User=0.01s Sys=0.00s Real=0.01s
[2020-09-11T17:52:07.002+0000][1][safepoint    ] Safepoint "GenCollectForAllocation", Time since last: 1559411297 ns, Reaching safepoint: 277450 ns, At safepoint: 7003276 ns, Total: 7280726 ns
[2020-09-11T17:52:07.105+0000][1][safepoint    ] Safepoint "RevokeBias", Time since last: 102826400 ns, Reaching safepoint: 241854 ns, At safepoint: 24294 ns, Total: 266148 ns
[2020-09-11T17:52:15.436+0000][1][safepoint    ] Safepoint "RevokeBias", Time since last: 8330722151 ns, Reaching safepoint: 295096 ns, At safepoint: 49657 ns, Total: 344753 ns
[2020-09-11T17:52:17.081+0000][1][safepoint    ] Safepoint "RevokeBias", Time since last: 1644367656 ns, Reaching safepoint: 202888 ns, At safepoint: 28479 ns, Total: 231367 ns
[2020-09-11T17:52:17.352+0000][1][safepoint    ] Safepoint "RevokeBias", Time since last: 270421406 ns, Reaching safepoint: 148762 ns, At safepoint: 8704 ns, Total: 157466 ns
[2020-09-11T17:52:17.352+0000][1][safepoint    ] Safepoint "RevokeBias", Time since last: 88170 ns, Reaching safepoint: 101560 ns, At safepoint: 6013 ns, Total: 107573 ns
[2020-09-11T17:52:17.355+0000][1][safepoint    ] Safepoint "RevokeBias", Time since last: 2722568 ns, Reaching safepoint: 147178 ns, At safepoint: 8655 ns, Total: 155833 ns
[2020-09-11T17:52:17.381+0000][1][safepoint    ] Safepoint "RevokeBias", Time since last: 23078793 ns, Reaching safepoint: 3297565 ns, At safepoint: 21395 ns, Total: 3318960 ns
[2020-09-11T17:52:17.382+0000][1][safepoint    ] Safepoint "RevokeBias", Time since last: 199452 ns, Reaching safepoint: 498800 ns, At safepoint: 8399 ns, Total: 507199 ns
[2020-09-11T17:52:17.386+0000][1][safepoint    ] Safepoint "RevokeBias", Time since last: 3034651 ns, Reaching safepoint: 852527 ns, At safepoint: 10508 ns, Total: 863035 ns
[2020-09-11T17:52:17.387+0000][1][safepoint    ] Safepoint "RevokeBias", Time since last: 367600 ns, Reaching safepoint: 473682 ns, At safepoint: 8448 ns, Total: 482130 ns
[2020-09-11T17:52:17.387+0000][1][safepoint    ] Safepoint "RevokeBias", Time since last: 123736 ns, Reaching safepoint: 551990 ns, At safepoint: 20187 ns, Total: 572177 ns
[2020-09-11T17:52:17.390+0000][1][safepoint    ] Safepoint "RevokeBias", Time since last: 640769 ns, Reaching safepoint: 1817846 ns, At safepoint: 13068 ns, Total: 1830914 ns
[2020-09-11T17:52:17.402+0000][1][safepoint    ] Safepoint "RevokeBias", Time since last: 8520567 ns, Reaching safepoint: 3895346 ns, At safepoint: 13215 ns, Total: 3908561 ns
[2020-09-11T17:52:17.403+0000][1][safepoint    ] Safepoint "RevokeBias", Time since last: 413074 ns, Reaching safepoint: 371290 ns, At safepoint: 7748 ns, Total: 379038 ns
[2020-09-11T17:52:17.403+0000][1][safepoint    ] Safepoint "RevokeBias", Time since last: 329152 ns, Reaching safepoint: 177336 ns, At safepoint: 16560 ns, Total: 193896 ns
[2020-09-11T17:52:17.404+0000][1][safepoint    ] Safepoint "RevokeBias", Time since last: 268107 ns, Reaching safepoint: 472181 ns, At safepoint: 8212 ns, Total: 480393 ns
[2020-09-11T17:52:17.405+0000][1][safepoint    ] Safepoint "RevokeBias", Time since last: 562345 ns, Reaching safepoint: 509475 ns, At safepoint: 21961 ns, Total: 531436 ns
[2020-09-11T17:52:17.406+0000][1][safepoint    ] Safepoint "RevokeBias", Time since last: 55140 ns, Reaching safepoint: 438089 ns, At safepoint: 7786 ns, Total: 445875 ns
[2020-09-11T17:52:17.407+0000][1][safepoint    ] Safepoint "RevokeBias", Time since last: 80420 ns, Reaching safepoint: 1325596 ns, At safepoint: 10078 ns, Total: 1335674 ns
[2020-09-11T17:52:17.408+0000][1][safepoint    ] Safepoint "RevokeBias", Time since last: 52636 ns, Reaching safepoint: 300403 ns, At safepoint: 7612 ns, Total: 308015 ns
[2020-09-11T17:52:17.408+0000][1][safepoint    ] Safepoint "RevokeBias", Time since last: 220183 ns, Reaching safepoint: 114196 ns, At safepoint: 13187 ns, Total: 127383 ns
[2020-09-11T17:52:17.411+0000][1][safepoint    ] Safepoint "RevokeBias", Time since last: 1970354 ns, Reaching safepoint: 1119401 ns, At safepoint: 10277 ns, Total: 1129678 ns
[2020-09-11T17:52:17.472+0000][1][safepoint    ] Safepoint "RevokeBias", Time since last: 61157381 ns, Reaching safepoint: 77508 ns, At safepoint: 17665 ns, Total: 95173 ns
[2020-09-11T17:52:17.477+0000][1][safepoint    ] Safepoint "RevokeBias", Time since last: 4917641 ns, Reaching safepoint: 77422 ns, At safepoint: 17643 ns, Total: 95065 ns
[2020-09-11T17:52:17.602+0000][1][safepoint    ] Safepoint "RevokeBias", Time since last: 124727335 ns, Reaching safepoint: 163260 ns, At safepoint: 28585 ns, Total: 191845 ns
[2020-09-11T17:52:17.617+0000][1][safepoint    ] Safepoint "RevokeBias", Time since last: 15028284 ns, Reaching safepoint: 160934 ns, At safepoint: 21687 ns, Total: 182621 ns
[2020-09-11T17:52:17.621+0000][1][safepoint    ] Safepoint "RevokeBias", Time since last: 1052236 ns, Reaching safepoint: 2471609 ns, At safepoint: 30535 ns, Total: 2502144 ns
[2020-09-11T17:52:17.622+0000][1][safepoint    ] Safepoint "RevokeBias", Time since last: 564097 ns, Reaching safepoint: 114830 ns, At safepoint: 15810 ns, Total: 130640 ns
[2020-09-11T17:52:17.641+0000][1][safepoint    ] Safepoint "RevokeBias", Time since last: 19214614 ns, Reaching safepoint: 242001 ns, At safepoint: 26627 ns, Total: 268628 ns
[2020-09-11T17:52:17.642+0000][1][safepoint    ] Safepoint "RevokeBias", Time since last: 745808 ns, Reaching safepoint: 113617 ns, At safepoint: 15727 ns, Total: 129344 ns
[2020-09-11T17:52:17.647+0000][1][safepoint    ] Safepoint "BulkRevokeBias", Time since last: 314225 ns, Reaching safepoint: 110033 ns, At safepoint: 4645669 ns, Total: 4755702 ns
[2020-09-11T17:52:17.673+0000][1][safepoint    ] Safepoint "RevokeBias", Time since last: 22762934 ns, Reaching safepoint: 3346198 ns, At safepoint: 46312 ns, Total: 3392510 ns
[2020-09-11T17:52:17.749+0000][1][safepoint    ] Safepoint "RevokeBias", Time since last: 53551633 ns, Reaching safepoint: 22103714 ns, At safepoint: 355665 ns, Total: 22459379 ns
[2020-09-11T17:52:17.849+0000][1][safepoint    ] Safepoint "RevokeBias", Time since last: 99621164 ns, Reaching safepoint: 265777 ns, At safepoint: 41338 ns, Total: 307115 ns
[2020-09-11T17:52:17.857+0000][1][safepoint    ] Safepoint "RevokeBias", Time since last: 7982741 ns, Reaching safepoint: 268073 ns, At safepoint: 14742 ns, Total: 282815 ns
[2020-09-11T17:52:17.865+0000][1][safepoint    ] Safepoint "RevokeBias", Time since last: 7166623 ns, Reaching safepoint: 257505 ns, At safepoint: 46828 ns, Total: 304333 ns
[2020-09-11T17:52:17.874+0000][1][safepoint    ] Safepoint "RevokeBias", Time since last: 8181176 ns, Reaching safepoint: 284303 ns, At safepoint: 397086 ns, Total: 681389 ns
[2020-09-11T17:52:17.894+0000][1][safepoint    ] Safepoint "RevokeBias", Time since last: 20123388 ns, Reaching safepoint: 507092 ns, At safepoint: 25124 ns, Total: 532216 ns
[2020-09-11T17:52:17.896+0000][1][safepoint    ] Safepoint "RevokeBias", Time since last: 1060655 ns, Reaching safepoint: 133362 ns, At safepoint: 21113 ns, Total: 154475 ns
[2020-09-11T17:52:17.950+0000][1][safepoint    ] Safepoint "RevokeBias", Time since last: 54174270 ns, Reaching safepoint: 614032 ns, At safepoint: 29097 ns, Total: 643129 ns
[2020-09-11T17:52:17.977+0000][1][safepoint    ] Safepoint "RevokeBias", Time since last: 26333637 ns, Reaching safepoint: 244439 ns, At safepoint: 33836 ns, Total: 278275 ns
[2020-09-11T17:52:17.978+0000][1][safepoint    ] Safepoint "RevokeBias", Time since last: 1287803 ns, Reaching safepoint: 66687 ns, At safepoint: 14513 ns, Total: 81200 ns
[2020-09-11T17:52:18.016+0000][1][safepoint    ] Safepoint "RevokeBias", Time since last: 37380372 ns, Reaching safepoint: 180756 ns, At safepoint: 29999 ns, Total: 210755 ns
[2020-09-11T17:52:18.049+0000][1][safepoint    ] Safepoint "RevokeBias", Time since last: 20760409 ns, Reaching safepoint: 12647985 ns, At safepoint: 42044 ns, Total: 12690029 ns
[2020-09-11T17:52:18.074+0000][1][gc,start     ] GC(226) Pause Young (Allocation Failure)
[2020-09-11T17:52:18.074+0000][1][gc,task      ] GC(226) Using 1 workers of 1 for evacuation
[2020-09-11T17:52:18.116+0000][1][gc,age       ] GC(226) Desired survivor size 4358144 bytes, new threshold 6 (max threshold 6)
[2020-09-11T17:52:18.116+0000][1][gc,age       ] GC(226) Age table with threshold 6 (max threshold 6)
[2020-09-11T17:52:18.116+0000][1][gc,age       ] GC(226) - age   1:     254664 bytes,     254664 total
[2020-09-11T17:52:18.116+0000][1][gc,age       ] GC(226) - age   2:      18048 bytes,     272712 total
[2020-09-11T17:52:18.116+0000][1][gc,age       ] GC(226) - age   3:        976 bytes,     273688 total
[2020-09-11T17:52:18.116+0000][1][gc,age       ] GC(226) - age   4:       1000 bytes,     274688 total
[2020-09-11T17:52:18.116+0000][1][gc,age       ] GC(226) - age   5:        936 bytes,     275624 total
[2020-09-11T17:52:18.116+0000][1][gc,age       ] GC(226) - age   6:        272 bytes,     275896 total
[2020-09-11T17:52:18.116+0000][1][gc,heap      ] GC(226) ParNew: 68404K->322K(76672K)
[2020-09-11T17:52:18.116+0000][1][gc,heap      ] GC(226) CMS: 78356K->78357K(439104K)
[2020-09-11T17:52:18.116+0000][1][gc,metaspace ] GC(226) Metaspace: 97404K->97404K(1138688K)
[2020-09-11T17:52:18.116+0000][1][gc           ] GC(226) Pause Young (Allocation Failure) 143M->76M(503M) 41.981ms
[2020-09-11T17:52:18.116+0000][1][gc,cpu       ] GC(226) User=0.01s Sys=0.00s Real=0.04s
[2020-09-11T17:52:18.143+0000][1][safepoint    ] Safepoint "GenCollectForAllocation", Time since last: 24281364 ns, Reaching safepoint: 168621 ns, At safepoint: 69092518 ns, Total: 69261139 ns
[2020-09-11T17:52:18.150+0000][1][safepoint    ] Safepoint "RevokeBias", Time since last: 3847157 ns, Reaching safepoint: 1985726 ns, At safepoint: 718283 ns, Total: 2704009 ns
[2020-09-11T17:52:18.162+0000][1][safepoint    ] Safepoint "RevokeBias", Time since last: 12010412 ns, Reaching safepoint: 170953 ns, At safepoint: 41871 ns, Total: 212824 ns
[2020-09-11T17:52:18.258+0000][1][safepoint    ] Safepoint "RevokeBias", Time since last: 95494812 ns, Reaching safepoint: 182075 ns, At safepoint: 21497 ns, Total: 203572 ns
[2020-09-11T17:52:18.258+0000][1][safepoint    ] Safepoint "RevokeBias", Time since last: 485770 ns, Reaching safepoint: 120387 ns, At safepoint: 14952 ns, Total: 135339 ns
[2020-09-11T17:52:18.287+0000][1][safepoint    ] Safepoint "RevokeBias", Time since last: 29114569 ns, Reaching safepoint: 178816 ns, At safepoint: 46795 ns, Total: 225611 ns
[2020-09-11T17:52:18.294+0000][1][safepoint    ] Safepoint "RevokeBias", Time since last: 6076009 ns, Reaching safepoint: 158160 ns, At safepoint: 40091 ns, Total: 198251 ns
[2020-09-11T17:52:18.294+0000][1][safepoint    ] Safepoint "RevokeBias", Time since last: 71204 ns, Reaching safepoint: 107492 ns, At safepoint: 13312 ns, Total: 120804 ns
[2020-09-11T17:52:18.337+0000][1][safepoint    ] Safepoint "RevokeBias", Time since last: 42858770 ns, Reaching safepoint: 387585 ns, At safepoint: 60911 ns, Total: 448496 ns
[2020-09-11T17:52:18.338+0000][1][safepoint    ] Safepoint "RevokeBias", Time since last: 82115 ns, Reaching safepoint: 290608 ns, At safepoint: 10654 ns, Total: 301262 ns
[2020-09-11T17:52:18.341+0000][1][safepoint    ] Safepoint "RevokeBias", Time since last: 609225 ns, Reaching safepoint: 2600017 ns, At safepoint: 56291 ns, Total: 2656308 ns
[2020-09-11T17:52:18.357+0000][1][safepoint    ] Safepoint "RevokeBias", Time since last: 15454478 ns, Reaching safepoint: 254114 ns, At safepoint: 51546 ns, Total: 305660 ns
[2020-09-11T17:52:18.366+0000][1][safepoint    ] Safepoint "RevokeBias", Time since last: 7811865 ns, Reaching safepoint: 1482832 ns, At safepoint: 80206 ns, Total: 1563038 ns
[2020-09-11T17:52:18.389+0000][1][safepoint    ] Safepoint "RevokeBias", Time since last: 22769168 ns, Reaching safepoint: 248453 ns, At safepoint: 12886 ns, Total: 261339 ns
[2020-09-11T17:52:18.395+0000][1][safepoint    ] Safepoint "RevokeBias", Time since last: 3702485 ns, Reaching safepoint: 1884479 ns, At safepoint: 13950 ns, Total: 1898429 ns
[2020-09-11T17:52:18.395+0000][1][safepoint    ] Safepoint "RevokeBias", Time since last: 80698 ns, Reaching safepoint: 617506 ns, At safepoint: 9772 ns, Total: 627278 ns
[2020-09-11T17:52:18.396+0000][1][safepoint    ] Safepoint "RevokeBias", Time since last: 75146 ns, Reaching safepoint: 107924 ns, At safepoint: 8660 ns, Total: 116584 ns
[2020-09-11T17:52:18.396+0000][1][safepoint    ] Safepoint "RevokeBias", Time since last: 63370 ns, Reaching safepoint: 108158 ns, At safepoint: 8218 ns, Total: 116376 ns
[2020-09-11T17:52:18.396+0000][1][safepoint    ] Safepoint "RevokeBias", Time since last: 63466 ns, Reaching safepoint: 105312 ns, At safepoint: 8183 ns, Total: 113495 ns
[2020-09-11T17:52:18.401+0000][1][safepoint    ] Safepoint "RevokeBias", Time since last: 2423257 ns, Reaching safepoint: 2519317 ns, At safepoint: 29792 ns, Total: 2549109 ns
[2020-09-11T17:52:18.404+0000][1][safepoint    ] Safepoint "RevokeBias", Time since last: 3164238 ns, Reaching safepoint: 147377 ns, At safepoint: 18885 ns, Total: 166262 ns
[2020-09-11T17:52:18.407+0000][1][safepoint    ] Safepoint "RevokeBias", Time since last: 1664977 ns, Reaching safepoint: 1242803 ns, At safepoint: 23503 ns, Total: 1266306 ns
[2020-09-11T17:52:18.418+0000][1][safepoint    ] Safepoint "RevokeBias", Time since last: 1542674 ns, Reaching safepoint: 9234857 ns, At safepoint: 16646 ns, Total: 9251503 ns
[2020-09-11T17:52:18.425+0000][1][safepoint    ] Safepoint "RevokeBias", Time since last: 7135656 ns, Reaching safepoint: 145486 ns, At safepoint: 9229 ns, Total: 154715 ns
[2020-09-11T17:52:18.433+0000][1][safepoint    ] Safepoint "RevokeBias", Time since last: 7234132 ns, Reaching safepoint: 155430 ns, At safepoint: 10975 ns, Total: 166405 ns
[2020-09-11T17:52:18.442+0000][1][safepoint    ] Safepoint "RevokeBias", Time since last: 9082072 ns, Reaching safepoint: 165439 ns, At safepoint: 11583 ns, Total: 177022 ns
[2020-09-11T17:52:18.449+0000][1][safepoint    ] Safepoint "RevokeBias", Time since last: 3667120 ns, Reaching safepoint: 3292619 ns, At safepoint: 442958 ns, Total: 3735577 ns
[2020-09-11T17:52:18.514+0000][1][safepoint    ] Safepoint "RevokeBias", Time since last: 64375218 ns, Reaching safepoint: 163841 ns, At safepoint: 10017 ns, Total: 173858 ns
[2020-09-11T17:52:18.515+0000][1][safepoint    ] Safepoint "RevokeBias", Time since last: 730215 ns, Reaching safepoint: 118867 ns, At safepoint: 8308 ns, Total: 127175 ns
[2020-09-11T17:52:18.517+0000][1][safepoint    ] Safepoint "RevokeBias", Time since last: 2278994 ns, Reaching safepoint: 129887 ns, At safepoint: 8550 ns, Total: 138437 ns
[2020-09-11T17:52:18.517+0000][1][safepoint    ] Safepoint "RevokeBias", Time since last: 166619 ns, Reaching safepoint: 109215 ns, At safepoint: 7739 ns, Total: 116954 ns
[2020-09-11T17:52:18.536+0000][1][safepoint    ] Safepoint "RevokeBias", Time since last: 18065558 ns, Reaching safepoint: 162911 ns, At safepoint: 10648 ns, Total: 173559 ns
[2020-09-11T17:52:18.536+0000][1][safepoint    ] Safepoint "RevokeBias", Time since last: 206984 ns, Reaching safepoint: 109712 ns, At safepoint: 8188 ns, Total: 117900 ns
[2020-09-11T17:52:18.536+0000][1][safepoint    ] Safepoint "RevokeBias", Time since last: 145959 ns, Reaching safepoint: 106243 ns, At safepoint: 82144 ns, Total: 188387 ns
[2020-09-11T17:52:18.537+0000][1][safepoint    ] Safepoint "RevokeBias", Time since last: 79312 ns, Reaching safepoint: 106140 ns, At safepoint: 37825 ns, Total: 143965 ns
[2020-09-11T17:52:18.537+0000][1][safepoint    ] Safepoint "RevokeBias", Time since last: 35992 ns, Reaching safepoint: 103359 ns, At safepoint: 30237 ns, Total: 133596 ns
[2020-09-11T17:52:18.557+0000][1][safepoint    ] Safepoint "RevokeBias", Time since last: 20076262 ns, Reaching safepoint: 159671 ns, At safepoint: 10053 ns, Total: 169724 ns
[2020-09-11T17:52:18.751+0000][1][safepoint    ] Safepoint "RevokeBias", Time since last: 193509102 ns, Reaching safepoint: 109084 ns, At safepoint: 10429 ns, Total: 119513 ns
[2020-09-11T17:52:18.752+0000][1][safepoint    ] Safepoint "RevokeBias", Time since last: 896714 ns, Reaching safepoint: 54020 ns, At safepoint: 7157 ns, Total: 61177 ns
[2020-09-11T17:52:18.761+0000][1][safepoint    ] Safepoint "RevokeBias", Time since last: 9380539 ns, Reaching safepoint: 83531 ns, At safepoint: 10679 ns, Total: 94210 ns
[2020-09-11T17:52:18.761+0000][1][safepoint    ] Safepoint "RevokeBias", Time since last: 303512 ns, Reaching safepoint: 38104 ns, At safepoint: 6140 ns, Total: 44244 ns
[2020-09-11T17:52:18.762+0000][1][safepoint    ] Safepoint "RevokeBias", Time since last: 521637 ns, Reaching safepoint: 38678 ns, At safepoint: 6064 ns, Total: 44742 ns
[2020-09-11T17:52:18.763+0000][1][safepoint    ] Safepoint "RevokeBias", Time since last: 583761 ns, Reaching safepoint: 39168 ns, At safepoint: 6333 ns, Total: 45501 ns
[2020-09-11T17:52:18.766+0000][1][safepoint    ] Safepoint "BulkRevokeBias", Time since last: 1273245 ns, Reaching safepoint: 49810 ns, At safepoint: 2406512 ns, Total: 2456322 ns
[2020-09-11T17:52:18.776+0000][1][safepoint    ] Safepoint "RevokeBias", Time since last: 9011992 ns, Reaching safepoint: 225143 ns, At safepoint: 29730 ns, Total: 254873 ns
[2020-09-11T17:52:18.776+0000][1][safepoint    ] Safepoint "RevokeBias", Time since last: 629721 ns, Reaching safepoint: 114089 ns, At safepoint: 26690 ns, Total: 140779 ns
[2020-09-11T17:52:18.784+0000][1][safepoint    ] Safepoint "RevokeBias", Time since last: 7077141 ns, Reaching safepoint: 149464 ns, At safepoint: 26796 ns, Total: 176260 ns
[2020-09-11T17:52:18.805+0000][1][safepoint    ] Safepoint "RevokeBias", Time since last: 11470561 ns, Reaching safepoint: 9947208 ns, At safepoint: 26338 ns, Total: 9973546 ns
[2020-09-11T17:52:18.820+0000][1][safepoint    ] Safepoint "BulkRevokeBias", Time since last: 14485170 ns, Reaching safepoint: 142877 ns, At safepoint: 222485 ns, Total: 365362 ns
[2020-09-11T17:52:18.826+0000][1][safepoint    ] Safepoint "RevokeBias", Time since last: 5486780 ns, Reaching safepoint: 145434 ns, At safepoint: 9776 ns, Total: 155210 ns
[2020-09-11T17:52:19.038+0000][1][safepoint    ] Safepoint "RevokeBias", Time since last: 212784754 ns, Reaching safepoint: 96950 ns, At safepoint: 14042 ns, Total: 110992 ns
[2020-09-11T17:52:19.047+0000][1][safepoint    ] Safepoint "RevokeBias", Time since last: 8398145 ns, Reaching safepoint: 80551 ns, At safepoint: 34693 ns, Total: 115244 ns
[2020-09-11T17:52:19.053+0000][1][safepoint    ] Safepoint "RevokeBias", Time since last: 5963394 ns, Reaching safepoint: 84622 ns, At safepoint: 37828 ns, Total: 122450 ns
[2020-09-11T17:52:19.058+0000][1][safepoint    ] Safepoint "RevokeBias", Time since last: 4837528 ns, Reaching safepoint: 87236 ns, At safepoint: 32005 ns, Total: 119241 ns
[2020-09-11T17:52:19.087+0000][1][safepoint    ] Safepoint "RevokeBias", Time since last: 28685297 ns, Reaching safepoint: 98289 ns, At safepoint: 583534 ns, Total: 681823 ns
[2020-09-11T17:52:19.088+0000][1][safepoint    ] Safepoint "RevokeBias", Time since last: 363151 ns, Reaching safepoint: 43671 ns, At safepoint: 22352 ns, Total: 66023 ns
[2020-09-11T17:52:19.093+0000][1][safepoint    ] Safepoint "RevokeBias", Time since last: 5069716 ns, Reaching safepoint: 83802 ns, At safepoint: 31744 ns, Total: 115546 ns
[2020-09-11T17:52:19.093+0000][1][safepoint    ] Safepoint "RevokeBias", Time since last: 107862 ns, Reaching safepoint: 35262 ns, At safepoint: 30325 ns, Total: 65587 ns
[2020-09-11T17:52:19.113+0000][1][safepoint    ] Safepoint "RevokeBias", Time since last: 12051217 ns, Reaching safepoint: 155604 ns, At safepoint: 7479913 ns, Total: 7635517 ns
[2020-09-11T17:52:19.114+0000][1][safepoint    ] Safepoint "RevokeBias", Time since last: 325282 ns, Reaching safepoint: 153126 ns, At safepoint: 631244 ns, Total: 784370 ns
[2020-09-11T17:52:19.115+0000][1][safepoint    ] Safepoint "RevokeBias", Time since last: 603159 ns, Reaching safepoint: 126491 ns, At safepoint: 624107 ns, Total: 750598 ns
[2020-09-11T17:52:19.116+0000][1][safepoint    ] Safepoint "RevokeBias", Time since last: 23429 ns, Reaching safepoint: 41403 ns, At safepoint: 718967 ns, Total: 760370 ns
[2020-09-11T17:52:19.133+0000][1][safepoint    ] Safepoint "RevokeBias", Time since last: 41128 ns, Reaching safepoint: 876584 ns, At safepoint: 16276301 ns, Total: 17152885 ns
[2020-09-11T17:52:19.133+0000][1][safepoint    ] Safepoint "RevokeBias", Time since last: 39166 ns, Reaching safepoint: 163655 ns, At safepoint: 21806 ns, Total: 185461 ns
[2020-09-11T17:52:19.137+0000][1][safepoint    ] Safepoint "RevokeBias", Time since last: 3086759 ns, Reaching safepoint: 149538 ns, At safepoint: 160098 ns, Total: 309636 ns
[2020-09-11T17:52:19.177+0000][1][safepoint    ] Safepoint "RevokeBias", Time since last: 40413538 ns, Reaching safepoint: 88914 ns, At safepoint: 21710 ns, Total: 110624 ns
[2020-09-11T17:52:19.184+0000][1][safepoint    ] Safepoint "RevokeBias", Time since last: 5945394 ns, Reaching safepoint: 174073 ns, At safepoint: 31754 ns, Total: 205827 ns
[2020-09-11T17:52:19.184+0000][1][safepoint    ] Safepoint "RevokeBias", Time since last: 168770 ns, Reaching safepoint: 108919 ns, At safepoint: 16583 ns, Total: 125502 ns
[2020-09-11T17:52:19.189+0000][1][safepoint    ] Safepoint "RevokeBias", Time since last: 5148760 ns, Reaching safepoint: 172535 ns, At safepoint: 29059 ns, Total: 201594 ns
[2020-09-11T17:52:19.194+0000][1][safepoint    ] Safepoint "RevokeBias", Time since last: 4460645 ns, Reaching safepoint: 156633 ns, At safepoint: 27868 ns, Total: 184501 ns
[2020-09-11T17:52:19.197+0000][1][safepoint    ] Safepoint "RevokeBias", Time since last: 2967653 ns, Reaching safepoint: 161720 ns, At safepoint: 30125 ns, Total: 191845 ns
[2020-09-11T17:52:19.199+0000][1][safepoint    ] Safepoint "RevokeBias", Time since last: 1376479 ns, Reaching safepoint: 125388 ns, At safepoint: 15926 ns, Total: 141314 ns
[2020-09-11T17:52:19.199+0000][1][safepoint    ] Safepoint "RevokeBias", Time since last: 323490 ns, Reaching safepoint: 108280 ns, At safepoint: 16419 ns, Total: 124699 ns
[2020-09-11T17:52:19.201+0000][1][safepoint    ] Safepoint "RevokeBias", Time since last: 1821481 ns, Reaching safepoint: 136212 ns, At safepoint: 18240 ns, Total: 154452 ns
[2020-09-11T17:52:19.201+0000][1][safepoint    ] Safepoint "RevokeBias", Time since last: 486894 ns, Reaching safepoint: 36134 ns, At safepoint: 16318 ns, Total: 52452 ns
[2020-09-11T17:52:19.206+0000][1][safepoint    ] Safepoint "RevokeBias", Time since last: 3874054 ns, Reaching safepoint: 156780 ns, At safepoint: 168377 ns, Total: 325157 ns
[2020-09-11T17:52:19.206+0000][1][safepoint    ] Safepoint "RevokeBias", Time since last: 33969 ns, Reaching safepoint: 39490 ns, At safepoint: 465510 ns, Total: 505000 ns
[2020-09-11T17:52:19.206+0000][1][safepoint    ] Safepoint "RevokeBias", Time since last: 17175 ns, Reaching safepoint: 35639 ns, At safepoint: 118966 ns, Total: 154605 ns
[2020-09-11T17:52:19.207+0000][1][safepoint    ] Safepoint "RevokeBias", Time since last: 15158 ns, Reaching safepoint: 35401 ns, At safepoint: 589133 ns, Total: 624534 ns
[2020-09-11T17:52:19.216+0000][1][safepoint    ] Safepoint "RevokeBias", Time since last: 16964 ns, Reaching safepoint: 39350 ns, At safepoint: 8759562 ns, Total: 8798912 ns
[2020-09-11T17:52:19.223+0000][1][safepoint    ] Safepoint "RevokeBias", Time since last: 845290 ns, Reaching safepoint: 6596499 ns, At safepoint: 42973 ns, Total: 6639472 ns
[2020-09-11T17:52:19.234+0000][1][safepoint    ] Safepoint "RevokeBias", Time since last: 9981789 ns, Reaching safepoint: 1109523 ns, At safepoint: 45575 ns, Total: 1155098 ns
[2020-09-11T17:52:19.235+0000][1][safepoint    ] Safepoint "RevokeBias", Time since last: 123095 ns, Reaching safepoint: 40337 ns, At safepoint: 20037 ns, Total: 60374 ns
[2020-09-11T17:52:19.235+0000][1][safepoint    ] Safepoint "RevokeBias", Time since last: 94983 ns, Reaching safepoint: 35628 ns, At safepoint: 17847 ns, Total: 53475 ns
[2020-09-11T17:52:19.409+0000][1][safepoint    ] Safepoint "RevokeBias", Time since last: 174139291 ns, Reaching safepoint: 105769 ns, At safepoint: 9326 ns, Total: 115095 ns
[2020-09-11T17:52:19.797+0000][1][safepoint    ] Safepoint "RevokeBias", Time since last: 388219775 ns, Reaching safepoint: 152294 ns, At safepoint: 20100 ns, Total: 172394 ns
[2020-09-11T17:52:19.828+0000][1][safepoint    ] Safepoint "RevokeBias", Time since last: 29963543 ns, Reaching safepoint: 161004 ns, At safepoint: 21330 ns, Total: 182334 ns
[2020-09-11T17:52:19.858+0000][1][safepoint    ] Safepoint "RevokeBias", Time since last: 29886071 ns, Reaching safepoint: 155097 ns, At safepoint: 22672 ns, Total: 177769 ns
[2020-09-11T17:52:19.874+0000][1][safepoint    ] Safepoint "RevokeBias", Time since last: 16312762 ns, Reaching safepoint: 231403 ns, At safepoint: 21100 ns, Total: 252503 ns
[2020-09-11T17:52:19.881+0000][1][safepoint    ] Safepoint "RevokeBias", Time since last: 6829839 ns, Reaching safepoint: 161174 ns, At safepoint: 23253 ns, Total: 184427 ns
[2020-09-11T17:52:19.883+0000][1][safepoint    ] Safepoint "RevokeBias", Time since last: 1287868 ns, Reaching safepoint: 137101 ns, At safepoint: 17239 ns, Total: 154340 ns
[2020-09-11T17:52:19.886+0000][1][safepoint    ] Safepoint "RevokeBias", Time since last: 2665446 ns, Reaching safepoint: 218286 ns, At safepoint: 20792 ns, Total: 239078 ns
[2020-09-11T17:52:19.889+0000][1][safepoint    ] Safepoint "RevokeBias", Time since last: 3659294 ns, Reaching safepoint: 150220 ns, At safepoint: 20350 ns, Total: 170570 ns
[2020-09-11T17:52:19.892+0000][1][safepoint    ] Safepoint "RevokeBias", Time since last: 2525550 ns, Reaching safepoint: 133879 ns, At safepoint: 25864 ns, Total: 159743 ns
[2020-09-11T17:52:19.892+0000][1][safepoint    ] Safepoint "RevokeBias", Time since last: 169250 ns, Reaching safepoint: 107003 ns, At safepoint: 13772 ns, Total: 120775 ns
[2020-09-11T17:52:20.064+0000][1][safepoint    ] Safepoint "RevokeBias", Time since last: 171424152 ns, Reaching safepoint: 159594 ns, At safepoint: 23972 ns, Total: 183566 ns
[2020-09-11T17:52:20.064+0000][1][safepoint    ] Safepoint "RevokeBias", Time since last: 104276 ns, Reaching safepoint: 42039 ns, At safepoint: 11871 ns, Total: 53910 ns
[2020-09-11T17:52:20.065+0000][1][safepoint    ] Safepoint "RevokeBias", Time since last: 648969 ns, Reaching safepoint: 105926 ns, At safepoint: 15335 ns, Total: 121261 ns
[2020-09-11T17:52:20.065+0000][1][safepoint    ] Safepoint "RevokeBias", Time since last: 71010 ns, Reaching safepoint: 101039 ns, At safepoint: 13992 ns, Total: 115031 ns
[2020-09-11T17:52:20.197+0000][1][safepoint    ] Safepoint "RevokeBias", Time since last: 131889542 ns, Reaching safepoint: 168561 ns, At safepoint: 28675 ns, Total: 197236 ns
[2020-09-11T17:52:20.226+0000][1][safepoint    ] Safepoint "RevokeBias", Time since last: 28559764 ns, Reaching safepoint: 152755 ns, At safepoint: 18690 ns, Total: 171445 ns
[2020-09-11T17:52:20.226+0000][1][safepoint    ] Safepoint "RevokeBias", Time since last: 135710 ns, Reaching safepoint: 33575 ns, At safepoint: 12711 ns, Total: 46286 ns
[2020-09-11T17:52:20.229+0000][1][safepoint    ] Safepoint "RevokeBias", Time since last: 2673242 ns, Reaching safepoint: 43386 ns, At safepoint: 14860 ns, Total: 58246 ns
[2020-09-11T17:52:20.337+0000][1][safepoint    ] Safepoint "RevokeBias", Time since last: 107170674 ns, Reaching safepoint: 845166 ns, At safepoint: 25910 ns, Total: 871076 ns
[2020-09-11T17:52:20.355+0000][1][safepoint    ] Safepoint "RevokeBias", Time since last: 18114130 ns, Reaching safepoint: 154818 ns, At safepoint: 19043 ns, Total: 173861 ns
[2020-09-11T17:52:20.373+0000][1][safepoint    ] Safepoint "RevokeBias", Time since last: 14252863 ns, Reaching safepoint: 3085522 ns, At safepoint: 28384 ns, Total: 3113906 ns
[2020-09-11T17:52:20.393+0000][1][safepoint    ] Safepoint "RevokeBias", Time since last: 16924218 ns, Reaching safepoint: 3506089 ns, At safepoint: 26427 ns, Total: 3532516 ns
[2020-09-11T17:52:20.397+0000][1][safepoint    ] Safepoint "RevokeBias", Time since last: 3889455 ns, Reaching safepoint: 123454 ns, At safepoint: 15766 ns, Total: 139220 ns
[2020-09-11T17:52:20.397+0000][1][safepoint    ] Safepoint "RevokeBias", Time since last: 183138 ns, Reaching safepoint: 105504 ns, At safepoint: 12609 ns, Total: 118113 ns
[2020-09-11T17:52:20.398+0000][1][safepoint    ] Safepoint "BulkRevokeBias", Time since last: 179116 ns, Reaching safepoint: 104947 ns, At safepoint: 211733 ns, Total: 316680 ns
[2020-09-11T17:52:20.408+0000][1][safepoint    ] Safepoint "RevokeBias", Time since last: 9785138 ns, Reaching safepoint: 156625 ns, At safepoint: 20597 ns, Total: 177222 ns
[2020-09-11T17:52:20.409+0000][1][safepoint    ] Safepoint "RevokeBias", Time since last: 203804 ns, Reaching safepoint: 838165 ns, At safepoint: 15427 ns, Total: 853592 ns
[2020-09-11T17:52:20.409+0000][1][safepoint    ] Safepoint "RevokeBias", Time since last: 269123 ns, Reaching safepoint: 139383 ns, At safepoint: 14606 ns, Total: 153989 ns
[2020-09-11T17:52:20.425+0000][1][safepoint    ] Safepoint "RevokeBias", Time since last: 15812850 ns, Reaching safepoint: 224203 ns, At safepoint: 44100 ns, Total: 268303 ns
[2020-09-11T17:52:20.449+0000][1][safepoint    ] Safepoint "RevokeBias", Time since last: 23227980 ns, Reaching safepoint: 119587 ns, At safepoint: 9360 ns, Total: 128947 ns
[2020-09-11T17:52:20.453+0000][1][safepoint    ] Safepoint "RevokeBias", Time since last: 2725084 ns, Reaching safepoint: 1406509 ns, At safepoint: 9802 ns, Total: 1416311 ns
[2020-09-11T17:52:20.473+0000][1][safepoint    ] Safepoint "RevokeBias", Time since last: 19538567 ns, Reaching safepoint: 461592 ns, At safepoint: 11195 ns, Total: 472787 ns
[2020-09-11T17:52:20.510+0000][1][safepoint    ] Safepoint "RevokeBias", Time since last: 36618821 ns, Reaching safepoint: 96640 ns, At safepoint: 7677 ns, Total: 104317 ns
[2020-09-11T17:52:20.511+0000][1][safepoint    ] Safepoint "RevokeBias", Time since last: 1107879 ns, Reaching safepoint: 86558 ns, At safepoint: 14197 ns, Total: 100755 ns
[2020-09-11T17:52:20.549+0000][1][gc,heap,exit ] Heap
[2020-09-11T17:52:20.549+0000][1][gc,heap,exit ]  par new generation   total 76672K, used 40217K [0x00000000e0000000, 0x00000000e5330000, 0x00000000e5330000)
[2020-09-11T17:52:20.549+0000][1][gc,heap,exit ]   eden space 68160K,  58% used [0x00000000e0000000, 0x00000000e26f5d30, 0x00000000e4290000)
[2020-09-11T17:52:20.549+0000][1][gc,heap,exit ]   from space 8512K,   3% used [0x00000000e4290000, 0x00000000e42e0808, 0x00000000e4ae0000)
[2020-09-11T17:52:20.549+0000][1][gc,heap,exit ]   to   space 8512K,   0% used [0x00000000e4ae0000, 0x00000000e4ae0000, 0x00000000e5330000)
[2020-09-11T17:52:20.549+0000][1][gc,heap,exit ]  concurrent mark-sweep generation total 439104K, used 78357K [0x00000000e5330000, 0x0000000100000000, 0x0000000100000000)
[2020-09-11T17:52:20.549+0000][1][gc,heap,exit ]  Metaspace       used 97713K, capacity 104988K, committed 105264K, reserved 1138688K
[2020-09-11T17:52:20.549+0000][1][gc,heap,exit ]   class space    used 12454K, capacity 15523K, committed 15596K, reserved 1048576K
