[2020-09-11T13:09:45.353+0000][185][gc] Using Concurrent Mark Sweep
[2020-09-11T13:09:45.353+0000][185][gc,heap,coops] Heap address: 0x00000000e0000000, size: 512 MB, Compressed Oops mode: 32-bit
[2020-09-11T13:09:45.900+0000][185][safepoint    ] Safepoint "EnableBiasedLocking", Time since last: 267458216 ns, Reaching safepoint: 593331 ns, At safepoint: 42558 ns, Total: 635889 ns
[2020-09-11T13:09:45.902+0000][185][gc,heap,exit ] Heap
[2020-09-11T13:09:45.902+0000][185][gc,heap,exit ]  par new generation   total 76672K, used 4089K [0x00000000e0000000, 0x00000000e5330000, 0x00000000e5330000)
[2020-09-11T13:09:45.902+0000][185][gc,heap,exit ]   eden space 68160K,   6% used [0x00000000e0000000, 0x00000000e03fe7f0, 0x00000000e4290000)
[2020-09-11T13:09:45.902+0000][185][gc,heap,exit ]   from space 8512K,   0% used [0x00000000e4290000, 0x00000000e4290000, 0x00000000e4ae0000)
[2020-09-11T13:09:45.902+0000][185][gc,heap,exit ]   to   space 8512K,   0% used [0x00000000e4ae0000, 0x00000000e4ae0000, 0x00000000e5330000)
[2020-09-11T13:09:45.902+0000][185][gc,heap,exit ]  concurrent mark-sweep generation total 439104K, used 0K [0x00000000e5330000, 0x0000000100000000, 0x0000000100000000)
[2020-09-11T13:09:45.902+0000][185][gc,heap,exit ]  Metaspace       used 175K, capacity 4480K, committed 4480K, reserved 1056768K
[2020-09-11T13:09:45.902+0000][185][gc,heap,exit ]   class space    used 8K, capacity 384K, committed 384K, reserved 1048576K
