[2020-09-11T13:57:33.936+0000][1][gc] Using Concurrent Mark Sweep
[2020-09-11T13:57:33.936+0000][1][gc,heap,coops] Heap address: 0x00000000e0000000, size: 512 MB, Compressed Oops mode: 32-bit
[2020-09-11T13:57:34.140+0000][1][safepoint    ] Safepoint "EnableBiasedLocking", Time since last: 180574562 ns, Reaching safepoint: 103328 ns, At safepoint: 37757 ns, Total: 141085 ns
[2020-09-11T13:57:34.152+0000][1][safepoint    ] Safepoint "RevokeBias", Time since last: 7541328 ns, Reaching safepoint: 3722039 ns, At safepoint: 54078 ns, Total: 3776117 ns
[2020-09-11T13:57:34.203+0000][1][safepoint    ] Safepoint "Deoptimize", Time since last: 47988014 ns, Reaching safepoint: 3955455 ns, At safepoint: 34282 ns, Total: 3989737 ns
[2020-09-11T13:57:34.696+0000][1][safepoint    ] Safepoint "RevokeBias", Time since last: 491949489 ns, Reaching safepoint: 117120 ns, At safepoint: 38834 ns, Total: 155954 ns
[2020-09-11T13:57:34.728+0000][1][safepoint    ] Safepoint "RevokeBias", Time since last: 26325700 ns, Reaching safepoint: 5921005 ns, At safepoint: 45045 ns, Total: 5966050 ns
[2020-09-11T13:57:34.731+0000][1][safepoint    ] Safepoint "Deoptimize", Time since last: 2085698 ns, Reaching safepoint: 1453363 ns, At safepoint: 35288 ns, Total: 1488651 ns
[2020-09-11T13:57:34.742+0000][1][safepoint    ] Safepoint "Deoptimize", Time since last: 10151805 ns, Reaching safepoint: 92098 ns, At safepoint: 35140 ns, Total: 127238 ns
[2020-09-11T13:57:34.929+0000][1][safepoint    ] Safepoint "Deoptimize", Time since last: 181743678 ns, Reaching safepoint: 5325799 ns, At safepoint: 60508 ns, Total: 5386307 ns
[2020-09-11T13:57:35.929+0000][1][safepoint    ] Safepoint "Cleanup", Time since last: 1000116359 ns, Reaching safepoint: 145688 ns, At safepoint: 5919 ns, Total: 151607 ns
[2020-09-11T13:57:36.693+0000][1][safepoint    ] Safepoint "Deoptimize", Time since last: 763672516 ns, Reaching safepoint: 140045 ns, At safepoint: 66762 ns, Total: 206807 ns
[2020-09-11T13:57:36.939+0000][1][safepoint    ] Safepoint "Deoptimize", Time since last: 243600111 ns, Reaching safepoint: 1881645 ns, At safepoint: 76799 ns, Total: 1958444 ns
[2020-09-11T13:57:37.189+0000][1][safepoint    ] Safepoint "Deoptimize", Time since last: 248524583 ns, Reaching safepoint: 1513779 ns, At safepoint: 79395 ns, Total: 1593174 ns
[2020-09-11T13:57:37.776+0000][1][safepoint    ] Safepoint "Deoptimize", Time since last: 586724596 ns, Reaching safepoint: 104347 ns, At safepoint: 80759 ns, Total: 185106 ns
[2020-09-11T13:57:38.626+0000][1][safepoint    ] Safepoint "Deoptimize", Time since last: 849834066 ns, Reaching safepoint: 123911 ns, At safepoint: 86636 ns, Total: 210547 ns
[2020-09-11T13:57:39.632+0000][1][safepoint    ] Safepoint "Cleanup", Time since last: 1005777290 ns, Reaching safepoint: 111299 ns, At safepoint: 7308 ns, Total: 118607 ns
[2020-09-11T13:57:39.784+0000][1][safepoint    ] Safepoint "Deoptimize", Time since last: 147905642 ns, Reaching safepoint: 4023267 ns, At safepoint: 110276 ns, Total: 4133543 ns
[2020-09-11T13:57:40.136+0000][1][safepoint    ] Safepoint "RevokeBias", Time since last: 348682931 ns, Reaching safepoint: 3199184 ns, At safepoint: 58474 ns, Total: 3257658 ns
[2020-09-11T13:57:40.920+0000][1][safepoint    ] Safepoint "Deoptimize", Time since last: 780829621 ns, Reaching safepoint: 3108774 ns, At safepoint: 121313 ns, Total: 3230087 ns
[2020-09-11T13:57:40.925+0000][1][safepoint    ] Safepoint "Deoptimize", Time since last: 5314361 ns, Reaching safepoint: 89518 ns, At safepoint: 128654 ns, Total: 218172 ns
[2020-09-11T13:57:41.128+0000][1][safepoint    ] Safepoint "Deoptimize", Time since last: 198302579 ns, Reaching safepoint: 4056934 ns, At safepoint: 146277 ns, Total: 4203211 ns
[2020-09-11T13:57:41.133+0000][1][safepoint    ] Safepoint "Deoptimize", Time since last: 5257822 ns, Reaching safepoint: 99919 ns, At safepoint: 130073 ns, Total: 229992 ns
[2020-09-11T13:57:41.175+0000][1][safepoint    ] Safepoint "RevokeBias", Time since last: 41440669 ns, Reaching safepoint: 895080 ns, At safepoint: 37295 ns, Total: 932375 ns
[2020-09-11T13:57:41.176+0000][1][safepoint    ] Safepoint "RevokeBias", Time since last: 227280 ns, Reaching safepoint: 99938 ns, At safepoint: 26414 ns, Total: 126352 ns
[2020-09-11T13:57:41.176+0000][1][safepoint    ] Safepoint "RevokeBias", Time since last: 56463 ns, Reaching safepoint: 243357 ns, At safepoint: 29031 ns, Total: 272388 ns
[2020-09-11T13:57:41.176+0000][1][safepoint    ] Safepoint "RevokeBias", Time since last: 62451 ns, Reaching safepoint: 84845 ns, At safepoint: 24304 ns, Total: 109149 ns
[2020-09-11T13:57:41.177+0000][1][safepoint    ] Safepoint "RevokeBias", Time since last: 151227 ns, Reaching safepoint: 454270 ns, At safepoint: 26270 ns, Total: 480540 ns
[2020-09-11T13:57:41.523+0000][1][safepoint    ] Safepoint "RevokeBias", Time since last: 345143614 ns, Reaching safepoint: 1334594 ns, At safepoint: 15917 ns, Total: 1350511 ns
[2020-09-11T13:57:42.537+0000][1][safepoint    ] Safepoint "Cleanup", Time since last: 1000109538 ns, Reaching safepoint: 13501531 ns, At safepoint: 16109 ns, Total: 13517640 ns
[2020-09-11T13:57:42.951+0000][1][gc,start     ] GC(0) Pause Young (Allocation Failure)
[2020-09-11T13:57:42.952+0000][1][gc,task      ] GC(0) Using 1 workers of 1 for evacuation
[2020-09-11T13:57:42.993+0000][1][gc,age       ] GC(0) Desired survivor size 4358144 bytes, new threshold 1 (max threshold 6)
[2020-09-11T13:57:42.993+0000][1][gc,age       ] GC(0) Age table with threshold 1 (max threshold 6)
[2020-09-11T13:57:42.993+0000][1][gc,age       ] GC(0) - age   1:    6299504 bytes,    6299504 total
[2020-09-11T13:57:42.993+0000][1][gc,heap      ] GC(0) ParNew: 68160K->6180K(76672K)
[2020-09-11T13:57:42.993+0000][1][gc,heap      ] GC(0) CMS: 0K->0K(439104K)
[2020-09-11T13:57:42.993+0000][1][gc,metaspace ] GC(0) Metaspace: 13257K->13257K(1060864K)
[2020-09-11T13:57:42.993+0000][1][gc           ] GC(0) Pause Young (Allocation Failure) 66M->6M(503M) 41.818ms
[2020-09-11T13:57:42.993+0000][1][gc,cpu       ] GC(0) User=0.01s Sys=0.00s Real=0.04s
[2020-09-11T13:57:43.011+0000][1][safepoint    ] Safepoint "GenCollectForAllocation", Time since last: 410922251 ns, Reaching safepoint: 3433218 ns, At safepoint: 59643080 ns, Total: 63076298 ns
[2020-09-11T13:57:43.031+0000][1][safepoint    ] Safepoint "RevokeBias", Time since last: 15548078 ns, Reaching safepoint: 4336344 ns, At safepoint: 71443 ns, Total: 4407787 ns
[2020-09-11T13:57:43.032+0000][1][safepoint    ] Safepoint "RevokeBias", Time since last: 439539 ns, Reaching safepoint: 88103 ns, At safepoint: 36347 ns, Total: 124450 ns
[2020-09-11T13:57:43.032+0000][1][safepoint    ] Safepoint "RevokeBias", Time since last: 53630 ns, Reaching safepoint: 84952 ns, At safepoint: 41839 ns, Total: 126791 ns
[2020-09-11T13:57:43.032+0000][1][safepoint    ] Safepoint "RevokeBias", Time since last: 29287 ns, Reaching safepoint: 81033 ns, At safepoint: 29723 ns, Total: 110756 ns
[2020-09-11T13:57:43.032+0000][1][safepoint    ] Safepoint "RevokeBias", Time since last: 38833 ns, Reaching safepoint: 80165 ns, At safepoint: 30537 ns, Total: 110702 ns
[2020-09-11T13:57:43.033+0000][1][safepoint    ] Safepoint "RevokeBias", Time since last: 24643 ns, Reaching safepoint: 78544 ns, At safepoint: 333655 ns, Total: 412199 ns
[2020-09-11T13:57:43.035+0000][1][safepoint    ] Safepoint "RevokeBias", Time since last: 34786 ns, Reaching safepoint: 78439 ns, At safepoint: 2807543 ns, Total: 2885982 ns
[2020-09-11T13:57:43.036+0000][1][safepoint    ] Safepoint "RevokeBias", Time since last: 36261 ns, Reaching safepoint: 83352 ns, At safepoint: 27541 ns, Total: 110893 ns
[2020-09-11T13:57:43.036+0000][1][safepoint    ] Safepoint "RevokeBias", Time since last: 38424 ns, Reaching safepoint: 79237 ns, At safepoint: 24513 ns, Total: 103750 ns
[2020-09-11T13:57:43.036+0000][1][safepoint    ] Safepoint "RevokeBias", Time since last: 24320 ns, Reaching safepoint: 78149 ns, At safepoint: 26233 ns, Total: 104382 ns
[2020-09-11T13:57:43.036+0000][1][safepoint    ] Safepoint "RevokeBias", Time since last: 47005 ns, Reaching safepoint: 78053 ns, At safepoint: 24555 ns, Total: 102608 ns
[2020-09-11T13:57:43.036+0000][1][safepoint    ] Safepoint "RevokeBias", Time since last: 23409 ns, Reaching safepoint: 77111 ns, At safepoint: 23432 ns, Total: 100543 ns
[2020-09-11T13:57:43.048+0000][1][safepoint    ] Safepoint "RevokeBias", Time since last: 11340102 ns, Reaching safepoint: 104568 ns, At safepoint: 57862 ns, Total: 162430 ns
[2020-09-11T13:57:43.048+0000][1][safepoint    ] Safepoint "RevokeBias", Time since last: 50693 ns, Reaching safepoint: 88495 ns, At safepoint: 46990 ns, Total: 135485 ns
[2020-09-11T13:57:43.048+0000][1][safepoint    ] Safepoint "RevokeBias", Time since last: 182251 ns, Reaching safepoint: 86893 ns, At safepoint: 44750 ns, Total: 131643 ns
[2020-09-11T13:57:43.048+0000][1][safepoint    ] Safepoint "RevokeBias", Time since last: 27981 ns, Reaching safepoint: 82504 ns, At safepoint: 39957 ns, Total: 122461 ns
[2020-09-11T13:57:43.048+0000][1][safepoint    ] Safepoint "RevokeBias", Time since last: 46330 ns, Reaching safepoint: 81012 ns, At safepoint: 39427 ns, Total: 120439 ns
[2020-09-11T13:57:43.049+0000][1][safepoint    ] Safepoint "RevokeBias", Time since last: 24518 ns, Reaching safepoint: 80664 ns, At safepoint: 39214 ns, Total: 119878 ns
[2020-09-11T13:57:43.056+0000][1][safepoint    ] Safepoint "RevokeBias", Time since last: 31989 ns, Reaching safepoint: 6820081 ns, At safepoint: 67405 ns, Total: 6887486 ns
[2020-09-11T13:57:43.056+0000][1][safepoint    ] Safepoint "RevokeBias", Time since last: 51495 ns, Reaching safepoint: 89422 ns, At safepoint: 47866 ns, Total: 137288 ns
[2020-09-11T13:57:43.056+0000][1][safepoint    ] Safepoint "RevokeBias", Time since last: 52622 ns, Reaching safepoint: 85423 ns, At safepoint: 45738 ns, Total: 131161 ns
[2020-09-11T13:57:43.056+0000][1][safepoint    ] Safepoint "RevokeBias", Time since last: 29749 ns, Reaching safepoint: 82767 ns, At safepoint: 41780 ns, Total: 124547 ns
[2020-09-11T13:57:43.059+0000][1][safepoint    ] Safepoint "RevokeBias", Time since last: 44264 ns, Reaching safepoint: 3351123 ns, At safepoint: 52594 ns, Total: 3403717 ns
[2020-09-11T13:57:43.061+0000][1][safepoint    ] Safepoint "RevokeBias", Time since last: 41077 ns, Reaching safepoint: 1427120 ns, At safepoint: 40348 ns, Total: 1467468 ns
[2020-09-11T13:57:43.061+0000][1][safepoint    ] Safepoint "RevokeBias", Time since last: 82524 ns, Reaching safepoint: 79013 ns, At safepoint: 34136 ns, Total: 113149 ns
[2020-09-11T13:57:43.088+0000][1][safepoint    ] Safepoint "RevokeBias", Time since last: 22248393 ns, Reaching safepoint: 4023335 ns, At safepoint: 57103 ns, Total: 4080438 ns
[2020-09-11T13:57:43.091+0000][1][safepoint    ] Safepoint "RevokeBias", Time since last: 1168580 ns, Reaching safepoint: 2745458 ns, At safepoint: 57275 ns, Total: 2802733 ns
[2020-09-11T13:57:43.092+0000][1][safepoint    ] Safepoint "RevokeBias", Time since last: 51127 ns, Reaching safepoint: 388036 ns, At safepoint: 40975 ns, Total: 429011 ns
[2020-09-11T13:57:43.093+0000][1][safepoint    ] Safepoint "RevokeBias", Time since last: 398285 ns, Reaching safepoint: 518587 ns, At safepoint: 44923 ns, Total: 563510 ns
[2020-09-11T13:57:43.095+0000][1][safepoint    ] Safepoint "RevokeBias", Time since last: 36255 ns, Reaching safepoint: 2370368 ns, At safepoint: 64725 ns, Total: 2435093 ns
[2020-09-11T13:57:43.412+0000][1][safepoint    ] Safepoint "Deoptimize", Time since last: 312358649 ns, Reaching safepoint: 3696237 ns, At safepoint: 198479 ns, Total: 3894716 ns
[2020-09-11T13:57:44.412+0000][1][safepoint    ] Safepoint "Cleanup", Time since last: 1000111942 ns, Reaching safepoint: 126967 ns, At safepoint: 7764 ns, Total: 134731 ns
[2020-09-11T13:57:44.604+0000][1][safepoint    ] Safepoint "RevokeBias", Time since last: 191520918 ns, Reaching safepoint: 105521 ns, At safepoint: 36171 ns, Total: 141692 ns
[2020-09-11T13:57:45.611+0000][1][safepoint    ] Safepoint "Cleanup", Time since last: 1003865050 ns, Reaching safepoint: 4025784 ns, At safepoint: 8052 ns, Total: 4033836 ns
[2020-09-11T13:57:46.152+0000][1][safepoint    ] Safepoint "Deoptimize", Time since last: 539988985 ns, Reaching safepoint: 117962 ns, At safepoint: 173752 ns, Total: 291714 ns
[2020-09-11T13:57:46.531+0000][1][gc,start     ] GC(1) Pause Young (Allocation Failure)
[2020-09-11T13:57:46.531+0000][1][gc,task      ] GC(1) Using 1 workers of 1 for evacuation
[2020-09-11T13:57:46.656+0000][1][gc,age       ] GC(1) Desired survivor size 4358144 bytes, new threshold 6 (max threshold 6)
[2020-09-11T13:57:46.656+0000][1][gc,age       ] GC(1) Age table with threshold 6 (max threshold 6)
[2020-09-11T13:57:46.656+0000][1][gc,age       ] GC(1) - age   1:    3699456 bytes,    3699456 total
[2020-09-11T13:57:46.656+0000][1][gc,heap      ] GC(1) ParNew: 74340K->4059K(76672K)
[2020-09-11T13:57:46.656+0000][1][gc,heap      ] GC(1) CMS: 0K->6629K(439104K)
[2020-09-11T13:57:46.656+0000][1][gc,metaspace ] GC(1) Metaspace: 18046K->18046K(1064960K)
[2020-09-11T13:57:46.656+0000][1][gc           ] GC(1) Pause Young (Allocation Failure) 72M->10M(503M) 124.605ms
[2020-09-11T13:57:46.656+0000][1][gc,cpu       ] GC(1) User=0.04s Sys=0.00s Real=0.13s
[2020-09-11T13:57:46.656+0000][1][safepoint    ] Safepoint "GenCollectForAllocation", Time since last: 378621896 ns, Reaching safepoint: 997503 ns, At safepoint: 124666099 ns, Total: 125663602 ns
[2020-09-11T13:57:46.691+0000][1][safepoint    ] Safepoint "BulkRevokeBias", Time since last: 24616909 ns, Reaching safepoint: 10365382 ns, At safepoint: 110088 ns, Total: 10475470 ns
[2020-09-11T13:57:46.691+0000][1][safepoint    ] Safepoint "RevokeBias", Time since last: 105086 ns, Reaching safepoint: 86480 ns, At safepoint: 36910 ns, Total: 123390 ns
[2020-09-11T13:57:46.725+0000][1][safepoint    ] Safepoint "RevokeBias", Time since last: 24086466 ns, Reaching safepoint: 9235049 ns, At safepoint: 63855 ns, Total: 9298904 ns
[2020-09-11T13:57:46.725+0000][1][safepoint    ] Safepoint "RevokeBias", Time since last: 88761 ns, Reaching safepoint: 81470 ns, At safepoint: 39846 ns, Total: 121316 ns
[2020-09-11T13:57:46.725+0000][1][safepoint    ] Safepoint "RevokeBias", Time since last: 30372 ns, Reaching safepoint: 78973 ns, At safepoint: 37911 ns, Total: 116884 ns
[2020-09-11T13:57:46.725+0000][1][safepoint    ] Safepoint "RevokeBias", Time since last: 34964 ns, Reaching safepoint: 78998 ns, At safepoint: 39990 ns, Total: 118988 ns
[2020-09-11T13:57:46.725+0000][1][safepoint    ] Safepoint "RevokeBias", Time since last: 27945 ns, Reaching safepoint: 77335 ns, At safepoint: 36382 ns, Total: 113717 ns
[2020-09-11T13:57:46.727+0000][1][safepoint    ] Safepoint "BulkRevokeBias", Time since last: 32887 ns, Reaching safepoint: 2008195 ns, At safepoint: 70771 ns, Total: 2078966 ns
[2020-09-11T13:57:46.728+0000][1][safepoint    ] Safepoint "BulkRevokeBias", Time since last: 47727 ns, Reaching safepoint: 80191 ns, At safepoint: 50153 ns, Total: 130344 ns
[2020-09-11T13:57:46.984+0000][1][safepoint    ] Safepoint "Deoptimize", Time since last: 256105366 ns, Reaching safepoint: 115488 ns, At safepoint: 195007 ns, Total: 310495 ns
[2020-09-11T13:57:47.044+0000][1][safepoint    ] Safepoint "Deoptimize", Time since last: 57063677 ns, Reaching safepoint: 2323693 ns, At safepoint: 284700 ns, Total: 2608393 ns
[2020-09-11T13:57:48.020+0000][1][safepoint    ] Safepoint "Deoptimize", Time since last: 974295604 ns, Reaching safepoint: 1383469 ns, At safepoint: 190284 ns, Total: 1573753 ns
[2020-09-11T13:57:48.023+0000][1][safepoint    ] Safepoint "RevokeBias", Time since last: 470119 ns, Reaching safepoint: 3305286 ns, At safepoint: 40981 ns, Total: 3346267 ns
[2020-09-11T13:57:48.026+0000][1][safepoint    ] Safepoint "Deoptimize", Time since last: 844537 ns, Reaching safepoint: 1235997 ns, At safepoint: 179576 ns, Total: 1415573 ns
[2020-09-11T13:57:49.028+0000][1][safepoint    ] Safepoint "Cleanup", Time since last: 1001705510 ns, Reaching safepoint: 123300 ns, At safepoint: 6333 ns, Total: 129633 ns
[2020-09-11T13:57:49.272+0000][1][gc,start     ] GC(2) Pause Young (Allocation Failure)
[2020-09-11T13:57:49.272+0000][1][gc,task      ] GC(2) Using 1 workers of 1 for evacuation
[2020-09-11T13:57:49.305+0000][1][gc,age       ] GC(2) Desired survivor size 4358144 bytes, new threshold 2 (max threshold 6)
[2020-09-11T13:57:49.305+0000][1][gc,age       ] GC(2) Age table with threshold 2 (max threshold 6)
[2020-09-11T13:57:49.305+0000][1][gc,age       ] GC(2) - age   1:    2837688 bytes,    2837688 total
[2020-09-11T13:57:49.305+0000][1][gc,age       ] GC(2) - age   2:    3506096 bytes,    6343784 total
[2020-09-11T13:57:49.305+0000][1][gc,heap      ] GC(2) ParNew: 72219K->7461K(76672K)
[2020-09-11T13:57:49.305+0000][1][gc,heap      ] GC(2) CMS: 6629K->6629K(439104K)
[2020-09-11T13:57:49.305+0000][1][gc,metaspace ] GC(2) Metaspace: 20053K->20053K(1067008K)
[2020-09-11T13:57:49.305+0000][1][gc           ] GC(2) Pause Young (Allocation Failure) 77M->13M(503M) 33.532ms
[2020-09-11T13:57:49.305+0000][1][gc,cpu       ] GC(2) User=0.01s Sys=0.00s Real=0.04s
[2020-09-11T13:57:49.319+0000][1][safepoint    ] Safepoint "GenCollectForAllocation", Time since last: 243961182 ns, Reaching safepoint: 116033 ns, At safepoint: 47816058 ns, Total: 47932091 ns
[2020-09-11T13:57:49.352+0000][1][safepoint    ] Safepoint "RevokeBias", Time since last: 31994797 ns, Reaching safepoint: 587265 ns, At safepoint: 77814 ns, Total: 665079 ns
[2020-09-11T13:57:49.352+0000][1][safepoint    ] Safepoint "RevokeBias", Time since last: 59883 ns, Reaching safepoint: 250695 ns, At safepoint: 16144 ns, Total: 266839 ns
[2020-09-11T13:57:49.353+0000][1][safepoint    ] Safepoint "RevokeBias", Time since last: 89681 ns, Reaching safepoint: 79003 ns, At safepoint: 14570 ns, Total: 93573 ns
[2020-09-11T13:57:49.353+0000][1][safepoint    ] Safepoint "RevokeBias", Time since last: 32382 ns, Reaching safepoint: 297700 ns, At safepoint: 22465 ns, Total: 320165 ns
[2020-09-11T13:57:49.355+0000][1][safepoint    ] Safepoint "RevokeBias", Time since last: 34903 ns, Reaching safepoint: 2427963 ns, At safepoint: 27743 ns, Total: 2455706 ns
[2020-09-11T13:57:49.356+0000][1][safepoint    ] Safepoint "RevokeBias", Time since last: 57687 ns, Reaching safepoint: 78971 ns, At safepoint: 15360 ns, Total: 94331 ns
[2020-09-11T13:57:49.356+0000][1][safepoint    ] Safepoint "RevokeBias", Time since last: 36476 ns, Reaching safepoint: 77572 ns, At safepoint: 18335 ns, Total: 95907 ns
[2020-09-11T13:57:49.356+0000][1][safepoint    ] Safepoint "RevokeBias", Time since last: 31105 ns, Reaching safepoint: 195614 ns, At safepoint: 19024 ns, Total: 214638 ns
[2020-09-11T13:57:49.356+0000][1][safepoint    ] Safepoint "RevokeBias", Time since last: 32501 ns, Reaching safepoint: 78713 ns, At safepoint: 19940 ns, Total: 98653 ns
[2020-09-11T13:57:49.385+0000][1][safepoint    ] Safepoint "RevokeBias", Time since last: 28524566 ns, Reaching safepoint: 376515 ns, At safepoint: 26393 ns, Total: 402908 ns
[2020-09-11T13:57:49.385+0000][1][safepoint    ] Safepoint "RevokeBias", Time since last: 112032 ns, Reaching safepoint: 79796 ns, At safepoint: 16779 ns, Total: 96575 ns
[2020-09-11T13:57:50.218+0000][1][gc,start     ] GC(3) Pause Young (Allocation Failure)
[2020-09-11T13:57:50.218+0000][1][gc,task      ] GC(3) Using 1 workers of 1 for evacuation
[2020-09-11T13:57:50.278+0000][1][gc,age       ] GC(3) Desired survivor size 4358144 bytes, new threshold 6 (max threshold 6)
[2020-09-11T13:57:50.278+0000][1][gc,age       ] GC(3) Age table with threshold 6 (max threshold 6)
[2020-09-11T13:57:50.278+0000][1][gc,age       ] GC(3) - age   1:    1219288 bytes,    1219288 total
[2020-09-11T13:57:50.278+0000][1][gc,age       ] GC(3) - age   2:     939776 bytes,    2159064 total
[2020-09-11T13:57:50.278+0000][1][gc,heap      ] GC(3) ParNew: 75621K->5567K(76672K)
[2020-09-11T13:57:50.278+0000][1][gc,heap      ] GC(3) CMS: 6629K->10080K(439104K)
[2020-09-11T13:57:50.278+0000][1][gc,metaspace ] GC(3) Metaspace: 20314K->20314K(1067008K)
[2020-09-11T13:57:50.278+0000][1][gc           ] GC(3) Pause Young (Allocation Failure) 80M->15M(503M) 59.592ms
[2020-09-11T13:57:50.278+0000][1][gc,cpu       ] GC(3) User=0.02s Sys=0.00s Real=0.06s
[2020-09-11T13:57:50.287+0000][1][safepoint    ] Safepoint "GenCollectForAllocation", Time since last: 832969016 ns, Reaching safepoint: 115289 ns, At safepoint: 69110435 ns, Total: 69225724 ns
[2020-09-11T13:57:50.310+0000][1][safepoint    ] Safepoint "RevokeBias", Time since last: 8061244 ns, Reaching safepoint: 14716728 ns, At safepoint: 32566 ns, Total: 14749294 ns
[2020-09-11T13:57:50.317+0000][1][safepoint    ] Safepoint "RevokeBias", Time since last: 6940434 ns, Reaching safepoint: 114362 ns, At safepoint: 37460 ns, Total: 151822 ns
[2020-09-11T13:57:50.318+0000][1][safepoint    ] Safepoint "RevokeBias", Time since last: 65534 ns, Reaching safepoint: 78472 ns, At safepoint: 17934 ns, Total: 96406 ns
[2020-09-11T13:57:50.318+0000][1][safepoint    ] Safepoint "RevokeBias", Time since last: 28525 ns, Reaching safepoint: 76939 ns, At safepoint: 16424 ns, Total: 93363 ns
[2020-09-11T13:57:50.318+0000][1][safepoint    ] Safepoint "RevokeBias", Time since last: 31661 ns, Reaching safepoint: 76729 ns, At safepoint: 16561 ns, Total: 93290 ns
[2020-09-11T13:57:50.318+0000][1][safepoint    ] Safepoint "RevokeBias", Time since last: 26623 ns, Reaching safepoint: 76711 ns, At safepoint: 17196 ns, Total: 93907 ns
[2020-09-11T13:57:50.318+0000][1][safepoint    ] Safepoint "RevokeBias", Time since last: 30509 ns, Reaching safepoint: 78628 ns, At safepoint: 21159 ns, Total: 99787 ns
[2020-09-11T13:57:50.318+0000][1][safepoint    ] Safepoint "RevokeBias", Time since last: 26612 ns, Reaching safepoint: 77439 ns, At safepoint: 17653 ns, Total: 95092 ns
[2020-09-11T13:57:50.842+0000][1][safepoint    ] Safepoint "CollectForMetadataAllocation", Time since last: 523163306 ns, Reaching safepoint: 111916 ns, At safepoint: 338705 ns, Total: 450621 ns
[2020-09-11T13:57:50.996+0000][1][safepoint    ] Safepoint "CollectForMetadataAllocation", Time since last: 153686388 ns, Reaching safepoint: 104871 ns, At safepoint: 117741 ns, Total: 222612 ns
[2020-09-11T13:57:51.142+0000][1][gc,start     ] GC(4) Pause Young (Allocation Failure)
[2020-09-11T13:57:51.142+0000][1][gc,task      ] GC(4) Using 1 workers of 1 for evacuation
[2020-09-11T13:57:51.174+0000][1][gc,age       ] GC(4) Desired survivor size 4358144 bytes, new threshold 6 (max threshold 6)
[2020-09-11T13:57:51.174+0000][1][gc,age       ] GC(4) Age table with threshold 6 (max threshold 6)
[2020-09-11T13:57:51.174+0000][1][gc,age       ] GC(4) - age   1:    2015656 bytes,    2015656 total
[2020-09-11T13:57:51.174+0000][1][gc,age       ] GC(4) - age   2:     351768 bytes,    2367424 total
[2020-09-11T13:57:51.174+0000][1][gc,age       ] GC(4) - age   3:     939680 bytes,    3307104 total
[2020-09-11T13:57:51.174+0000][1][gc,heap      ] GC(4) ParNew: 73727K->3838K(76672K)
[2020-09-11T13:57:51.174+0000][1][gc,heap      ] GC(4) CMS: 10080K->10080K(439104K)
[2020-09-11T13:57:51.174+0000][1][gc,metaspace ] GC(4) Metaspace: 20838K->20838K(1069056K)
[2020-09-11T13:57:51.174+0000][1][gc           ] GC(4) Pause Young (Allocation Failure) 81M->13M(503M) 31.755ms
[2020-09-11T13:57:51.174+0000][1][gc,cpu       ] GC(4) User=0.02s Sys=0.00s Real=0.03s
[2020-09-11T13:57:51.191+0000][1][safepoint    ] Safepoint "GenCollectForAllocation", Time since last: 146200847 ns, Reaching safepoint: 111851 ns, At safepoint: 49464686 ns, Total: 49576537 ns
[2020-09-11T13:57:51.216+0000][1][gc,start     ] GC(5) Pause Initial Mark
[2020-09-11T13:57:51.228+0000][1][gc           ] GC(5) Pause Initial Mark 20M->20M(503M) 11.872ms
[2020-09-11T13:57:51.228+0000][1][gc,cpu       ] GC(5) User=0.00s Sys=0.00s Real=0.01s
[2020-09-11T13:57:51.250+0000][1][safepoint    ] Safepoint "BulkRevokeBias", Time since last: 23999853 ns, Reaching safepoint: 899739 ns, At safepoint: 33279238 ns, Total: 34178977 ns
[2020-09-11T13:57:51.250+0000][1][gc           ] GC(5) Concurrent Mark
[2020-09-11T13:57:51.293+0000][1][safepoint    ] Safepoint "RevokeBias", Time since last: 19388505 ns, Reaching safepoint: 23504339 ns, At safepoint: 38005 ns, Total: 23542344 ns
[2020-09-11T13:57:51.312+0000][1][gc           ] GC(5) Concurrent Mark 62.635ms
[2020-09-11T13:57:51.312+0000][1][gc,cpu       ] GC(5) User=0.02s Sys=0.00s Real=0.06s
[2020-09-11T13:57:51.328+0000][1][safepoint    ] Safepoint "RevokeBias", Time since last: 13181579 ns, Reaching safepoint: 22606649 ns, At safepoint: 33344 ns, Total: 22639993 ns
[2020-09-11T13:57:51.329+0000][1][safepoint    ] Safepoint "RevokeBias", Time since last: 67210 ns, Reaching safepoint: 78876 ns, At safepoint: 21682 ns, Total: 100558 ns
[2020-09-11T13:57:51.329+0000][1][safepoint    ] Safepoint "RevokeBias", Time since last: 38490 ns, Reaching safepoint: 77479 ns, At safepoint: 20239 ns, Total: 97718 ns
[2020-09-11T13:57:51.329+0000][1][safepoint    ] Safepoint "RevokeBias", Time since last: 24147 ns, Reaching safepoint: 76908 ns, At safepoint: 18863 ns, Total: 95771 ns
[2020-09-11T13:57:51.329+0000][1][gc           ] GC(5) Concurrent Preclean
[2020-09-11T13:57:51.329+0000][1][gc           ] GC(5) Concurrent Preclean 0.603ms
[2020-09-11T13:57:51.329+0000][1][gc,cpu       ] GC(5) User=0.00s Sys=0.00s Real=0.00s
[2020-09-11T13:57:51.329+0000][1][gc           ] GC(5) Concurrent Abortable Preclean
[2020-09-11T13:57:51.764+0000][1][safepoint    ] Safepoint "RevokeBias", Time since last: 434650417 ns, Reaching safepoint: 111974 ns, At safepoint: 17376 ns, Total: 129350 ns
[2020-09-11T13:57:51.764+0000][1][safepoint    ] Safepoint "RevokeBias", Time since last: 71686 ns, Reaching safepoint: 79616 ns, At safepoint: 7065 ns, Total: 86681 ns
[2020-09-11T13:57:51.778+0000][1][safepoint    ] Safepoint "Deoptimize", Time since last: 13624820 ns, Reaching safepoint: 105526 ns, At safepoint: 210398 ns, Total: 315924 ns
[2020-09-11T13:57:51.846+0000][1][safepoint    ] Safepoint "CollectForMetadataAllocation", Time since last: 68711329 ns, Reaching safepoint: 44581 ns, At safepoint: 63380 ns, Total: 107961 ns
[2020-09-11T13:57:52.116+0000][1][safepoint    ] Safepoint "Deoptimize", Time since last: 266501371 ns, Reaching safepoint: 2461608 ns, At safepoint: 226973 ns, Total: 2688581 ns
[2020-09-11T13:57:52.172+0000][1][safepoint    ] Safepoint "RevokeBias", Time since last: 55744034 ns, Reaching safepoint: 106198 ns, At safepoint: 33775 ns, Total: 139973 ns
[2020-09-11T13:57:52.200+0000][1][safepoint    ] Safepoint "RevokeBias", Time since last: 27896931 ns, Reaching safepoint: 104212 ns, At safepoint: 31423 ns, Total: 135635 ns
[2020-09-11T13:57:52.358+0000][1][gc,start     ] GC(6) Pause Young (Allocation Failure)
[2020-09-11T13:57:52.358+0000][1][gc,task      ] GC(6) Using 1 workers of 1 for evacuation
[2020-09-11T13:57:52.379+0000][1][gc           ] GC(5) Concurrent Abortable Preclean 1049.130ms
[2020-09-11T13:57:52.379+0000][1][gc,cpu       ] GC(5) User=0.34s Sys=0.00s Real=1.05s
[2020-09-11T13:57:52.391+0000][1][gc,age       ] GC(6) Desired survivor size 4358144 bytes, new threshold 4 (max threshold 6)
[2020-09-11T13:57:52.391+0000][1][gc,age       ] GC(6) Age table with threshold 4 (max threshold 6)
[2020-09-11T13:57:52.391+0000][1][gc,age       ] GC(6) - age   1:    1947904 bytes,    1947904 total
[2020-09-11T13:57:52.391+0000][1][gc,age       ] GC(6) - age   2:    1252376 bytes,    3200280 total
[2020-09-11T13:57:52.391+0000][1][gc,age       ] GC(6) - age   3:     351768 bytes,    3552048 total
[2020-09-11T13:57:52.391+0000][1][gc,age       ] GC(6) - age   4:     939680 bytes,    4491728 total
[2020-09-11T13:57:52.391+0000][1][gc,heap      ] GC(6) ParNew: 71998K->5803K(76672K)
[2020-09-11T13:57:52.391+0000][1][gc,heap      ] GC(6) CMS: 10080K->10080K(439104K)
[2020-09-11T13:57:52.391+0000][1][gc,metaspace ] GC(6) Metaspace: 21161K->21161K(1069056K)
[2020-09-11T13:57:52.391+0000][1][gc           ] GC(6) Pause Young (Allocation Failure) 80M->15M(503M) 33.444ms
[2020-09-11T13:57:52.391+0000][1][gc,cpu       ] GC(6) User=0.01s Sys=0.00s Real=0.03s
[2020-09-11T13:57:52.415+0000][1][safepoint    ] Safepoint "GenCollectForAllocation", Time since last: 157838580 ns, Reaching safepoint: 105985 ns, At safepoint: 57907947 ns, Total: 58013932 ns
[2020-09-11T13:57:52.428+0000][1][gc,start     ] GC(5) Pause Remark
[2020-09-11T13:57:52.451+0000][1][gc           ] GC(5) Pause Remark 20M->20M(503M) 23.274ms
[2020-09-11T13:57:52.451+0000][1][gc,cpu       ] GC(5) User=0.01s Sys=0.00s Real=0.02s
[2020-09-11T13:57:52.498+0000][1][safepoint    ] Safepoint "CMS_Final_Remark", Time since last: 12046035 ns, Reaching safepoint: 98194 ns, At safepoint: 69993270 ns, Total: 70091464 ns
[2020-09-11T13:57:52.498+0000][1][gc           ] GC(5) Concurrent Sweep
[2020-09-11T13:57:52.504+0000][1][gc           ] GC(5) Concurrent Sweep 6.757ms
[2020-09-11T13:57:52.504+0000][1][gc,cpu       ] GC(5) User=0.00s Sys=0.00s Real=0.01s
[2020-09-11T13:57:52.504+0000][1][gc           ] GC(5) Concurrent Reset
[2020-09-11T13:57:52.505+0000][1][gc           ] GC(5) Concurrent Reset 0.660ms
[2020-09-11T13:57:52.505+0000][1][gc,cpu       ] GC(5) User=0.01s Sys=0.00s Real=0.00s
[2020-09-11T13:57:52.505+0000][1][gc,heap      ] GC(5) Old: 10080K->10079K(439104K)
[2020-09-11T13:57:52.508+0000][1][safepoint    ] Safepoint "RevokeBias", Time since last: 9851586 ns, Reaching safepoint: 865885 ns, At safepoint: 31433 ns, Total: 897318 ns
[2020-09-11T13:57:52.508+0000][1][safepoint    ] Safepoint "RevokeBias", Time since last: 65483 ns, Reaching safepoint: 79382 ns, At safepoint: 18191 ns, Total: 97573 ns
[2020-09-11T13:57:52.509+0000][1][safepoint    ] Safepoint "RevokeBias", Time since last: 29908 ns, Reaching safepoint: 76767 ns, At safepoint: 16293 ns, Total: 93060 ns
[2020-09-11T13:57:52.509+0000][1][safepoint    ] Safepoint "RevokeBias", Time since last: 32766 ns, Reaching safepoint: 76909 ns, At safepoint: 11151 ns, Total: 88060 ns
[2020-09-11T13:57:52.509+0000][1][safepoint    ] Safepoint "RevokeBias", Time since last: 27789 ns, Reaching safepoint: 77281 ns, At safepoint: 16121 ns, Total: 93402 ns
[2020-09-11T13:57:52.574+0000][1][safepoint    ] Safepoint "RevokeBias", Time since last: 64604393 ns, Reaching safepoint: 101598 ns, At safepoint: 37710 ns, Total: 139308 ns
[2020-09-11T13:57:52.596+0000][1][safepoint    ] Safepoint "RevokeBias", Time since last: 21833877 ns, Reaching safepoint: 104530 ns, At safepoint: 36354 ns, Total: 140884 ns
[2020-09-11T13:57:52.648+0000][1][safepoint    ] Safepoint "RevokeBias", Time since last: 52794770 ns, Reaching safepoint: 98701 ns, At safepoint: 33840 ns, Total: 132541 ns
[2020-09-11T13:57:52.868+0000][1][safepoint    ] Safepoint "RevokeBias", Time since last: 218934806 ns, Reaching safepoint: 94800 ns, At safepoint: 32389 ns, Total: 127189 ns
[2020-09-11T13:57:52.889+0000][1][safepoint    ] Safepoint "RevokeBias", Time since last: 20898089 ns, Reaching safepoint: 93750 ns, At safepoint: 47585 ns, Total: 141335 ns
[2020-09-11T13:57:53.064+0000][1][gc,start     ] GC(7) Pause Young (Allocation Failure)
[2020-09-11T13:57:53.064+0000][1][gc,task      ] GC(7) Using 1 workers of 1 for evacuation
[2020-09-11T13:57:53.119+0000][1][gc,age       ] GC(7) Desired survivor size 4358144 bytes, new threshold 4 (max threshold 6)
[2020-09-11T13:57:53.119+0000][1][gc,age       ] GC(7) Age table with threshold 4 (max threshold 6)
[2020-09-11T13:57:53.119+0000][1][gc,age       ] GC(7) - age   1:    1325320 bytes,    1325320 total
[2020-09-11T13:57:53.119+0000][1][gc,age       ] GC(7) - age   2:    1525984 bytes,    2851304 total
[2020-09-11T13:57:53.119+0000][1][gc,age       ] GC(7) - age   3:    1251768 bytes,    4103072 total
[2020-09-11T13:57:53.119+0000][1][gc,age       ] GC(7) - age   4:     351768 bytes,    4454840 total
[2020-09-11T13:57:53.119+0000][1][gc,heap      ] GC(7) ParNew: 73963K->8030K(76672K)
[2020-09-11T13:57:53.119+0000][1][gc,heap      ] GC(7) CMS: 10079K->11004K(439104K)
[2020-09-11T13:57:53.119+0000][1][gc,metaspace ] GC(7) Metaspace: 21242K->21242K(1069056K)
[2020-09-11T13:57:53.119+0000][1][gc           ] GC(7) Pause Young (Allocation Failure) 82M->18M(503M) 55.288ms
[2020-09-11T13:57:53.119+0000][1][gc,cpu       ] GC(7) User=0.02s Sys=0.00s Real=0.05s
[2020-09-11T13:57:53.119+0000][1][safepoint    ] Safepoint "GenCollectForAllocation", Time since last: 174822160 ns, Reaching safepoint: 105518 ns, At safepoint: 55342218 ns, Total: 55447736 ns
[2020-09-11T13:57:53.152+0000][1][safepoint    ] Safepoint "RevokeBias", Time since last: 18737855 ns, Reaching safepoint: 13858398 ns, At safepoint: 52432 ns, Total: 13910830 ns
[2020-09-11T13:57:53.152+0000][1][safepoint    ] Safepoint "RevokeBias", Time since last: 110479 ns, Reaching safepoint: 80359 ns, At safepoint: 23620 ns, Total: 103979 ns
[2020-09-11T13:57:53.152+0000][1][safepoint    ] Safepoint "RevokeBias", Time since last: 48146 ns, Reaching safepoint: 77119 ns, At safepoint: 21850 ns, Total: 98969 ns
[2020-09-11T13:57:53.152+0000][1][safepoint    ] Safepoint "RevokeBias", Time since last: 26564 ns, Reaching safepoint: 76148 ns, At safepoint: 21423 ns, Total: 97571 ns
[2020-09-11T13:57:53.213+0000][1][safepoint    ] Safepoint "RevokeBias", Time since last: 60491087 ns, Reaching safepoint: 93804 ns, At safepoint: 29236 ns, Total: 123040 ns
[2020-09-11T13:57:53.240+0000][1][safepoint    ] Safepoint "RevokeBias", Time since last: 26804599 ns, Reaching safepoint: 102417 ns, At safepoint: 37982 ns, Total: 140399 ns
[2020-09-11T13:57:53.531+0000][1][safepoint    ] Safepoint "RevokeBias", Time since last: 291065813 ns, Reaching safepoint: 109945 ns, At safepoint: 42400 ns, Total: 152345 ns
[2020-09-11T13:57:53.562+0000][1][safepoint    ] Safepoint "RevokeBias", Time since last: 31210842 ns, Reaching safepoint: 91396 ns, At safepoint: 30546 ns, Total: 121942 ns
[2020-09-11T13:57:53.767+0000][1][gc,start     ] GC(8) Pause Young (Allocation Failure)
[2020-09-11T13:57:53.767+0000][1][gc,task      ] GC(8) Using 1 workers of 1 for evacuation
[2020-09-11T13:57:53.813+0000][1][gc,age       ] GC(8) Desired survivor size 4358144 bytes, new threshold 4 (max threshold 6)
[2020-09-11T13:57:53.813+0000][1][gc,age       ] GC(8) Age table with threshold 4 (max threshold 6)
[2020-09-11T13:57:53.813+0000][1][gc,age       ] GC(8) - age   1:    1421496 bytes,    1421496 total
[2020-09-11T13:57:53.813+0000][1][gc,age       ] GC(8) - age   2:     446072 bytes,    1867568 total
[2020-09-11T13:57:53.813+0000][1][gc,age       ] GC(8) - age   3:    1524048 bytes,    3391616 total
[2020-09-11T13:57:53.813+0000][1][gc,age       ] GC(8) - age   4:    1251112 bytes,    4642728 total
[2020-09-11T13:57:53.813+0000][1][gc,heap      ] GC(8) ParNew: 76190K->5270K(76672K)
[2020-09-11T13:57:53.813+0000][1][gc,heap      ] GC(8) CMS: 11004K->11353K(439104K)
[2020-09-11T13:57:53.813+0000][1][gc,metaspace ] GC(8) Metaspace: 21427K->21427K(1069056K)
[2020-09-11T13:57:53.813+0000][1][gc           ] GC(8) Pause Young (Allocation Failure) 85M->16M(503M) 45.815ms
[2020-09-11T13:57:53.813+0000][1][gc,cpu       ] GC(8) User=0.02s Sys=0.00s Real=0.04s
[2020-09-11T13:57:53.813+0000][1][safepoint    ] Safepoint "GenCollectForAllocation", Time since last: 204672120 ns, Reaching safepoint: 76243 ns, At safepoint: 45874942 ns, Total: 45951185 ns
[2020-09-11T13:57:53.830+0000][1][safepoint    ] Safepoint "RevokeBias", Time since last: 16769674 ns, Reaching safepoint: 634519 ns, At safepoint: 42159 ns, Total: 676678 ns
[2020-09-11T13:57:53.830+0000][1][safepoint    ] Safepoint "RevokeBias", Time since last: 53417 ns, Reaching safepoint: 143719 ns, At safepoint: 26635 ns, Total: 170354 ns
[2020-09-11T13:57:53.831+0000][1][safepoint    ] Safepoint "RevokeBias", Time since last: 37714 ns, Reaching safepoint: 76160 ns, At safepoint: 23761 ns, Total: 99921 ns
[2020-09-11T13:57:53.831+0000][1][safepoint    ] Safepoint "RevokeBias", Time since last: 22856 ns, Reaching safepoint: 75515 ns, At safepoint: 23434 ns, Total: 98949 ns
[2020-09-11T13:57:53.880+0000][1][safepoint    ] Safepoint "RevokeBias", Time since last: 48777762 ns, Reaching safepoint: 102113 ns, At safepoint: 91300 ns, Total: 193413 ns
[2020-09-11T13:57:53.908+0000][1][safepoint    ] Safepoint "RevokeBias", Time since last: 27794452 ns, Reaching safepoint: 170351 ns, At safepoint: 32567 ns, Total: 202918 ns
[2020-09-11T13:57:53.932+0000][1][safepoint    ] Safepoint "RevokeBias", Time since last: 24467435 ns, Reaching safepoint: 91185 ns, At safepoint: 56607 ns, Total: 147792 ns
[2020-09-11T13:57:54.151+0000][1][safepoint    ] Safepoint "RevokeBias", Time since last: 218550515 ns, Reaching safepoint: 105309 ns, At safepoint: 32302 ns, Total: 137611 ns
[2020-09-11T13:57:54.163+0000][1][safepoint    ] Safepoint "RevokeBias", Time since last: 10602409 ns, Reaching safepoint: 1893041 ns, At safepoint: 43241 ns, Total: 1936282 ns
[2020-09-11T13:57:54.382+0000][1][gc,start     ] GC(9) Pause Young (Allocation Failure)
[2020-09-11T13:57:54.382+0000][1][gc,task      ] GC(9) Using 1 workers of 1 for evacuation
[2020-09-11T13:57:54.409+0000][1][gc,age       ] GC(9) Desired survivor size 4358144 bytes, new threshold 4 (max threshold 6)
[2020-09-11T13:57:54.409+0000][1][gc,age       ] GC(9) Age table with threshold 4 (max threshold 6)
[2020-09-11T13:57:54.409+0000][1][gc,age       ] GC(9) - age   1:    2084416 bytes,    2084416 total
[2020-09-11T13:57:54.409+0000][1][gc,age       ] GC(9) - age   2:     829384 bytes,    2913800 total
[2020-09-11T13:57:54.409+0000][1][gc,age       ] GC(9) - age   3:     445992 bytes,    3359792 total
[2020-09-11T13:57:54.409+0000][1][gc,age       ] GC(9) - age   4:    1524048 bytes,    4883840 total
[2020-09-11T13:57:54.409+0000][1][gc,heap      ] GC(9) ParNew: 73430K->8118K(76672K)
[2020-09-11T13:57:54.409+0000][1][gc,heap      ] GC(9) CMS: 11353K->12588K(439104K)
[2020-09-11T13:57:54.409+0000][1][gc,metaspace ] GC(9) Metaspace: 21528K->21528K(1069056K)
[2020-09-11T13:57:54.409+0000][1][gc           ] GC(9) Pause Young (Allocation Failure) 82M->20M(503M) 27.677ms
[2020-09-11T13:57:54.409+0000][1][gc,cpu       ] GC(9) User=0.02s Sys=0.00s Real=0.03s
[2020-09-11T13:57:54.427+0000][1][safepoint    ] Safepoint "GenCollectForAllocation", Time since last: 215958069 ns, Reaching safepoint: 2091578 ns, At safepoint: 45945698 ns, Total: 48037276 ns
[2020-09-11T13:57:54.443+0000][1][safepoint    ] Safepoint "RevokeBias", Time since last: 12713060 ns, Reaching safepoint: 140606 ns, At safepoint: 3116408 ns, Total: 3257014 ns
[2020-09-11T13:57:54.444+0000][1][safepoint    ] Safepoint "RevokeBias", Time since last: 59055 ns, Reaching safepoint: 788909 ns, At safepoint: 44888 ns, Total: 833797 ns
[2020-09-11T13:57:54.446+0000][1][safepoint    ] Safepoint "RevokeBias", Time since last: 46241 ns, Reaching safepoint: 1098406 ns, At safepoint: 38752 ns, Total: 1137158 ns
[2020-09-11T13:57:54.447+0000][1][safepoint    ] Safepoint "RevokeBias", Time since last: 30028 ns, Reaching safepoint: 1517696 ns, At safepoint: 44594 ns, Total: 1562290 ns
[2020-09-11T13:57:54.451+0000][1][safepoint    ] Safepoint "RevokeBias", Time since last: 1564294 ns, Reaching safepoint: 2755150 ns, At safepoint: 51240 ns, Total: 2806390 ns
[2020-09-11T13:57:54.464+0000][1][safepoint    ] Safepoint "RevokeBias", Time since last: 12520290 ns, Reaching safepoint: 104087 ns, At safepoint: 52576 ns, Total: 156663 ns
[2020-09-11T13:57:54.601+0000][1][safepoint    ] Safepoint "RevokeBias", Time since last: 136522265 ns, Reaching safepoint: 92882 ns, At safepoint: 29676 ns, Total: 122558 ns
[2020-09-11T13:57:54.620+0000][1][safepoint    ] Safepoint "RevokeBias", Time since last: 18654200 ns, Reaching safepoint: 106723 ns, At safepoint: 38185 ns, Total: 144908 ns
[2020-09-11T13:57:54.668+0000][1][safepoint    ] Safepoint "RevokeBias", Time since last: 47847212 ns, Reaching safepoint: 114937 ns, At safepoint: 22093 ns, Total: 137030 ns
[2020-09-11T13:57:54.668+0000][1][safepoint    ] Safepoint "RevokeBias", Time since last: 512947 ns, Reaching safepoint: 82780 ns, At safepoint: 9258 ns, Total: 92038 ns
[2020-09-11T13:57:54.808+0000][1][safepoint    ] Safepoint "RevokeBias", Time since last: 139259296 ns, Reaching safepoint: 113312 ns, At safepoint: 39532 ns, Total: 152844 ns
[2020-09-11T13:57:54.837+0000][1][safepoint    ] Safepoint "RevokeBias", Time since last: 29152328 ns, Reaching safepoint: 97851 ns, At safepoint: 30554 ns, Total: 128405 ns
[2020-09-11T13:57:54.840+0000][1][safepoint    ] Safepoint "RevokeBias", Time since last: 3189807 ns, Reaching safepoint: 82189 ns, At safepoint: 24908 ns, Total: 107097 ns
[2020-09-11T13:57:55.004+0000][1][gc,start     ] GC(10) Pause Young (Allocation Failure)
[2020-09-11T13:57:55.004+0000][1][gc,task      ] GC(10) Using 1 workers of 1 for evacuation
[2020-09-11T13:57:55.050+0000][1][gc,age       ] GC(10) Desired survivor size 4358144 bytes, new threshold 6 (max threshold 6)
[2020-09-11T13:57:55.050+0000][1][gc,age       ] GC(10) Age table with threshold 6 (max threshold 6)
[2020-09-11T13:57:55.050+0000][1][gc,age       ] GC(10) - age   1:    2401592 bytes,    2401592 total
[2020-09-11T13:57:55.050+0000][1][gc,age       ] GC(10) - age   2:     112864 bytes,    2514456 total
[2020-09-11T13:57:55.050+0000][1][gc,age       ] GC(10) - age   3:     829384 bytes,    3343840 total
[2020-09-11T13:57:55.050+0000][1][gc,age       ] GC(10) - age   4:     445968 bytes,    3789808 total
[2020-09-11T13:57:55.050+0000][1][gc,heap      ] GC(10) ParNew: 76278K->5606K(76672K)
[2020-09-11T13:57:55.050+0000][1][gc,heap      ] GC(10) CMS: 12588K->14089K(439104K)
[2020-09-11T13:57:55.050+0000][1][gc,metaspace ] GC(10) Metaspace: 21671K->21671K(1069056K)
[2020-09-11T13:57:55.050+0000][1][gc           ] GC(10) Pause Young (Allocation Failure) 86M->19M(503M) 46.709ms
[2020-09-11T13:57:55.050+0000][1][gc,cpu       ] GC(10) User=0.02s Sys=0.00s Real=0.04s
[2020-09-11T13:57:55.067+0000][1][safepoint    ] Safepoint "GenCollectForAllocation", Time since last: 163269004 ns, Reaching safepoint: 98667 ns, At safepoint: 63903684 ns, Total: 64002351 ns
[2020-09-11T13:57:55.070+0000][1][safepoint    ] Safepoint "RevokeBias", Time since last: 2425449 ns, Reaching safepoint: 21131 ns, At safepoint: 52430 ns, Total: 73561 ns
[2020-09-11T13:57:55.078+0000][1][safepoint    ] Safepoint "RevokeBias", Time since last: 7623322 ns, Reaching safepoint: 32317 ns, At safepoint: 64322 ns, Total: 96639 ns
[2020-09-11T13:57:55.083+0000][1][safepoint    ] Safepoint "BulkRevokeBias", Time since last: 77259 ns, Reaching safepoint: 5380359 ns, At safepoint: 295773 ns, Total: 5676132 ns
[2020-09-11T13:57:55.084+0000][1][safepoint    ] Safepoint "BulkRevokeBias", Time since last: 63327 ns, Reaching safepoint: 80974 ns, At safepoint: 37216 ns, Total: 118190 ns
[2020-09-11T13:57:55.225+0000][1][safepoint    ] Safepoint "RevokeBias", Time since last: 141508989 ns, Reaching safepoint: 106403 ns, At safepoint: 39309 ns, Total: 145712 ns
[2020-09-11T13:57:55.236+0000][1][safepoint    ] Safepoint "RevokeBias", Time since last: 10168559 ns, Reaching safepoint: 105012 ns, At safepoint: 39106 ns, Total: 144118 ns
[2020-09-11T13:57:55.685+0000][1][safepoint    ] Safepoint "RevokeBias", Time since last: 448983690 ns, Reaching safepoint: 96551 ns, At safepoint: 52501 ns, Total: 149052 ns
[2020-09-11T13:57:55.688+0000][1][safepoint    ] Safepoint "RevokeBias", Time since last: 2702239 ns, Reaching safepoint: 99958 ns, At safepoint: 27179 ns, Total: 127137 ns
[2020-09-11T13:57:55.720+0000][1][safepoint    ] Safepoint "RevokeBias", Time since last: 32058481 ns, Reaching safepoint: 237111 ns, At safepoint: 34690 ns, Total: 271801 ns
[2020-09-11T13:57:55.728+0000][1][safepoint    ] Safepoint "RevokeBias", Time since last: 7573703 ns, Reaching safepoint: 111918 ns, At safepoint: 39948 ns, Total: 151866 ns
[2020-09-11T13:57:55.749+0000][1][safepoint    ] Safepoint "RevokeBias", Time since last: 21422765 ns, Reaching safepoint: 107541 ns, At safepoint: 41476 ns, Total: 149017 ns
[2020-09-11T13:57:55.893+0000][1][safepoint    ] Safepoint "RevokeBias", Time since last: 144199727 ns, Reaching safepoint: 102151 ns, At safepoint: 31073 ns, Total: 133224 ns
[2020-09-11T13:57:55.915+0000][1][safepoint    ] Safepoint "RevokeBias", Time since last: 21153704 ns, Reaching safepoint: 92186 ns, At safepoint: 29454 ns, Total: 121640 ns
[2020-09-11T13:57:55.934+0000][1][safepoint    ] Safepoint "RevokeBias", Time since last: 19538680 ns, Reaching safepoint: 103540 ns, At safepoint: 46086 ns, Total: 149626 ns
[2020-09-11T13:57:56.007+0000][1][gc,start     ] GC(11) Pause Young (Allocation Failure)
[2020-09-11T13:57:56.008+0000][1][gc,task      ] GC(11) Using 1 workers of 1 for evacuation
[2020-09-11T13:57:56.030+0000][1][gc,age       ] GC(11) Desired survivor size 4358144 bytes, new threshold 6 (max threshold 6)
[2020-09-11T13:57:56.030+0000][1][gc,age       ] GC(11) Age table with threshold 6 (max threshold 6)
[2020-09-11T13:57:56.030+0000][1][gc,age       ] GC(11) - age   1:    1602760 bytes,    1602760 total
[2020-09-11T13:57:56.030+0000][1][gc,age       ] GC(11) - age   2:     403792 bytes,    2006552 total
[2020-09-11T13:57:56.030+0000][1][gc,age       ] GC(11) - age   3:     112760 bytes,    2119312 total
[2020-09-11T13:57:56.030+0000][1][gc,age       ] GC(11) - age   4:     829384 bytes,    2948696 total
[2020-09-11T13:57:56.030+0000][1][gc,age       ] GC(11) - age   5:     445968 bytes,    3394664 total
[2020-09-11T13:57:56.030+0000][1][gc,heap      ] GC(11) ParNew: 73766K->3476K(76672K)
[2020-09-11T13:57:56.030+0000][1][gc,heap      ] GC(11) CMS: 14089K->14089K(439104K)
[2020-09-11T13:57:56.030+0000][1][gc,metaspace ] GC(11) Metaspace: 22587K->22587K(1071104K)
[2020-09-11T13:57:56.030+0000][1][gc           ] GC(11) Pause Young (Allocation Failure) 85M->17M(503M) 22.980ms
[2020-09-11T13:57:56.030+0000][1][gc,cpu       ] GC(11) User=0.01s Sys=0.00s Real=0.02s
[2020-09-11T13:57:56.039+0000][1][safepoint    ] Safepoint "GenCollectForAllocation", Time since last: 72815308 ns, Reaching safepoint: 125205 ns, At safepoint: 32028270 ns, Total: 32153475 ns
[2020-09-11T13:57:56.088+0000][1][safepoint    ] Safepoint "RevokeBias", Time since last: 48037741 ns, Reaching safepoint: 100164 ns, At safepoint: 34838 ns, Total: 135002 ns
[2020-09-11T13:57:56.100+0000][1][safepoint    ] Safepoint "RevokeBias", Time since last: 11839110 ns, Reaching safepoint: 103727 ns, At safepoint: 39423 ns, Total: 143150 ns
[2020-09-11T13:57:56.274+0000][1][safepoint    ] Safepoint "RevokeBias", Time since last: 173792497 ns, Reaching safepoint: 109379 ns, At safepoint: 53428 ns, Total: 162807 ns
[2020-09-11T13:57:56.508+0000][1][gc,start     ] GC(12) Pause Young (Allocation Failure)
[2020-09-11T13:57:56.508+0000][1][gc,task      ] GC(12) Using 1 workers of 1 for evacuation
[2020-09-11T13:57:56.533+0000][1][gc,age       ] GC(12) Desired survivor size 4358144 bytes, new threshold 6 (max threshold 6)
[2020-09-11T13:57:56.533+0000][1][gc,age       ] GC(12) Age table with threshold 6 (max threshold 6)
[2020-09-11T13:57:56.533+0000][1][gc,age       ] GC(12) - age   1:     386256 bytes,     386256 total
[2020-09-11T13:57:56.533+0000][1][gc,age       ] GC(12) - age   2:     577952 bytes,     964208 total
[2020-09-11T13:57:56.533+0000][1][gc,age       ] GC(12) - age   3:     403792 bytes,    1368000 total
[2020-09-11T13:57:56.533+0000][1][gc,age       ] GC(12) - age   4:     112656 bytes,    1480656 total
[2020-09-11T13:57:56.533+0000][1][gc,age       ] GC(12) - age   5:     829096 bytes,    2309752 total
[2020-09-11T13:57:56.533+0000][1][gc,age       ] GC(12) - age   6:     445968 bytes,    2755720 total
[2020-09-11T13:57:56.533+0000][1][gc,heap      ] GC(12) ParNew: 71636K->3355K(76672K)
[2020-09-11T13:57:56.533+0000][1][gc,heap      ] GC(12) CMS: 14089K->14089K(439104K)
[2020-09-11T13:57:56.533+0000][1][gc,metaspace ] GC(12) Metaspace: 22612K->22612K(1071104K)
[2020-09-11T13:57:56.533+0000][1][gc           ] GC(12) Pause Young (Allocation Failure) 83M->17M(503M) 25.043ms
[2020-09-11T13:57:56.533+0000][1][gc,cpu       ] GC(12) User=0.01s Sys=0.00s Real=0.02s
[2020-09-11T13:57:56.533+0000][1][safepoint    ] Safepoint "GenCollectForAllocation", Time since last: 233922112 ns, Reaching safepoint: 118829 ns, At safepoint: 25103925 ns, Total: 25222754 ns
[2020-09-11T13:57:57.017+0000][1][gc,start     ] GC(13) Pause Young (Allocation Failure)
[2020-09-11T13:57:57.017+0000][1][gc,task      ] GC(13) Using 1 workers of 1 for evacuation
[2020-09-11T13:57:57.064+0000][1][gc,age       ] GC(13) Desired survivor size 4358144 bytes, new threshold 6 (max threshold 6)
[2020-09-11T13:57:57.064+0000][1][gc,age       ] GC(13) Age table with threshold 6 (max threshold 6)
[2020-09-11T13:57:57.064+0000][1][gc,age       ] GC(13) - age   1:    1790696 bytes,    1790696 total
[2020-09-11T13:57:57.064+0000][1][gc,age       ] GC(13) - age   2:     203304 bytes,    1994000 total
[2020-09-11T13:57:57.064+0000][1][gc,age       ] GC(13) - age   3:     577840 bytes,    2571840 total
[2020-09-11T13:57:57.064+0000][1][gc,age       ] GC(13) - age   4:     403792 bytes,    2975632 total
[2020-09-11T13:57:57.064+0000][1][gc,age       ] GC(13) - age   5:     112656 bytes,    3088288 total
[2020-09-11T13:57:57.064+0000][1][gc,age       ] GC(13) - age   6:     829096 bytes,    3917384 total
[2020-09-11T13:57:57.064+0000][1][gc,heap      ] GC(13) ParNew: 71515K->5714K(76672K)
[2020-09-11T13:57:57.064+0000][1][gc,heap      ] GC(13) CMS: 14089K->14528K(439104K)
[2020-09-11T13:57:57.064+0000][1][gc,metaspace ] GC(13) Metaspace: 22713K->22713K(1071104K)
[2020-09-11T13:57:57.064+0000][1][gc           ] GC(13) Pause Young (Allocation Failure) 83M->19M(503M) 47.325ms
[2020-09-11T13:57:57.064+0000][1][gc,cpu       ] GC(13) User=0.02s Sys=0.00s Real=0.05s
[2020-09-11T13:57:57.074+0000][1][safepoint    ] Safepoint "GenCollectForAllocation", Time since last: 483796514 ns, Reaching safepoint: 99138 ns, At safepoint: 57173209 ns, Total: 57272347 ns
[2020-09-11T13:57:57.665+0000][1][gc,start     ] GC(14) Pause Young (Allocation Failure)
[2020-09-11T13:57:57.665+0000][1][gc,task      ] GC(14) Using 1 workers of 1 for evacuation
[2020-09-11T13:57:57.695+0000][1][gc,age       ] GC(14) Desired survivor size 4358144 bytes, new threshold 6 (max threshold 6)
[2020-09-11T13:57:57.695+0000][1][gc,age       ] GC(14) Age table with threshold 6 (max threshold 6)
[2020-09-11T13:57:57.695+0000][1][gc,age       ] GC(14) - age   1:    1170424 bytes,    1170424 total
[2020-09-11T13:57:57.695+0000][1][gc,age       ] GC(14) - age   2:     103416 bytes,    1273840 total
[2020-09-11T13:57:57.695+0000][1][gc,age       ] GC(14) - age   3:     203304 bytes,    1477144 total
[2020-09-11T13:57:57.695+0000][1][gc,age       ] GC(14) - age   4:     577840 bytes,    2054984 total
[2020-09-11T13:57:57.695+0000][1][gc,age       ] GC(14) - age   5:     403792 bytes,    2458776 total
[2020-09-11T13:57:57.695+0000][1][gc,age       ] GC(14) - age   6:     112656 bytes,    2571432 total
[2020-09-11T13:57:57.695+0000][1][gc,heap      ] GC(14) ParNew: 73874K->3583K(76672K)
[2020-09-11T13:57:57.695+0000][1][gc,heap      ] GC(14) CMS: 14528K->15343K(439104K)
[2020-09-11T13:57:57.695+0000][1][gc,metaspace ] GC(14) Metaspace: 22798K->22798K(1071104K)
[2020-09-11T13:57:57.695+0000][1][gc           ] GC(14) Pause Young (Allocation Failure) 86M->18M(503M) 29.681ms
[2020-09-11T13:57:57.695+0000][1][gc,cpu       ] GC(14) User=0.01s Sys=0.00s Real=0.02s
[2020-09-11T13:57:57.711+0000][1][safepoint    ] Safepoint "GenCollectForAllocation", Time since last: 591319400 ns, Reaching safepoint: 105731 ns, At safepoint: 46263671 ns, Total: 46369402 ns
[2020-09-11T13:57:58.167+0000][1][gc,start     ] GC(15) Pause Young (Allocation Failure)
[2020-09-11T13:57:58.167+0000][1][gc,task      ] GC(15) Using 1 workers of 1 for evacuation
[2020-09-11T13:57:58.193+0000][1][gc,age       ] GC(15) Desired survivor size 4358144 bytes, new threshold 6 (max threshold 6)
[2020-09-11T13:57:58.193+0000][1][gc,age       ] GC(15) Age table with threshold 6 (max threshold 6)
[2020-09-11T13:57:58.193+0000][1][gc,age       ] GC(15) - age   1:    2152808 bytes,    2152808 total
[2020-09-11T13:57:58.193+0000][1][gc,age       ] GC(15) - age   2:     314280 bytes,    2467088 total
[2020-09-11T13:57:58.193+0000][1][gc,age       ] GC(15) - age   3:     103416 bytes,    2570504 total
[2020-09-11T13:57:58.193+0000][1][gc,age       ] GC(15) - age   4:     203304 bytes,    2773808 total
[2020-09-11T13:57:58.193+0000][1][gc,age       ] GC(15) - age   5:     577840 bytes,    3351648 total
[2020-09-11T13:57:58.193+0000][1][gc,age       ] GC(15) - age   6:     403792 bytes,    3755440 total
[2020-09-11T13:57:58.193+0000][1][gc,heap      ] GC(15) ParNew: 71743K->5558K(76672K)
[2020-09-11T13:57:58.193+0000][1][gc,heap      ] GC(15) CMS: 15343K->15457K(439104K)
[2020-09-11T13:57:58.193+0000][1][gc,metaspace ] GC(15) Metaspace: 22882K->22882K(1071104K)
[2020-09-11T13:57:58.193+0000][1][gc           ] GC(15) Pause Young (Allocation Failure) 85M->20M(503M) 26.066ms
[2020-09-11T13:57:58.193+0000][1][gc,cpu       ] GC(15) User=0.01s Sys=0.00s Real=0.02s
[2020-09-11T13:57:58.216+0000][1][safepoint    ] Safepoint "GenCollectForAllocation", Time since last: 455178973 ns, Reaching safepoint: 107348 ns, At safepoint: 49004165 ns, Total: 49111513 ns
[2020-09-11T13:57:58.664+0000][1][gc,start     ] GC(16) Pause Young (Allocation Failure)
[2020-09-11T13:57:58.664+0000][1][gc,task      ] GC(16) Using 1 workers of 1 for evacuation
[2020-09-11T13:57:58.691+0000][1][gc,age       ] GC(16) Desired survivor size 4358144 bytes, new threshold 6 (max threshold 6)
[2020-09-11T13:57:58.691+0000][1][gc,age       ] GC(16) Age table with threshold 6 (max threshold 6)
[2020-09-11T13:57:58.691+0000][1][gc,age       ] GC(16) - age   1:    1365344 bytes,    1365344 total
[2020-09-11T13:57:58.691+0000][1][gc,age       ] GC(16) - age   2:     105272 bytes,    1470616 total
[2020-09-11T13:57:58.691+0000][1][gc,age       ] GC(16) - age   3:     314280 bytes,    1784896 total
[2020-09-11T13:57:58.691+0000][1][gc,age       ] GC(16) - age   4:     103416 bytes,    1888312 total
[2020-09-11T13:57:58.691+0000][1][gc,age       ] GC(16) - age   5:     203152 bytes,    2091464 total
[2020-09-11T13:57:58.691+0000][1][gc,age       ] GC(16) - age   6:     577840 bytes,    2669304 total
[2020-09-11T13:57:58.691+0000][1][gc,heap      ] GC(16) ParNew: 73718K->3445K(76672K)
[2020-09-11T13:57:58.691+0000][1][gc,heap      ] GC(16) CMS: 15457K->15856K(439104K)
[2020-09-11T13:57:58.691+0000][1][gc,metaspace ] GC(16) Metaspace: 22902K->22902K(1071104K)
[2020-09-11T13:57:58.691+0000][1][gc           ] GC(16) Pause Young (Allocation Failure) 87M->18M(503M) 27.682ms
[2020-09-11T13:57:58.691+0000][1][gc,cpu       ] GC(16) User=0.01s Sys=0.00s Real=0.02s
[2020-09-11T13:57:58.711+0000][1][safepoint    ] Safepoint "GenCollectForAllocation", Time since last: 447693429 ns, Reaching safepoint: 113290 ns, At safepoint: 47884114 ns, Total: 47997404 ns
[2020-09-11T13:57:58.792+0000][1][safepoint    ] Safepoint "Deoptimize", Time since last: 79017422 ns, Reaching safepoint: 998981 ns, At safepoint: 212338 ns, Total: 1211319 ns
[2020-09-11T13:57:59.796+0000][1][safepoint    ] Safepoint "Cleanup", Time since last: 1000107147 ns, Reaching safepoint: 3841344 ns, At safepoint: 15432 ns, Total: 3856776 ns
[2020-09-11T13:58:00.092+0000][1][safepoint    ] Safepoint "RevokeBias", Time since last: 295827709 ns, Reaching safepoint: 114941 ns, At safepoint: 16231 ns, Total: 131172 ns
[2020-09-11T13:58:01.107+0000][1][safepoint    ] Safepoint "Cleanup", Time since last: 1003854494 ns, Reaching safepoint: 11204922 ns, At safepoint: 10637 ns, Total: 11215559 ns
[2020-09-11T13:58:01.384+0000][1][safepoint    ] Safepoint "Deoptimize", Time since last: 277106735 ns, Reaching safepoint: 104585 ns, At safepoint: 213509 ns, Total: 318094 ns
[2020-09-11T13:58:02.385+0000][1][safepoint    ] Safepoint "Cleanup", Time since last: 1000596760 ns, Reaching safepoint: 250178 ns, At safepoint: 8558 ns, Total: 258736 ns
[2020-09-11T13:58:03.385+0000][1][safepoint    ] Safepoint "Cleanup", Time since last: 1000108341 ns, Reaching safepoint: 181310 ns, At safepoint: 6366 ns, Total: 187676 ns
[2020-09-11T13:58:04.122+0000][1][gc,start     ] GC(17) Pause Young (Allocation Failure)
[2020-09-11T13:58:04.122+0000][1][gc,task      ] GC(17) Using 1 workers of 1 for evacuation
[2020-09-11T13:58:04.206+0000][1][gc,age       ] GC(17) Desired survivor size 4358144 bytes, new threshold 1 (max threshold 6)
[2020-09-11T13:58:04.206+0000][1][gc,age       ] GC(17) Age table with threshold 1 (max threshold 6)
[2020-09-11T13:58:04.206+0000][1][gc,age       ] GC(17) - age   1:    7433456 bytes,    7433456 total
[2020-09-11T13:58:04.206+0000][1][gc,age       ] GC(17) - age   2:     156808 bytes,    7590264 total
[2020-09-11T13:58:04.206+0000][1][gc,age       ] GC(17) - age   3:     104904 bytes,    7695168 total
[2020-09-11T13:58:04.206+0000][1][gc,age       ] GC(17) - age   4:     314184 bytes,    8009352 total
[2020-09-11T13:58:04.206+0000][1][gc,age       ] GC(17) - age   5:     103200 bytes,    8112552 total
[2020-09-11T13:58:04.206+0000][1][gc,age       ] GC(17) - age   6:     203152 bytes,    8315704 total
[2020-09-11T13:58:04.206+0000][1][gc,heap      ] GC(17) ParNew: 71605K->8449K(76672K)
[2020-09-11T13:58:04.206+0000][1][gc,heap      ] GC(17) CMS: 15856K->16428K(439104K)
[2020-09-11T13:58:04.206+0000][1][gc,metaspace ] GC(17) Metaspace: 29523K->29523K(1077248K)
[2020-09-11T13:58:04.206+0000][1][gc           ] GC(17) Pause Young (Allocation Failure) 85M->24M(503M) 84.363ms
[2020-09-11T13:58:04.206+0000][1][gc,cpu       ] GC(17) User=0.02s Sys=0.00s Real=0.09s
[2020-09-11T13:58:04.223+0000][1][safepoint    ] Safepoint "GenCollectForAllocation", Time since last: 736287489 ns, Reaching safepoint: 137210 ns, At safepoint: 101397756 ns, Total: 101534966 ns
[2020-09-11T13:58:05.237+0000][1][safepoint    ] Safepoint "Cleanup", Time since last: 1012425586 ns, Reaching safepoint: 1971641 ns, At safepoint: 10457 ns, Total: 1982098 ns
[2020-09-11T13:58:06.238+0000][1][safepoint    ] Safepoint "Cleanup", Time since last: 1000109358 ns, Reaching safepoint: 107685 ns, At safepoint: 6097 ns, Total: 113782 ns
[2020-09-11T13:58:07.238+0000][1][safepoint    ] Safepoint "Cleanup", Time since last: 1000130864 ns, Reaching safepoint: 113188 ns, At safepoint: 7424 ns, Total: 120612 ns
[2020-09-11T13:58:08.100+0000][1][gc,start     ] GC(18) Pause Young (Allocation Failure)
[2020-09-11T13:58:08.100+0000][1][gc,task      ] GC(18) Using 1 workers of 1 for evacuation
[2020-09-11T13:58:08.236+0000][1][gc,age       ] GC(18) Desired survivor size 4358144 bytes, new threshold 1 (max threshold 6)
[2020-09-11T13:58:08.236+0000][1][gc,age       ] GC(18) Age table with threshold 1 (max threshold 6)
[2020-09-11T13:58:08.236+0000][1][gc,age       ] GC(18) - age   1:    8430496 bytes,    8430496 total
[2020-09-11T13:58:08.236+0000][1][gc,heap      ] GC(18) ParNew: 76609K->8512K(76672K)
[2020-09-11T13:58:08.236+0000][1][gc,heap      ] GC(18) CMS: 16428K->24331K(439104K)
[2020-09-11T13:58:08.236+0000][1][gc,metaspace ] GC(18) Metaspace: 29685K->29685K(1077248K)
[2020-09-11T13:58:08.236+0000][1][gc           ] GC(18) Pause Young (Allocation Failure) 90M->32M(503M) 136.079ms
[2020-09-11T13:58:08.236+0000][1][gc,cpu       ] GC(18) User=0.04s Sys=0.00s Real=0.14s
[2020-09-11T13:58:08.249+0000][1][safepoint    ] Safepoint "GenCollectForAllocation", Time since last: 861513329 ns, Reaching safepoint: 122146 ns, At safepoint: 149306827 ns, Total: 149428973 ns
[2020-09-11T13:58:09.266+0000][1][safepoint    ] Safepoint "Cleanup", Time since last: 1016654013 ns, Reaching safepoint: 108235 ns, At safepoint: 5917 ns, Total: 114152 ns
[2020-09-11T13:58:11.266+0000][1][safepoint    ] Safepoint "Cleanup", Time since last: 2000198177 ns, Reaching safepoint: 122806 ns, At safepoint: 6332 ns, Total: 129138 ns
[2020-09-11T13:58:11.384+0000][1][gc,start     ] GC(19) Pause Young (Allocation Failure)
[2020-09-11T13:58:11.384+0000][1][gc,task      ] GC(19) Using 1 workers of 1 for evacuation
[2020-09-11T13:58:11.613+0000][1][gc,age       ] GC(19) Desired survivor size 4358144 bytes, new threshold 1 (max threshold 6)
[2020-09-11T13:58:11.613+0000][1][gc,age       ] GC(19) Age table with threshold 1 (max threshold 6)
[2020-09-11T13:58:11.613+0000][1][gc,age       ] GC(19) - age   1:    8716208 bytes,    8716208 total
[2020-09-11T13:58:11.613+0000][1][gc,heap      ] GC(19) ParNew: 76672K->8512K(76672K)
[2020-09-11T13:58:11.613+0000][1][gc,heap      ] GC(19) CMS: 24331K->33225K(439104K)
[2020-09-11T13:58:11.613+0000][1][gc,metaspace ] GC(19) Metaspace: 29894K->29894K(1077248K)
[2020-09-11T13:58:11.614+0000][1][gc           ] GC(19) Pause Young (Allocation Failure) 98M->40M(503M) 229.987ms
[2020-09-11T13:58:11.614+0000][1][gc,cpu       ] GC(19) User=0.08s Sys=0.00s Real=0.22s
[2020-09-11T13:58:11.614+0000][1][safepoint    ] Safepoint "GenCollectForAllocation", Time since last: 117450625 ns, Reaching safepoint: 101913 ns, At safepoint: 230081090 ns, Total: 230183003 ns
[2020-09-11T13:58:12.638+0000][1][safepoint    ] Safepoint "Cleanup", Time since last: 1024159532 ns, Reaching safepoint: 107151 ns, At safepoint: 6349 ns, Total: 113500 ns
[2020-09-11T13:58:13.648+0000][1][safepoint    ] Safepoint "Cleanup", Time since last: 1009543851 ns, Reaching safepoint: 218298 ns, At safepoint: 6604 ns, Total: 224902 ns
[2020-09-11T13:58:14.355+0000][1][gc,start     ] GC(20) Pause Young (Allocation Failure)
[2020-09-11T13:58:14.355+0000][1][gc,task      ] GC(20) Using 1 workers of 1 for evacuation
[2020-09-11T13:58:14.443+0000][1][gc,age       ] GC(20) Desired survivor size 4358144 bytes, new threshold 1 (max threshold 6)
[2020-09-11T13:58:14.443+0000][1][gc,age       ] GC(20) Age table with threshold 1 (max threshold 6)
[2020-09-11T13:58:14.443+0000][1][gc,age       ] GC(20) - age   1:    4504592 bytes,    4504592 total
[2020-09-11T13:58:14.443+0000][1][gc,heap      ] GC(20) ParNew: 76671K->8352K(76672K)
[2020-09-11T13:58:14.443+0000][1][gc,heap      ] GC(20) CMS: 33225K->41266K(439104K)
[2020-09-11T13:58:14.443+0000][1][gc,metaspace ] GC(20) Metaspace: 32118K->32118K(1079296K)
[2020-09-11T13:58:14.443+0000][1][gc           ] GC(20) Pause Young (Allocation Failure) 107M->48M(503M) 88.154ms
[2020-09-11T13:58:14.443+0000][1][gc,cpu       ] GC(20) User=0.04s Sys=0.00s Real=0.09s
[2020-09-11T13:58:14.463+0000][1][safepoint    ] Safepoint "GenCollectForAllocation", Time since last: 703766985 ns, Reaching safepoint: 3658862 ns, At safepoint: 108370767 ns, Total: 112029629 ns
[2020-09-11T13:58:14.828+0000][1][safepoint    ] Safepoint "Deoptimize", Time since last: 360433644 ns, Reaching safepoint: 3580083 ns, At safepoint: 277317 ns, Total: 3857400 ns
[2020-09-11T13:58:15.849+0000][1][safepoint    ] Safepoint "Cleanup", Time since last: 1007667995 ns, Reaching safepoint: 13128551 ns, At safepoint: 10106 ns, Total: 13138657 ns
[2020-09-11T13:58:16.849+0000][1][safepoint    ] Safepoint "Cleanup", Time since last: 1000111410 ns, Reaching safepoint: 103845 ns, At safepoint: 5865 ns, Total: 109710 ns
[2020-09-11T13:58:17.765+0000][1][safepoint    ] Safepoint "Deoptimize", Time since last: 915794369 ns, Reaching safepoint: 109715 ns, At safepoint: 353050 ns, Total: 462765 ns
[2020-09-11T13:58:18.511+0000][1][gc,start     ] GC(21) Pause Young (Allocation Failure)
[2020-09-11T13:58:18.512+0000][1][gc,task      ] GC(21) Using 1 workers of 1 for evacuation
[2020-09-11T13:58:18.598+0000][1][gc,age       ] GC(21) Desired survivor size 4358144 bytes, new threshold 6 (max threshold 6)
[2020-09-11T13:58:18.598+0000][1][gc,age       ] GC(21) Age table with threshold 6 (max threshold 6)
[2020-09-11T13:58:18.598+0000][1][gc,age       ] GC(21) - age   1:     984536 bytes,     984536 total
[2020-09-11T13:58:18.598+0000][1][gc,heap      ] GC(21) ParNew: 76512K->3737K(76672K)
[2020-09-11T13:58:18.598+0000][1][gc,heap      ] GC(21) CMS: 41266K->45590K(439104K)
[2020-09-11T13:58:18.599+0000][1][gc,metaspace ] GC(21) Metaspace: 32424K->32424K(1079296K)
[2020-09-11T13:58:18.599+0000][1][gc           ] GC(21) Pause Young (Allocation Failure) 115M->48M(503M) 87.085ms
[2020-09-11T13:58:18.599+0000][1][gc,cpu       ] GC(21) User=0.03s Sys=0.00s Real=0.09s
[2020-09-11T13:58:18.619+0000][1][safepoint    ] Safepoint "GenCollectForAllocation", Time since last: 746304102 ns, Reaching safepoint: 115494 ns, At safepoint: 108022128 ns, Total: 108137622 ns
[2020-09-11T13:58:19.387+0000][1][gc,start     ] GC(22) Pause Young (Allocation Failure)
[2020-09-11T13:58:19.388+0000][1][gc,task      ] GC(22) Using 1 workers of 1 for evacuation
[2020-09-11T13:58:19.390+0000][1][gc,age       ] GC(22) Desired survivor size 4358144 bytes, new threshold 6 (max threshold 6)
[2020-09-11T13:58:19.390+0000][1][gc,age       ] GC(22) Age table with threshold 6 (max threshold 6)
[2020-09-11T13:58:19.390+0000][1][gc,age       ] GC(22) - age   1:     249472 bytes,     249472 total
[2020-09-11T13:58:19.390+0000][1][gc,age       ] GC(22) - age   2:     437976 bytes,     687448 total
[2020-09-11T13:58:19.390+0000][1][gc,heap      ] GC(22) ParNew: 71897K->1174K(76672K)
[2020-09-11T13:58:19.390+0000][1][gc,heap      ] GC(22) CMS: 45590K->45590K(439104K)
[2020-09-11T13:58:19.390+0000][1][gc,metaspace ] GC(22) Metaspace: 32437K->32437K(1079296K)
[2020-09-11T13:58:19.390+0000][1][gc           ] GC(22) Pause Young (Allocation Failure) 114M->45M(503M) 2.935ms
[2020-09-11T13:58:19.390+0000][1][gc,cpu       ] GC(22) User=0.01s Sys=0.00s Real=0.00s
[2020-09-11T13:58:19.391+0000][1][safepoint    ] Safepoint "GenCollectForAllocation", Time since last: 765723844 ns, Reaching safepoint: 2261349 ns, At safepoint: 3155333 ns, Total: 5416682 ns
[2020-09-11T13:58:19.764+0000][1][gc,start     ] GC(23) Pause Young (Allocation Failure)
[2020-09-11T13:58:19.764+0000][1][gc,task      ] GC(23) Using 1 workers of 1 for evacuation
[2020-09-11T13:58:19.767+0000][1][gc,age       ] GC(23) Desired survivor size 4358144 bytes, new threshold 6 (max threshold 6)
[2020-09-11T13:58:19.767+0000][1][gc,age       ] GC(23) Age table with threshold 6 (max threshold 6)
[2020-09-11T13:58:19.767+0000][1][gc,age       ] GC(23) - age   1:        152 bytes,        152 total
[2020-09-11T13:58:19.767+0000][1][gc,age       ] GC(23) - age   2:     249432 bytes,     249584 total
[2020-09-11T13:58:19.767+0000][1][gc,age       ] GC(23) - age   3:     437976 bytes,     687560 total
[2020-09-11T13:58:19.767+0000][1][gc,heap      ] GC(23) ParNew: 69334K->1090K(76672K)
[2020-09-11T13:58:19.767+0000][1][gc,heap      ] GC(23) CMS: 45590K->45590K(439104K)
[2020-09-11T13:58:19.767+0000][1][gc,metaspace ] GC(23) Metaspace: 32439K->32439K(1079296K)
[2020-09-11T13:58:19.767+0000][1][gc           ] GC(23) Pause Young (Allocation Failure) 112M->45M(503M) 2.939ms
[2020-09-11T13:58:19.767+0000][1][gc,cpu       ] GC(23) User=0.00s Sys=0.00s Real=0.00s
[2020-09-11T13:58:19.775+0000][1][safepoint    ] Safepoint "GenCollectForAllocation", Time since last: 373270242 ns, Reaching safepoint: 103332 ns, At safepoint: 10734242 ns, Total: 10837574 ns
[2020-09-11T13:58:20.137+0000][1][gc,start     ] GC(24) Pause Young (Allocation Failure)
[2020-09-11T13:58:20.137+0000][1][gc,task      ] GC(24) Using 1 workers of 1 for evacuation
[2020-09-11T13:58:20.148+0000][1][gc,age       ] GC(24) Desired survivor size 4358144 bytes, new threshold 6 (max threshold 6)
[2020-09-11T13:58:20.148+0000][1][gc,age       ] GC(24) Age table with threshold 6 (max threshold 6)
[2020-09-11T13:58:20.148+0000][1][gc,age       ] GC(24) - age   1:        192 bytes,        192 total
[2020-09-11T13:58:20.148+0000][1][gc,age       ] GC(24) - age   3:     249432 bytes,     249624 total
[2020-09-11T13:58:20.148+0000][1][gc,age       ] GC(24) - age   4:     437976 bytes,     687600 total
[2020-09-11T13:58:20.148+0000][1][gc,heap      ] GC(24) ParNew: 69250K->1279K(76672K)
[2020-09-11T13:58:20.148+0000][1][gc,heap      ] GC(24) CMS: 45590K->45590K(439104K)
[2020-09-11T13:58:20.148+0000][1][gc,metaspace ] GC(24) Metaspace: 32441K->32441K(1079296K)
[2020-09-11T13:58:20.148+0000][1][gc           ] GC(24) Pause Young (Allocation Failure) 112M->45M(503M) 11.434ms
[2020-09-11T13:58:20.148+0000][1][gc,cpu       ] GC(24) User=0.00s Sys=0.00s Real=0.01s
[2020-09-11T13:58:20.154+0000][1][safepoint    ] Safepoint "GenCollectForAllocation", Time since last: 361679245 ns, Reaching safepoint: 107837 ns, At safepoint: 17553768 ns, Total: 17661605 ns
[2020-09-11T13:58:20.496+0000][1][gc,start     ] GC(25) Pause Young (Allocation Failure)
[2020-09-11T13:58:20.496+0000][1][gc,task      ] GC(25) Using 1 workers of 1 for evacuation
[2020-09-11T13:58:20.498+0000][1][gc,age       ] GC(25) Desired survivor size 4358144 bytes, new threshold 6 (max threshold 6)
[2020-09-11T13:58:20.498+0000][1][gc,age       ] GC(25) Age table with threshold 6 (max threshold 6)
[2020-09-11T13:58:20.498+0000][1][gc,age       ] GC(25) - age   1:        224 bytes,        224 total
[2020-09-11T13:58:20.498+0000][1][gc,age       ] GC(25) - age   4:     249432 bytes,     249656 total
[2020-09-11T13:58:20.498+0000][1][gc,age       ] GC(25) - age   5:     437976 bytes,     687632 total
[2020-09-11T13:58:20.498+0000][1][gc,heap      ] GC(25) ParNew: 69439K->823K(76672K)
[2020-09-11T13:58:20.498+0000][1][gc,heap      ] GC(25) CMS: 45590K->45590K(439104K)
[2020-09-11T13:58:20.498+0000][1][gc,metaspace ] GC(25) Metaspace: 32441K->32441K(1079296K)
[2020-09-11T13:58:20.499+0000][1][gc           ] GC(25) Pause Young (Allocation Failure) 112M->45M(503M) 2.958ms
[2020-09-11T13:58:20.499+0000][1][gc,cpu       ] GC(25) User=0.01s Sys=0.00s Real=0.00s
[2020-09-11T13:58:20.515+0000][1][safepoint    ] Safepoint "GenCollectForAllocation", Time since last: 341382319 ns, Reaching safepoint: 103495 ns, At safepoint: 19884858 ns, Total: 19988353 ns
[2020-09-11T13:58:20.730+0000][1][gc,start     ] GC(26) Pause Young (Allocation Failure)
[2020-09-11T13:58:20.730+0000][1][gc,task      ] GC(26) Using 1 workers of 1 for evacuation
[2020-09-11T13:58:20.733+0000][1][gc,age       ] GC(26) Desired survivor size 4358144 bytes, new threshold 6 (max threshold 6)
[2020-09-11T13:58:20.733+0000][1][gc,age       ] GC(26) Age table with threshold 6 (max threshold 6)
[2020-09-11T13:58:20.733+0000][1][gc,age       ] GC(26) - age   1:         88 bytes,         88 total
[2020-09-11T13:58:20.733+0000][1][gc,age       ] GC(26) - age   5:     249432 bytes,     249520 total
[2020-09-11T13:58:20.733+0000][1][gc,age       ] GC(26) - age   6:     437976 bytes,     687496 total
[2020-09-11T13:58:20.733+0000][1][gc,heap      ] GC(26) ParNew: 68983K->1213K(76672K)
[2020-09-11T13:58:20.733+0000][1][gc,heap      ] GC(26) CMS: 45590K->45590K(439104K)
[2020-09-11T13:58:20.733+0000][1][gc,metaspace ] GC(26) Metaspace: 32441K->32441K(1079296K)
[2020-09-11T13:58:20.733+0000][1][gc           ] GC(26) Pause Young (Allocation Failure) 111M->45M(503M) 2.884ms
[2020-09-11T13:58:20.733+0000][1][gc,cpu       ] GC(26) User=0.00s Sys=0.00s Real=0.00s
[2020-09-11T13:58:20.735+0000][1][safepoint    ] Safepoint "GenCollectForAllocation", Time since last: 213006320 ns, Reaching safepoint: 1586467 ns, At safepoint: 5408932 ns, Total: 6995399 ns
[2020-09-11T13:58:20.899+0000][1][gc,start     ] GC(27) Pause Young (Allocation Failure)
[2020-09-11T13:58:20.900+0000][1][gc,task      ] GC(27) Using 1 workers of 1 for evacuation
[2020-09-11T13:58:20.903+0000][1][gc,age       ] GC(27) Desired survivor size 4358144 bytes, new threshold 6 (max threshold 6)
[2020-09-11T13:58:20.903+0000][1][gc,age       ] GC(27) Age table with threshold 6 (max threshold 6)
[2020-09-11T13:58:20.903+0000][1][gc,age       ] GC(27) - age   1:         24 bytes,         24 total
[2020-09-11T13:58:20.903+0000][1][gc,age       ] GC(27) - age   6:     249432 bytes,     249456 total
[2020-09-11T13:58:20.903+0000][1][gc,heap      ] GC(27) ParNew: 69373K->403K(76672K)
[2020-09-11T13:58:20.903+0000][1][gc,heap      ] GC(27) CMS: 45590K->46019K(439104K)
[2020-09-11T13:58:20.903+0000][1][gc,metaspace ] GC(27) Metaspace: 32441K->32441K(1079296K)
[2020-09-11T13:58:20.903+0000][1][gc           ] GC(27) Pause Young (Allocation Failure) 112M->45M(503M) 3.758ms
[2020-09-11T13:58:20.903+0000][1][gc,cpu       ] GC(27) User=0.01s Sys=0.00s Real=0.00s
[2020-09-11T13:58:20.907+0000][1][safepoint    ] Safepoint "GenCollectForAllocation", Time since last: 160820706 ns, Reaching safepoint: 3195615 ns, At safepoint: 7977395 ns, Total: 11173010 ns
[2020-09-11T13:58:21.072+0000][1][gc,start     ] GC(28) Pause Young (Allocation Failure)
[2020-09-11T13:58:21.072+0000][1][gc,task      ] GC(28) Using 1 workers of 1 for evacuation
[2020-09-11T13:58:21.075+0000][1][gc,age       ] GC(28) Desired survivor size 4358144 bytes, new threshold 6 (max threshold 6)
[2020-09-11T13:58:21.075+0000][1][gc,age       ] GC(28) Age table with threshold 6 (max threshold 6)
[2020-09-11T13:58:21.075+0000][1][gc,age       ] GC(28) - age   1:        240 bytes,        240 total
[2020-09-11T13:58:21.075+0000][1][gc,heap      ] GC(28) ParNew: 68563K->283K(76672K)
[2020-09-11T13:58:21.075+0000][1][gc,heap      ] GC(28) CMS: 46019K->46262K(439104K)
[2020-09-11T13:58:21.075+0000][1][gc,metaspace ] GC(28) Metaspace: 32441K->32441K(1079296K)
[2020-09-11T13:58:21.075+0000][1][gc           ] GC(28) Pause Young (Allocation Failure) 111M->45M(503M) 3.168ms
[2020-09-11T13:58:21.075+0000][1][gc,cpu       ] GC(28) User=0.00s Sys=0.00s Real=0.00s
[2020-09-11T13:58:21.080+0000][1][safepoint    ] Safepoint "GenCollectForAllocation", Time since last: 164009297 ns, Reaching safepoint: 111886 ns, At safepoint: 7987890 ns, Total: 8099776 ns
[2020-09-11T13:58:21.230+0000][1][gc,start     ] GC(29) Pause Young (Allocation Failure)
[2020-09-11T13:58:21.230+0000][1][gc,task      ] GC(29) Using 1 workers of 1 for evacuation
[2020-09-11T13:58:21.240+0000][1][gc,age       ] GC(29) Desired survivor size 4358144 bytes, new threshold 6 (max threshold 6)
[2020-09-11T13:58:21.240+0000][1][gc,age       ] GC(29) Age table with threshold 6 (max threshold 6)
[2020-09-11T13:58:21.240+0000][1][gc,age       ] GC(29) - age   1:        200 bytes,        200 total
[2020-09-11T13:58:21.240+0000][1][gc,age       ] GC(29) - age   2:         72 bytes,        272 total
[2020-09-11T13:58:21.240+0000][1][gc,heap      ] GC(29) ParNew: 68443K->70K(76672K)
[2020-09-11T13:58:21.240+0000][1][gc,heap      ] GC(29) CMS: 46262K->46262K(439104K)
[2020-09-11T13:58:21.240+0000][1][gc,metaspace ] GC(29) Metaspace: 32441K->32441K(1079296K)
[2020-09-11T13:58:21.240+0000][1][gc           ] GC(29) Pause Young (Allocation Failure) 112M->45M(503M) 9.971ms
[2020-09-11T13:58:21.240+0000][1][gc,cpu       ] GC(29) User=0.01s Sys=0.00s Real=0.01s
[2020-09-11T13:58:21.240+0000][1][safepoint    ] Safepoint "GenCollectForAllocation", Time since last: 150001635 ns, Reaching safepoint: 110547 ns, At safepoint: 10036193 ns, Total: 10146740 ns
[2020-09-11T13:58:21.395+0000][1][gc,start     ] GC(30) Pause Young (Allocation Failure)
[2020-09-11T13:58:21.395+0000][1][gc,task      ] GC(30) Using 1 workers of 1 for evacuation
[2020-09-11T13:58:21.398+0000][1][gc,age       ] GC(30) Desired survivor size 4358144 bytes, new threshold 6 (max threshold 6)
[2020-09-11T13:58:21.398+0000][1][gc,age       ] GC(30) Age table with threshold 6 (max threshold 6)
[2020-09-11T13:58:21.398+0000][1][gc,age       ] GC(30) - age   1:        208 bytes,        208 total
[2020-09-11T13:58:21.398+0000][1][gc,age       ] GC(30) - age   3:         72 bytes,        280 total
[2020-09-11T13:58:21.398+0000][1][gc,heap      ] GC(30) ParNew: 68230K->17K(76672K)
[2020-09-11T13:58:21.398+0000][1][gc,heap      ] GC(30) CMS: 46262K->46262K(439104K)
[2020-09-11T13:58:21.398+0000][1][gc,metaspace ] GC(30) Metaspace: 32441K->32441K(1079296K)
[2020-09-11T13:58:21.398+0000][1][gc           ] GC(30) Pause Young (Allocation Failure) 111M->45M(503M) 2.421ms
[2020-09-11T13:58:21.398+0000][1][gc,cpu       ] GC(30) User=0.00s Sys=0.00s Real=0.00s
[2020-09-11T13:58:21.403+0000][1][safepoint    ] Safepoint "GenCollectForAllocation", Time since last: 151045358 ns, Reaching safepoint: 4708369 ns, At safepoint: 8006502 ns, Total: 12714871 ns
[2020-09-11T13:58:21.561+0000][1][gc,start     ] GC(31) Pause Young (Allocation Failure)
[2020-09-11T13:58:21.561+0000][1][gc,task      ] GC(31) Using 1 workers of 1 for evacuation
[2020-09-11T13:58:21.568+0000][1][gc,age       ] GC(31) Desired survivor size 4358144 bytes, new threshold 6 (max threshold 6)
[2020-09-11T13:58:21.568+0000][1][gc,age       ] GC(31) Age table with threshold 6 (max threshold 6)
[2020-09-11T13:58:21.568+0000][1][gc,age       ] GC(31) - age   1:        360 bytes,        360 total
[2020-09-11T13:58:21.568+0000][1][gc,age       ] GC(31) - age   4:         72 bytes,        432 total
[2020-09-11T13:58:21.568+0000][1][gc,heap      ] GC(31) ParNew: 68177K->4K(76672K)
[2020-09-11T13:58:21.568+0000][1][gc,heap      ] GC(31) CMS: 46262K->46262K(439104K)
[2020-09-11T13:58:21.568+0000][1][gc,metaspace ] GC(31) Metaspace: 32441K->32441K(1079296K)
[2020-09-11T13:58:21.568+0000][1][gc           ] GC(31) Pause Young (Allocation Failure) 111M->45M(503M) 6.478ms
[2020-09-11T13:58:21.568+0000][1][gc,cpu       ] GC(31) User=0.00s Sys=0.00s Real=0.01s
[2020-09-11T13:58:21.568+0000][1][safepoint    ] Safepoint "GenCollectForAllocation", Time since last: 156919102 ns, Reaching safepoint: 871134 ns, At safepoint: 6534507 ns, Total: 7405641 ns
[2020-09-11T13:58:21.723+0000][1][gc,start     ] GC(32) Pause Young (Allocation Failure)
[2020-09-11T13:58:21.723+0000][1][gc,task      ] GC(32) Using 1 workers of 1 for evacuation
[2020-09-11T13:58:21.726+0000][1][gc,age       ] GC(32) Desired survivor size 4358144 bytes, new threshold 6 (max threshold 6)
[2020-09-11T13:58:21.726+0000][1][gc,age       ] GC(32) Age table with threshold 6 (max threshold 6)
[2020-09-11T13:58:21.726+0000][1][gc,age       ] GC(32) - age   1:        152 bytes,        152 total
[2020-09-11T13:58:21.726+0000][1][gc,age       ] GC(32) - age   2:        208 bytes,        360 total
[2020-09-11T13:58:21.726+0000][1][gc,age       ] GC(32) - age   5:         72 bytes,        432 total
[2020-09-11T13:58:21.726+0000][1][gc,heap      ] GC(32) ParNew: 68164K->2K(76672K)
[2020-09-11T13:58:21.726+0000][1][gc,heap      ] GC(32) CMS: 46262K->46262K(439104K)
[2020-09-11T13:58:21.726+0000][1][gc,metaspace ] GC(32) Metaspace: 32441K->32441K(1079296K)
[2020-09-11T13:58:21.726+0000][1][gc           ] GC(32) Pause Young (Allocation Failure) 111M->45M(503M) 2.532ms
[2020-09-11T13:58:21.726+0000][1][gc,cpu       ] GC(32) User=0.00s Sys=0.00s Real=0.00s
[2020-09-11T13:58:21.731+0000][1][safepoint    ] Safepoint "GenCollectForAllocation", Time since last: 155113193 ns, Reaching safepoint: 561826 ns, At safepoint: 8007488 ns, Total: 8569314 ns
[2020-09-11T13:58:21.887+0000][1][gc,start     ] GC(33) Pause Young (Allocation Failure)
[2020-09-11T13:58:21.888+0000][1][gc,task      ] GC(33) Using 1 workers of 1 for evacuation
[2020-09-11T13:58:21.890+0000][1][gc,age       ] GC(33) Desired survivor size 4358144 bytes, new threshold 6 (max threshold 6)
[2020-09-11T13:58:21.890+0000][1][gc,age       ] GC(33) Age table with threshold 6 (max threshold 6)
[2020-09-11T13:58:21.890+0000][1][gc,age       ] GC(33) - age   1:         48 bytes,         48 total
[2020-09-11T13:58:21.890+0000][1][gc,age       ] GC(33) - age   3:        208 bytes,        256 total
[2020-09-11T13:58:21.890+0000][1][gc,age       ] GC(33) - age   6:         72 bytes,        328 total
[2020-09-11T13:58:21.890+0000][1][gc,heap      ] GC(33) ParNew: 68162K->2K(76672K)
[2020-09-11T13:58:21.890+0000][1][gc,heap      ] GC(33) CMS: 46262K->46262K(439104K)
[2020-09-11T13:58:21.890+0000][1][gc,metaspace ] GC(33) Metaspace: 32441K->32441K(1079296K)
[2020-09-11T13:58:21.890+0000][1][gc           ] GC(33) Pause Young (Allocation Failure) 111M->45M(503M) 2.477ms
[2020-09-11T13:58:21.890+0000][1][gc,cpu       ] GC(33) User=0.00s Sys=0.00s Real=0.00s
[2020-09-11T13:58:21.891+0000][1][safepoint    ] Safepoint "GenCollectForAllocation", Time since last: 152025126 ns, Reaching safepoint: 3992266 ns, At safepoint: 3968549 ns, Total: 7960815 ns
[2020-09-11T13:58:22.900+0000][1][safepoint    ] Safepoint "Cleanup", Time since last: 1008071080 ns, Reaching safepoint: 526957 ns, At safepoint: 6247 ns, Total: 533204 ns
[2020-09-11T13:58:24.910+0000][1][safepoint    ] Safepoint "Cleanup", Time since last: 2007379035 ns, Reaching safepoint: 2138189 ns, At safepoint: 7230 ns, Total: 2145419 ns
[2020-09-11T13:58:25.200+0000][1][gc,start     ] GC(34) Pause Young (Allocation Failure)
[2020-09-11T13:58:25.200+0000][1][gc,task      ] GC(34) Using 1 workers of 1 for evacuation
[2020-09-11T13:58:25.202+0000][1][gc,age       ] GC(34) Desired survivor size 4358144 bytes, new threshold 6 (max threshold 6)
[2020-09-11T13:58:25.202+0000][1][gc,age       ] GC(34) Age table with threshold 6 (max threshold 6)
[2020-09-11T13:58:25.202+0000][1][gc,age       ] GC(34) - age   1:     278656 bytes,     278656 total
[2020-09-11T13:58:25.202+0000][1][gc,age       ] GC(34) - age   4:        208 bytes,     278864 total
[2020-09-11T13:58:25.202+0000][1][gc,heap      ] GC(34) ParNew: 68162K->272K(76672K)
[2020-09-11T13:58:25.202+0000][1][gc,heap      ] GC(34) CMS: 46262K->46262K(439104K)
[2020-09-11T13:58:25.202+0000][1][gc,metaspace ] GC(34) Metaspace: 32461K->32461K(1079296K)
[2020-09-11T13:58:25.202+0000][1][gc           ] GC(34) Pause Young (Allocation Failure) 111M->45M(503M) 2.688ms
[2020-09-11T13:58:25.202+0000][1][gc,cpu       ] GC(34) User=0.00s Sys=0.00s Real=0.00s
[2020-09-11T13:58:25.205+0000][1][safepoint    ] Safepoint "GenCollectForAllocation", Time since last: 289887405 ns, Reaching safepoint: 104933 ns, At safepoint: 5900778 ns, Total: 6005711 ns
[2020-09-11T13:58:26.212+0000][1][gc,start     ] GC(35) Pause Young (Allocation Failure)
[2020-09-11T13:58:26.212+0000][1][gc,task      ] GC(35) Using 1 workers of 1 for evacuation
[2020-09-11T13:58:26.214+0000][1][gc,age       ] GC(35) Desired survivor size 4358144 bytes, new threshold 6 (max threshold 6)
[2020-09-11T13:58:26.214+0000][1][gc,age       ] GC(35) Age table with threshold 6 (max threshold 6)
[2020-09-11T13:58:26.214+0000][1][gc,age       ] GC(35) - age   1:     512424 bytes,     512424 total
[2020-09-11T13:58:26.214+0000][1][gc,age       ] GC(35) - age   2:     184464 bytes,     696888 total
[2020-09-11T13:58:26.214+0000][1][gc,age       ] GC(35) - age   5:        208 bytes,     697096 total
[2020-09-11T13:58:26.214+0000][1][gc,heap      ] GC(35) ParNew: 68432K->682K(76672K)
[2020-09-11T13:58:26.214+0000][1][gc,heap      ] GC(35) CMS: 46262K->46262K(439104K)
[2020-09-11T13:58:26.214+0000][1][gc,metaspace ] GC(35) Metaspace: 32461K->32461K(1079296K)
[2020-09-11T13:58:26.214+0000][1][gc           ] GC(35) Pause Young (Allocation Failure) 112M->45M(503M) 2.805ms
[2020-09-11T13:58:26.214+0000][1][gc,cpu       ] GC(35) User=0.00s Sys=0.00s Real=0.00s
[2020-09-11T13:58:26.219+0000][1][safepoint    ] Safepoint "GenCollectForAllocation", Time since last: 1005997011 ns, Reaching safepoint: 104517 ns, At safepoint: 7876908 ns, Total: 7981425 ns
[2020-09-11T13:58:27.416+0000][1][gc,start     ] GC(36) Pause Young (Allocation Failure)
[2020-09-11T13:58:27.416+0000][1][gc,task      ] GC(36) Using 1 workers of 1 for evacuation
[2020-09-11T13:58:27.418+0000][1][gc,age       ] GC(36) Desired survivor size 4358144 bytes, new threshold 6 (max threshold 6)
[2020-09-11T13:58:27.418+0000][1][gc,age       ] GC(36) Age table with threshold 6 (max threshold 6)
[2020-09-11T13:58:27.418+0000][1][gc,age       ] GC(36) - age   1:     642656 bytes,     642656 total
[2020-09-11T13:58:27.418+0000][1][gc,age       ] GC(36) - age   2:     339856 bytes,     982512 total
[2020-09-11T13:58:27.418+0000][1][gc,age       ] GC(36) - age   3:     183824 bytes,    1166336 total
[2020-09-11T13:58:27.418+0000][1][gc,age       ] GC(36) - age   6:        208 bytes,    1166544 total
[2020-09-11T13:58:27.418+0000][1][gc,heap      ] GC(36) ParNew: 68842K->1160K(76672K)
[2020-09-11T13:58:27.418+0000][1][gc,heap      ] GC(36) CMS: 46262K->46262K(439104K)
[2020-09-11T13:58:27.418+0000][1][gc,metaspace ] GC(36) Metaspace: 32462K->32462K(1079296K)
[2020-09-11T13:58:27.418+0000][1][gc           ] GC(36) Pause Young (Allocation Failure) 112M->46M(503M) 2.870ms
[2020-09-11T13:58:27.418+0000][1][gc,cpu       ] GC(36) User=0.00s Sys=0.00s Real=0.00s
[2020-09-11T13:58:27.418+0000][1][safepoint    ] Safepoint "GenCollectForAllocation", Time since last: 1196029565 ns, Reaching safepoint: 102979 ns, At safepoint: 2925542 ns, Total: 3028521 ns
[2020-09-11T13:58:28.329+0000][1][gc,start     ] GC(37) Pause Young (Allocation Failure)
[2020-09-11T13:58:28.329+0000][1][gc,task      ] GC(37) Using 1 workers of 1 for evacuation
[2020-09-11T13:58:28.340+0000][1][gc,age       ] GC(37) Desired survivor size 4358144 bytes, new threshold 6 (max threshold 6)
[2020-09-11T13:58:28.340+0000][1][gc,age       ] GC(37) Age table with threshold 6 (max threshold 6)
[2020-09-11T13:58:28.340+0000][1][gc,age       ] GC(37) - age   1:     621616 bytes,     621616 total
[2020-09-11T13:58:28.340+0000][1][gc,age       ] GC(37) - age   2:     301408 bytes,     923024 total
[2020-09-11T13:58:28.340+0000][1][gc,age       ] GC(37) - age   3:     339672 bytes,    1262696 total
[2020-09-11T13:58:28.340+0000][1][gc,age       ] GC(37) - age   4:     183440 bytes,    1446136 total
[2020-09-11T13:58:28.340+0000][1][gc,heap      ] GC(37) ParNew: 69320K->1478K(76672K)
[2020-09-11T13:58:28.340+0000][1][gc,heap      ] GC(37) CMS: 46262K->46263K(439104K)
[2020-09-11T13:58:28.340+0000][1][gc,metaspace ] GC(37) Metaspace: 32463K->32463K(1079296K)
[2020-09-11T13:58:28.340+0000][1][gc           ] GC(37) Pause Young (Allocation Failure) 112M->46M(503M) 11.371ms
[2020-09-11T13:58:28.340+0000][1][gc,cpu       ] GC(37) User=0.00s Sys=0.00s Real=0.01s
[2020-09-11T13:58:28.351+0000][1][safepoint    ] Safepoint "GenCollectForAllocation", Time since last: 910485619 ns, Reaching safepoint: 98433 ns, At safepoint: 22380367 ns, Total: 22478800 ns
[2020-09-11T13:58:29.180+0000][1][gc,start     ] GC(38) Pause Young (Allocation Failure)
[2020-09-11T13:58:29.180+0000][1][gc,task      ] GC(38) Using 1 workers of 1 for evacuation
[2020-09-11T13:58:29.182+0000][1][gc,age       ] GC(38) Desired survivor size 4358144 bytes, new threshold 6 (max threshold 6)
[2020-09-11T13:58:29.182+0000][1][gc,age       ] GC(38) Age table with threshold 6 (max threshold 6)
[2020-09-11T13:58:29.182+0000][1][gc,age       ] GC(38) - age   1:     934376 bytes,     934376 total
[2020-09-11T13:58:29.182+0000][1][gc,age       ] GC(38) - age   2:     264672 bytes,    1199048 total
[2020-09-11T13:58:29.182+0000][1][gc,age       ] GC(38) - age   3:     297488 bytes,    1496536 total
[2020-09-11T13:58:29.183+0000][1][gc,age       ] GC(38) - age   4:     339592 bytes,    1836128 total
[2020-09-11T13:58:29.183+0000][1][gc,age       ] GC(38) - age   5:     183336 bytes,    2019464 total
[2020-09-11T13:58:29.183+0000][1][gc,heap      ] GC(38) ParNew: 69638K->2043K(76672K)
[2020-09-11T13:58:29.183+0000][1][gc,heap      ] GC(38) CMS: 46263K->46263K(439104K)
[2020-09-11T13:58:29.183+0000][1][gc,metaspace ] GC(38) Metaspace: 32463K->32463K(1079296K)
[2020-09-11T13:58:29.183+0000][1][gc           ] GC(38) Pause Young (Allocation Failure) 113M->47M(503M) 3.008ms
[2020-09-11T13:58:29.183+0000][1][gc,cpu       ] GC(38) User=0.00s Sys=0.00s Real=0.00s
[2020-09-11T13:58:29.191+0000][1][safepoint    ] Safepoint "GenCollectForAllocation", Time since last: 828000524 ns, Reaching safepoint: 103395 ns, At safepoint: 11854475 ns, Total: 11957870 ns
[2020-09-11T13:58:29.824+0000][1][gc,start     ] GC(39) Pause Young (Allocation Failure)
[2020-09-11T13:58:29.824+0000][1][gc,task      ] GC(39) Using 1 workers of 1 for evacuation
[2020-09-11T13:58:29.827+0000][1][gc,age       ] GC(39) Desired survivor size 4358144 bytes, new threshold 6 (max threshold 6)
[2020-09-11T13:58:29.827+0000][1][gc,age       ] GC(39) Age table with threshold 6 (max threshold 6)
[2020-09-11T13:58:29.827+0000][1][gc,age       ] GC(39) - age   1:     310832 bytes,     310832 total
[2020-09-11T13:58:29.827+0000][1][gc,age       ] GC(39) - age   2:     922856 bytes,    1233688 total
[2020-09-11T13:58:29.827+0000][1][gc,age       ] GC(39) - age   3:     263464 bytes,    1497152 total
[2020-09-11T13:58:29.827+0000][1][gc,age       ] GC(39) - age   4:     296976 bytes,    1794128 total
[2020-09-11T13:58:29.827+0000][1][gc,age       ] GC(39) - age   5:     339256 bytes,    2133384 total
[2020-09-11T13:58:29.827+0000][1][gc,age       ] GC(39) - age   6:     183296 bytes,    2316680 total
[2020-09-11T13:58:29.827+0000][1][gc,heap      ] GC(39) ParNew: 70203K->2388K(76672K)
[2020-09-11T13:58:29.827+0000][1][gc,heap      ] GC(39) CMS: 46263K->46263K(439104K)
[2020-09-11T13:58:29.827+0000][1][gc,metaspace ] GC(39) Metaspace: 32463K->32463K(1079296K)
[2020-09-11T13:58:29.827+0000][1][gc           ] GC(39) Pause Young (Allocation Failure) 113M->47M(503M) 3.148ms
[2020-09-11T13:58:29.827+0000][1][gc,cpu       ] GC(39) User=0.00s Sys=0.00s Real=0.00s
[2020-09-11T13:58:29.831+0000][1][safepoint    ] Safepoint "GenCollectForAllocation", Time since last: 632032432 ns, Reaching safepoint: 103559 ns, At safepoint: 7864305 ns, Total: 7967864 ns
[2020-09-11T13:58:30.592+0000][1][gc,start     ] GC(40) Pause Young (Allocation Failure)
[2020-09-11T13:58:30.592+0000][1][gc,task      ] GC(40) Using 1 workers of 1 for evacuation
[2020-09-11T13:58:30.595+0000][1][gc,age       ] GC(40) Desired survivor size 4358144 bytes, new threshold 6 (max threshold 6)
[2020-09-11T13:58:30.595+0000][1][gc,age       ] GC(40) Age table with threshold 6 (max threshold 6)
[2020-09-11T13:58:30.595+0000][1][gc,age       ] GC(40) - age   1:     381056 bytes,     381056 total
[2020-09-11T13:58:30.595+0000][1][gc,age       ] GC(40) - age   2:     300704 bytes,     681760 total
[2020-09-11T13:58:30.595+0000][1][gc,age       ] GC(40) - age   3:     922288 bytes,    1604048 total
[2020-09-11T13:58:30.595+0000][1][gc,age       ] GC(40) - age   4:     263232 bytes,    1867280 total
[2020-09-11T13:58:30.595+0000][1][gc,age       ] GC(40) - age   5:     296856 bytes,    2164136 total
[2020-09-11T13:58:30.595+0000][1][gc,age       ] GC(40) - age   6:     339256 bytes,    2503392 total
[2020-09-11T13:58:30.595+0000][1][gc,heap      ] GC(40) ParNew: 70548K->2469K(76672K)
[2020-09-11T13:58:30.595+0000][1][gc,heap      ] GC(40) CMS: 46263K->46439K(439104K)
[2020-09-11T13:58:30.595+0000][1][gc,metaspace ] GC(40) Metaspace: 32466K->32466K(1079296K)
[2020-09-11T13:58:30.595+0000][1][gc           ] GC(40) Pause Young (Allocation Failure) 114M->47M(503M) 3.153ms
[2020-09-11T13:58:30.595+0000][1][gc,cpu       ] GC(40) User=0.00s Sys=0.00s Real=0.00s
[2020-09-11T13:58:30.607+0000][1][safepoint    ] Safepoint "GenCollectForAllocation", Time since last: 760008769 ns, Reaching safepoint: 118391 ns, At safepoint: 15882588 ns, Total: 16000979 ns
[2020-09-11T13:58:30.856+0000][1][gc,start     ] GC(41) Pause Young (Allocation Failure)
[2020-09-11T13:58:30.856+0000][1][gc,task      ] GC(41) Using 1 workers of 1 for evacuation
[2020-09-11T13:58:30.859+0000][1][gc,age       ] GC(41) Desired survivor size 4358144 bytes, new threshold 6 (max threshold 6)
[2020-09-11T13:58:30.859+0000][1][gc,age       ] GC(41) Age table with threshold 6 (max threshold 6)
[2020-09-11T13:58:30.859+0000][1][gc,age       ] GC(41) - age   1:        312 bytes,        312 total
[2020-09-11T13:58:30.859+0000][1][gc,age       ] GC(41) - age   2:     380760 bytes,     381072 total
[2020-09-11T13:58:30.859+0000][1][gc,age       ] GC(41) - age   3:     300704 bytes,     681776 total
[2020-09-11T13:58:30.859+0000][1][gc,age       ] GC(41) - age   4:     922288 bytes,    1604064 total
[2020-09-11T13:58:30.859+0000][1][gc,age       ] GC(41) - age   5:     263232 bytes,    1867296 total
[2020-09-11T13:58:30.859+0000][1][gc,age       ] GC(41) - age   6:     296856 bytes,    2164152 total
[2020-09-11T13:58:30.859+0000][1][gc,heap      ] GC(41) ParNew: 70629K->2130K(76672K)
[2020-09-11T13:58:30.859+0000][1][gc,heap      ] GC(41) CMS: 46439K->46770K(439104K)
[2020-09-11T13:58:30.859+0000][1][gc,metaspace ] GC(41) Metaspace: 32466K->32466K(1079296K)
[2020-09-11T13:58:30.859+0000][1][gc           ] GC(41) Pause Young (Allocation Failure) 114M->47M(503M) 3.197ms
[2020-09-11T13:58:30.859+0000][1][gc,cpu       ] GC(41) User=0.01s Sys=0.00s Real=0.00s
[2020-09-11T13:58:30.863+0000][1][safepoint    ] Safepoint "GenCollectForAllocation", Time since last: 242294755 ns, Reaching safepoint: 5805636 ns, At safepoint: 7892237 ns, Total: 13697873 ns
[2020-09-11T13:58:31.020+0000][1][gc,start     ] GC(42) Pause Young (Allocation Failure)
[2020-09-11T13:58:31.020+0000][1][gc,task      ] GC(42) Using 1 workers of 1 for evacuation
[2020-09-11T13:58:31.022+0000][1][gc,age       ] GC(42) Desired survivor size 4358144 bytes, new threshold 6 (max threshold 6)
[2020-09-11T13:58:31.023+0000][1][gc,age       ] GC(42) Age table with threshold 6 (max threshold 6)
[2020-09-11T13:58:31.023+0000][1][gc,age       ] GC(42) - age   1:        104 bytes,        104 total
[2020-09-11T13:58:31.023+0000][1][gc,age       ] GC(42) - age   2:        160 bytes,        264 total
[2020-09-11T13:58:31.023+0000][1][gc,age       ] GC(42) - age   3:     380760 bytes,     381024 total
[2020-09-11T13:58:31.023+0000][1][gc,age       ] GC(42) - age   4:     300704 bytes,     681728 total
[2020-09-11T13:58:31.023+0000][1][gc,age       ] GC(42) - age   5:     922288 bytes,    1604016 total
[2020-09-11T13:58:31.023+0000][1][gc,age       ] GC(42) - age   6:     263232 bytes,    1867248 total
[2020-09-11T13:58:31.023+0000][1][gc,heap      ] GC(42) ParNew: 70290K->1834K(76672K)
[2020-09-11T13:58:31.023+0000][1][gc,heap      ] GC(42) CMS: 46770K->47060K(439104K)
[2020-09-11T13:58:31.023+0000][1][gc,metaspace ] GC(42) Metaspace: 32466K->32466K(1079296K)
[2020-09-11T13:58:31.023+0000][1][gc           ] GC(42) Pause Young (Allocation Failure) 114M->47M(503M) 2.973ms
[2020-09-11T13:58:31.023+0000][1][gc,cpu       ] GC(42) User=0.00s Sys=0.00s Real=0.00s
[2020-09-11T13:58:31.023+0000][1][safepoint    ] Safepoint "GenCollectForAllocation", Time since last: 156132161 ns, Reaching safepoint: 99110 ns, At safepoint: 3037460 ns, Total: 3136570 ns
[2020-09-11T13:58:31.179+0000][1][gc,start     ] GC(43) Pause Young (Allocation Failure)
[2020-09-11T13:58:31.179+0000][1][gc,task      ] GC(43) Using 1 workers of 1 for evacuation
[2020-09-11T13:58:31.182+0000][1][gc,age       ] GC(43) Desired survivor size 4358144 bytes, new threshold 6 (max threshold 6)
[2020-09-11T13:58:31.182+0000][1][gc,age       ] GC(43) Age table with threshold 6 (max threshold 6)
[2020-09-11T13:58:31.182+0000][1][gc,age       ] GC(43) - age   1:         24 bytes,         24 total
[2020-09-11T13:58:31.182+0000][1][gc,age       ] GC(43) - age   3:        160 bytes,        184 total
[2020-09-11T13:58:31.182+0000][1][gc,age       ] GC(43) - age   4:     380760 bytes,     380944 total
[2020-09-11T13:58:31.182+0000][1][gc,age       ] GC(43) - age   5:     300704 bytes,     681648 total
[2020-09-11T13:58:31.182+0000][1][gc,age       ] GC(43) - age   6:     922288 bytes,    1603936 total
[2020-09-11T13:58:31.182+0000][1][gc,heap      ] GC(43) ParNew: 69994K->1865K(76672K)
[2020-09-11T13:58:31.182+0000][1][gc,heap      ] GC(43) CMS: 47060K->47317K(439104K)
[2020-09-11T13:58:31.182+0000][1][gc,metaspace ] GC(43) Metaspace: 32466K->32466K(1079296K)
[2020-09-11T13:58:31.182+0000][1][gc           ] GC(43) Pause Young (Allocation Failure) 114M->48M(503M) 2.908ms
[2020-09-11T13:58:31.182+0000][1][gc,cpu       ] GC(43) User=0.00s Sys=0.00s Real=0.00s
[2020-09-11T13:58:31.187+0000][1][safepoint    ] Safepoint "GenCollectForAllocation", Time since last: 152751918 ns, Reaching safepoint: 3987970 ns, At safepoint: 7996346 ns, Total: 11984316 ns
[2020-09-11T13:58:31.343+0000][1][gc,start     ] GC(44) Pause Young (Allocation Failure)
[2020-09-11T13:58:31.343+0000][1][gc,task      ] GC(44) Using 1 workers of 1 for evacuation
[2020-09-11T13:58:31.346+0000][1][gc,age       ] GC(44) Desired survivor size 4358144 bytes, new threshold 6 (max threshold 6)
[2020-09-11T13:58:31.346+0000][1][gc,age       ] GC(44) Age table with threshold 6 (max threshold 6)
[2020-09-11T13:58:31.346+0000][1][gc,age       ] GC(44) - age   1:        176 bytes,        176 total
[2020-09-11T13:58:31.346+0000][1][gc,age       ] GC(44) - age   4:        160 bytes,        336 total
[2020-09-11T13:58:31.346+0000][1][gc,age       ] GC(44) - age   5:     380760 bytes,     381096 total
[2020-09-11T13:58:31.346+0000][1][gc,age       ] GC(44) - age   6:     300704 bytes,     681800 total
[2020-09-11T13:58:31.346+0000][1][gc,heap      ] GC(44) ParNew: 70025K->770K(76672K)
[2020-09-11T13:58:31.346+0000][1][gc,heap      ] GC(44) CMS: 47317K->48218K(439104K)
[2020-09-11T13:58:31.346+0000][1][gc,metaspace ] GC(44) Metaspace: 32466K->32466K(1079296K)
[2020-09-11T13:58:31.346+0000][1][gc           ] GC(44) Pause Young (Allocation Failure) 114M->47M(503M) 2.850ms
[2020-09-11T13:58:31.346+0000][1][gc,cpu       ] GC(44) User=0.01s Sys=0.00s Real=0.00s
[2020-09-11T13:58:31.355+0000][1][safepoint    ] Safepoint "GenCollectForAllocation", Time since last: 154887732 ns, Reaching safepoint: 1121122 ns, At safepoint: 11984583 ns, Total: 13105705 ns
[2020-09-11T13:58:31.515+0000][1][gc,start     ] GC(45) Pause Young (Allocation Failure)
[2020-09-11T13:58:31.515+0000][1][gc,task      ] GC(45) Using 1 workers of 1 for evacuation
[2020-09-11T13:58:31.521+0000][1][gc,age       ] GC(45) Desired survivor size 4358144 bytes, new threshold 6 (max threshold 6)
[2020-09-11T13:58:31.521+0000][1][gc,age       ] GC(45) Age table with threshold 6 (max threshold 6)
[2020-09-11T13:58:31.521+0000][1][gc,age       ] GC(45) - age   1:         72 bytes,         72 total
[2020-09-11T13:58:31.521+0000][1][gc,age       ] GC(45) - age   5:        160 bytes,        232 total
[2020-09-11T13:58:31.521+0000][1][gc,age       ] GC(45) - age   6:     380760 bytes,     380992 total
[2020-09-11T13:58:31.521+0000][1][gc,heap      ] GC(45) ParNew: 68930K->691K(76672K)
[2020-09-11T13:58:31.521+0000][1][gc,heap      ] GC(45) CMS: 48218K->48512K(439104K)
[2020-09-11T13:58:31.521+0000][1][gc,metaspace ] GC(45) Metaspace: 32466K->32466K(1079296K)
[2020-09-11T13:58:31.521+0000][1][gc           ] GC(45) Pause Young (Allocation Failure) 114M->48M(503M) 6.620ms
[2020-09-11T13:58:31.521+0000][1][gc,cpu       ] GC(45) User=0.00s Sys=0.00s Real=0.01s
[2020-09-11T13:58:31.521+0000][1][safepoint    ] Safepoint "GenCollectForAllocation", Time since last: 156017760 ns, Reaching safepoint: 3238358 ns, At safepoint: 6680482 ns, Total: 9918840 ns
[2020-09-11T13:58:31.679+0000][1][gc,start     ] GC(46) Pause Young (Allocation Failure)
[2020-09-11T13:58:31.679+0000][1][gc,task      ] GC(46) Using 1 workers of 1 for evacuation
[2020-09-11T13:58:31.682+0000][1][gc,age       ] GC(46) Desired survivor size 4358144 bytes, new threshold 6 (max threshold 6)
[2020-09-11T13:58:31.682+0000][1][gc,age       ] GC(46) Age table with threshold 6 (max threshold 6)
[2020-09-11T13:58:31.682+0000][1][gc,age       ] GC(46) - age   1:        184 bytes,        184 total
[2020-09-11T13:58:31.682+0000][1][gc,age       ] GC(46) - age   6:        160 bytes,        344 total
[2020-09-11T13:58:31.682+0000][1][gc,heap      ] GC(46) ParNew: 68851K->312K(76672K)
[2020-09-11T13:58:31.682+0000][1][gc,heap      ] GC(46) CMS: 48512K->48884K(439104K)
[2020-09-11T13:58:31.682+0000][1][gc,metaspace ] GC(46) Metaspace: 32466K->32466K(1079296K)
[2020-09-11T13:58:31.682+0000][1][gc           ] GC(46) Pause Young (Allocation Failure) 114M->48M(503M) 2.703ms
[2020-09-11T13:58:31.682+0000][1][gc,cpu       ] GC(46) User=0.01s Sys=0.00s Real=0.00s
[2020-09-11T13:58:31.682+0000][1][safepoint    ] Safepoint "GenCollectForAllocation", Time since last: 154351461 ns, Reaching safepoint: 3726612 ns, At safepoint: 2753227 ns, Total: 6479839 ns
[2020-09-11T13:58:31.839+0000][1][gc,start     ] GC(47) Pause Young (Allocation Failure)
[2020-09-11T13:58:31.840+0000][1][gc,task      ] GC(47) Using 1 workers of 1 for evacuation
[2020-09-11T13:58:31.842+0000][1][gc,age       ] GC(47) Desired survivor size 4358144 bytes, new threshold 6 (max threshold 6)
[2020-09-11T13:58:31.842+0000][1][gc,age       ] GC(47) Age table with threshold 6 (max threshold 6)
[2020-09-11T13:58:31.842+0000][1][gc,age       ] GC(47) - age   1:        176 bytes,        176 total
[2020-09-11T13:58:31.842+0000][1][gc,heap      ] GC(47) ParNew: 68472K->78K(76672K)
[2020-09-11T13:58:31.842+0000][1][gc,heap      ] GC(47) CMS: 48884K->48884K(439104K)
[2020-09-11T13:58:31.842+0000][1][gc,metaspace ] GC(47) Metaspace: 32466K->32466K(1079296K)
[2020-09-11T13:58:31.842+0000][1][gc           ] GC(47) Pause Young (Allocation Failure) 114M->47M(503M) 2.443ms
[2020-09-11T13:58:31.842+0000][1][gc,cpu       ] GC(47) User=0.00s Sys=0.00s Real=0.00s
[2020-09-11T13:58:31.843+0000][1][safepoint    ] Safepoint "GenCollectForAllocation", Time since last: 153877312 ns, Reaching safepoint: 3393194 ns, At safepoint: 3993884 ns, Total: 7387078 ns
[2020-09-11T13:58:32.002+0000][1][gc,start     ] GC(48) Pause Young (Allocation Failure)
[2020-09-11T13:58:32.002+0000][1][gc,task      ] GC(48) Using 1 workers of 1 for evacuation
[2020-09-11T13:58:32.009+0000][1][gc,age       ] GC(48) Desired survivor size 4358144 bytes, new threshold 6 (max threshold 6)
[2020-09-11T13:58:32.009+0000][1][gc,age       ] GC(48) Age table with threshold 6 (max threshold 6)
[2020-09-11T13:58:32.009+0000][1][gc,age       ] GC(48) - age   1:        208 bytes,        208 total
[2020-09-11T13:58:32.009+0000][1][gc,heap      ] GC(48) ParNew: 68238K->19K(76672K)
[2020-09-11T13:58:32.009+0000][1][gc,heap      ] GC(48) CMS: 48884K->48884K(439104K)
[2020-09-11T13:58:32.009+0000][1][gc,metaspace ] GC(48) Metaspace: 32466K->32466K(1079296K)
[2020-09-11T13:58:32.009+0000][1][gc           ] GC(48) Pause Young (Allocation Failure) 114M->47M(503M) 6.790ms
[2020-09-11T13:58:32.009+0000][1][gc,cpu       ] GC(48) User=0.00s Sys=0.00s Real=0.01s
[2020-09-11T13:58:32.009+0000][1][safepoint    ] Safepoint "GenCollectForAllocation", Time since last: 157750268 ns, Reaching safepoint: 1000120 ns, At safepoint: 6863711 ns, Total: 7863831 ns
[2020-09-11T13:58:32.168+0000][1][gc,start     ] GC(49) Pause Young (Allocation Failure)
[2020-09-11T13:58:32.168+0000][1][gc,task      ] GC(49) Using 1 workers of 1 for evacuation
[2020-09-11T13:58:32.171+0000][1][gc,age       ] GC(49) Desired survivor size 4358144 bytes, new threshold 6 (max threshold 6)
[2020-09-11T13:58:32.171+0000][1][gc,age       ] GC(49) Age table with threshold 6 (max threshold 6)
[2020-09-11T13:58:32.171+0000][1][gc,age       ] GC(49) - age   1:         64 bytes,         64 total
[2020-09-11T13:58:32.171+0000][1][gc,heap      ] GC(49) ParNew: 68179K->4K(76672K)
[2020-09-11T13:58:32.171+0000][1][gc,heap      ] GC(49) CMS: 48884K->48884K(439104K)
[2020-09-11T13:58:32.171+0000][1][gc,metaspace ] GC(49) Metaspace: 32466K->32466K(1079296K)
[2020-09-11T13:58:32.171+0000][1][gc           ] GC(49) Pause Young (Allocation Failure) 114M->47M(503M) 3.140ms
[2020-09-11T13:58:32.171+0000][1][gc,cpu       ] GC(49) User=0.01s Sys=0.00s Real=0.00s
[2020-09-11T13:58:32.175+0000][1][safepoint    ] Safepoint "GenCollectForAllocation", Time since last: 158435959 ns, Reaching safepoint: 109974 ns, At safepoint: 7830710 ns, Total: 7940684 ns
[2020-09-11T13:58:33.187+0000][1][safepoint    ] Safepoint "Cleanup", Time since last: 1007983056 ns, Reaching safepoint: 4022039 ns, At safepoint: 8847 ns, Total: 4030886 ns
[2020-09-11T13:58:33.940+0000][1][gc,start     ] GC(50) Pause Young (Allocation Failure)
[2020-09-11T13:58:33.940+0000][1][gc,task      ] GC(50) Using 1 workers of 1 for evacuation
[2020-09-11T13:58:33.942+0000][1][gc,age       ] GC(50) Desired survivor size 4358144 bytes, new threshold 6 (max threshold 6)
[2020-09-11T13:58:33.942+0000][1][gc,age       ] GC(50) Age table with threshold 6 (max threshold 6)
[2020-09-11T13:58:33.942+0000][1][gc,age       ] GC(50) - age   1:     134216 bytes,     134216 total
[2020-09-11T13:58:33.942+0000][1][gc,heap      ] GC(50) ParNew: 68164K->133K(76672K)
[2020-09-11T13:58:33.942+0000][1][gc,heap      ] GC(50) CMS: 48884K->48884K(439104K)
[2020-09-11T13:58:33.942+0000][1][gc,metaspace ] GC(50) Metaspace: 32467K->32467K(1079296K)
[2020-09-11T13:58:33.942+0000][1][gc           ] GC(50) Pause Young (Allocation Failure) 114M->47M(503M) 2.582ms
[2020-09-11T13:58:33.942+0000][1][gc,cpu       ] GC(50) User=0.00s Sys=0.00s Real=0.00s
[2020-09-11T13:58:33.942+0000][1][safepoint    ] Safepoint "GenCollectForAllocation", Time since last: 751988763 ns, Reaching safepoint: 123831 ns, At safepoint: 2650714 ns, Total: 2774545 ns
[2020-09-11T13:58:34.575+0000][1][gc,start     ] GC(51) Pause Young (Allocation Failure)
[2020-09-11T13:58:34.576+0000][1][gc,task      ] GC(51) Using 1 workers of 1 for evacuation
[2020-09-11T13:58:34.578+0000][1][gc,age       ] GC(51) Desired survivor size 4358144 bytes, new threshold 6 (max threshold 6)
[2020-09-11T13:58:34.578+0000][1][gc,age       ] GC(51) Age table with threshold 6 (max threshold 6)
[2020-09-11T13:58:34.578+0000][1][gc,age       ] GC(51) - age   1:     512136 bytes,     512136 total
[2020-09-11T13:58:34.578+0000][1][gc,age       ] GC(51) - age   2:      83488 bytes,     595624 total
[2020-09-11T13:58:34.578+0000][1][gc,heap      ] GC(51) ParNew: 68293K->581K(76672K)
[2020-09-11T13:58:34.578+0000][1][gc,heap      ] GC(51) CMS: 48884K->48884K(439104K)
[2020-09-11T13:58:34.578+0000][1][gc,metaspace ] GC(51) Metaspace: 32467K->32467K(1079296K)
[2020-09-11T13:58:34.578+0000][1][gc           ] GC(51) Pause Young (Allocation Failure) 114M->48M(503M) 2.747ms
[2020-09-11T13:58:34.578+0000][1][gc,cpu       ] GC(51) User=0.01s Sys=0.00s Real=0.00s
[2020-09-11T13:58:34.578+0000][1][safepoint    ] Safepoint "GenCollectForAllocation", Time since last: 624776469 ns, Reaching safepoint: 8488814 ns, At safepoint: 2810578 ns, Total: 11299392 ns
[2020-09-11T13:58:34.959+0000][1][gc,start     ] GC(52) Pause Young (Allocation Failure)
[2020-09-11T13:58:34.960+0000][1][gc,task      ] GC(52) Using 1 workers of 1 for evacuation
[2020-09-11T13:58:34.962+0000][1][gc,age       ] GC(52) Desired survivor size 4358144 bytes, new threshold 6 (max threshold 6)
[2020-09-11T13:58:34.962+0000][1][gc,age       ] GC(52) Age table with threshold 6 (max threshold 6)
[2020-09-11T13:58:34.962+0000][1][gc,age       ] GC(52) - age   1:     676608 bytes,     676608 total
[2020-09-11T13:58:34.962+0000][1][gc,age       ] GC(52) - age   2:     341152 bytes,    1017760 total
[2020-09-11T13:58:34.962+0000][1][gc,age       ] GC(52) - age   3:      82888 bytes,    1100648 total
[2020-09-11T13:58:34.962+0000][1][gc,heap      ] GC(52) ParNew: 68741K->1087K(76672K)
[2020-09-11T13:58:34.962+0000][1][gc,heap      ] GC(52) CMS: 48884K->48884K(439104K)
[2020-09-11T13:58:34.962+0000][1][gc,metaspace ] GC(52) Metaspace: 32467K->32467K(1079296K)
[2020-09-11T13:58:34.962+0000][1][gc           ] GC(52) Pause Young (Allocation Failure) 114M->48M(503M) 2.814ms
[2020-09-11T13:58:34.962+0000][1][gc,cpu       ] GC(52) User=0.01s Sys=0.00s Real=0.00s
[2020-09-11T13:58:34.967+0000][1][safepoint    ] Safepoint "GenCollectForAllocation", Time since last: 378109886 ns, Reaching safepoint: 3038135 ns, At safepoint: 8058860 ns, Total: 11096995 ns
[2020-09-11T13:58:35.259+0000][1][gc,start     ] GC(53) Pause Young (Allocation Failure)
[2020-09-11T13:58:35.260+0000][1][gc,task      ] GC(53) Using 1 workers of 1 for evacuation
[2020-09-11T13:58:35.262+0000][1][gc,age       ] GC(53) Desired survivor size 4358144 bytes, new threshold 6 (max threshold 6)
[2020-09-11T13:58:35.262+0000][1][gc,age       ] GC(53) Age table with threshold 6 (max threshold 6)
[2020-09-11T13:58:35.262+0000][1][gc,age       ] GC(53) - age   1:     313600 bytes,     313600 total
[2020-09-11T13:58:35.262+0000][1][gc,age       ] GC(53) - age   2:     660400 bytes,     974000 total
[2020-09-11T13:58:35.262+0000][1][gc,age       ] GC(53) - age   3:     340416 bytes,    1314416 total
[2020-09-11T13:58:35.262+0000][1][gc,age       ] GC(53) - age   4:      82224 bytes,    1396640 total
[2020-09-11T13:58:35.262+0000][1][gc,heap      ] GC(53) ParNew: 69247K->1428K(76672K)
[2020-09-11T13:58:35.262+0000][1][gc,heap      ] GC(53) CMS: 48884K->48884K(439104K)
[2020-09-11T13:58:35.262+0000][1][gc,metaspace ] GC(53) Metaspace: 32467K->32467K(1079296K)
[2020-09-11T13:58:35.262+0000][1][gc           ] GC(53) Pause Young (Allocation Failure) 115M->49M(503M) 2.885ms
[2020-09-11T13:58:35.262+0000][1][gc,cpu       ] GC(53) User=0.01s Sys=0.00s Real=0.00s
[2020-09-11T13:58:35.262+0000][1][safepoint    ] Safepoint "GenCollectForAllocation", Time since last: 287942204 ns, Reaching safepoint: 4010754 ns, At safepoint: 2952290 ns, Total: 6963044 ns
[2020-09-11T13:58:35.680+0000][1][gc,start     ] GC(54) Pause Young (Allocation Failure)
[2020-09-11T13:58:35.680+0000][1][gc,task      ] GC(54) Using 1 workers of 1 for evacuation
[2020-09-11T13:58:35.683+0000][1][gc,age       ] GC(54) Desired survivor size 4358144 bytes, new threshold 6 (max threshold 6)
[2020-09-11T13:58:35.683+0000][1][gc,age       ] GC(54) Age table with threshold 6 (max threshold 6)
[2020-09-11T13:58:35.683+0000][1][gc,age       ] GC(54) - age   1:     931416 bytes,     931416 total
[2020-09-11T13:58:35.683+0000][1][gc,age       ] GC(54) - age   2:     302520 bytes,    1233936 total
[2020-09-11T13:58:35.683+0000][1][gc,age       ] GC(54) - age   3:     331736 bytes,    1565672 total
[2020-09-11T13:58:35.683+0000][1][gc,age       ] GC(54) - age   4:     340416 bytes,    1906088 total
[2020-09-11T13:58:35.683+0000][1][gc,age       ] GC(54) - age   5:      82064 bytes,    1988152 total
[2020-09-11T13:58:35.683+0000][1][gc,heap      ] GC(54) ParNew: 69588K->2042K(76672K)
[2020-09-11T13:58:35.683+0000][1][gc,heap      ] GC(54) CMS: 48884K->48884K(439104K)
[2020-09-11T13:58:35.683+0000][1][gc,metaspace ] GC(54) Metaspace: 32467K->32467K(1079296K)
[2020-09-11T13:58:35.683+0000][1][gc           ] GC(54) Pause Young (Allocation Failure) 115M->49M(503M) 3.081ms
[2020-09-11T13:58:35.683+0000][1][gc,cpu       ] GC(54) User=0.01s Sys=0.00s Real=0.00s
[2020-09-11T13:58:35.683+0000][1][safepoint    ] Safepoint "GenCollectForAllocation", Time since last: 417060546 ns, Reaching safepoint: 120647 ns, At safepoint: 3155573 ns, Total: 3276220 ns
[2020-09-11T13:58:36.023+0000][1][gc,start     ] GC(55) Pause Young (Allocation Failure)
[2020-09-11T13:58:36.024+0000][1][gc,task      ] GC(55) Using 1 workers of 1 for evacuation
[2020-09-11T13:58:36.027+0000][1][gc,age       ] GC(55) Desired survivor size 4358144 bytes, new threshold 6 (max threshold 6)
[2020-09-11T13:58:36.027+0000][1][gc,age       ] GC(55) Age table with threshold 6 (max threshold 6)
[2020-09-11T13:58:36.027+0000][1][gc,age       ] GC(55) - age   1:     345728 bytes,     345728 total
[2020-09-11T13:58:36.027+0000][1][gc,age       ] GC(55) - age   2:     919552 bytes,    1265280 total
[2020-09-11T13:58:36.027+0000][1][gc,age       ] GC(55) - age   3:     298416 bytes,    1563696 total
[2020-09-11T13:58:36.027+0000][1][gc,age       ] GC(55) - age   4:     331256 bytes,    1894952 total
[2020-09-11T13:58:36.027+0000][1][gc,age       ] GC(55) - age   5:     340288 bytes,    2235240 total
[2020-09-11T13:58:36.027+0000][1][gc,age       ] GC(55) - age   6:      82040 bytes,    2317280 total
[2020-09-11T13:58:36.027+0000][1][gc,heap      ] GC(55) ParNew: 70202K->2333K(76672K)
[2020-09-11T13:58:36.027+0000][1][gc,heap      ] GC(55) CMS: 48884K->48884K(439104K)
[2020-09-11T13:58:36.027+0000][1][gc,metaspace ] GC(55) Metaspace: 32467K->32467K(1079296K)
[2020-09-11T13:58:36.027+0000][1][gc           ] GC(55) Pause Young (Allocation Failure) 116M->50M(503M) 3.883ms
[2020-09-11T13:58:36.027+0000][1][gc,cpu       ] GC(55) User=0.00s Sys=0.00s Real=0.00s
[2020-09-11T13:58:36.035+0000][1][safepoint    ] Safepoint "GenCollectForAllocation", Time since last: 336898993 ns, Reaching safepoint: 3801754 ns, At safepoint: 3945342 ns, Total: 7747096 ns
[2020-09-11T13:58:37.055+0000][1][safepoint    ] Safepoint "Deoptimize", Time since last: 1024402017 ns, Reaching safepoint: 2618444 ns, At safepoint: 383161 ns, Total: 3001605 ns
[2020-09-11T13:58:37.361+0000][1][safepoint    ] Safepoint "CollectForMetadataAllocation", Time since last: 306359592 ns, Reaching safepoint: 120008 ns, At safepoint: 104555 ns, Total: 224563 ns
[2020-09-11T13:58:37.492+0000][1][safepoint    ] Safepoint "CollectForMetadataAllocation", Time since last: 130766466 ns, Reaching safepoint: 104149 ns, At safepoint: 108888 ns, Total: 213037 ns
[2020-09-11T13:58:37.656+0000][1][safepoint    ] Safepoint "CollectForMetadataAllocation", Time since last: 163072168 ns, Reaching safepoint: 107849 ns, At safepoint: 107976 ns, Total: 215825 ns
[2020-09-11T13:58:37.724+0000][1][safepoint    ] Safepoint "CollectForMetadataAllocation", Time since last: 64066982 ns, Reaching safepoint: 3753662 ns, At safepoint: 161995 ns, Total: 3915657 ns
[2020-09-11T13:58:37.808+0000][1][safepoint    ] Safepoint "CollectForMetadataAllocation", Time since last: 80004643 ns, Reaching safepoint: 3815074 ns, At safepoint: 124167 ns, Total: 3939241 ns
[2020-09-11T13:58:37.900+0000][1][safepoint    ] Safepoint "CollectForMetadataAllocation", Time since last: 88256133 ns, Reaching safepoint: 3632392 ns, At safepoint: 124232 ns, Total: 3756624 ns
[2020-09-11T13:58:37.961+0000][1][gc,start     ] GC(56) Pause Young (Allocation Failure)
[2020-09-11T13:58:37.961+0000][1][gc,task      ] GC(56) Using 1 workers of 1 for evacuation
[2020-09-11T13:58:37.986+0000][1][gc,age       ] GC(56) Desired survivor size 4358144 bytes, new threshold 6 (max threshold 6)
[2020-09-11T13:58:37.986+0000][1][gc,age       ] GC(56) Age table with threshold 6 (max threshold 6)
[2020-09-11T13:58:37.986+0000][1][gc,age       ] GC(56) - age   1:    1418944 bytes,    1418944 total
[2020-09-11T13:58:37.986+0000][1][gc,age       ] GC(56) - age   2:     334056 bytes,    1753000 total
[2020-09-11T13:58:37.986+0000][1][gc,age       ] GC(56) - age   3:     918856 bytes,    2671856 total
[2020-09-11T13:58:37.986+0000][1][gc,age       ] GC(56) - age   4:     297792 bytes,    2969648 total
[2020-09-11T13:58:37.986+0000][1][gc,age       ] GC(56) - age   5:     330848 bytes,    3300496 total
[2020-09-11T13:58:37.986+0000][1][gc,age       ] GC(56) - age   6:     340288 bytes,    3640784 total
[2020-09-11T13:58:37.986+0000][1][gc,heap      ] GC(56) ParNew: 70493K->3719K(76672K)
[2020-09-11T13:58:37.986+0000][1][gc,heap      ] GC(56) CMS: 48884K->48962K(439104K)
[2020-09-11T13:58:37.986+0000][1][gc,metaspace ] GC(56) Metaspace: 36231K->36231K(1083392K)
[2020-09-11T13:58:37.986+0000][1][gc           ] GC(56) Pause Young (Allocation Failure) 116M->51M(503M) 25.145ms
[2020-09-11T13:58:37.986+0000][1][gc,cpu       ] GC(56) User=0.01s Sys=0.00s Real=0.03s
[2020-09-11T13:58:37.986+0000][1][safepoint    ] Safepoint "GenCollectForAllocation", Time since last: 61403829 ns, Reaching safepoint: 104400 ns, At safepoint: 25209832 ns, Total: 25314232 ns
[2020-09-11T13:58:38.040+0000][1][gc,start     ] GC(57) Pause Initial Mark
[2020-09-11T13:58:38.042+0000][1][gc           ] GC(57) Pause Initial Mark 54M->54M(503M) 2.254ms
[2020-09-11T13:58:38.042+0000][1][gc,cpu       ] GC(57) User=0.00s Sys=0.00s Real=0.00s
[2020-09-11T13:58:38.063+0000][1][safepoint    ] Safepoint "CMS_Initial_Mark", Time since last: 53132591 ns, Reaching safepoint: 111100 ns, At safepoint: 23871885 ns, Total: 23982985 ns
[2020-09-11T13:58:38.063+0000][1][gc           ] GC(57) Concurrent Mark
[2020-09-11T13:58:38.453+0000][1][gc           ] GC(57) Concurrent Mark 389.411ms
[2020-09-11T13:58:38.453+0000][1][gc,cpu       ] GC(57) User=0.13s Sys=0.00s Real=0.38s
[2020-09-11T13:58:38.453+0000][1][gc           ] GC(57) Concurrent Preclean
[2020-09-11T13:58:38.454+0000][1][gc           ] GC(57) Concurrent Preclean 0.731ms
[2020-09-11T13:58:38.454+0000][1][gc,cpu       ] GC(57) User=0.00s Sys=0.00s Real=0.00s
[2020-09-11T13:58:38.454+0000][1][gc           ] GC(57) Concurrent Abortable Preclean
[2020-09-11T13:58:38.888+0000][1][gc,start     ] GC(58) Pause Young (Allocation Failure)
[2020-09-11T13:58:38.888+0000][1][gc,task      ] GC(58) Using 1 workers of 1 for evacuation
[2020-09-11T13:58:38.899+0000][1][gc           ] GC(57) Concurrent Abortable Preclean 445.719ms
[2020-09-11T13:58:38.899+0000][1][gc,cpu       ] GC(57) User=0.14s Sys=0.00s Real=0.45s
[2020-09-11T13:58:38.902+0000][1][gc,age       ] GC(58) Desired survivor size 4358144 bytes, new threshold 6 (max threshold 6)
[2020-09-11T13:58:38.902+0000][1][gc,age       ] GC(58) Age table with threshold 6 (max threshold 6)
[2020-09-11T13:58:38.902+0000][1][gc,age       ] GC(58) - age   1:     124792 bytes,     124792 total
[2020-09-11T13:58:38.902+0000][1][gc,age       ] GC(58) - age   2:    1392208 bytes,    1517000 total
[2020-09-11T13:58:38.902+0000][1][gc,age       ] GC(58) - age   3:     334056 bytes,    1851056 total
[2020-09-11T13:58:38.902+0000][1][gc,age       ] GC(58) - age   4:     918856 bytes,    2769912 total
[2020-09-11T13:58:38.902+0000][1][gc,age       ] GC(58) - age   5:     297792 bytes,    3067704 total
[2020-09-11T13:58:38.902+0000][1][gc,age       ] GC(58) - age   6:     330848 bytes,    3398552 total
[2020-09-11T13:58:38.902+0000][1][gc,heap      ] GC(58) ParNew: 71879K->3380K(76672K)
[2020-09-11T13:58:38.902+0000][1][gc,heap      ] GC(58) CMS: 48962K->49294K(439104K)
[2020-09-11T13:58:38.902+0000][1][gc,metaspace ] GC(58) Metaspace: 36243K->36243K(1083392K)
[2020-09-11T13:58:38.902+0000][1][gc           ] GC(58) Pause Young (Allocation Failure) 118M->51M(503M) 14.866ms
[2020-09-11T13:58:38.902+0000][1][gc,cpu       ] GC(58) User=0.00s Sys=0.00s Real=0.01s
[2020-09-11T13:58:38.908+0000][1][safepoint    ] Safepoint "GenCollectForAllocation", Time since last: 824030689 ns, Reaching safepoint: 115534 ns, At safepoint: 20224546 ns, Total: 20340080 ns
[2020-09-11T13:58:38.933+0000][1][gc,start     ] GC(57) Pause Remark
[2020-09-11T13:58:38.986+0000][1][gc           ] GC(57) Pause Remark 58M->58M(503M) 53.084ms
[2020-09-11T13:58:38.986+0000][1][gc,cpu       ] GC(57) User=0.02s Sys=0.00s Real=0.06s
[2020-09-11T13:58:39.019+0000][1][safepoint    ] Safepoint "CMS_Final_Remark", Time since last: 25057713 ns, Reaching safepoint: 98994 ns, At safepoint: 85741175 ns, Total: 85840169 ns
[2020-09-11T13:58:39.019+0000][1][gc           ] GC(57) Concurrent Sweep
[2020-09-11T13:58:39.112+0000][1][gc           ] GC(57) Concurrent Sweep 93.146ms
[2020-09-11T13:58:39.112+0000][1][gc,cpu       ] GC(57) User=0.03s Sys=0.00s Real=0.09s
[2020-09-11T13:58:39.112+0000][1][gc           ] GC(57) Concurrent Reset
[2020-09-11T13:58:39.113+0000][1][gc           ] GC(57) Concurrent Reset 0.662ms
[2020-09-11T13:58:39.113+0000][1][gc,cpu       ] GC(57) User=0.00s Sys=0.00s Real=0.00s
[2020-09-11T13:58:39.113+0000][1][gc,heap      ] GC(57) Old: 48962K->48209K(439104K)
[2020-09-11T13:58:40.172+0000][1][safepoint    ] Safepoint "Cleanup", Time since last: 1152725758 ns, Reaching safepoint: 652637 ns, At safepoint: 9549 ns, Total: 662186 ns
[2020-09-11T13:58:40.287+0000][1][safepoint    ] Safepoint "RevokeBias", Time since last: 111952352 ns, Reaching safepoint: 3416414 ns, At safepoint: 41229 ns, Total: 3457643 ns
[2020-09-11T13:58:41.180+0000][1][safepoint    ] Safepoint "RevokeBias", Time since last: 890110801 ns, Reaching safepoint: 1887454 ns, At safepoint: 49106 ns, Total: 1936560 ns
[2020-09-11T13:58:41.180+0000][1][safepoint    ] Safepoint "RevokeBias", Time since last: 226144 ns, Reaching safepoint: 86198 ns, At safepoint: 33878 ns, Total: 120076 ns
[2020-09-11T13:58:41.842+0000][1][gc,start     ] GC(59) Pause Young (Allocation Failure)
[2020-09-11T13:58:41.842+0000][1][gc,task      ] GC(59) Using 1 workers of 1 for evacuation
[2020-09-11T13:58:41.920+0000][1][gc,age       ] GC(59) Desired survivor size 4358144 bytes, new threshold 4 (max threshold 6)
[2020-09-11T13:58:41.920+0000][1][gc,age       ] GC(59) Age table with threshold 4 (max threshold 6)
[2020-09-11T13:58:41.920+0000][1][gc,age       ] GC(59) - age   1:    2657416 bytes,    2657416 total
[2020-09-11T13:58:41.920+0000][1][gc,age       ] GC(59) - age   2:      80712 bytes,    2738128 total
[2020-09-11T13:58:41.920+0000][1][gc,age       ] GC(59) - age   3:    1387944 bytes,    4126072 total
[2020-09-11T13:58:41.920+0000][1][gc,age       ] GC(59) - age   4:     334056 bytes,    4460128 total
[2020-09-11T13:58:41.921+0000][1][gc,age       ] GC(59) - age   5:     918856 bytes,    5378984 total
[2020-09-11T13:58:41.921+0000][1][gc,age       ] GC(59) - age   6:     297792 bytes,    5676776 total
[2020-09-11T13:58:41.921+0000][1][gc,heap      ] GC(59) ParNew: 71540K->8312K(76672K)
[2020-09-11T13:58:41.921+0000][1][gc,heap      ] GC(59) CMS: 48209K->48532K(439104K)
[2020-09-11T13:58:41.921+0000][1][gc,metaspace ] GC(59) Metaspace: 41791K->41791K(1087488K)
[2020-09-11T13:58:41.921+0000][1][gc           ] GC(59) Pause Young (Allocation Failure) 116M->55M(503M) 78.543ms
[2020-09-11T13:58:41.921+0000][1][gc,cpu       ] GC(59) User=0.03s Sys=0.00s Real=0.08s
[2020-09-11T13:58:41.921+0000][1][safepoint    ] Safepoint "GenCollectForAllocation", Time since last: 662033318 ns, Reaching safepoint: 121602 ns, At safepoint: 78599246 ns, Total: 78720848 ns
[2020-09-11T13:58:42.944+0000][1][safepoint    ] Safepoint "Cleanup", Time since last: 1022783275 ns, Reaching safepoint: 462506 ns, At safepoint: 6040 ns, Total: 468546 ns
[2020-09-11T13:58:43.518+0000][1][safepoint    ] Safepoint "RevokeBias", Time since last: 571975630 ns, Reaching safepoint: 1689944 ns, At safepoint: 61502 ns, Total: 1751446 ns
[2020-09-11T13:58:43.519+0000][1][safepoint    ] Safepoint "RevokeBias", Time since last: 78711 ns, Reaching safepoint: 1415500 ns, At safepoint: 38095 ns, Total: 1453595 ns
[2020-09-11T13:58:44.519+0000][1][safepoint    ] Safepoint "Cleanup", Time since last: 1000105541 ns, Reaching safepoint: 121038 ns, At safepoint: 7922 ns, Total: 128960 ns
[2020-09-11T13:58:46.528+0000][1][safepoint    ] Safepoint "Cleanup", Time since last: 2008077320 ns, Reaching safepoint: 105685 ns, At safepoint: 6185 ns, Total: 111870 ns
[2020-09-11T13:58:47.531+0000][1][safepoint    ] Safepoint "Cleanup", Time since last: 1001661031 ns, Reaching safepoint: 1352725 ns, At safepoint: 8897 ns, Total: 1361622 ns
[2020-09-11T13:58:48.513+0000][1][safepoint    ] Safepoint "BulkRevokeBias", Time since last: 980945495 ns, Reaching safepoint: 1025562 ns, At safepoint: 85469 ns, Total: 1111031 ns
[2020-09-11T13:58:48.523+0000][1][safepoint    ] Safepoint "RevokeBias", Time since last: 9845148 ns, Reaching safepoint: 621571 ns, At safepoint: 49950 ns, Total: 671521 ns
[2020-09-11T13:58:48.523+0000][1][safepoint    ] Safepoint "RevokeBias", Time since last: 87062 ns, Reaching safepoint: 94917 ns, At safepoint: 37392 ns, Total: 132309 ns
[2020-09-11T13:58:48.524+0000][1][safepoint    ] Safepoint "RevokeBias", Time since last: 72640 ns, Reaching safepoint: 88828 ns, At safepoint: 30609 ns, Total: 119437 ns
[2020-09-11T13:58:48.524+0000][1][safepoint    ] Safepoint "RevokeBias", Time since last: 34712 ns, Reaching safepoint: 87463 ns, At safepoint: 33204 ns, Total: 120667 ns
[2020-09-11T13:58:48.524+0000][1][safepoint    ] Safepoint "RevokeBias", Time since last: 33707 ns, Reaching safepoint: 85657 ns, At safepoint: 40529 ns, Total: 126186 ns
[2020-09-11T13:58:48.524+0000][1][safepoint    ] Safepoint "RevokeBias", Time since last: 34644 ns, Reaching safepoint: 391463 ns, At safepoint: 28427 ns, Total: 419890 ns
[2020-09-11T13:58:48.524+0000][1][safepoint    ] Safepoint "RevokeBias", Time since last: 34443 ns, Reaching safepoint: 85408 ns, At safepoint: 32372 ns, Total: 117780 ns
[2020-09-11T13:58:48.536+0000][1][safepoint    ] Safepoint "RevokeBias", Time since last: 10932121 ns, Reaching safepoint: 109976 ns, At safepoint: 51036 ns, Total: 161012 ns
[2020-09-11T13:58:48.539+0000][1][safepoint    ] Safepoint "RevokeBias", Time since last: 73887 ns, Reaching safepoint: 3779517 ns, At safepoint: 44527 ns, Total: 3824044 ns
[2020-09-11T13:58:48.540+0000][1][safepoint    ] Safepoint "RevokeBias", Time since last: 59423 ns, Reaching safepoint: 93739 ns, At safepoint: 33461 ns, Total: 127200 ns
[2020-09-11T13:58:48.540+0000][1][safepoint    ] Safepoint "RevokeBias", Time since last: 39846 ns, Reaching safepoint: 84878 ns, At safepoint: 28376 ns, Total: 113254 ns
[2020-09-11T13:58:48.540+0000][1][safepoint    ] Safepoint "RevokeBias", Time since last: 40600 ns, Reaching safepoint: 88025 ns, At safepoint: 31773 ns, Total: 119798 ns
[2020-09-11T13:58:48.540+0000][1][safepoint    ] Safepoint "RevokeBias", Time since last: 33830 ns, Reaching safepoint: 85945 ns, At safepoint: 30567 ns, Total: 116512 ns
[2020-09-11T13:58:48.540+0000][1][safepoint    ] Safepoint "RevokeBias", Time since last: 71796 ns, Reaching safepoint: 88314 ns, At safepoint: 30709 ns, Total: 119023 ns
[2020-09-11T13:58:48.540+0000][1][safepoint    ] Safepoint "RevokeBias", Time since last: 41351 ns, Reaching safepoint: 84659 ns, At safepoint: 24542 ns, Total: 109201 ns
[2020-09-11T13:58:49.235+0000][1][gc,start     ] GC(60) Pause Young (Allocation Failure)
[2020-09-11T13:58:49.235+0000][1][gc,task      ] GC(60) Using 1 workers of 1 for evacuation
[2020-09-11T13:58:49.355+0000][1][gc,age       ] GC(60) Desired survivor size 4358144 bytes, new threshold 2 (max threshold 6)
[2020-09-11T13:58:49.355+0000][1][gc,age       ] GC(60) Age table with threshold 2 (max threshold 6)
[2020-09-11T13:58:49.355+0000][1][gc,age       ] GC(60) - age   1:    2724384 bytes,    2724384 total
[2020-09-11T13:58:49.355+0000][1][gc,age       ] GC(60) - age   2:    2562888 bytes,    5287272 total
[2020-09-11T13:58:49.355+0000][1][gc,age       ] GC(60) - age   3:      80712 bytes,    5367984 total
[2020-09-11T13:58:49.355+0000][1][gc,age       ] GC(60) - age   4:    1384752 bytes,    6752736 total
[2020-09-11T13:58:49.355+0000][1][gc,heap      ] GC(60) ParNew: 76472K->8512K(76672K)
[2020-09-11T13:58:49.355+0000][1][gc,heap      ] GC(60) CMS: 48532K->50046K(439104K)
[2020-09-11T13:58:49.355+0000][1][gc,metaspace ] GC(60) Metaspace: 47527K->47527K(1093632K)
[2020-09-11T13:58:49.355+0000][1][gc           ] GC(60) Pause Young (Allocation Failure) 122M->57M(503M) 120.267ms
[2020-09-11T13:58:49.355+0000][1][gc,cpu       ] GC(60) User=0.04s Sys=0.00s Real=0.12s
[2020-09-11T13:58:49.355+0000][1][safepoint    ] Safepoint "GenCollectForAllocation", Time since last: 694059473 ns, Reaching safepoint: 148911 ns, At safepoint: 120348255 ns, Total: 120497166 ns
[2020-09-11T13:58:49.396+0000][1][safepoint    ] Safepoint "RevokeBias", Time since last: 40391111 ns, Reaching safepoint: 106327 ns, At safepoint: 17132 ns, Total: 123459 ns
[2020-09-11T13:58:49.396+0000][1][safepoint    ] Safepoint "RevokeBias", Time since last: 87177 ns, Reaching safepoint: 15787 ns, At safepoint: 10210 ns, Total: 25997 ns
[2020-09-11T13:58:49.396+0000][1][safepoint    ] Safepoint "RevokeBias", Time since last: 34753 ns, Reaching safepoint: 12151 ns, At safepoint: 8153 ns, Total: 20304 ns
[2020-09-11T13:58:49.423+0000][1][safepoint    ] Safepoint "RevokeBias", Time since last: 23555713 ns, Reaching safepoint: 104200 ns, At safepoint: 4093770 ns, Total: 4197970 ns
[2020-09-11T13:58:49.425+0000][1][safepoint    ] Safepoint "RevokeBias", Time since last: 1635957 ns, Reaching safepoint: 93734 ns, At safepoint: 31222 ns, Total: 124956 ns
[2020-09-11T13:58:49.802+0000][1][safepoint    ] Safepoint "RevokeBias", Time since last: 376392597 ns, Reaching safepoint: 113876 ns, At safepoint: 32823 ns, Total: 146699 ns
[2020-09-11T13:58:49.824+0000][1][safepoint    ] Safepoint "RevokeBias", Time since last: 21673910 ns, Reaching safepoint: 104353 ns, At safepoint: 34928 ns, Total: 139281 ns
[2020-09-11T13:58:50.656+0000][1][safepoint    ] Safepoint "RevokeBias", Time since last: 832068257 ns, Reaching safepoint: 392079 ns, At safepoint: 40450 ns, Total: 432529 ns
[2020-09-11T13:58:50.656+0000][1][safepoint    ] Safepoint "RevokeBias", Time since last: 192561 ns, Reaching safepoint: 83609 ns, At safepoint: 23058 ns, Total: 106667 ns
[2020-09-11T13:58:50.657+0000][1][safepoint    ] Safepoint "RevokeBias", Time since last: 38336 ns, Reaching safepoint: 79371 ns, At safepoint: 19620 ns, Total: 98991 ns
[2020-09-11T13:58:50.880+0000][1][safepoint    ] Safepoint "RevokeBias", Time since last: 223077995 ns, Reaching safepoint: 386090 ns, At safepoint: 46569 ns, Total: 432659 ns
[2020-09-11T13:58:50.880+0000][1][safepoint    ] Safepoint "RevokeBias", Time since last: 95771 ns, Reaching safepoint: 81461 ns, At safepoint: 25158 ns, Total: 106619 ns
[2020-09-11T13:58:50.880+0000][1][safepoint    ] Safepoint "RevokeBias", Time since last: 102621 ns, Reaching safepoint: 79689 ns, At safepoint: 16194 ns, Total: 95883 ns
[2020-09-11T13:58:50.881+0000][1][safepoint    ] Safepoint "RevokeBias", Time since last: 887959 ns, Reaching safepoint: 84689 ns, At safepoint: 25837 ns, Total: 110526 ns
[2020-09-11T13:58:50.884+0000][1][safepoint    ] Safepoint "RevokeBias", Time since last: 1986722 ns, Reaching safepoint: 81373 ns, At safepoint: 25225 ns, Total: 106598 ns
[2020-09-11T13:58:50.897+0000][1][safepoint    ] Safepoint "RevokeBias", Time since last: 3926093 ns, Reaching safepoint: 9046608 ns, At safepoint: 33518 ns, Total: 9080126 ns
[2020-09-11T13:58:50.904+0000][1][safepoint    ] Safepoint "RevokeBias", Time since last: 6999833 ns, Reaching safepoint: 105747 ns, At safepoint: 33583 ns, Total: 139330 ns
[2020-09-11T13:58:50.905+0000][1][safepoint    ] Safepoint "RevokeBias", Time since last: 1705477 ns, Reaching safepoint: 88963 ns, At safepoint: 22860 ns, Total: 111823 ns
[2020-09-11T13:58:50.907+0000][1][safepoint    ] Safepoint "RevokeBias", Time since last: 149424 ns, Reaching safepoint: 1799969 ns, At safepoint: 26151 ns, Total: 1826120 ns
[2020-09-11T13:58:50.908+0000][1][safepoint    ] Safepoint "RevokeBias", Time since last: 44791 ns, Reaching safepoint: 79520 ns, At safepoint: 17685 ns, Total: 97205 ns
[2020-09-11T13:58:50.908+0000][1][safepoint    ] Safepoint "RevokeBias", Time since last: 29700 ns, Reaching safepoint: 78798 ns, At safepoint: 19438 ns, Total: 98236 ns
[2020-09-11T13:58:50.908+0000][1][safepoint    ] Safepoint "RevokeBias", Time since last: 29722 ns, Reaching safepoint: 78614 ns, At safepoint: 16758 ns, Total: 95372 ns
[2020-09-11T13:58:50.908+0000][1][safepoint    ] Safepoint "RevokeBias", Time since last: 28731 ns, Reaching safepoint: 78599 ns, At safepoint: 16687 ns, Total: 95286 ns
[2020-09-11T13:58:50.908+0000][1][safepoint    ] Safepoint "RevokeBias", Time since last: 39791 ns, Reaching safepoint: 77546 ns, At safepoint: 16455 ns, Total: 94001 ns
[2020-09-11T13:58:50.908+0000][1][safepoint    ] Safepoint "RevokeBias", Time since last: 31155 ns, Reaching safepoint: 79383 ns, At safepoint: 19676 ns, Total: 99059 ns
[2020-09-11T13:58:50.908+0000][1][safepoint    ] Safepoint "BulkRevokeBias", Time since last: 28222 ns, Reaching safepoint: 78745 ns, At safepoint: 60980 ns, Total: 139725 ns
[2020-09-11T13:58:50.909+0000][1][safepoint    ] Safepoint "RevokeBias", Time since last: 64644 ns, Reaching safepoint: 82967 ns, At safepoint: 25011 ns, Total: 107978 ns
[2020-09-11T13:58:50.909+0000][1][safepoint    ] Safepoint "RevokeBias", Time since last: 38181 ns, Reaching safepoint: 80956 ns, At safepoint: 23102 ns, Total: 104058 ns
[2020-09-11T13:58:50.927+0000][1][safepoint    ] Safepoint "RevokeBias", Time since last: 14795138 ns, Reaching safepoint: 3221646 ns, At safepoint: 17688 ns, Total: 3239334 ns
[2020-09-11T13:58:50.927+0000][1][safepoint    ] Safepoint "RevokeBias", Time since last: 65174 ns, Reaching safepoint: 79688 ns, At safepoint: 11403 ns, Total: 91091 ns
[2020-09-11T13:58:50.927+0000][1][safepoint    ] Safepoint "RevokeBias", Time since last: 38803 ns, Reaching safepoint: 80445 ns, At safepoint: 10065 ns, Total: 90510 ns
[2020-09-11T13:58:50.955+0000][1][safepoint    ] Safepoint "RevokeBias", Time since last: 18745481 ns, Reaching safepoint: 9652999 ns, At safepoint: 48532 ns, Total: 9701531 ns
[2020-09-11T13:58:50.956+0000][1][safepoint    ] Safepoint "RevokeBias", Time since last: 156296 ns, Reaching safepoint: 86757 ns, At safepoint: 25336 ns, Total: 112093 ns
[2020-09-11T13:58:50.956+0000][1][safepoint    ] Safepoint "RevokeBias", Time since last: 38247 ns, Reaching safepoint: 79759 ns, At safepoint: 21165 ns, Total: 100924 ns
[2020-09-11T13:58:50.956+0000][1][safepoint    ] Safepoint "RevokeBias", Time since last: 29387 ns, Reaching safepoint: 80148 ns, At safepoint: 19781 ns, Total: 99929 ns
[2020-09-11T13:58:50.956+0000][1][safepoint    ] Safepoint "RevokeBias", Time since last: 29073 ns, Reaching safepoint: 81378 ns, At safepoint: 20988 ns, Total: 102366 ns
[2020-09-11T13:58:50.956+0000][1][safepoint    ] Safepoint "RevokeBias", Time since last: 28330 ns, Reaching safepoint: 80242 ns, At safepoint: 20774 ns, Total: 101016 ns
[2020-09-11T13:58:50.956+0000][1][safepoint    ] Safepoint "RevokeBias", Time since last: 28173 ns, Reaching safepoint: 80253 ns, At safepoint: 20961 ns, Total: 101214 ns
[2020-09-11T13:58:50.957+0000][1][safepoint    ] Safepoint "RevokeBias", Time since last: 27913 ns, Reaching safepoint: 81241 ns, At safepoint: 26376 ns, Total: 107617 ns
[2020-09-11T13:58:50.957+0000][1][safepoint    ] Safepoint "RevokeBias", Time since last: 30010 ns, Reaching safepoint: 81037 ns, At safepoint: 20442 ns, Total: 101479 ns
[2020-09-11T13:58:50.957+0000][1][safepoint    ] Safepoint "RevokeBias", Time since last: 28771 ns, Reaching safepoint: 80711 ns, At safepoint: 20378 ns, Total: 101089 ns
[2020-09-11T13:58:50.957+0000][1][safepoint    ] Safepoint "RevokeBias", Time since last: 27422 ns, Reaching safepoint: 80360 ns, At safepoint: 20253 ns, Total: 100613 ns
[2020-09-11T13:58:50.957+0000][1][safepoint    ] Safepoint "RevokeBias", Time since last: 27631 ns, Reaching safepoint: 81258 ns, At safepoint: 23109 ns, Total: 104367 ns
[2020-09-11T13:58:50.957+0000][1][safepoint    ] Safepoint "RevokeBias", Time since last: 26871 ns, Reaching safepoint: 81028 ns, At safepoint: 25937 ns, Total: 106965 ns
[2020-09-11T13:58:50.960+0000][1][safepoint    ] Safepoint "RevokeBias", Time since last: 2225534 ns, Reaching safepoint: 91588 ns, At safepoint: 33782 ns, Total: 125370 ns
[2020-09-11T13:58:50.960+0000][1][safepoint    ] Safepoint "RevokeBias", Time since last: 40028 ns, Reaching safepoint: 82506 ns, At safepoint: 25314 ns, Total: 107820 ns
[2020-09-11T13:58:50.960+0000][1][safepoint    ] Safepoint "RevokeBias", Time since last: 29580 ns, Reaching safepoint: 81549 ns, At safepoint: 23764 ns, Total: 105313 ns
[2020-09-11T13:58:50.960+0000][1][safepoint    ] Safepoint "RevokeBias", Time since last: 44786 ns, Reaching safepoint: 79791 ns, At safepoint: 22828 ns, Total: 102619 ns
[2020-09-11T13:58:50.960+0000][1][safepoint    ] Safepoint "BulkRevokeBias", Time since last: 28739 ns, Reaching safepoint: 79218 ns, At safepoint: 64088 ns, Total: 143306 ns
[2020-09-11T13:58:50.960+0000][1][safepoint    ] Safepoint "RevokeBias", Time since last: 201738 ns, Reaching safepoint: 82150 ns, At safepoint: 23418 ns, Total: 105568 ns
[2020-09-11T13:58:50.961+0000][1][safepoint    ] Safepoint "RevokeBias", Time since last: 45408 ns, Reaching safepoint: 79716 ns, At safepoint: 20287 ns, Total: 100003 ns
[2020-09-11T13:58:50.961+0000][1][safepoint    ] Safepoint "RevokeBias", Time since last: 60456 ns, Reaching safepoint: 82246 ns, At safepoint: 18410 ns, Total: 100656 ns
[2020-09-11T13:58:50.961+0000][1][safepoint    ] Safepoint "RevokeBias", Time since last: 38015 ns, Reaching safepoint: 80359 ns, At safepoint: 16479 ns, Total: 96838 ns
[2020-09-11T13:58:50.961+0000][1][safepoint    ] Safepoint "RevokeBias", Time since last: 125468 ns, Reaching safepoint: 79718 ns, At safepoint: 15296 ns, Total: 95014 ns
[2020-09-11T13:58:50.963+0000][1][safepoint    ] Safepoint "RevokeBias", Time since last: 215176 ns, Reaching safepoint: 2087400 ns, At safepoint: 26560 ns, Total: 2113960 ns
[2020-09-11T13:58:50.964+0000][1][safepoint    ] Safepoint "RevokeBias", Time since last: 101017 ns, Reaching safepoint: 80670 ns, At safepoint: 15193 ns, Total: 95863 ns
[2020-09-11T13:58:50.968+0000][1][safepoint    ] Safepoint "RevokeBias", Time since last: 3751379 ns, Reaching safepoint: 90350 ns, At safepoint: 24012 ns, Total: 114362 ns
[2020-09-11T13:58:50.968+0000][1][safepoint    ] Safepoint "RevokeBias", Time since last: 57823 ns, Reaching safepoint: 79204 ns, At safepoint: 18486 ns, Total: 97690 ns
[2020-09-11T13:58:50.968+0000][1][safepoint    ] Safepoint "RevokeBias", Time since last: 27518 ns, Reaching safepoint: 78909 ns, At safepoint: 19453 ns, Total: 98362 ns
[2020-09-11T13:58:50.968+0000][1][safepoint    ] Safepoint "RevokeBias", Time since last: 26169 ns, Reaching safepoint: 78554 ns, At safepoint: 20851 ns, Total: 99405 ns
[2020-09-11T13:58:50.968+0000][1][safepoint    ] Safepoint "RevokeBias", Time since last: 242551 ns, Reaching safepoint: 81475 ns, At safepoint: 19585 ns, Total: 101060 ns
[2020-09-11T13:58:50.968+0000][1][safepoint    ] Safepoint "RevokeBias", Time since last: 102397 ns, Reaching safepoint: 79928 ns, At safepoint: 18185 ns, Total: 98113 ns
[2020-09-11T13:58:50.969+0000][1][safepoint    ] Safepoint "RevokeBias", Time since last: 101544 ns, Reaching safepoint: 80577 ns, At safepoint: 17987 ns, Total: 98564 ns
[2020-09-11T13:58:50.969+0000][1][safepoint    ] Safepoint "RevokeBias", Time since last: 26987 ns, Reaching safepoint: 77749 ns, At safepoint: 16469 ns, Total: 94218 ns
[2020-09-11T13:58:50.980+0000][1][safepoint    ] Safepoint "RevokeBias", Time since last: 10897157 ns, Reaching safepoint: 704609 ns, At safepoint: 34111 ns, Total: 738720 ns
[2020-09-11T13:58:50.984+0000][1][safepoint    ] Safepoint "RevokeBias", Time since last: 2998240 ns, Reaching safepoint: 94424 ns, At safepoint: 38600 ns, Total: 133024 ns
[2020-09-11T13:58:50.984+0000][1][safepoint    ] Safepoint "BulkRevokeBias", Time since last: 384011 ns, Reaching safepoint: 83455 ns, At safepoint: 62072 ns, Total: 145527 ns
[2020-09-11T13:58:51.008+0000][1][safepoint    ] Safepoint "RevokeBias", Time since last: 23324153 ns, Reaching safepoint: 246304 ns, At safepoint: 23785 ns, Total: 270089 ns
[2020-09-11T13:58:51.021+0000][1][safepoint    ] Safepoint "RevokeBias", Time since last: 12035502 ns, Reaching safepoint: 837204 ns, At safepoint: 31442 ns, Total: 868646 ns
[2020-09-11T13:58:51.024+0000][1][safepoint    ] Safepoint "RevokeBias", Time since last: 3422994 ns, Reaching safepoint: 107767 ns, At safepoint: 34092 ns, Total: 141859 ns
[2020-09-11T13:58:51.024+0000][1][safepoint    ] Safepoint "RevokeBias", Time since last: 49825 ns, Reaching safepoint: 83866 ns, At safepoint: 26191 ns, Total: 110057 ns
[2020-09-11T13:58:51.492+0000][1][safepoint    ] Safepoint "RevokeBias", Time since last: 467249159 ns, Reaching safepoint: 116052 ns, At safepoint: 14318 ns, Total: 130370 ns
[2020-09-11T13:58:51.492+0000][1][safepoint    ] Safepoint "RevokeBias", Time since last: 154403 ns, Reaching safepoint: 11423 ns, At safepoint: 7331 ns, Total: 18754 ns
[2020-09-11T13:58:51.492+0000][1][safepoint    ] Safepoint "RevokeBias", Time since last: 208753 ns, Reaching safepoint: 11373 ns, At safepoint: 6949 ns, Total: 18322 ns
[2020-09-11T13:58:52.132+0000][1][gc,start     ] GC(61) Pause Young (Allocation Failure)
[2020-09-11T13:58:52.132+0000][1][gc,task      ] GC(61) Using 1 workers of 1 for evacuation
[2020-09-11T13:58:52.313+0000][1][gc,age       ] GC(61) Desired survivor size 4358144 bytes, new threshold 2 (max threshold 6)
[2020-09-11T13:58:52.313+0000][1][gc,age       ] GC(61) Age table with threshold 2 (max threshold 6)
[2020-09-11T13:58:52.313+0000][1][gc,age       ] GC(61) - age   1:    2266672 bytes,    2266672 total
[2020-09-11T13:58:52.313+0000][1][gc,age       ] GC(61) - age   2:    2640440 bytes,    4907112 total
[2020-09-11T13:58:52.313+0000][1][gc,heap      ] GC(61) ParNew: 76672K->6158K(76672K)
[2020-09-11T13:58:52.313+0000][1][gc,heap      ] GC(61) CMS: 50046K->54038K(439104K)
[2020-09-11T13:58:52.313+0000][1][gc,metaspace ] GC(61) Metaspace: 52546K->52546K(1097728K)
[2020-09-11T13:58:52.313+0000][1][gc           ] GC(61) Pause Young (Allocation Failure) 123M->58M(503M) 180.752ms
[2020-09-11T13:58:52.313+0000][1][gc,cpu       ] GC(61) User=0.07s Sys=0.00s Real=0.18s
[2020-09-11T13:58:52.331+0000][1][safepoint    ] Safepoint "GenCollectForAllocation", Time since last: 640153291 ns, Reaching safepoint: 105502 ns, At safepoint: 199092636 ns, Total: 199198138 ns
[2020-09-11T13:58:53.408+0000][1][safepoint    ] Safepoint "Cleanup", Time since last: 1064049662 ns, Reaching safepoint: 12306006 ns, At safepoint: 11677 ns, Total: 12317683 ns
[2020-09-11T13:58:54.416+0000][1][safepoint    ] Safepoint "Cleanup", Time since last: 1007588967 ns, Reaching safepoint: 127630 ns, At safepoint: 6110 ns, Total: 133740 ns
[2020-09-11T13:58:55.429+0000][1][safepoint    ] Safepoint "Cleanup", Time since last: 1010740538 ns, Reaching safepoint: 2467056 ns, At safepoint: 15186 ns, Total: 2482242 ns
[2020-09-11T13:58:55.511+0000][1][gc,start     ] GC(62) Pause Young (Allocation Failure)
[2020-09-11T13:58:55.512+0000][1][gc,task      ] GC(62) Using 1 workers of 1 for evacuation
[2020-09-11T13:58:55.574+0000][1][gc,age       ] GC(62) Desired survivor size 4358144 bytes, new threshold 6 (max threshold 6)
[2020-09-11T13:58:55.574+0000][1][gc,age       ] GC(62) Age table with threshold 6 (max threshold 6)
[2020-09-11T13:58:55.574+0000][1][gc,age       ] GC(62) - age   1:    1507504 bytes,    1507504 total
[2020-09-11T13:58:55.574+0000][1][gc,age       ] GC(62) - age   2:    2218912 bytes,    3726416 total
[2020-09-11T13:58:55.574+0000][1][gc,heap      ] GC(62) ParNew: 74318K->5133K(76672K)
[2020-09-11T13:58:55.574+0000][1][gc,heap      ] GC(62) CMS: 54038K->56728K(439104K)
[2020-09-11T13:58:55.574+0000][1][gc,metaspace ] GC(62) Metaspace: 60086K->60086K(1103872K)
[2020-09-11T13:58:55.574+0000][1][gc           ] GC(62) Pause Young (Allocation Failure) 125M->60M(503M) 62.545ms
[2020-09-11T13:58:55.574+0000][1][gc,cpu       ] GC(62) User=0.03s Sys=0.00s Real=0.06s
[2020-09-11T13:58:55.580+0000][1][safepoint    ] Safepoint "GenCollectForAllocation", Time since last: 79223295 ns, Reaching safepoint: 3470800 ns, At safepoint: 68487709 ns, Total: 71958509 ns
[2020-09-11T13:58:55.637+0000][1][safepoint    ] Safepoint "CollectForMetadataAllocation", Time since last: 56492531 ns, Reaching safepoint: 855211 ns, At safepoint: 88623 ns, Total: 943834 ns
[2020-09-11T13:58:55.696+0000][1][safepoint    ] Safepoint "CollectForMetadataAllocation", Time since last: 58552135 ns, Reaching safepoint: 115136 ns, At safepoint: 105670 ns, Total: 220806 ns
[2020-09-11T13:58:55.752+0000][1][safepoint    ] Safepoint "CollectForMetadataAllocation", Time since last: 55277646 ns, Reaching safepoint: 107608 ns, At safepoint: 118963 ns, Total: 226571 ns
[2020-09-11T13:58:55.936+0000][1][safepoint    ] Safepoint "CollectForMetadataAllocation", Time since last: 180984711 ns, Reaching safepoint: 2795589 ns, At safepoint: 113407 ns, Total: 2908996 ns
[2020-09-11T13:58:56.004+0000][1][safepoint    ] Safepoint "CollectForMetadataAllocation", Time since last: 68497628 ns, Reaching safepoint: 109807 ns, At safepoint: 117785 ns, Total: 227592 ns
[2020-09-11T13:58:56.212+0000][1][safepoint    ] Safepoint "RevokeBias", Time since last: 207179491 ns, Reaching safepoint: 123497 ns, At safepoint: 37264 ns, Total: 160761 ns
[2020-09-11T13:58:56.212+0000][1][safepoint    ] Safepoint "RevokeBias", Time since last: 128143 ns, Reaching safepoint: 9092 ns, At safepoint: 17609 ns, Total: 26701 ns
[2020-09-11T13:58:56.212+0000][1][safepoint    ] Safepoint "RevokeBias", Time since last: 110757 ns, Reaching safepoint: 9350 ns, At safepoint: 16870 ns, Total: 26220 ns
[2020-09-11T13:58:56.224+0000][1][safepoint    ] Safepoint "RevokeBias", Time since last: 11524949 ns, Reaching safepoint: 105137 ns, At safepoint: 37390 ns, Total: 142527 ns
[2020-09-11T13:58:56.364+0000][1][safepoint    ] Safepoint "CollectForMetadataAllocation", Time since last: 139842933 ns, Reaching safepoint: 109284 ns, At safepoint: 69040 ns, Total: 178324 ns
[2020-09-11T13:58:56.620+0000][1][safepoint    ] Safepoint "CollectForMetadataAllocation", Time since last: 255822142 ns, Reaching safepoint: 110819 ns, At safepoint: 130549 ns, Total: 241368 ns
[2020-09-11T13:58:56.860+0000][1][safepoint    ] Safepoint "CollectForMetadataAllocation", Time since last: 238100807 ns, Reaching safepoint: 1694314 ns, At safepoint: 137992 ns, Total: 1832306 ns
[2020-09-11T13:58:57.168+0000][1][safepoint    ] Safepoint "CollectForMetadataAllocation", Time since last: 307840293 ns, Reaching safepoint: 112339 ns, At safepoint: 116367 ns, Total: 228706 ns
[2020-09-11T13:58:57.192+0000][1][safepoint    ] Safepoint "RevokeBias", Time since last: 23775829 ns, Reaching safepoint: 114415 ns, At safepoint: 16612 ns, Total: 131027 ns
[2020-09-11T13:58:57.428+0000][1][safepoint    ] Safepoint "CollectForMetadataAllocation", Time since last: 235848774 ns, Reaching safepoint: 109843 ns, At safepoint: 124803 ns, Total: 234646 ns
[2020-09-11T13:58:57.577+0000][1][safepoint    ] Safepoint "Deoptimize", Time since last: 148960306 ns, Reaching safepoint: 101589 ns, At safepoint: 326357 ns, Total: 427946 ns
[2020-09-11T13:58:57.592+0000][1][gc,start     ] GC(63) Pause Initial Mark
[2020-09-11T13:58:57.631+0000][1][gc           ] GC(63) Pause Initial Mark 94M->94M(503M) 39.061ms
[2020-09-11T13:58:57.631+0000][1][gc,cpu       ] GC(63) User=0.02s Sys=0.00s Real=0.04s
[2020-09-11T13:58:57.664+0000][1][safepoint    ] Safepoint "CMS_Initial_Mark", Time since last: 14375399 ns, Reaching safepoint: 567282 ns, At safepoint: 72330956 ns, Total: 72898238 ns
[2020-09-11T13:58:57.664+0000][1][gc           ] GC(63) Concurrent Mark
[2020-09-11T13:58:57.912+0000][1][safepoint    ] Safepoint "CollectForMetadataAllocation", Time since last: 235107870 ns, Reaching safepoint: 12081734 ns, At safepoint: 87291 ns, Total: 12169025 ns
[2020-09-11T13:58:58.115+0000][1][gc           ] GC(63) Concurrent Mark 450.696ms
[2020-09-11T13:58:58.115+0000][1][gc,cpu       ] GC(63) User=0.16s Sys=0.00s Real=0.44s
[2020-09-11T13:58:58.115+0000][1][gc           ] GC(63) Concurrent Preclean
[2020-09-11T13:58:58.153+0000][1][gc           ] GC(63) Concurrent Preclean 37.651ms
[2020-09-11T13:58:58.153+0000][1][gc,cpu       ] GC(63) User=0.01s Sys=0.00s Real=0.04s
[2020-09-11T13:58:58.153+0000][1][gc           ] GC(63) Concurrent Abortable Preclean
[2020-09-11T13:58:58.262+0000][1][safepoint    ] Safepoint "CollectForMetadataAllocation", Time since last: 341026675 ns, Reaching safepoint: 8949511 ns, At safepoint: 115950 ns, Total: 9065461 ns
[2020-09-11T13:58:58.620+0000][1][safepoint    ] Safepoint "RevokeBias", Time since last: 357752795 ns, Reaching safepoint: 128165 ns, At safepoint: 15594 ns, Total: 143759 ns
[2020-09-11T13:58:58.632+0000][1][safepoint    ] Safepoint "RevokeBias", Time since last: 11872349 ns, Reaching safepoint: 60204 ns, At safepoint: 12004 ns, Total: 72208 ns
[2020-09-11T13:58:58.632+0000][1][safepoint    ] Safepoint "RevokeBias", Time since last: 111935 ns, Reaching safepoint: 12969 ns, At safepoint: 5235 ns, Total: 18204 ns
[2020-09-11T13:58:58.639+0000][1][safepoint    ] Safepoint "RevokeBias", Time since last: 7799312 ns, Reaching safepoint: 42847 ns, At safepoint: 11454 ns, Total: 54301 ns
[2020-09-11T13:58:58.640+0000][1][safepoint    ] Safepoint "RevokeBias", Time since last: 170321 ns, Reaching safepoint: 13208 ns, At safepoint: 7478 ns, Total: 20686 ns
[2020-09-11T13:58:58.640+0000][1][safepoint    ] Safepoint "BulkRevokeBias", Time since last: 53777 ns, Reaching safepoint: 11783 ns, At safepoint: 72878 ns, Total: 84661 ns
[2020-09-11T13:58:58.720+0000][1][safepoint    ] Safepoint "CollectForMetadataAllocation", Time since last: 79599694 ns, Reaching safepoint: 68400 ns, At safepoint: 86862 ns, Total: 155262 ns
[2020-09-11T13:58:59.087+0000][1][safepoint    ] Safepoint "CollectForMetadataAllocation", Time since last: 364374517 ns, Reaching safepoint: 3328672 ns, At safepoint: 142468 ns, Total: 3471140 ns
[2020-09-11T13:58:59.464+0000][1][safepoint    ] Safepoint "CollectForMetadataAllocation", Time since last: 375983564 ns, Reaching safepoint: 60483 ns, At safepoint: 107310 ns, Total: 167793 ns
[2020-09-11T13:58:59.666+0000][1][safepoint    ] Safepoint "CollectForMetadataAllocation", Time since last: 201748583 ns, Reaching safepoint: 61468 ns, At safepoint: 118711 ns, Total: 180179 ns
[2020-09-11T13:58:59.755+0000][1][safepoint    ] Safepoint "CollectForMetadataAllocation", Time since last: 86879391 ns, Reaching safepoint: 2698701 ns, At safepoint: 115181 ns, Total: 2813882 ns
[2020-09-11T13:58:59.837+0000][1][safepoint    ] Safepoint "CollectForMetadataAllocation", Time since last: 81545584 ns, Reaching safepoint: 46210 ns, At safepoint: 100850 ns, Total: 147060 ns
[2020-09-11T13:58:59.952+0000][1][safepoint    ] Safepoint "RevokeBias", Time since last: 114522603 ns, Reaching safepoint: 105885 ns, At safepoint: 16597 ns, Total: 122482 ns
[2020-09-11T13:58:59.968+0000][1][safepoint    ] Safepoint "RevokeBias", Time since last: 16311567 ns, Reaching safepoint: 46205 ns, At safepoint: 10606 ns, Total: 56811 ns
[2020-09-11T13:58:59.992+0000][1][safepoint    ] Safepoint "CollectForMetadataAllocation", Time since last: 24072063 ns, Reaching safepoint: 45095 ns, At safepoint: 106173 ns, Total: 151268 ns
[2020-09-11T13:59:00.116+0000][1][safepoint    ] Safepoint "RevokeBias", Time since last: 119548810 ns, Reaching safepoint: 3789548 ns, At safepoint: 43118 ns, Total: 3832666 ns
[2020-09-11T13:59:00.119+0000][1][safepoint    ] Safepoint "RevokeBias", Time since last: 78562 ns, Reaching safepoint: 3817060 ns, At safepoint: 27063 ns, Total: 3844123 ns
[2020-09-11T13:59:00.120+0000][1][safepoint    ] Safepoint "RevokeBias", Time since last: 213978 ns, Reaching safepoint: 90732 ns, At safepoint: 26874 ns, Total: 117606 ns
[2020-09-11T13:59:00.262+0000][1][safepoint    ] Safepoint "CollectForMetadataAllocation", Time since last: 139763855 ns, Reaching safepoint: 1996991 ns, At safepoint: 83382 ns, Total: 2080373 ns
[2020-09-11T13:59:00.396+0000][1][gc,start     ] GC(64) Pause Young (Allocation Failure)
[2020-09-11T13:59:00.396+0000][1][gc,task      ] GC(64) Using 1 workers of 1 for evacuation
[2020-09-11T13:59:00.461+0000][1][gc,age       ] GC(64) Desired survivor size 4358144 bytes, new threshold 2 (max threshold 6)
[2020-09-11T13:59:00.461+0000][1][gc,age       ] GC(64) Age table with threshold 2 (max threshold 6)
[2020-09-11T13:59:00.461+0000][1][gc,age       ] GC(64) - age   1:    3494744 bytes,    3494744 total
[2020-09-11T13:59:00.461+0000][1][gc,age       ] GC(64) - age   2:    1357592 bytes,    4852336 total
[2020-09-11T13:59:00.461+0000][1][gc,age       ] GC(64) - age   3:    2207024 bytes,    7059360 total
[2020-09-11T13:59:00.461+0000][1][gc,heap      ] GC(64) ParNew: 73293K->8025K(76672K)
[2020-09-11T13:59:00.461+0000][1][gc,heap      ] GC(64) CMS: 56728K->56728K(439104K)
[2020-09-11T13:59:00.461+0000][1][gc,metaspace ] GC(64) Metaspace: 66243K->66243K(1110016K)
[2020-09-11T13:59:00.461+0000][1][gc           ] GC(64) Pause Young (Allocation Failure) 126M->63M(503M) 65.548ms
[2020-09-11T13:59:00.461+0000][1][gc,cpu       ] GC(64) User=0.03s Sys=0.00s Real=0.06s
[2020-09-11T13:59:00.487+0000][1][safepoint    ] Safepoint "GenCollectForAllocation", Time since last: 133935151 ns, Reaching safepoint: 116077 ns, At safepoint: 91732378 ns, Total: 91848455 ns
[2020-09-11T13:59:00.557+0000][1][safepoint    ] Safepoint "CollectForMetadataAllocation", Time since last: 69842829 ns, Reaching safepoint: 79033 ns, At safepoint: 115413 ns, Total: 194446 ns
[2020-09-11T13:59:00.816+0000][1][safepoint    ] Safepoint "CollectForMetadataAllocation", Time since last: 257974903 ns, Reaching safepoint: 52835 ns, At safepoint: 112222 ns, Total: 165057 ns
[2020-09-11T13:59:00.892+0000][1][safepoint    ] Safepoint "CollectForMetadataAllocation", Time since last: 76029841 ns, Reaching safepoint: 41730 ns, At safepoint: 63984 ns, Total: 105714 ns
[2020-09-11T13:59:01.146+0000][1][safepoint    ] Safepoint "CollectForMetadataAllocation", Time since last: 253155505 ns, Reaching safepoint: 870130 ns, At safepoint: 103357 ns, Total: 973487 ns
[2020-09-11T13:59:01.260+0000][1][safepoint    ] Safepoint "CollectForMetadataAllocation", Time since last: 114369859 ns, Reaching safepoint: 73369 ns, At safepoint: 109612 ns, Total: 182981 ns
[2020-09-11T13:59:01.375+0000][1][safepoint    ] Safepoint "CollectForMetadataAllocation", Time since last: 114161177 ns, Reaching safepoint: 60740 ns, At safepoint: 128250 ns, Total: 188990 ns
[2020-09-11T13:59:01.409+0000][1][safepoint    ] Safepoint "CollectForMetadataAllocation", Time since last: 33927107 ns, Reaching safepoint: 44095 ns, At safepoint: 71388 ns, Total: 115483 ns
[2020-09-11T13:59:01.438+0000][1][safepoint    ] Safepoint "Deoptimize", Time since last: 28803717 ns, Reaching safepoint: 55206 ns, At safepoint: 364479 ns, Total: 419685 ns
[2020-09-11T13:59:01.479+0000][1][safepoint    ] Safepoint "CollectForMetadataAllocation", Time since last: 40699409 ns, Reaching safepoint: 56381 ns, At safepoint: 112159 ns, Total: 168540 ns
[2020-09-11T13:59:01.480+0000][1][safepoint    ] Safepoint "Deoptimize", Time since last: 191368 ns, Reaching safepoint: 357738 ns, At safepoint: 368259 ns, Total: 725997 ns
[2020-09-11T13:59:01.656+0000][1][safepoint    ] Safepoint "CollectForMetadataAllocation", Time since last: 175630528 ns, Reaching safepoint: 68025 ns, At safepoint: 124877 ns, Total: 192902 ns
[2020-09-11T13:59:01.896+0000][1][safepoint    ] Safepoint "RevokeBias", Time since last: 239807730 ns, Reaching safepoint: 67995 ns, At safepoint: 24937 ns, Total: 92932 ns
[2020-09-11T13:59:01.896+0000][1][safepoint    ] Safepoint "RevokeBias", Time since last: 451789 ns, Reaching safepoint: 82886 ns, At safepoint: 18898 ns, Total: 101784 ns
[2020-09-11T13:59:01.897+0000][1][safepoint    ] Safepoint "CollectForMetadataAllocation", Time since last: 479591 ns, Reaching safepoint: 11456 ns, At safepoint: 83576 ns, Total: 95032 ns
[2020-09-11T13:59:01.901+0000][1][safepoint    ] Safepoint "RevokeBias", Time since last: 248253 ns, Reaching safepoint: 3600632 ns, At safepoint: 31006 ns, Total: 3631638 ns
[2020-09-11T13:59:01.901+0000][1][safepoint    ] Safepoint "RevokeBias", Time since last: 553910 ns, Reaching safepoint: 18246 ns, At safepoint: 16745 ns, Total: 34991 ns
[2020-09-11T13:59:01.901+0000][1][safepoint    ] Safepoint "RevokeBias", Time since last: 36060 ns, Reaching safepoint: 11741 ns, At safepoint: 13194 ns, Total: 24935 ns
[2020-09-11T13:59:01.908+0000][1][safepoint    ] Safepoint "RevokeBias", Time since last: 6329318 ns, Reaching safepoint: 32654 ns, At safepoint: 26075 ns, Total: 58729 ns
[2020-09-11T13:59:01.908+0000][1][safepoint    ] Safepoint "RevokeBias", Time since last: 255802 ns, Reaching safepoint: 15705 ns, At safepoint: 16561 ns, Total: 32266 ns
[2020-09-11T13:59:01.908+0000][1][safepoint    ] Safepoint "RevokeBias", Time since last: 46513 ns, Reaching safepoint: 12005 ns, At safepoint: 13186 ns, Total: 25191 ns
[2020-09-11T13:59:01.921+0000][1][safepoint    ] Safepoint "RevokeBias", Time since last: 11506136 ns, Reaching safepoint: 1444069 ns, At safepoint: 19690 ns, Total: 1463759 ns
[2020-09-11T13:59:01.931+0000][1][safepoint    ] Safepoint "RevokeBias", Time since last: 6565931 ns, Reaching safepoint: 3982988 ns, At safepoint: 35379 ns, Total: 4018367 ns
[2020-09-11T13:59:01.932+0000][1][safepoint    ] Safepoint "RevokeBias", Time since last: 135249 ns, Reaching safepoint: 86461 ns, At safepoint: 20376 ns, Total: 106837 ns
[2020-09-11T13:59:01.936+0000][1][safepoint    ] Safepoint "Deoptimize", Time since last: 2467710 ns, Reaching safepoint: 1238945 ns, At safepoint: 347086 ns, Total: 1586031 ns
[2020-09-11T13:59:01.959+0000][1][safepoint    ] Safepoint "Deoptimize", Time since last: 22953523 ns, Reaching safepoint: 107619 ns, At safepoint: 346798 ns, Total: 454417 ns
[2020-09-11T13:59:02.086+0000][1][safepoint    ] Safepoint "CollectForMetadataAllocation", Time since last: 127099756 ns, Reaching safepoint: 51526 ns, At safepoint: 103454 ns, Total: 154980 ns
[2020-09-11T13:59:02.143+0000][1][safepoint    ] Safepoint "RevokeBias", Time since last: 33813190 ns, Reaching safepoint: 23170399 ns, At safepoint: 31104 ns, Total: 23201503 ns
[2020-09-11T13:59:02.146+0000][1][safepoint    ] Safepoint "RevokeBias", Time since last: 78306 ns, Reaching safepoint: 1981478 ns, At safepoint: 27146 ns, Total: 2008624 ns
[2020-09-11T13:59:02.146+0000][1][safepoint    ] Safepoint "RevokeBias", Time since last: 66434 ns, Reaching safepoint: 83836 ns, At safepoint: 16969 ns, Total: 100805 ns
[2020-09-11T13:59:02.146+0000][1][safepoint    ] Safepoint "RevokeBias", Time since last: 43412 ns, Reaching safepoint: 81267 ns, At safepoint: 20016 ns, Total: 101283 ns
[2020-09-11T13:59:02.146+0000][1][safepoint    ] Safepoint "RevokeBias", Time since last: 36109 ns, Reaching safepoint: 84459 ns, At safepoint: 19801 ns, Total: 104260 ns
[2020-09-11T13:59:02.146+0000][1][safepoint    ] Safepoint "RevokeBias", Time since last: 40166 ns, Reaching safepoint: 83177 ns, At safepoint: 19006 ns, Total: 102183 ns
[2020-09-11T13:59:02.146+0000][1][safepoint    ] Safepoint "RevokeBias", Time since last: 35405 ns, Reaching safepoint: 243413 ns, At safepoint: 17898 ns, Total: 261311 ns
[2020-09-11T13:59:02.147+0000][1][safepoint    ] Safepoint "RevokeBias", Time since last: 37982 ns, Reaching safepoint: 85247 ns, At safepoint: 17715 ns, Total: 102962 ns
[2020-09-11T13:59:02.502+0000][1][safepoint    ] Safepoint "CollectForMetadataAllocation", Time since last: 351970589 ns, Reaching safepoint: 3135361 ns, At safepoint: 124429 ns, Total: 3259790 ns
[2020-09-11T13:59:02.812+0000][1][safepoint    ] Safepoint "CollectForMetadataAllocation", Time since last: 301622497 ns, Reaching safepoint: 8055334 ns, At safepoint: 126738 ns, Total: 8182072 ns
[2020-09-11T13:59:02.982+0000][1][safepoint    ] Safepoint "CollectForMetadataAllocation", Time since last: 170222707 ns, Reaching safepoint: 46280 ns, At safepoint: 102435 ns, Total: 148715 ns
[2020-09-11T13:59:03.140+0000][1][safepoint    ] Safepoint "CollectForMetadataAllocation", Time since last: 157642633 ns, Reaching safepoint: 716422 ns, At safepoint: 103461 ns, Total: 819883 ns
[2020-09-11T13:59:03.176+0000][1][safepoint    ] Safepoint "CollectForMetadataAllocation", Time since last: 34990687 ns, Reaching safepoint: 489943 ns, At safepoint: 5931 ns, Total: 495874 ns
[2020-09-11T13:59:03.219+0000][1][gc           ] GC(63) Concurrent Abortable Preclean 5066.122ms
[2020-09-11T13:59:03.219+0000][1][gc,cpu       ] GC(63) User=1.64s Sys=0.04s Real=5.07s
[2020-09-11T13:59:03.256+0000][1][gc,start     ] GC(63) Pause Remark
[2020-09-11T13:59:03.358+0000][1][gc           ] GC(63) Pause Remark 96M->96M(503M) 102.229ms
[2020-09-11T13:59:03.358+0000][1][gc,cpu       ] GC(63) User=0.03s Sys=0.00s Real=0.10s
[2020-09-11T13:59:03.415+0000][1][safepoint    ] Safepoint "CMS_Final_Remark", Time since last: 79221759 ns, Reaching safepoint: 908738 ns, At safepoint: 159379754 ns, Total: 160288492 ns
[2020-09-11T13:59:03.416+0000][1][gc           ] GC(63) Concurrent Sweep
[2020-09-11T13:59:03.526+0000][1][gc           ] GC(63) Concurrent Sweep 110.828ms
[2020-09-11T13:59:03.526+0000][1][gc,cpu       ] GC(63) User=0.04s Sys=0.00s Real=0.11s
[2020-09-11T13:59:03.526+0000][1][gc           ] GC(63) Concurrent Reset
[2020-09-11T13:59:03.527+0000][1][gc           ] GC(63) Concurrent Reset 0.641ms
[2020-09-11T13:59:03.527+0000][1][gc,cpu       ] GC(63) User=0.00s Sys=0.00s Real=0.00s
[2020-09-11T13:59:03.527+0000][1][gc,heap      ] GC(63) Old: 56728K->55797K(439104K)
[2020-09-11T13:59:03.666+0000][1][safepoint    ] Safepoint "RevokeBias", Time since last: 247545868 ns, Reaching safepoint: 3039023 ns, At safepoint: 47366 ns, Total: 3086389 ns
[2020-09-11T13:59:03.667+0000][1][safepoint    ] Safepoint "RevokeBias", Time since last: 190311 ns, Reaching safepoint: 1173394 ns, At safepoint: 24768 ns, Total: 1198162 ns
[2020-09-11T13:59:03.691+0000][1][safepoint    ] Safepoint "RevokeBias", Time since last: 17030636 ns, Reaching safepoint: 6962575 ns, At safepoint: 32620 ns, Total: 6995195 ns
[2020-09-11T13:59:03.695+0000][1][safepoint    ] Safepoint "RevokeBias", Time since last: 1766164 ns, Reaching safepoint: 2178123 ns, At safepoint: 21520 ns, Total: 2199643 ns
[2020-09-11T13:59:03.700+0000][1][safepoint    ] Safepoint "RevokeBias", Time since last: 506325 ns, Reaching safepoint: 3600239 ns, At safepoint: 38679 ns, Total: 3638918 ns
[2020-09-11T13:59:03.700+0000][1][safepoint    ] Safepoint "RevokeBias", Time since last: 391571 ns, Reaching safepoint: 93792 ns, At safepoint: 13879 ns, Total: 107671 ns
[2020-09-11T13:59:03.703+0000][1][safepoint    ] Safepoint "RevokeBias", Time since last: 43080 ns, Reaching safepoint: 3330154 ns, At safepoint: 29193 ns, Total: 3359347 ns
[2020-09-11T13:59:03.705+0000][1][safepoint    ] Safepoint "RevokeBias", Time since last: 1726852 ns, Reaching safepoint: 102773 ns, At safepoint: 19093 ns, Total: 121866 ns
[2020-09-11T13:59:03.711+0000][1][safepoint    ] Safepoint "RevokeBias", Time since last: 1786093 ns, Reaching safepoint: 4298597 ns, At safepoint: 21474 ns, Total: 4320071 ns
[2020-09-11T13:59:03.728+0000][1][safepoint    ] Safepoint "RevokeBias", Time since last: 16034130 ns, Reaching safepoint: 133265 ns, At safepoint: 28293 ns, Total: 161558 ns
[2020-09-11T13:59:03.744+0000][1][safepoint    ] Safepoint "RevokeBias", Time since last: 15780810 ns, Reaching safepoint: 122802 ns, At safepoint: 26412 ns, Total: 149214 ns
[2020-09-11T13:59:03.744+0000][1][safepoint    ] Safepoint "RevokeBias", Time since last: 467529 ns, Reaching safepoint: 116109 ns, At safepoint: 25512 ns, Total: 141621 ns
[2020-09-11T13:59:03.745+0000][1][safepoint    ] Safepoint "RevokeBias", Time since last: 104674 ns, Reaching safepoint: 816854 ns, At safepoint: 28320 ns, Total: 845174 ns
[2020-09-11T13:59:03.746+0000][1][safepoint    ] Safepoint "RevokeBias", Time since last: 370963 ns, Reaching safepoint: 91347 ns, At safepoint: 29100 ns, Total: 120447 ns
[2020-09-11T13:59:03.746+0000][1][safepoint    ] Safepoint "RevokeBias", Time since last: 52095 ns, Reaching safepoint: 88969 ns, At safepoint: 10927 ns, Total: 99896 ns
[2020-09-11T13:59:03.747+0000][1][safepoint    ] Safepoint "RevokeBias", Time since last: 292299 ns, Reaching safepoint: 664182 ns, At safepoint: 14826 ns, Total: 679008 ns
[2020-09-11T13:59:03.747+0000][1][safepoint    ] Safepoint "RevokeBias", Time since last: 45878 ns, Reaching safepoint: 445102 ns, At safepoint: 14120 ns, Total: 459222 ns
[2020-09-11T13:59:03.749+0000][1][safepoint    ] Safepoint "RevokeBias", Time since last: 1066589 ns, Reaching safepoint: 1150625 ns, At safepoint: 20958 ns, Total: 1171583 ns
[2020-09-11T13:59:03.751+0000][1][safepoint    ] Safepoint "RevokeBias", Time since last: 94171 ns, Reaching safepoint: 1516442 ns, At safepoint: 18899 ns, Total: 1535341 ns
[2020-09-11T13:59:03.751+0000][1][safepoint    ] Safepoint "RevokeBias", Time since last: 68930 ns, Reaching safepoint: 87824 ns, At safepoint: 20428 ns, Total: 108252 ns
[2020-09-11T13:59:03.783+0000][1][safepoint    ] Safepoint "RevokeBias", Time since last: 31115448 ns, Reaching safepoint: 110973 ns, At safepoint: 17362 ns, Total: 128335 ns
[2020-09-11T13:59:03.785+0000][1][safepoint    ] Safepoint "RevokeBias", Time since last: 2288375 ns, Reaching safepoint: 107482 ns, At safepoint: 28548 ns, Total: 136030 ns
[2020-09-11T13:59:03.786+0000][1][safepoint    ] Safepoint "RevokeBias", Time since last: 700267 ns, Reaching safepoint: 95223 ns, At safepoint: 37168 ns, Total: 132391 ns
[2020-09-11T13:59:03.788+0000][1][safepoint    ] Safepoint "RevokeBias", Time since last: 2158707 ns, Reaching safepoint: 105512 ns, At safepoint: 18143 ns, Total: 123655 ns
[2020-09-11T13:59:03.788+0000][1][safepoint    ] Safepoint "RevokeBias", Time since last: 64750 ns, Reaching safepoint: 86999 ns, At safepoint: 18444 ns, Total: 105443 ns
[2020-09-11T13:59:03.800+0000][1][safepoint    ] Safepoint "RevokeBias", Time since last: 11191971 ns, Reaching safepoint: 119393 ns, At safepoint: 41919 ns, Total: 161312 ns
[2020-09-11T13:59:03.800+0000][1][safepoint    ] Safepoint "RevokeBias", Time since last: 54766 ns, Reaching safepoint: 87817 ns, At safepoint: 11729 ns, Total: 99546 ns
[2020-09-11T13:59:03.800+0000][1][safepoint    ] Safepoint "RevokeBias", Time since last: 36189 ns, Reaching safepoint: 89651 ns, At safepoint: 11641 ns, Total: 101292 ns
[2020-09-11T13:59:03.806+0000][1][safepoint    ] Safepoint "RevokeBias", Time since last: 6206437 ns, Reaching safepoint: 116419 ns, At safepoint: 37098 ns, Total: 153517 ns
[2020-09-11T13:59:03.816+0000][1][safepoint    ] Safepoint "RevokeBias", Time since last: 9487383 ns, Reaching safepoint: 278232 ns, At safepoint: 158007 ns, Total: 436239 ns
[2020-09-11T13:59:03.817+0000][1][safepoint    ] Safepoint "RevokeBias", Time since last: 772873 ns, Reaching safepoint: 98347 ns, At safepoint: 13874 ns, Total: 112221 ns
[2020-09-11T13:59:03.836+0000][1][safepoint    ] Safepoint "RevokeBias", Time since last: 19072736 ns, Reaching safepoint: 245990 ns, At safepoint: 14333 ns, Total: 260323 ns
[2020-09-11T13:59:03.837+0000][1][safepoint    ] Safepoint "RevokeBias", Time since last: 298532 ns, Reaching safepoint: 90364 ns, At safepoint: 13830 ns, Total: 104194 ns
[2020-09-11T13:59:03.837+0000][1][safepoint    ] Safepoint "RevokeBias", Time since last: 42399 ns, Reaching safepoint: 87520 ns, At safepoint: 11718 ns, Total: 99238 ns
[2020-09-11T13:59:03.856+0000][1][safepoint    ] Safepoint "RevokeBias", Time since last: 18507061 ns, Reaching safepoint: 177227 ns, At safepoint: 14787 ns, Total: 192014 ns
[2020-09-11T13:59:03.856+0000][1][safepoint    ] Safepoint "RevokeBias", Time since last: 67477 ns, Reaching safepoint: 85750 ns, At safepoint: 35532 ns, Total: 121282 ns
[2020-09-11T13:59:03.865+0000][1][safepoint    ] Safepoint "RevokeBias", Time since last: 8707947 ns, Reaching safepoint: 108815 ns, At safepoint: 16911 ns, Total: 125726 ns
[2020-09-11T13:59:03.865+0000][1][safepoint    ] Safepoint "RevokeBias", Time since last: 94864 ns, Reaching safepoint: 82592 ns, At safepoint: 11465 ns, Total: 94057 ns
[2020-09-11T13:59:03.868+0000][1][safepoint    ] Safepoint "RevokeBias", Time since last: 2597331 ns, Reaching safepoint: 101866 ns, At safepoint: 17403 ns, Total: 119269 ns
[2020-09-11T13:59:03.868+0000][1][safepoint    ] Safepoint "RevokeBias", Time since last: 56805 ns, Reaching safepoint: 82379 ns, At safepoint: 11542 ns, Total: 93921 ns
[2020-09-11T13:59:03.868+0000][1][safepoint    ] Safepoint "RevokeBias", Time since last: 32094 ns, Reaching safepoint: 83188 ns, At safepoint: 11231 ns, Total: 94419 ns
[2020-09-11T13:59:03.918+0000][1][safepoint    ] Safepoint "RevokeBias", Time since last: 49720468 ns, Reaching safepoint: 105844 ns, At safepoint: 18429 ns, Total: 124273 ns
[2020-09-11T13:59:03.932+0000][1][safepoint    ] Safepoint "RevokeBias", Time since last: 13727865 ns, Reaching safepoint: 108013 ns, At safepoint: 20180 ns, Total: 128193 ns
[2020-09-11T13:59:03.948+0000][1][safepoint    ] Safepoint "RevokeBias", Time since last: 16284560 ns, Reaching safepoint: 107522 ns, At safepoint: 16355 ns, Total: 123877 ns
[2020-09-11T13:59:04.659+0000][1][safepoint    ] Safepoint "RevokeBias", Time since last: 711002348 ns, Reaching safepoint: 110569 ns, At safepoint: 17744 ns, Total: 128313 ns
[2020-09-11T13:59:04.659+0000][1][safepoint    ] Safepoint "RevokeBias", Time since last: 241930 ns, Reaching safepoint: 93487 ns, At safepoint: 12604 ns, Total: 106091 ns
[2020-09-11T13:59:04.663+0000][1][safepoint    ] Safepoint "RevokeBias", Time since last: 507948 ns, Reaching safepoint: 2626470 ns, At safepoint: 21959 ns, Total: 2648429 ns
[2020-09-11T13:59:04.666+0000][1][safepoint    ] Safepoint "RevokeBias", Time since last: 1135331 ns, Reaching safepoint: 2247219 ns, At safepoint: 18807 ns, Total: 2266026 ns
[2020-09-11T13:59:04.667+0000][1][safepoint    ] Safepoint "RevokeBias", Time since last: 743472 ns, Reaching safepoint: 702418 ns, At safepoint: 25431 ns, Total: 727849 ns
[2020-09-11T13:59:04.676+0000][1][safepoint    ] Safepoint "RevokeBias", Time since last: 1942272 ns, Reaching safepoint: 6086871 ns, At safepoint: 23689 ns, Total: 6110560 ns
[2020-09-11T13:59:04.679+0000][1][safepoint    ] Safepoint "RevokeBias", Time since last: 468539 ns, Reaching safepoint: 2792547 ns, At safepoint: 22243 ns, Total: 2814790 ns
[2020-09-11T13:59:05.658+0000][1][safepoint    ] Safepoint "RevokeBias", Time since last: 978868914 ns, Reaching safepoint: 122784 ns, At safepoint: 17101 ns, Total: 139885 ns
[2020-09-11T13:59:05.664+0000][1][safepoint    ] Safepoint "RevokeBias", Time since last: 1547090 ns, Reaching safepoint: 4116679 ns, At safepoint: 32597 ns, Total: 4149276 ns
[2020-09-11T13:59:05.666+0000][1][safepoint    ] Safepoint "RevokeBias", Time since last: 343914 ns, Reaching safepoint: 2605865 ns, At safepoint: 24953 ns, Total: 2630818 ns
[2020-09-11T13:59:05.667+0000][1][safepoint    ] Safepoint "RevokeBias", Time since last: 258217 ns, Reaching safepoint: 87955 ns, At safepoint: 13642 ns, Total: 101597 ns
[2020-09-11T13:59:05.668+0000][1][safepoint    ] Safepoint "RevokeBias", Time since last: 790459 ns, Reaching safepoint: 88527 ns, At safepoint: 13124 ns, Total: 101651 ns
[2020-09-11T13:59:05.668+0000][1][safepoint    ] Safepoint "RevokeBias", Time since last: 359287 ns, Reaching safepoint: 87959 ns, At safepoint: 12259 ns, Total: 100218 ns
[2020-09-11T13:59:05.669+0000][1][safepoint    ] Safepoint "RevokeBias", Time since last: 277786 ns, Reaching safepoint: 88184 ns, At safepoint: 12182 ns, Total: 100366 ns
[2020-09-11T13:59:05.669+0000][1][safepoint    ] Safepoint "RevokeBias", Time since last: 46095 ns, Reaching safepoint: 86600 ns, At safepoint: 11412 ns, Total: 98012 ns
[2020-09-11T13:59:05.672+0000][1][safepoint    ] Safepoint "RevokeBias", Time since last: 183940 ns, Reaching safepoint: 2584609 ns, At safepoint: 29345 ns, Total: 2613954 ns
[2020-09-11T13:59:06.660+0000][1][safepoint    ] Safepoint "RevokeBias", Time since last: 988253061 ns, Reaching safepoint: 239705 ns, At safepoint: 20022 ns, Total: 259727 ns
[2020-09-11T13:59:06.663+0000][1][safepoint    ] Safepoint "RevokeBias", Time since last: 334867 ns, Reaching safepoint: 3085083 ns, At safepoint: 23645 ns, Total: 3108728 ns
[2020-09-11T13:59:06.666+0000][1][safepoint    ] Safepoint "RevokeBias", Time since last: 1021504 ns, Reaching safepoint: 1649895 ns, At safepoint: 22405 ns, Total: 1672300 ns
[2020-09-11T13:59:06.675+0000][1][safepoint    ] Safepoint "RevokeBias", Time since last: 8291103 ns, Reaching safepoint: 985847 ns, At safepoint: 19331 ns, Total: 1005178 ns
[2020-09-11T13:59:06.683+0000][1][safepoint    ] Safepoint "RevokeBias", Time since last: 7262243 ns, Reaching safepoint: 111576 ns, At safepoint: 18594 ns, Total: 130170 ns
[2020-09-11T13:59:06.724+0000][1][safepoint    ] Safepoint "RevokeBias", Time since last: 40596111 ns, Reaching safepoint: 121801 ns, At safepoint: 20286 ns, Total: 142087 ns
[2020-09-11T13:59:06.724+0000][1][safepoint    ] Safepoint "RevokeBias", Time since last: 75569 ns, Reaching safepoint: 88892 ns, At safepoint: 11860 ns, Total: 100752 ns
[2020-09-11T13:59:06.795+0000][1][safepoint    ] Safepoint "RevokeBias", Time since last: 71153262 ns, Reaching safepoint: 121290 ns, At safepoint: 20005 ns, Total: 141295 ns
[2020-09-11T13:59:06.795+0000][1][safepoint    ] Safepoint "RevokeBias", Time since last: 85490 ns, Reaching safepoint: 86598 ns, At safepoint: 11622 ns, Total: 98220 ns
[2020-09-11T13:59:06.795+0000][1][safepoint    ] Safepoint "RevokeBias", Time since last: 32215 ns, Reaching safepoint: 84259 ns, At safepoint: 10702 ns, Total: 94961 ns
[2020-09-11T13:59:06.796+0000][1][safepoint    ] Safepoint "RevokeBias", Time since last: 73138 ns, Reaching safepoint: 86525 ns, At safepoint: 11141 ns, Total: 97666 ns
[2020-09-11T13:59:06.796+0000][1][safepoint    ] Safepoint "RevokeBias", Time since last: 30705 ns, Reaching safepoint: 83535 ns, At safepoint: 10433 ns, Total: 93968 ns
[2020-09-11T13:59:06.796+0000][1][safepoint    ] Safepoint "RevokeBias", Time since last: 229574 ns, Reaching safepoint: 86252 ns, At safepoint: 11214 ns, Total: 97466 ns
[2020-09-11T13:59:06.796+0000][1][safepoint    ] Safepoint "RevokeBias", Time since last: 32439 ns, Reaching safepoint: 84346 ns, At safepoint: 13261 ns, Total: 97607 ns
[2020-09-11T13:59:06.796+0000][1][safepoint    ] Safepoint "RevokeBias", Time since last: 29284 ns, Reaching safepoint: 84461 ns, At safepoint: 10624 ns, Total: 95085 ns
[2020-09-11T13:59:06.832+0000][1][safepoint    ] Safepoint "RevokeBias", Time since last: 35183318 ns, Reaching safepoint: 126217 ns, At safepoint: 19245 ns, Total: 145462 ns
[2020-09-11T13:59:06.934+0000][1][safepoint    ] Safepoint "RevokeBias", Time since last: 98128222 ns, Reaching safepoint: 4743638 ns, At safepoint: 22477 ns, Total: 4766115 ns
[2020-09-11T13:59:06.935+0000][1][safepoint    ] Safepoint "RevokeBias", Time since last: 60684 ns, Reaching safepoint: 88527 ns, At safepoint: 11509 ns, Total: 100036 ns
[2020-09-11T13:59:06.935+0000][1][safepoint    ] Safepoint "RevokeBias", Time since last: 36099 ns, Reaching safepoint: 86556 ns, At safepoint: 10681 ns, Total: 97237 ns
[2020-09-11T13:59:06.935+0000][1][safepoint    ] Safepoint "RevokeBias", Time since last: 55729 ns, Reaching safepoint: 86135 ns, At safepoint: 14707 ns, Total: 100842 ns
[2020-09-11T13:59:07.035+0000][1][safepoint    ] Safepoint "RevokeBias", Time since last: 99739730 ns, Reaching safepoint: 798776 ns, At safepoint: 19713 ns, Total: 818489 ns
[2020-09-11T13:59:07.660+0000][1][safepoint    ] Safepoint "RevokeBias", Time since last: 624264208 ns, Reaching safepoint: 36605 ns, At safepoint: 13819 ns, Total: 50424 ns
[2020-09-11T13:59:07.660+0000][1][safepoint    ] Safepoint "RevokeBias", Time since last: 233326 ns, Reaching safepoint: 13995 ns, At safepoint: 9087 ns, Total: 23082 ns
[2020-09-11T13:59:07.661+0000][1][safepoint    ] Safepoint "RevokeBias", Time since last: 475821 ns, Reaching safepoint: 14790 ns, At safepoint: 8530 ns, Total: 23320 ns
[2020-09-11T13:59:07.662+0000][1][safepoint    ] Safepoint "RevokeBias", Time since last: 1266164 ns, Reaching safepoint: 18736 ns, At safepoint: 10087 ns, Total: 28823 ns
[2020-09-11T13:59:07.861+0000][1][safepoint    ] Safepoint "RevokeBias", Time since last: 199189814 ns, Reaching safepoint: 116927 ns, At safepoint: 18617 ns, Total: 135544 ns
[2020-09-11T13:59:07.874+0000][1][safepoint    ] Safepoint "RevokeBias", Time since last: 12835511 ns, Reaching safepoint: 112585 ns, At safepoint: 17550 ns, Total: 130135 ns
[2020-09-11T13:59:08.128+0000][1][safepoint    ] Safepoint "RevokeBias", Time since last: 247314040 ns, Reaching safepoint: 6377315 ns, At safepoint: 24952 ns, Total: 6402267 ns
[2020-09-11T13:59:08.144+0000][1][safepoint    ] Safepoint "RevokeBias", Time since last: 15572099 ns, Reaching safepoint: 125389 ns, At safepoint: 26716 ns, Total: 152105 ns
[2020-09-11T13:59:08.144+0000][1][safepoint    ] Safepoint "RevokeBias", Time since last: 128705 ns, Reaching safepoint: 87744 ns, At safepoint: 11680 ns, Total: 99424 ns
[2020-09-11T13:59:08.144+0000][1][safepoint    ] Safepoint "RevokeBias", Time since last: 43003 ns, Reaching safepoint: 86651 ns, At safepoint: 10711 ns, Total: 97362 ns
[2020-09-11T13:59:08.145+0000][1][safepoint    ] Safepoint "RevokeBias", Time since last: 587623 ns, Reaching safepoint: 91206 ns, At safepoint: 13089 ns, Total: 104295 ns
[2020-09-11T13:59:08.148+0000][1][safepoint    ] Safepoint "RevokeBias", Time since last: 2827063 ns, Reaching safepoint: 107659 ns, At safepoint: 17695 ns, Total: 125354 ns
[2020-09-11T13:59:08.660+0000][1][safepoint    ] Safepoint "RevokeBias", Time since last: 512418338 ns, Reaching safepoint: 117051 ns, At safepoint: 16695 ns, Total: 133746 ns
[2020-09-11T13:59:08.668+0000][1][safepoint    ] Safepoint "RevokeBias", Time since last: 8035642 ns, Reaching safepoint: 111162 ns, At safepoint: 16809 ns, Total: 127971 ns
[2020-09-11T13:59:08.684+0000][1][safepoint    ] Safepoint "RevokeBias", Time since last: 11850521 ns, Reaching safepoint: 3343429 ns, At safepoint: 26853 ns, Total: 3370282 ns
[2020-09-11T13:59:08.684+0000][1][safepoint    ] Safepoint "RevokeBias", Time since last: 436435 ns, Reaching safepoint: 92786 ns, At safepoint: 12087 ns, Total: 104873 ns
[2020-09-11T13:59:08.864+0000][1][safepoint    ] Safepoint "RevokeBias", Time since last: 179354496 ns, Reaching safepoint: 116175 ns, At safepoint: 15229 ns, Total: 131404 ns
[2020-09-11T13:59:08.864+0000][1][safepoint    ] Safepoint "RevokeBias", Time since last: 248057 ns, Reaching safepoint: 85015 ns, At safepoint: 10479 ns, Total: 95494 ns
[2020-09-11T13:59:08.876+0000][1][safepoint    ] Safepoint "RevokeBias", Time since last: 11537008 ns, Reaching safepoint: 113440 ns, At safepoint: 15719 ns, Total: 129159 ns
[2020-09-11T13:59:08.969+0000][1][safepoint    ] Safepoint "RevokeBias", Time since last: 93126482 ns, Reaching safepoint: 42514 ns, At safepoint: 13573 ns, Total: 56087 ns
[2020-09-11T13:59:08.975+0000][1][safepoint    ] Safepoint "RevokeBias", Time since last: 6674378 ns, Reaching safepoint: 52121 ns, At safepoint: 26464 ns, Total: 78585 ns
[2020-09-11T13:59:08.981+0000][1][safepoint    ] Safepoint "RevokeBias", Time since last: 5545891 ns, Reaching safepoint: 36065 ns, At safepoint: 14452 ns, Total: 50517 ns
[2020-09-11T13:59:08.982+0000][1][safepoint    ] Safepoint "RevokeBias", Time since last: 611246 ns, Reaching safepoint: 16559 ns, At safepoint: 9832 ns, Total: 26391 ns
[2020-09-11T13:59:09.000+0000][1][safepoint    ] Safepoint "RevokeBias", Time since last: 17822623 ns, Reaching safepoint: 37408 ns, At safepoint: 14195 ns, Total: 51603 ns
[2020-09-11T13:59:09.000+0000][1][safepoint    ] Safepoint "RevokeBias", Time since last: 574810 ns, Reaching safepoint: 14984 ns, At safepoint: 9864 ns, Total: 24848 ns
[2020-09-11T13:59:09.001+0000][1][safepoint    ] Safepoint "RevokeBias", Time since last: 503408 ns, Reaching safepoint: 14059 ns, At safepoint: 9146 ns, Total: 23205 ns
[2020-09-11T13:59:09.001+0000][1][safepoint    ] Safepoint "RevokeBias", Time since last: 327946 ns, Reaching safepoint: 14053 ns, At safepoint: 8576 ns, Total: 22629 ns
[2020-09-11T13:59:09.132+0000][1][safepoint    ] Safepoint "RevokeBias", Time since last: 118341792 ns, Reaching safepoint: 12039768 ns, At safepoint: 68415 ns, Total: 12108183 ns
[2020-09-11T13:59:09.132+0000][1][safepoint    ] Safepoint "RevokeBias", Time since last: 366148 ns, Reaching safepoint: 89231 ns, At safepoint: 39974 ns, Total: 129205 ns
[2020-09-11T13:59:09.132+0000][1][safepoint    ] Safepoint "RevokeBias", Time since last: 37039 ns, Reaching safepoint: 84504 ns, At safepoint: 36879 ns, Total: 121383 ns
[2020-09-11T13:59:09.847+0000][1][safepoint    ] Safepoint "RevokeBias", Time since last: 713255599 ns, Reaching safepoint: 2009887 ns, At safepoint: 29469 ns, Total: 2039356 ns
[2020-09-11T13:59:09.860+0000][1][safepoint    ] Safepoint "RevokeBias", Time since last: 11970304 ns, Reaching safepoint: 122787 ns, At safepoint: 16748 ns, Total: 139535 ns
[2020-09-11T13:59:09.866+0000][1][safepoint    ] Safepoint "RevokeBias", Time since last: 6717831 ns, Reaching safepoint: 112154 ns, At safepoint: 27476 ns, Total: 139630 ns
[2020-09-11T13:59:09.879+0000][1][safepoint    ] Safepoint "RevokeBias", Time since last: 12669135 ns, Reaching safepoint: 105864 ns, At safepoint: 25005 ns, Total: 130869 ns
[2020-09-11T13:59:09.894+0000][1][safepoint    ] Safepoint "RevokeBias", Time since last: 13504805 ns, Reaching safepoint: 863386 ns, At safepoint: 42976 ns, Total: 906362 ns
[2020-09-11T13:59:09.958+0000][1][safepoint    ] Safepoint "RevokeBias", Time since last: 64433583 ns, Reaching safepoint: 122237 ns, At safepoint: 17413 ns, Total: 139650 ns
[2020-09-11T13:59:10.084+0000][1][safepoint    ] Safepoint "RevokeBias", Time since last: 125192216 ns, Reaching safepoint: 119108 ns, At safepoint: 42330 ns, Total: 161438 ns
[2020-09-11T13:59:10.108+0000][1][gc,start     ] GC(65) Pause Young (Allocation Failure)
[2020-09-11T13:59:10.108+0000][1][gc,task      ] GC(65) Using 1 workers of 1 for evacuation
[2020-09-11T13:59:10.201+0000][1][gc,age       ] GC(65) Desired survivor size 4358144 bytes, new threshold 2 (max threshold 6)
[2020-09-11T13:59:10.201+0000][1][gc,age       ] GC(65) Age table with threshold 2 (max threshold 6)
[2020-09-11T13:59:10.201+0000][1][gc,age       ] GC(65) - age   1:    2264136 bytes,    2264136 total
[2020-09-11T13:59:10.201+0000][1][gc,age       ] GC(65) - age   2:    3410744 bytes,    5674880 total
[2020-09-11T13:59:10.201+0000][1][gc,heap      ] GC(65) ParNew: 76185K->6173K(76672K)
[2020-09-11T13:59:10.201+0000][1][gc,heap      ] GC(65) CMS: 55797K->59279K(439104K)
[2020-09-11T13:59:10.201+0000][1][gc,metaspace ] GC(65) Metaspace: 73560K->73560K(1116160K)
[2020-09-11T13:59:10.201+0000][1][gc           ] GC(65) Pause Young (Allocation Failure) 128M->63M(503M) 93.677ms
[2020-09-11T13:59:10.201+0000][1][gc,cpu       ] GC(65) User=0.03s Sys=0.00s Real=0.09s
[2020-09-11T13:59:10.216+0000][1][safepoint    ] Safepoint "GenCollectForAllocation", Time since last: 23839505 ns, Reaching safepoint: 114530 ns, At safepoint: 108551392 ns, Total: 108665922 ns
[2020-09-11T13:59:10.232+0000][1][safepoint    ] Safepoint "RevokeBias", Time since last: 15515678 ns, Reaching safepoint: 116869 ns, At safepoint: 52631 ns, Total: 169500 ns
[2020-09-11T13:59:10.240+0000][1][safepoint    ] Safepoint "BulkRevokeBias", Time since last: 3496129 ns, Reaching safepoint: 4167601 ns, At safepoint: 572118 ns, Total: 4739719 ns
[2020-09-11T13:59:10.241+0000][1][safepoint    ] Safepoint "BulkRevokeBias", Time since last: 574982 ns, Reaching safepoint: 193836 ns, At safepoint: 593937 ns, Total: 787773 ns
[2020-09-11T13:59:10.532+0000][1][safepoint    ] Safepoint "RevokeBias", Time since last: 290517872 ns, Reaching safepoint: 123878 ns, At safepoint: 16247 ns, Total: 140125 ns
[2020-09-11T13:59:10.643+0000][1][safepoint    ] Safepoint "RevokeBias", Time since last: 108749757 ns, Reaching safepoint: 2077004 ns, At safepoint: 18814 ns, Total: 2095818 ns
[2020-09-11T13:59:10.669+0000][1][safepoint    ] Safepoint "RevokeBias", Time since last: 25765024 ns, Reaching safepoint: 36321 ns, At safepoint: 13821 ns, Total: 50142 ns
[2020-09-11T13:59:10.669+0000][1][safepoint    ] Safepoint "RevokeBias", Time since last: 243411 ns, Reaching safepoint: 14137 ns, At safepoint: 8660 ns, Total: 22797 ns
[2020-09-11T13:59:10.669+0000][1][safepoint    ] Safepoint "RevokeBias", Time since last: 348663 ns, Reaching safepoint: 14272 ns, At safepoint: 8399 ns, Total: 22671 ns
[2020-09-11T13:59:10.669+0000][1][safepoint    ] Safepoint "RevokeBias", Time since last: 120288 ns, Reaching safepoint: 13693 ns, At safepoint: 8110 ns, Total: 21803 ns
[2020-09-11T13:59:10.678+0000][1][safepoint    ] Safepoint "RevokeBias", Time since last: 7965525 ns, Reaching safepoint: 50440 ns, At safepoint: 16039 ns, Total: 66479 ns
[2020-09-11T13:59:10.678+0000][1][safepoint    ] Safepoint "RevokeBias", Time since last: 86020 ns, Reaching safepoint: 14228 ns, At safepoint: 8584 ns, Total: 22812 ns
[2020-09-11T13:59:10.684+0000][1][safepoint    ] Safepoint "RevokeBias", Time since last: 6321872 ns, Reaching safepoint: 111442 ns, At safepoint: 16499 ns, Total: 127941 ns
[2020-09-11T13:59:10.939+0000][1][safepoint    ] Safepoint "RevokeBias", Time since last: 254059187 ns, Reaching safepoint: 858837 ns, At safepoint: 16252 ns, Total: 875089 ns
[2020-09-11T13:59:10.976+0000][1][safepoint    ] Safepoint "RevokeBias", Time since last: 37348867 ns, Reaching safepoint: 109075 ns, At safepoint: 16953 ns, Total: 126028 ns
[2020-09-11T13:59:10.998+0000][1][safepoint    ] Safepoint "RevokeBias", Time since last: 21457480 ns, Reaching safepoint: 118710 ns, At safepoint: 17535 ns, Total: 136245 ns
[2020-09-11T13:59:11.011+0000][1][safepoint    ] Safepoint "RevokeBias", Time since last: 12346502 ns, Reaching safepoint: 112956 ns, At safepoint: 54897 ns, Total: 167853 ns
[2020-09-11T13:59:11.212+0000][1][safepoint    ] Safepoint "RevokeBias", Time since last: 201491124 ns, Reaching safepoint: 119365 ns, At safepoint: 23804 ns, Total: 143169 ns
[2020-09-11T13:59:11.227+0000][1][safepoint    ] Safepoint "RevokeBias", Time since last: 14361507 ns, Reaching safepoint: 113589 ns, At safepoint: 36470 ns, Total: 150059 ns
[2020-09-11T13:59:11.232+0000][1][safepoint    ] Safepoint "RevokeBias", Time since last: 4698537 ns, Reaching safepoint: 193365 ns, At safepoint: 31251 ns, Total: 224616 ns
[2020-09-11T13:59:11.232+0000][1][safepoint    ] Safepoint "RevokeBias", Time since last: 182837 ns, Reaching safepoint: 85766 ns, At safepoint: 26805 ns, Total: 112571 ns
[2020-09-11T13:59:11.232+0000][1][safepoint    ] Safepoint "RevokeBias", Time since last: 75709 ns, Reaching safepoint: 85061 ns, At safepoint: 17408 ns, Total: 102469 ns
[2020-09-11T13:59:11.233+0000][1][safepoint    ] Safepoint "RevokeBias", Time since last: 306003 ns, Reaching safepoint: 97069 ns, At safepoint: 36115 ns, Total: 133184 ns
[2020-09-11T13:59:11.240+0000][1][safepoint    ] Safepoint "RevokeBias", Time since last: 7023748 ns, Reaching safepoint: 101451 ns, At safepoint: 45580 ns, Total: 147031 ns
[2020-09-11T13:59:11.240+0000][1][safepoint    ] Safepoint "RevokeBias", Time since last: 324603 ns, Reaching safepoint: 88586 ns, At safepoint: 25139 ns, Total: 113725 ns
[2020-09-11T13:59:11.240+0000][1][safepoint    ] Safepoint "RevokeBias", Time since last: 106446 ns, Reaching safepoint: 131960 ns, At safepoint: 24023 ns, Total: 155983 ns
[2020-09-11T13:59:11.241+0000][1][safepoint    ] Safepoint "RevokeBias", Time since last: 199895 ns, Reaching safepoint: 95658 ns, At safepoint: 32156 ns, Total: 127814 ns
[2020-09-11T13:59:11.241+0000][1][safepoint    ] Safepoint "RevokeBias", Time since last: 111271 ns, Reaching safepoint: 85106 ns, At safepoint: 36130 ns, Total: 121236 ns
[2020-09-11T13:59:11.244+0000][1][safepoint    ] Safepoint "RevokeBias", Time since last: 2597268 ns, Reaching safepoint: 98100 ns, At safepoint: 28892 ns, Total: 126992 ns
[2020-09-11T13:59:11.244+0000][1][safepoint    ] Safepoint "RevokeBias", Time since last: 631514 ns, Reaching safepoint: 89218 ns, At safepoint: 24341 ns, Total: 113559 ns
[2020-09-11T13:59:11.255+0000][1][safepoint    ] Safepoint "RevokeBias", Time since last: 10026206 ns, Reaching safepoint: 114225 ns, At safepoint: 34716 ns, Total: 148941 ns
[2020-09-11T13:59:11.255+0000][1][safepoint    ] Safepoint "RevokeBias", Time since last: 403193 ns, Reaching safepoint: 87930 ns, At safepoint: 17677 ns, Total: 105607 ns
[2020-09-11T13:59:11.256+0000][1][safepoint    ] Safepoint "RevokeBias", Time since last: 337571 ns, Reaching safepoint: 89121 ns, At safepoint: 45572 ns, Total: 134693 ns
[2020-09-11T13:59:11.256+0000][1][safepoint    ] Safepoint "RevokeBias", Time since last: 314505 ns, Reaching safepoint: 88133 ns, At safepoint: 33371 ns, Total: 121504 ns
[2020-09-11T13:59:11.257+0000][1][safepoint    ] Safepoint "BulkRevokeBias", Time since last: 303919 ns, Reaching safepoint: 87101 ns, At safepoint: 136421 ns, Total: 223522 ns
[2020-09-11T13:59:11.389+0000][1][safepoint    ] Safepoint "RevokeBias", Time since last: 132460406 ns, Reaching safepoint: 116880 ns, At safepoint: 14132 ns, Total: 131012 ns
[2020-09-11T13:59:11.390+0000][1][safepoint    ] Safepoint "RevokeBias", Time since last: 254998 ns, Reaching safepoint: 86346 ns, At safepoint: 24488 ns, Total: 110834 ns
[2020-09-11T13:59:11.390+0000][1][safepoint    ] Safepoint "RevokeBias", Time since last: 103372 ns, Reaching safepoint: 96574 ns, At safepoint: 9995 ns, Total: 106569 ns
[2020-09-11T13:59:11.390+0000][1][safepoint    ] Safepoint "RevokeBias", Time since last: 118508 ns, Reaching safepoint: 84548 ns, At safepoint: 9531 ns, Total: 94079 ns
[2020-09-11T13:59:11.391+0000][1][safepoint    ] Safepoint "RevokeBias", Time since last: 682035 ns, Reaching safepoint: 86678 ns, At safepoint: 12679 ns, Total: 99357 ns
[2020-09-11T13:59:11.391+0000][1][safepoint    ] Safepoint "RevokeBias", Time since last: 667149 ns, Reaching safepoint: 73175 ns, At safepoint: 10862 ns, Total: 84037 ns
[2020-09-11T13:59:11.397+0000][1][safepoint    ] Safepoint "RevokeBias", Time since last: 4896588 ns, Reaching safepoint: 119436 ns, At safepoint: 16328 ns, Total: 135764 ns
[2020-09-11T13:59:11.397+0000][1][safepoint    ] Safepoint "RevokeBias", Time since last: 402170 ns, Reaching safepoint: 86725 ns, At safepoint: 11636 ns, Total: 98361 ns
[2020-09-11T13:59:11.454+0000][1][safepoint    ] Safepoint "RevokeBias", Time since last: 57132451 ns, Reaching safepoint: 116839 ns, At safepoint: 16283 ns, Total: 133122 ns
[2020-09-11T13:59:11.538+0000][1][safepoint    ] Safepoint "RevokeBias", Time since last: 81134788 ns, Reaching safepoint: 2197816 ns, At safepoint: 41557 ns, Total: 2239373 ns
[2020-09-11T13:59:11.668+0000][1][safepoint    ] Safepoint "RevokeBias", Time since last: 130511569 ns, Reaching safepoint: 37846 ns, At safepoint: 14064 ns, Total: 51910 ns
[2020-09-11T13:59:11.669+0000][1][safepoint    ] Safepoint "BulkRevokeBias", Time since last: 303912 ns, Reaching safepoint: 16179 ns, At safepoint: 98951 ns, Total: 115130 ns
[2020-09-11T13:59:11.672+0000][1][safepoint    ] Safepoint "RevokeBias", Time since last: 3647701 ns, Reaching safepoint: 35927 ns, At safepoint: 12618 ns, Total: 48545 ns
[2020-09-11T13:59:11.673+0000][1][safepoint    ] Safepoint "RevokeBias", Time since last: 299532 ns, Reaching safepoint: 16239 ns, At safepoint: 9372 ns, Total: 25611 ns
[2020-09-11T13:59:12.662+0000][1][safepoint    ] Safepoint "RevokeBias", Time since last: 988787050 ns, Reaching safepoint: 157458 ns, At safepoint: 17960 ns, Total: 175418 ns
[2020-09-11T13:59:12.688+0000][1][safepoint    ] Safepoint "RevokeBias", Time since last: 26225997 ns, Reaching safepoint: 111909 ns, At safepoint: 16232 ns, Total: 128141 ns
[2020-09-11T13:59:12.691+0000][1][safepoint    ] Safepoint "RevokeBias", Time since last: 2423133 ns, Reaching safepoint: 105519 ns, At safepoint: 14352 ns, Total: 119871 ns
[2020-09-11T13:59:12.691+0000][1][safepoint    ] Safepoint "RevokeBias", Time since last: 304402 ns, Reaching safepoint: 89132 ns, At safepoint: 11437 ns, Total: 100569 ns
[2020-09-11T13:59:12.858+0000][1][safepoint    ] Safepoint "RevokeBias", Time since last: 166463542 ns, Reaching safepoint: 117206 ns, At safepoint: 16233 ns, Total: 133439 ns
[2020-09-11T13:59:12.860+0000][1][safepoint    ] Safepoint "RevokeBias", Time since last: 1916431 ns, Reaching safepoint: 122873 ns, At safepoint: 17939 ns, Total: 140812 ns
[2020-09-11T13:59:12.916+0000][1][safepoint    ] Safepoint "RevokeBias", Time since last: 56724230 ns, Reaching safepoint: 118144 ns, At safepoint: 14325 ns, Total: 132469 ns
[2020-09-11T13:59:12.917+0000][1][safepoint    ] Safepoint "RevokeBias", Time since last: 88842 ns, Reaching safepoint: 13559 ns, At safepoint: 8613 ns, Total: 22172 ns
[2020-09-11T13:59:12.948+0000][1][safepoint    ] Safepoint "RevokeBias", Time since last: 31073501 ns, Reaching safepoint: 116840 ns, At safepoint: 19171 ns, Total: 136011 ns
[2020-09-11T13:59:12.970+0000][1][safepoint    ] Safepoint "RevokeBias", Time since last: 22360769 ns, Reaching safepoint: 111242 ns, At safepoint: 15900 ns, Total: 127142 ns
[2020-09-11T13:59:13.019+0000][1][safepoint    ] Safepoint "RevokeBias", Time since last: 48787274 ns, Reaching safepoint: 112018 ns, At safepoint: 16729 ns, Total: 128747 ns
[2020-09-11T13:59:13.075+0000][1][safepoint    ] Safepoint "RevokeBias", Time since last: 56126083 ns, Reaching safepoint: 137768 ns, At safepoint: 22477 ns, Total: 160245 ns
[2020-09-11T13:59:13.076+0000][1][safepoint    ] Safepoint "RevokeBias", Time since last: 96007 ns, Reaching safepoint: 20674 ns, At safepoint: 11360 ns, Total: 32034 ns
[2020-09-11T13:59:13.424+0000][1][safepoint    ] Safepoint "RevokeBias", Time since last: 348132642 ns, Reaching safepoint: 138802 ns, At safepoint: 20509 ns, Total: 159311 ns
[2020-09-11T13:59:13.424+0000][1][safepoint    ] Safepoint "RevokeBias", Time since last: 438019 ns, Reaching safepoint: 106732 ns, At safepoint: 16483 ns, Total: 123215 ns
[2020-09-11T13:59:13.428+0000][1][safepoint    ] Safepoint "RevokeBias", Time since last: 3853311 ns, Reaching safepoint: 108952 ns, At safepoint: 18073 ns, Total: 127025 ns
[2020-09-11T13:59:13.866+0000][1][safepoint    ] Safepoint "RevokeBias", Time since last: 437468913 ns, Reaching safepoint: 125568 ns, At safepoint: 15710 ns, Total: 141278 ns
[2020-09-11T13:59:13.866+0000][1][safepoint    ] Safepoint "RevokeBias", Time since last: 124533 ns, Reaching safepoint: 88590 ns, At safepoint: 11044 ns, Total: 99634 ns
[2020-09-11T13:59:13.866+0000][1][safepoint    ] Safepoint "RevokeBias", Time since last: 34389 ns, Reaching safepoint: 84332 ns, At safepoint: 10244 ns, Total: 94576 ns
[2020-09-11T13:59:13.932+0000][1][safepoint    ] Safepoint "RevokeBias", Time since last: 65172053 ns, Reaching safepoint: 185667 ns, At safepoint: 27292 ns, Total: 212959 ns
[2020-09-11T13:59:13.948+0000][1][safepoint    ] Safepoint "RevokeBias", Time since last: 3655728 ns, Reaching safepoint: 12537579 ns, At safepoint: 31144 ns, Total: 12568723 ns
[2020-09-11T13:59:13.949+0000][1][safepoint    ] Safepoint "RevokeBias", Time since last: 177627 ns, Reaching safepoint: 1257567 ns, At safepoint: 20692 ns, Total: 1278259 ns
[2020-09-11T13:59:13.956+0000][1][safepoint    ] Safepoint "RevokeBias", Time since last: 925062 ns, Reaching safepoint: 5100770 ns, At safepoint: 36425 ns, Total: 5137195 ns
[2020-09-11T13:59:13.982+0000][1][safepoint    ] Safepoint "RevokeBias", Time since last: 13145850 ns, Reaching safepoint: 12913363 ns, At safepoint: 34032 ns, Total: 12947395 ns
[2020-09-11T13:59:13.984+0000][1][safepoint    ] Safepoint "RevokeBias", Time since last: 1801275 ns, Reaching safepoint: 111312 ns, At safepoint: 54862 ns, Total: 166174 ns
[2020-09-11T13:59:13.996+0000][1][safepoint    ] Safepoint "RevokeBias", Time since last: 4927841 ns, Reaching safepoint: 6961852 ns, At safepoint: 55993 ns, Total: 7017845 ns
[2020-09-11T13:59:14.020+0000][1][safepoint    ] Safepoint "RevokeBias", Time since last: 12674096 ns, Reaching safepoint: 11319589 ns, At safepoint: 105332 ns, Total: 11424921 ns
[2020-09-11T13:59:14.064+0000][1][safepoint    ] Safepoint "RevokeBias", Time since last: 19831036 ns, Reaching safepoint: 24114685 ns, At safepoint: 37552 ns, Total: 24152237 ns
[2020-09-11T13:59:14.092+0000][1][safepoint    ] Safepoint "RevokeBias", Time since last: 16228450 ns, Reaching safepoint: 11894840 ns, At safepoint: 31322 ns, Total: 11926162 ns
[2020-09-11T13:59:14.164+0000][1][safepoint    ] Safepoint "RevokeBias", Time since last: 71699052 ns, Reaching safepoint: 158601 ns, At safepoint: 12181 ns, Total: 170782 ns
[2020-09-11T13:59:14.196+0000][1][safepoint    ] Safepoint "RevokeBias", Time since last: 31799233 ns, Reaching safepoint: 137391 ns, At safepoint: 9520 ns, Total: 146911 ns
[2020-09-11T13:59:14.196+0000][1][safepoint    ] Safepoint "RevokeBias", Time since last: 184664 ns, Reaching safepoint: 88116 ns, At safepoint: 6014 ns, Total: 94130 ns
[2020-09-11T13:59:14.196+0000][1][safepoint    ] Safepoint "RevokeBias", Time since last: 81299 ns, Reaching safepoint: 42660 ns, At safepoint: 5338 ns, Total: 47998 ns
[2020-09-11T13:59:15.199+0000][1][safepoint    ] Safepoint "Cleanup", Time since last: 1002585122 ns, Reaching safepoint: 75967 ns, At safepoint: 6850 ns, Total: 82817 ns
[2020-09-11T13:59:15.378+0000][1][safepoint    ] Safepoint "RevokeBias", Time since last: 179685537 ns, Reaching safepoint: 118208 ns, At safepoint: 9996 ns, Total: 128204 ns
[2020-09-11T13:59:15.443+0000][1][safepoint    ] Safepoint "RevokeBias", Time since last: 60962256 ns, Reaching safepoint: 4043362 ns, At safepoint: 14906 ns, Total: 4058268 ns
[2020-09-11T13:59:15.447+0000][1][safepoint    ] Safepoint "RevokeBias", Time since last: 325416 ns, Reaching safepoint: 3655530 ns, At safepoint: 11327 ns, Total: 3666857 ns
[2020-09-11T13:59:15.448+0000][1][safepoint    ] Safepoint "RevokeBias", Time since last: 71945 ns, Reaching safepoint: 106636 ns, At safepoint: 5752 ns, Total: 112388 ns
[2020-09-11T13:59:15.448+0000][1][safepoint    ] Safepoint "RevokeBias", Time since last: 196830 ns, Reaching safepoint: 94994 ns, At safepoint: 5733 ns, Total: 100727 ns
[2020-09-11T13:59:15.449+0000][1][safepoint    ] Safepoint "RevokeBias", Time since last: 854181 ns, Reaching safepoint: 94483 ns, At safepoint: 5810 ns, Total: 100293 ns
[2020-09-11T13:59:15.449+0000][1][safepoint    ] Safepoint "RevokeBias", Time since last: 220379 ns, Reaching safepoint: 91546 ns, At safepoint: 5689 ns, Total: 97235 ns
[2020-09-11T13:59:15.460+0000][1][safepoint    ] Safepoint "RevokeBias", Time since last: 10181459 ns, Reaching safepoint: 694799 ns, At safepoint: 9308 ns, Total: 704107 ns
[2020-09-11T13:59:15.461+0000][1][safepoint    ] Safepoint "RevokeBias", Time since last: 77500 ns, Reaching safepoint: 683078 ns, At safepoint: 7670 ns, Total: 690748 ns
[2020-09-11T13:59:15.616+0000][1][safepoint    ] Safepoint "Deoptimize", Time since last: 149980688 ns, Reaching safepoint: 4615282 ns, At safepoint: 435291 ns, Total: 5050573 ns
[2020-09-11T13:59:15.803+0000][1][safepoint    ] Safepoint "BulkRevokeBias", Time since last: 186784035 ns, Reaching safepoint: 339073 ns, At safepoint: 181458 ns, Total: 520531 ns
[2020-09-11T13:59:15.803+0000][1][safepoint    ] Safepoint "RevokeBias", Time since last: 78655 ns, Reaching safepoint: 108153 ns, At safepoint: 5871 ns, Total: 114024 ns
[2020-09-11T13:59:15.819+0000][1][safepoint    ] Safepoint "RevokeBias", Time since last: 13296932 ns, Reaching safepoint: 2755158 ns, At safepoint: 13579 ns, Total: 2768737 ns
[2020-09-11T13:59:15.820+0000][1][safepoint    ] Safepoint "BulkRevokeBias", Time since last: 102496 ns, Reaching safepoint: 123249 ns, At safepoint: 167071 ns, Total: 290320 ns
[2020-09-11T13:59:15.820+0000][1][safepoint    ] Safepoint "RevokeBias", Time since last: 228593 ns, Reaching safepoint: 99123 ns, At safepoint: 6782 ns, Total: 105905 ns
[2020-09-11T13:59:15.860+0000][1][safepoint    ] Safepoint "RevokeBias", Time since last: 40030605 ns, Reaching safepoint: 128104 ns, At safepoint: 8283 ns, Total: 136387 ns
[2020-09-11T13:59:15.861+0000][1][safepoint    ] Safepoint "RevokeBias", Time since last: 208316 ns, Reaching safepoint: 95318 ns, At safepoint: 5742 ns, Total: 101060 ns
[2020-09-11T13:59:15.889+0000][1][safepoint    ] Safepoint "RevokeBias", Time since last: 28479878 ns, Reaching safepoint: 129722 ns, At safepoint: 8103 ns, Total: 137825 ns
[2020-09-11T13:59:16.082+0000][1][safepoint    ] Safepoint "RevokeBias", Time since last: 193029392 ns, Reaching safepoint: 131320 ns, At safepoint: 7903 ns, Total: 139223 ns
[2020-09-11T13:59:16.135+0000][1][safepoint    ] Safepoint "RevokeBias", Time since last: 52491617 ns, Reaching safepoint: 135338 ns, At safepoint: 7827 ns, Total: 143165 ns
[2020-09-11T13:59:16.136+0000][1][safepoint    ] Safepoint "RevokeBias", Time since last: 862957 ns, Reaching safepoint: 99970 ns, At safepoint: 5626 ns, Total: 105596 ns
[2020-09-11T13:59:16.144+0000][1][safepoint    ] Safepoint "RevokeBias", Time since last: 7486598 ns, Reaching safepoint: 147916 ns, At safepoint: 10843 ns, Total: 158759 ns
[2020-09-11T13:59:16.147+0000][1][safepoint    ] Safepoint "RevokeBias", Time since last: 2864097 ns, Reaching safepoint: 111926 ns, At safepoint: 6603 ns, Total: 118529 ns
[2020-09-11T13:59:16.269+0000][1][gc,start     ] GC(66) Pause Young (Allocation Failure)
[2020-09-11T13:59:16.270+0000][1][gc,task      ] GC(66) Using 1 workers of 1 for evacuation
[2020-09-11T13:59:16.347+0000][1][gc,age       ] GC(66) Desired survivor size 4358144 bytes, new threshold 6 (max threshold 6)
[2020-09-11T13:59:16.347+0000][1][gc,age       ] GC(66) Age table with threshold 6 (max threshold 6)
[2020-09-11T13:59:16.347+0000][1][gc,age       ] GC(66) - age   1:    1560976 bytes,    1560976 total
[2020-09-11T13:59:16.347+0000][1][gc,age       ] GC(66) - age   2:    2122024 bytes,    3683000 total
[2020-09-11T13:59:16.347+0000][1][gc,heap      ] GC(66) ParNew: 74333K->5699K(76672K)
[2020-09-11T13:59:16.347+0000][1][gc,heap      ] GC(66) CMS: 59279K->62737K(439104K)
[2020-09-11T13:59:16.347+0000][1][gc,metaspace ] GC(66) Metaspace: 77588K->77588K(1120256K)
[2020-09-11T13:59:16.347+0000][1][gc           ] GC(66) Pause Young (Allocation Failure) 130M->66M(503M) 77.823ms
[2020-09-11T13:59:16.347+0000][1][gc,cpu       ] GC(66) User=0.03s Sys=0.00s Real=0.08s
[2020-09-11T13:59:16.367+0000][1][safepoint    ] Safepoint "GenCollectForAllocation", Time since last: 122603754 ns, Reaching safepoint: 142726 ns, At safepoint: 98008144 ns, Total: 98150870 ns
[2020-09-11T13:59:17.172+0000][1][safepoint    ] Safepoint "RevokeBias", Time since last: 804323786 ns, Reaching safepoint: 58623 ns, At safepoint: 14989 ns, Total: 73612 ns
[2020-09-11T13:59:17.177+0000][1][safepoint    ] Safepoint "BulkRevokeBias", Time since last: 4581579 ns, Reaching safepoint: 43738 ns, At safepoint: 143373 ns, Total: 187111 ns
[2020-09-11T13:59:18.184+0000][1][safepoint    ] Safepoint "Cleanup", Time since last: 1006884711 ns, Reaching safepoint: 151069 ns, At safepoint: 9553 ns, Total: 160622 ns
[2020-09-11T13:59:19.061+0000][1][safepoint    ] Safepoint "RevokeBias", Time since last: 876675883 ns, Reaching safepoint: 146774 ns, At safepoint: 17332 ns, Total: 164106 ns
[2020-09-11T13:59:19.063+0000][1][safepoint    ] Safepoint "RevokeBias", Time since last: 1619521 ns, Reaching safepoint: 1324162 ns, At safepoint: 22911 ns, Total: 1347073 ns
[2020-09-11T13:59:19.066+0000][1][safepoint    ] Safepoint "RevokeBias", Time since last: 1159944 ns, Reaching safepoint: 1633186 ns, At safepoint: 17990 ns, Total: 1651176 ns
[2020-09-11T13:59:19.067+0000][1][safepoint    ] Safepoint "RevokeBias", Time since last: 761508 ns, Reaching safepoint: 388033 ns, At safepoint: 18146 ns, Total: 406179 ns
[2020-09-11T13:59:19.070+0000][1][safepoint    ] Safepoint "RevokeBias", Time since last: 614155 ns, Reaching safepoint: 1790284 ns, At safepoint: 23050 ns, Total: 1813334 ns
[2020-09-11T13:59:19.071+0000][1][safepoint    ] Safepoint "RevokeBias", Time since last: 1190082 ns, Reaching safepoint: 371748 ns, At safepoint: 17681 ns, Total: 389429 ns
[2020-09-11T13:59:19.075+0000][1][safepoint    ] Safepoint "RevokeBias", Time since last: 677188 ns, Reaching safepoint: 3314776 ns, At safepoint: 22397 ns, Total: 3337173 ns
[2020-09-11T13:59:19.078+0000][1][safepoint    ] Safepoint "RevokeBias", Time since last: 2438543 ns, Reaching safepoint: 442834 ns, At safepoint: 19369 ns, Total: 462203 ns
[2020-09-11T13:59:20.079+0000][1][safepoint    ] Safepoint "Cleanup", Time since last: 1000112859 ns, Reaching safepoint: 111275 ns, At safepoint: 7299 ns, Total: 118574 ns
[2020-09-11T13:59:21.079+0000][1][safepoint    ] Safepoint "Cleanup", Time since last: 1000115320 ns, Reaching safepoint: 86920 ns, At safepoint: 9674 ns, Total: 96594 ns
[2020-09-11T13:59:22.079+0000][1][safepoint    ] Safepoint "Cleanup", Time since last: 1000146247 ns, Reaching safepoint: 70200 ns, At safepoint: 6749 ns, Total: 76949 ns
[2020-09-11T13:59:23.079+0000][1][safepoint    ] Safepoint "Cleanup", Time since last: 1000182018 ns, Reaching safepoint: 103772 ns, At safepoint: 8186 ns, Total: 111958 ns
[2020-09-11T13:59:24.080+0000][1][safepoint    ] Safepoint "Cleanup", Time since last: 1000142408 ns, Reaching safepoint: 126493 ns, At safepoint: 17136 ns, Total: 143629 ns
[2020-09-11T13:59:25.080+0000][1][safepoint    ] Safepoint "Cleanup", Time since last: 1000216231 ns, Reaching safepoint: 161361 ns, At safepoint: 20497 ns, Total: 181858 ns
[2020-09-11T13:59:26.080+0000][1][safepoint    ] Safepoint "Cleanup", Time since last: 1000211277 ns, Reaching safepoint: 97404 ns, At safepoint: 7556 ns, Total: 104960 ns
[2020-09-11T13:59:27.081+0000][1][safepoint    ] Safepoint "Cleanup", Time since last: 1000199408 ns, Reaching safepoint: 86998 ns, At safepoint: 7924 ns, Total: 94922 ns
[2020-09-11T13:59:28.081+0000][1][safepoint    ] Safepoint "Cleanup", Time since last: 1000175051 ns, Reaching safepoint: 96070 ns, At safepoint: 8782 ns, Total: 104852 ns
[2020-09-11T13:59:29.081+0000][1][safepoint    ] Safepoint "Cleanup", Time since last: 1000191797 ns, Reaching safepoint: 132003 ns, At safepoint: 18964 ns, Total: 150967 ns
[2020-09-11T13:59:30.082+0000][1][safepoint    ] Safepoint "Cleanup", Time since last: 1000219613 ns, Reaching safepoint: 91850 ns, At safepoint: 7754 ns, Total: 99604 ns
[2020-09-11T13:59:31.082+0000][1][safepoint    ] Safepoint "Cleanup", Time since last: 1000119432 ns, Reaching safepoint: 95428 ns, At safepoint: 28639 ns, Total: 124067 ns
[2020-09-11T13:59:32.082+0000][1][safepoint    ] Safepoint "Cleanup", Time since last: 1000181120 ns, Reaching safepoint: 139720 ns, At safepoint: 17561 ns, Total: 157281 ns
[2020-09-11T13:59:33.082+0000][1][safepoint    ] Safepoint "Cleanup", Time since last: 1000193514 ns, Reaching safepoint: 103196 ns, At safepoint: 7446 ns, Total: 110642 ns
[2020-09-11T13:59:34.083+0000][1][safepoint    ] Safepoint "Cleanup", Time since last: 1000136580 ns, Reaching safepoint: 113251 ns, At safepoint: 6741 ns, Total: 119992 ns
[2020-09-11T13:59:35.083+0000][1][safepoint    ] Safepoint "Cleanup", Time since last: 1000174786 ns, Reaching safepoint: 94550 ns, At safepoint: 6533 ns, Total: 101083 ns
[2020-09-11T13:59:36.083+0000][1][safepoint    ] Safepoint "Cleanup", Time since last: 1000225477 ns, Reaching safepoint: 193517 ns, At safepoint: 17597 ns, Total: 211114 ns
[2020-09-11T13:59:37.084+0000][1][safepoint    ] Safepoint "Cleanup", Time since last: 1000188171 ns, Reaching safepoint: 108963 ns, At safepoint: 6775 ns, Total: 115738 ns
[2020-09-11T13:59:38.084+0000][1][safepoint    ] Safepoint "Cleanup", Time since last: 1000207333 ns, Reaching safepoint: 88539 ns, At safepoint: 6653 ns, Total: 95192 ns
[2020-09-11T13:59:39.084+0000][1][safepoint    ] Safepoint "Cleanup", Time since last: 1000178685 ns, Reaching safepoint: 117734 ns, At safepoint: 17941 ns, Total: 135675 ns
[2020-09-11T13:59:40.085+0000][1][safepoint    ] Safepoint "Cleanup", Time since last: 1000215483 ns, Reaching safepoint: 117689 ns, At safepoint: 17203 ns, Total: 134892 ns
[2020-09-11T13:59:41.085+0000][1][safepoint    ] Safepoint "Cleanup", Time since last: 1000204564 ns, Reaching safepoint: 127278 ns, At safepoint: 16906 ns, Total: 144184 ns
[2020-09-11T13:59:42.085+0000][1][safepoint    ] Safepoint "Cleanup", Time since last: 1000207955 ns, Reaching safepoint: 80675 ns, At safepoint: 8992 ns, Total: 89667 ns
[2020-09-11T13:59:43.086+0000][1][safepoint    ] Safepoint "Cleanup", Time since last: 1000188808 ns, Reaching safepoint: 98878 ns, At safepoint: 6490 ns, Total: 105368 ns
[2020-09-11T13:59:44.086+0000][1][safepoint    ] Safepoint "Cleanup", Time since last: 1000118732 ns, Reaching safepoint: 135270 ns, At safepoint: 13141 ns, Total: 148411 ns
[2020-09-11T13:59:45.091+0000][1][safepoint    ] Safepoint "Cleanup", Time since last: 1005510167 ns, Reaching safepoint: 78141 ns, At safepoint: 5914 ns, Total: 84055 ns
[2020-09-11T13:59:46.094+0000][1][safepoint    ] Safepoint "Cleanup", Time since last: 1002786008 ns, Reaching safepoint: 138572 ns, At safepoint: 15448 ns, Total: 154020 ns
[2020-09-11T13:59:46.449+0000][1][gc,start     ] GC(67) Pause Young (Allocation Failure)
[2020-09-11T13:59:46.449+0000][1][gc,task      ] GC(67) Using 1 workers of 1 for evacuation
[2020-09-11T13:59:46.463+0000][1][gc,age       ] GC(67) Desired survivor size 4358144 bytes, new threshold 6 (max threshold 6)
[2020-09-11T13:59:46.463+0000][1][gc,age       ] GC(67) Age table with threshold 6 (max threshold 6)
[2020-09-11T13:59:46.463+0000][1][gc,age       ] GC(67) - age   1:     340368 bytes,     340368 total
[2020-09-11T13:59:46.463+0000][1][gc,age       ] GC(67) - age   2:    1476888 bytes,    1817256 total
[2020-09-11T13:59:46.463+0000][1][gc,age       ] GC(67) - age   3:    2121656 bytes,    3938912 total
[2020-09-11T13:59:46.463+0000][1][gc,heap      ] GC(67) ParNew: 73859K->4122K(76672K)
[2020-09-11T13:59:46.463+0000][1][gc,heap      ] GC(67) CMS: 62737K->62737K(439104K)
[2020-09-11T13:59:46.463+0000][1][gc,metaspace ] GC(67) Metaspace: 78192K->78192K(1120256K)
[2020-09-11T13:59:46.463+0000][1][gc           ] GC(67) Pause Young (Allocation Failure) 133M->65M(503M) 13.608ms
[2020-09-11T13:59:46.463+0000][1][gc,cpu       ] GC(67) User=0.01s Sys=0.00s Real=0.01s
[2020-09-11T13:59:46.463+0000][1][safepoint    ] Safepoint "GenCollectForAllocation", Time since last: 354878898 ns, Reaching safepoint: 61126 ns, At safepoint: 13766030 ns, Total: 13827156 ns
[2020-09-11T13:59:47.468+0000][1][safepoint    ] Safepoint "Cleanup", Time since last: 1004359037 ns, Reaching safepoint: 136556 ns, At safepoint: 16027 ns, Total: 152583 ns
[2020-09-11T13:59:48.468+0000][1][safepoint    ] Safepoint "Cleanup", Time since last: 1000184965 ns, Reaching safepoint: 134144 ns, At safepoint: 14818 ns, Total: 148962 ns
[2020-09-11T13:59:49.468+0000][1][safepoint    ] Safepoint "Cleanup", Time since last: 1000162802 ns, Reaching safepoint: 125281 ns, At safepoint: 15268 ns, Total: 140549 ns
[2020-09-11T13:59:50.469+0000][1][safepoint    ] Safepoint "Cleanup", Time since last: 1000224689 ns, Reaching safepoint: 135174 ns, At safepoint: 16407 ns, Total: 151581 ns
[2020-09-11T13:59:51.469+0000][1][safepoint    ] Safepoint "Cleanup", Time since last: 1000143990 ns, Reaching safepoint: 189817 ns, At safepoint: 6840 ns, Total: 196657 ns
[2020-09-11T13:59:52.469+0000][1][safepoint    ] Safepoint "Cleanup", Time since last: 1000181574 ns, Reaching safepoint: 92552 ns, At safepoint: 6595 ns, Total: 99147 ns
[2020-09-11T13:59:53.470+0000][1][safepoint    ] Safepoint "Cleanup", Time since last: 1000177892 ns, Reaching safepoint: 96731 ns, At safepoint: 6485 ns, Total: 103216 ns
[2020-09-11T13:59:54.470+0000][1][safepoint    ] Safepoint "Cleanup", Time since last: 1000179574 ns, Reaching safepoint: 135504 ns, At safepoint: 17113 ns, Total: 152617 ns
[2020-09-11T13:59:55.470+0000][1][safepoint    ] Safepoint "Cleanup", Time since last: 1000208462 ns, Reaching safepoint: 95788 ns, At safepoint: 8459 ns, Total: 104247 ns
[2020-09-11T13:59:56.471+0000][1][safepoint    ] Safepoint "Cleanup", Time since last: 1000755586 ns, Reaching safepoint: 142252 ns, At safepoint: 5815 ns, Total: 148067 ns
[2020-09-11T13:59:58.472+0000][1][safepoint    ] Safepoint "Cleanup", Time since last: 2000323690 ns, Reaching safepoint: 76278 ns, At safepoint: 6414 ns, Total: 82692 ns
[2020-09-11T13:59:59.472+0000][1][safepoint    ] Safepoint "Cleanup", Time since last: 1000470915 ns, Reaching safepoint: 197969 ns, At safepoint: 8412 ns, Total: 206381 ns
[2020-09-11T14:00:00.472+0000][1][safepoint    ] Safepoint "Cleanup", Time since last: 1000129086 ns, Reaching safepoint: 132204 ns, At safepoint: 14386 ns, Total: 146590 ns
[2020-09-11T14:00:01.473+0000][1][safepoint    ] Safepoint "Cleanup", Time since last: 1000843756 ns, Reaching safepoint: 94371 ns, At safepoint: 6936 ns, Total: 101307 ns
[2020-09-11T14:00:02.474+0000][1][safepoint    ] Safepoint "Cleanup", Time since last: 1000129831 ns, Reaching safepoint: 61982 ns, At safepoint: 5442 ns, Total: 67424 ns
[2020-09-11T14:00:04.474+0000][1][safepoint    ] Safepoint "Cleanup", Time since last: 2000253134 ns, Reaching safepoint: 103564 ns, At safepoint: 7295 ns, Total: 110859 ns
[2020-09-11T14:00:05.474+0000][1][safepoint    ] Safepoint "Cleanup", Time since last: 1000172791 ns, Reaching safepoint: 122906 ns, At safepoint: 16905 ns, Total: 139811 ns
[2020-09-11T14:00:07.476+0000][1][safepoint    ] Safepoint "Cleanup", Time since last: 2001066394 ns, Reaching safepoint: 159783 ns, At safepoint: 16806 ns, Total: 176589 ns
[2020-09-11T14:00:08.476+0000][1][safepoint    ] Safepoint "Cleanup", Time since last: 1000155199 ns, Reaching safepoint: 141591 ns, At safepoint: 16040 ns, Total: 157631 ns
[2020-09-11T14:00:09.476+0000][1][safepoint    ] Safepoint "Cleanup", Time since last: 1000173711 ns, Reaching safepoint: 137001 ns, At safepoint: 15001 ns, Total: 152002 ns
[2020-09-11T14:00:11.477+0000][1][safepoint    ] Safepoint "Cleanup", Time since last: 2000299657 ns, Reaching safepoint: 120125 ns, At safepoint: 7126 ns, Total: 127251 ns
[2020-09-11T14:00:12.477+0000][1][safepoint    ] Safepoint "Cleanup", Time since last: 1000135857 ns, Reaching safepoint: 112948 ns, At safepoint: 5494 ns, Total: 118442 ns
[2020-09-11T14:00:13.477+0000][1][safepoint    ] Safepoint "Cleanup", Time since last: 1000117964 ns, Reaching safepoint: 113698 ns, At safepoint: 7071 ns, Total: 120769 ns
[2020-09-11T14:00:14.477+0000][1][safepoint    ] Safepoint "Cleanup", Time since last: 1000166262 ns, Reaching safepoint: 159850 ns, At safepoint: 17119 ns, Total: 176969 ns
[2020-09-11T14:00:15.478+0000][1][safepoint    ] Safepoint "Cleanup", Time since last: 1000194257 ns, Reaching safepoint: 96103 ns, At safepoint: 7449 ns, Total: 103552 ns
[2020-09-11T14:00:16.478+0000][1][safepoint    ] Safepoint "Cleanup", Time since last: 1000238410 ns, Reaching safepoint: 88065 ns, At safepoint: 7402 ns, Total: 95467 ns
[2020-09-11T14:00:17.478+0000][1][safepoint    ] Safepoint "Cleanup", Time since last: 1000149058 ns, Reaching safepoint: 112507 ns, At safepoint: 5768 ns, Total: 118275 ns
[2020-09-11T14:00:18.479+0000][1][safepoint    ] Safepoint "Cleanup", Time since last: 1000080427 ns, Reaching safepoint: 103683 ns, At safepoint: 6176 ns, Total: 109859 ns
[2020-09-11T14:00:19.479+0000][1][safepoint    ] Safepoint "Cleanup", Time since last: 1000169261 ns, Reaching safepoint: 90207 ns, At safepoint: 6511 ns, Total: 96718 ns
[2020-09-11T14:00:20.482+0000][1][safepoint    ] Safepoint "Cleanup", Time since last: 1002833678 ns, Reaching safepoint: 127682 ns, At safepoint: 19264 ns, Total: 146946 ns
[2020-09-11T14:00:21.482+0000][1][safepoint    ] Safepoint "Cleanup", Time since last: 1000228293 ns, Reaching safepoint: 92967 ns, At safepoint: 7840 ns, Total: 100807 ns
[2020-09-11T14:00:22.483+0000][1][safepoint    ] Safepoint "Cleanup", Time since last: 1000690953 ns, Reaching safepoint: 128057 ns, At safepoint: 15666 ns, Total: 143723 ns
[2020-09-11T14:00:23.483+0000][1][safepoint    ] Safepoint "Cleanup", Time since last: 1000193136 ns, Reaching safepoint: 95470 ns, At safepoint: 7117 ns, Total: 102587 ns
[2020-09-11T14:00:24.485+0000][1][safepoint    ] Safepoint "Cleanup", Time since last: 1001735960 ns, Reaching safepoint: 127489 ns, At safepoint: 15876 ns, Total: 143365 ns
[2020-09-11T14:00:25.488+0000][1][safepoint    ] Safepoint "Cleanup", Time since last: 1002314692 ns, Reaching safepoint: 118762 ns, At safepoint: 16101 ns, Total: 134863 ns
[2020-09-11T14:00:26.488+0000][1][safepoint    ] Safepoint "Cleanup", Time since last: 1000182951 ns, Reaching safepoint: 105246 ns, At safepoint: 7190 ns, Total: 112436 ns
[2020-09-11T14:00:27.489+0000][1][safepoint    ] Safepoint "Cleanup", Time since last: 1000972995 ns, Reaching safepoint: 65396 ns, At safepoint: 6733 ns, Total: 72129 ns
[2020-09-11T14:00:28.489+0000][1][safepoint    ] Safepoint "Cleanup", Time since last: 1000130993 ns, Reaching safepoint: 130987 ns, At safepoint: 15188 ns, Total: 146175 ns
[2020-09-11T14:00:29.491+0000][1][safepoint    ] Safepoint "Cleanup", Time since last: 1001495371 ns, Reaching safepoint: 65649 ns, At safepoint: 5731 ns, Total: 71380 ns
[2020-09-11T14:00:30.491+0000][1][safepoint    ] Safepoint "Cleanup", Time since last: 1000186730 ns, Reaching safepoint: 85535 ns, At safepoint: 6551 ns, Total: 92086 ns
[2020-09-11T14:00:31.491+0000][1][safepoint    ] Safepoint "Cleanup", Time since last: 1000142511 ns, Reaching safepoint: 104922 ns, At safepoint: 8048 ns, Total: 112970 ns
[2020-09-11T14:00:32.492+0000][1][safepoint    ] Safepoint "Cleanup", Time since last: 1000698916 ns, Reaching safepoint: 114495 ns, At safepoint: 5156 ns, Total: 119651 ns
[2020-09-11T14:00:33.492+0000][1][safepoint    ] Safepoint "Cleanup", Time since last: 1000151873 ns, Reaching safepoint: 119167 ns, At safepoint: 16899 ns, Total: 136066 ns
[2020-09-11T14:00:34.493+0000][1][safepoint    ] Safepoint "Cleanup", Time since last: 1000226617 ns, Reaching safepoint: 106226 ns, At safepoint: 6195 ns, Total: 112421 ns
[2020-09-11T14:00:35.493+0000][1][safepoint    ] Safepoint "Cleanup", Time since last: 1000231619 ns, Reaching safepoint: 203413 ns, At safepoint: 19301 ns, Total: 222714 ns
[2020-09-11T14:00:36.494+0000][1][safepoint    ] Safepoint "Cleanup", Time since last: 1000195802 ns, Reaching safepoint: 107334 ns, At safepoint: 12680 ns, Total: 120014 ns
[2020-09-11T14:00:37.494+0000][1][safepoint    ] Safepoint "Cleanup", Time since last: 1000866787 ns, Reaching safepoint: 56786 ns, At safepoint: 5099 ns, Total: 61885 ns
[2020-09-11T14:00:38.495+0000][1][safepoint    ] Safepoint "Cleanup", Time since last: 1000165952 ns, Reaching safepoint: 172362 ns, At safepoint: 15011 ns, Total: 187373 ns
[2020-09-11T14:00:39.495+0000][1][safepoint    ] Safepoint "Cleanup", Time since last: 1000201099 ns, Reaching safepoint: 119881 ns, At safepoint: 16498 ns, Total: 136379 ns
[2020-09-11T14:00:40.496+0000][1][safepoint    ] Safepoint "Cleanup", Time since last: 1000213911 ns, Reaching safepoint: 165630 ns, At safepoint: 15933 ns, Total: 181563 ns
[2020-09-11T14:00:41.496+0000][1][safepoint    ] Safepoint "Cleanup", Time since last: 1000218342 ns, Reaching safepoint: 127496 ns, At safepoint: 16992 ns, Total: 144488 ns
[2020-09-11T14:00:41.574+0000][1][gc,start     ] GC(68) Pause Young (Allocation Failure)
[2020-09-11T14:00:41.574+0000][1][gc,task      ] GC(68) Using 1 workers of 1 for evacuation
[2020-09-11T14:00:41.587+0000][1][gc,age       ] GC(68) Desired survivor size 4358144 bytes, new threshold 6 (max threshold 6)
[2020-09-11T14:00:41.587+0000][1][gc,age       ] GC(68) Age table with threshold 6 (max threshold 6)
[2020-09-11T14:00:41.587+0000][1][gc,age       ] GC(68) - age   1:      18376 bytes,      18376 total
[2020-09-11T14:00:41.587+0000][1][gc,age       ] GC(68) - age   2:     326232 bytes,     344608 total
[2020-09-11T14:00:41.587+0000][1][gc,age       ] GC(68) - age   3:    1475424 bytes,    1820032 total
[2020-09-11T14:00:41.587+0000][1][gc,age       ] GC(68) - age   4:    2119040 bytes,    3939072 total
[2020-09-11T14:00:41.587+0000][1][gc,heap      ] GC(68) ParNew: 72282K->3915K(76672K)
[2020-09-11T14:00:41.587+0000][1][gc,heap      ] GC(68) CMS: 62737K->62737K(439104K)
[2020-09-11T14:00:41.587+0000][1][gc,metaspace ] GC(68) Metaspace: 78494K->78494K(1122304K)
[2020-09-11T14:00:41.587+0000][1][gc           ] GC(68) Pause Young (Allocation Failure) 131M->65M(503M) 13.273ms
[2020-09-11T14:00:41.587+0000][1][gc,cpu       ] GC(68) User=0.01s Sys=0.00s Real=0.02s
[2020-09-11T14:00:41.587+0000][1][safepoint    ] Safepoint "GenCollectForAllocation", Time since last: 77625616 ns, Reaching safepoint: 319534 ns, At safepoint: 13503362 ns, Total: 13822896 ns
[2020-09-11T14:00:42.592+0000][1][safepoint    ] Safepoint "Cleanup", Time since last: 1004139810 ns, Reaching safepoint: 153268 ns, At safepoint: 14246 ns, Total: 167514 ns
[2020-09-11T14:00:43.592+0000][1][safepoint    ] Safepoint "Cleanup", Time since last: 1000180974 ns, Reaching safepoint: 106732 ns, At safepoint: 6902 ns, Total: 113634 ns
[2020-09-11T14:00:44.592+0000][1][safepoint    ] Safepoint "Cleanup", Time since last: 1000167361 ns, Reaching safepoint: 178847 ns, At safepoint: 19321 ns, Total: 198168 ns
[2020-09-11T14:00:45.593+0000][1][safepoint    ] Safepoint "Cleanup", Time since last: 1000188240 ns, Reaching safepoint: 116526 ns, At safepoint: 6407 ns, Total: 122933 ns
[2020-09-11T14:00:46.593+0000][1][safepoint    ] Safepoint "Cleanup", Time since last: 1000104481 ns, Reaching safepoint: 60035 ns, At safepoint: 6529 ns, Total: 66564 ns
[2020-09-11T14:00:47.594+0000][1][safepoint    ] Safepoint "Cleanup", Time since last: 1000643577 ns, Reaching safepoint: 78769 ns, At safepoint: 6642 ns, Total: 85411 ns
[2020-09-11T14:00:48.594+0000][1][safepoint    ] Safepoint "Cleanup", Time since last: 1000149491 ns, Reaching safepoint: 135247 ns, At safepoint: 16912 ns, Total: 152159 ns
[2020-09-11T14:00:49.594+0000][1][safepoint    ] Safepoint "Cleanup", Time since last: 1000235602 ns, Reaching safepoint: 123770 ns, At safepoint: 16345 ns, Total: 140115 ns
[2020-09-11T14:00:50.594+0000][1][safepoint    ] Safepoint "Cleanup", Time since last: 1000206601 ns, Reaching safepoint: 84647 ns, At safepoint: 6941 ns, Total: 91588 ns
[2020-09-11T14:00:51.595+0000][1][safepoint    ] Safepoint "Cleanup", Time since last: 1000164645 ns, Reaching safepoint: 101243 ns, At safepoint: 6576 ns, Total: 107819 ns
[2020-09-11T14:00:52.596+0000][1][safepoint    ] Safepoint "Cleanup", Time since last: 1001029856 ns, Reaching safepoint: 91317 ns, At safepoint: 7209 ns, Total: 98526 ns
[2020-09-11T14:00:53.596+0000][1][safepoint    ] Safepoint "Cleanup", Time since last: 1000134369 ns, Reaching safepoint: 116336 ns, At safepoint: 16679 ns, Total: 133015 ns
[2020-09-11T14:00:55.597+0000][1][safepoint    ] Safepoint "Cleanup", Time since last: 2000357010 ns, Reaching safepoint: 124252 ns, At safepoint: 15883 ns, Total: 140135 ns
[2020-09-11T14:00:58.597+0000][1][safepoint    ] Safepoint "Cleanup", Time since last: 3000500532 ns, Reaching safepoint: 128792 ns, At safepoint: 18296 ns, Total: 147088 ns
[2020-09-11T14:01:00.598+0000][1][safepoint    ] Safepoint "Cleanup", Time since last: 2000344449 ns, Reaching safepoint: 131589 ns, At safepoint: 17266 ns, Total: 148855 ns
[2020-09-11T14:01:02.598+0000][1][safepoint    ] Safepoint "Cleanup", Time since last: 2000274995 ns, Reaching safepoint: 77819 ns, At safepoint: 6535 ns, Total: 84354 ns
[2020-09-11T14:01:03.598+0000][1][safepoint    ] Safepoint "Cleanup", Time since last: 1000116735 ns, Reaching safepoint: 79935 ns, At safepoint: 8566 ns, Total: 88501 ns
[2020-09-11T14:01:04.599+0000][1][safepoint    ] Safepoint "Cleanup", Time since last: 1000118209 ns, Reaching safepoint: 78665 ns, At safepoint: 8332 ns, Total: 86997 ns
[2020-09-11T14:01:05.599+0000][1][safepoint    ] Safepoint "Cleanup", Time since last: 1000138093 ns, Reaching safepoint: 89360 ns, At safepoint: 7822 ns, Total: 97182 ns
[2020-09-11T14:01:06.599+0000][1][safepoint    ] Safepoint "Cleanup", Time since last: 1000119234 ns, Reaching safepoint: 75715 ns, At safepoint: 6552 ns, Total: 82267 ns
[2020-09-11T14:01:07.599+0000][1][safepoint    ] Safepoint "Cleanup", Time since last: 1000111789 ns, Reaching safepoint: 74405 ns, At safepoint: 7108 ns, Total: 81513 ns
[2020-09-11T14:01:08.599+0000][1][safepoint    ] Safepoint "Cleanup", Time since last: 1000126304 ns, Reaching safepoint: 90272 ns, At safepoint: 6430 ns, Total: 96702 ns
[2020-09-11T14:01:09.608+0000][1][safepoint    ] Safepoint "RevokeBias", Time since last: 1008022525 ns, Reaching safepoint: 226891 ns, At safepoint: 10258 ns, Total: 237149 ns
[2020-09-11T14:01:09.610+0000][1][safepoint    ] Safepoint "RevokeBias", Time since last: 1772761 ns, Reaching safepoint: 128937 ns, At safepoint: 8202 ns, Total: 137139 ns
[2020-09-11T14:01:10.612+0000][1][safepoint    ] Safepoint "Cleanup", Time since last: 1001841631 ns, Reaching safepoint: 85217 ns, At safepoint: 7619 ns, Total: 92836 ns
[2020-09-11T14:01:11.612+0000][1][safepoint    ] Safepoint "Cleanup", Time since last: 1000114841 ns, Reaching safepoint: 81164 ns, At safepoint: 9182 ns, Total: 90346 ns
[2020-09-11T14:01:12.612+0000][1][safepoint    ] Safepoint "Cleanup", Time since last: 1000116225 ns, Reaching safepoint: 77736 ns, At safepoint: 6534 ns, Total: 84270 ns
[2020-09-11T14:01:13.612+0000][1][safepoint    ] Safepoint "Cleanup", Time since last: 1000118907 ns, Reaching safepoint: 80011 ns, At safepoint: 9892 ns, Total: 89903 ns
[2020-09-11T14:01:14.612+0000][1][safepoint    ] Safepoint "Cleanup", Time since last: 1000116088 ns, Reaching safepoint: 77800 ns, At safepoint: 6092 ns, Total: 83892 ns
[2020-09-11T14:01:15.613+0000][1][safepoint    ] Safepoint "Cleanup", Time since last: 1000118614 ns, Reaching safepoint: 70089 ns, At safepoint: 6834 ns, Total: 76923 ns
[2020-09-11T14:01:16.613+0000][1][safepoint    ] Safepoint "Cleanup", Time since last: 1000115928 ns, Reaching safepoint: 70664 ns, At safepoint: 7162 ns, Total: 77826 ns
[2020-09-11T14:01:17.613+0000][1][safepoint    ] Safepoint "Cleanup", Time since last: 1000131795 ns, Reaching safepoint: 73339 ns, At safepoint: 6966 ns, Total: 80305 ns
[2020-09-11T14:01:18.613+0000][1][safepoint    ] Safepoint "Cleanup", Time since last: 1000134045 ns, Reaching safepoint: 69673 ns, At safepoint: 7247 ns, Total: 76920 ns
[2020-09-11T14:01:19.613+0000][1][safepoint    ] Safepoint "Cleanup", Time since last: 1000118425 ns, Reaching safepoint: 81069 ns, At safepoint: 7733 ns, Total: 88802 ns
[2020-09-11T14:01:20.614+0000][1][safepoint    ] Safepoint "Cleanup", Time since last: 1000121259 ns, Reaching safepoint: 68421 ns, At safepoint: 7308 ns, Total: 75729 ns
[2020-09-11T14:01:21.614+0000][1][safepoint    ] Safepoint "Cleanup", Time since last: 1000132316 ns, Reaching safepoint: 69993 ns, At safepoint: 6802 ns, Total: 76795 ns
[2020-09-11T14:01:22.614+0000][1][safepoint    ] Safepoint "Cleanup", Time since last: 1000124172 ns, Reaching safepoint: 69576 ns, At safepoint: 7249 ns, Total: 76825 ns
[2020-09-11T14:01:23.614+0000][1][safepoint    ] Safepoint "Cleanup", Time since last: 1000116257 ns, Reaching safepoint: 70160 ns, At safepoint: 7137 ns, Total: 77297 ns
[2020-09-11T14:01:24.614+0000][1][safepoint    ] Safepoint "Cleanup", Time since last: 1000117992 ns, Reaching safepoint: 68694 ns, At safepoint: 6320 ns, Total: 75014 ns
[2020-09-11T14:01:25.615+0000][1][safepoint    ] Safepoint "Cleanup", Time since last: 1000126756 ns, Reaching safepoint: 69624 ns, At safepoint: 7310 ns, Total: 76934 ns
[2020-09-11T14:01:26.615+0000][1][safepoint    ] Safepoint "Cleanup", Time since last: 1000122244 ns, Reaching safepoint: 78523 ns, At safepoint: 7293 ns, Total: 85816 ns
[2020-09-11T14:01:27.615+0000][1][safepoint    ] Safepoint "Cleanup", Time since last: 1000123144 ns, Reaching safepoint: 73952 ns, At safepoint: 6870 ns, Total: 80822 ns
[2020-09-11T14:01:28.615+0000][1][safepoint    ] Safepoint "Cleanup", Time since last: 1000113558 ns, Reaching safepoint: 67659 ns, At safepoint: 5834 ns, Total: 73493 ns
[2020-09-11T14:01:29.615+0000][1][safepoint    ] Safepoint "Cleanup", Time since last: 1000124704 ns, Reaching safepoint: 71446 ns, At safepoint: 6991 ns, Total: 78437 ns
[2020-09-11T14:01:30.616+0000][1][safepoint    ] Safepoint "Cleanup", Time since last: 1000144905 ns, Reaching safepoint: 69724 ns, At safepoint: 6649 ns, Total: 76373 ns
[2020-09-11T14:01:31.616+0000][1][safepoint    ] Safepoint "Cleanup", Time since last: 1000115699 ns, Reaching safepoint: 74671 ns, At safepoint: 7026 ns, Total: 81697 ns
[2020-09-11T14:01:32.616+0000][1][safepoint    ] Safepoint "Cleanup", Time since last: 1000109308 ns, Reaching safepoint: 76782 ns, At safepoint: 8490 ns, Total: 85272 ns
[2020-09-11T14:01:33.464+0000][1][gc,start     ] GC(69) Pause Young (Allocation Failure)
[2020-09-11T14:01:33.478+0000][1][gc,task      ] GC(69) Using 1 workers of 1 for evacuation
[2020-09-11T14:01:33.492+0000][1][gc,age       ] GC(69) Desired survivor size 4358144 bytes, new threshold 6 (max threshold 6)
[2020-09-11T14:01:33.492+0000][1][gc,age       ] GC(69) Age table with threshold 6 (max threshold 6)
[2020-09-11T14:01:33.492+0000][1][gc,age       ] GC(69) - age   1:     140368 bytes,     140368 total
[2020-09-11T14:01:33.492+0000][1][gc,age       ] GC(69) - age   2:       6280 bytes,     146648 total
[2020-09-11T14:01:33.492+0000][1][gc,age       ] GC(69) - age   3:     314136 bytes,     460784 total
[2020-09-11T14:01:33.492+0000][1][gc,age       ] GC(69) - age   4:    1474064 bytes,    1934848 total
[2020-09-11T14:01:33.492+0000][1][gc,age       ] GC(69) - age   5:    2119008 bytes,    4053856 total
[2020-09-11T14:01:33.492+0000][1][gc,heap      ] GC(69) ParNew: 72075K->7727K(76672K)
[2020-09-11T14:01:33.492+0000][1][gc,heap      ] GC(69) CMS: 62737K->62737K(439104K)
[2020-09-11T14:01:33.492+0000][1][gc,metaspace ] GC(69) Metaspace: 78758K->78758K(1122304K)
[2020-09-11T14:01:33.492+0000][1][gc           ] GC(69) Pause Young (Allocation Failure) 131M->68M(503M) 28.525ms
[2020-09-11T14:01:33.492+0000][1][gc,cpu       ] GC(69) User=0.02s Sys=0.00s Real=0.02s
[2020-09-11T14:01:33.492+0000][1][safepoint    ] Safepoint "GenCollectForAllocation", Time since last: 847396728 ns, Reaching safepoint: 205004 ns, At safepoint: 28605497 ns, Total: 28810501 ns
[2020-09-11T14:01:33.494+0000][1][safepoint    ] Safepoint "RevokeBias", Time since last: 1841107 ns, Reaching safepoint: 60358 ns, At safepoint: 16106 ns, Total: 76464 ns
[2020-09-11T14:01:33.514+0000][1][safepoint    ] Safepoint "Deoptimize", Time since last: 19350654 ns, Reaching safepoint: 222947 ns, At safepoint: 648211 ns, Total: 871158 ns
[2020-09-11T14:01:33.643+0000][1][safepoint    ] Safepoint "RevokeBias", Time since last: 126844849 ns, Reaching safepoint: 2011341 ns, At safepoint: 295484 ns, Total: 2306825 ns
[2020-09-11T14:01:33.658+0000][1][safepoint    ] Safepoint "RevokeBias", Time since last: 14353962 ns, Reaching safepoint: 173614 ns, At safepoint: 9408 ns, Total: 183022 ns
[2020-09-11T14:01:33.658+0000][1][safepoint    ] Safepoint "RevokeBias", Time since last: 55062 ns, Reaching safepoint: 111506 ns, At safepoint: 5923 ns, Total: 117429 ns
[2020-09-11T14:01:33.673+0000][1][safepoint    ] Safepoint "RevokeBias", Time since last: 10382518 ns, Reaching safepoint: 4831185 ns, At safepoint: 42030 ns, Total: 4873215 ns
[2020-09-11T14:01:33.777+0000][1][safepoint    ] Safepoint "RevokeBias", Time since last: 103114639 ns, Reaching safepoint: 135629 ns, At safepoint: 9085 ns, Total: 144714 ns
[2020-09-11T14:01:33.876+0000][1][safepoint    ] Safepoint "RevokeBias", Time since last: 98744124 ns, Reaching safepoint: 157797 ns, At safepoint: 10237 ns, Total: 168034 ns
[2020-09-11T14:01:33.876+0000][1][safepoint    ] Safepoint "RevokeBias", Time since last: 271293 ns, Reaching safepoint: 25958 ns, At safepoint: 4854 ns, Total: 30812 ns
[2020-09-11T14:01:34.036+0000][1][safepoint    ] Safepoint "RevokeBias", Time since last: 159600861 ns, Reaching safepoint: 528410 ns, At safepoint: 28481 ns, Total: 556891 ns
[2020-09-11T14:01:34.036+0000][1][safepoint    ] Safepoint "RevokeBias", Time since last: 228345 ns, Reaching safepoint: 112249 ns, At safepoint: 17141 ns, Total: 129390 ns
[2020-09-11T14:01:34.113+0000][1][safepoint    ] Safepoint "RevokeBias", Time since last: 76160195 ns, Reaching safepoint: 141872 ns, At safepoint: 8827 ns, Total: 150699 ns
[2020-09-11T14:01:34.113+0000][1][safepoint    ] Safepoint "RevokeBias", Time since last: 341368 ns, Reaching safepoint: 99144 ns, At safepoint: 5462 ns, Total: 104606 ns
[2020-09-11T14:01:35.113+0000][1][safepoint    ] Safepoint "Cleanup", Time since last: 1000168978 ns, Reaching safepoint: 120917 ns, At safepoint: 8469 ns, Total: 129386 ns
[2020-09-11T14:01:37.114+0000][1][safepoint    ] Safepoint "Cleanup", Time since last: 2000330286 ns, Reaching safepoint: 121587 ns, At safepoint: 8131 ns, Total: 129718 ns
[2020-09-11T14:01:39.114+0000][1][safepoint    ] Safepoint "Cleanup", Time since last: 2000278991 ns, Reaching safepoint: 97880 ns, At safepoint: 7433 ns, Total: 105313 ns
[2020-09-11T14:01:40.115+0000][1][safepoint    ] Safepoint "Cleanup", Time since last: 1000201330 ns, Reaching safepoint: 141438 ns, At safepoint: 18085 ns, Total: 159523 ns
[2020-09-11T14:01:42.115+0000][1][safepoint    ] Safepoint "Cleanup", Time since last: 2000380062 ns, Reaching safepoint: 132888 ns, At safepoint: 18302 ns, Total: 151190 ns
[2020-09-11T14:01:43.116+0000][1][safepoint    ] Safepoint "Cleanup", Time since last: 1000249794 ns, Reaching safepoint: 80085 ns, At safepoint: 7843 ns, Total: 87928 ns
[2020-09-11T14:01:44.116+0000][1][safepoint    ] Safepoint "Cleanup", Time since last: 1000156504 ns, Reaching safepoint: 157000 ns, At safepoint: 20504 ns, Total: 177504 ns
[2020-09-11T14:01:45.116+0000][1][safepoint    ] Safepoint "Cleanup", Time since last: 1000179645 ns, Reaching safepoint: 128936 ns, At safepoint: 18575 ns, Total: 147511 ns
[2020-09-11T14:01:46.117+0000][1][safepoint    ] Safepoint "Cleanup", Time since last: 1000226806 ns, Reaching safepoint: 89034 ns, At safepoint: 8392 ns, Total: 97426 ns
[2020-09-11T14:01:47.117+0000][1][safepoint    ] Safepoint "Cleanup", Time since last: 1000182460 ns, Reaching safepoint: 134184 ns, At safepoint: 17995 ns, Total: 152179 ns
[2020-09-11T14:01:48.117+0000][1][safepoint    ] Safepoint "Cleanup", Time since last: 1000264043 ns, Reaching safepoint: 124983 ns, At safepoint: 16491 ns, Total: 141474 ns
[2020-09-11T14:01:49.118+0000][1][safepoint    ] Safepoint "Cleanup", Time since last: 1000204646 ns, Reaching safepoint: 127061 ns, At safepoint: 17818 ns, Total: 144879 ns
[2020-09-11T14:01:50.118+0000][1][safepoint    ] Safepoint "Cleanup", Time since last: 1000182725 ns, Reaching safepoint: 123924 ns, At safepoint: 16455 ns, Total: 140379 ns
[2020-09-11T14:01:51.118+0000][1][safepoint    ] Safepoint "Cleanup", Time since last: 1000214106 ns, Reaching safepoint: 158223 ns, At safepoint: 16000 ns, Total: 174223 ns
[2020-09-11T14:01:52.119+0000][1][safepoint    ] Safepoint "Cleanup", Time since last: 1000212707 ns, Reaching safepoint: 144348 ns, At safepoint: 17173 ns, Total: 161521 ns
[2020-09-11T14:01:53.119+0000][1][safepoint    ] Safepoint "Cleanup", Time since last: 1000197440 ns, Reaching safepoint: 123406 ns, At safepoint: 16792 ns, Total: 140198 ns
[2020-09-11T14:01:54.119+0000][1][safepoint    ] Safepoint "Cleanup", Time since last: 1000220071 ns, Reaching safepoint: 186254 ns, At safepoint: 17991 ns, Total: 204245 ns
[2020-09-11T14:01:55.120+0000][1][safepoint    ] Safepoint "Cleanup", Time since last: 1000319854 ns, Reaching safepoint: 131968 ns, At safepoint: 22376 ns, Total: 154344 ns
[2020-09-11T14:01:56.120+0000][1][safepoint    ] Safepoint "Cleanup", Time since last: 1000236272 ns, Reaching safepoint: 128040 ns, At safepoint: 17123 ns, Total: 145163 ns
[2020-09-11T14:01:57.121+0000][1][safepoint    ] Safepoint "Cleanup", Time since last: 1000212509 ns, Reaching safepoint: 135500 ns, At safepoint: 17323 ns, Total: 152823 ns
[2020-09-11T14:01:58.121+0000][1][safepoint    ] Safepoint "Cleanup", Time since last: 1000180392 ns, Reaching safepoint: 114780 ns, At safepoint: 6395 ns, Total: 121175 ns
[2020-09-11T14:01:59.121+0000][1][safepoint    ] Safepoint "Cleanup", Time since last: 1000168638 ns, Reaching safepoint: 134629 ns, At safepoint: 17968 ns, Total: 152597 ns
[2020-09-11T14:02:00.122+0000][1][safepoint    ] Safepoint "Cleanup", Time since last: 1000172578 ns, Reaching safepoint: 122889 ns, At safepoint: 15422 ns, Total: 138311 ns
[2020-09-11T14:02:01.122+0000][1][safepoint    ] Safepoint "Cleanup", Time since last: 1000339787 ns, Reaching safepoint: 239182 ns, At safepoint: 19451 ns, Total: 258633 ns
[2020-09-11T14:02:02.123+0000][1][safepoint    ] Safepoint "Cleanup", Time since last: 1000228579 ns, Reaching safepoint: 122918 ns, At safepoint: 16933 ns, Total: 139851 ns
[2020-09-11T14:02:03.123+0000][1][safepoint    ] Safepoint "Cleanup", Time since last: 1000236095 ns, Reaching safepoint: 90697 ns, At safepoint: 6295 ns, Total: 96992 ns
[2020-09-11T14:02:04.123+0000][1][safepoint    ] Safepoint "Cleanup", Time since last: 1000169845 ns, Reaching safepoint: 150883 ns, At safepoint: 18797 ns, Total: 169680 ns
[2020-09-11T14:02:05.124+0000][1][safepoint    ] Safepoint "Cleanup", Time since last: 1000201421 ns, Reaching safepoint: 103984 ns, At safepoint: 16677 ns, Total: 120661 ns
[2020-09-11T14:02:06.132+0000][1][safepoint    ] Safepoint "Cleanup", Time since last: 1003843719 ns, Reaching safepoint: 4085863 ns, At safepoint: 14553 ns, Total: 4100416 ns
[2020-09-11T14:02:06.133+0000][1][safepoint    ] Safepoint "RevokeBias", Time since last: 82322 ns, Reaching safepoint: 1384072 ns, At safepoint: 26288 ns, Total: 1410360 ns
[2020-09-11T14:02:06.184+0000][1][safepoint    ] Safepoint "RevokeBias", Time since last: 51176597 ns, Reaching safepoint: 158655 ns, At safepoint: 32826 ns, Total: 191481 ns
[2020-09-11T14:02:07.185+0000][1][safepoint    ] Safepoint "Cleanup", Time since last: 1000155468 ns, Reaching safepoint: 121752 ns, At safepoint: 17550 ns, Total: 139302 ns
[2020-09-11T14:02:08.185+0000][1][safepoint    ] Safepoint "Cleanup", Time since last: 1000172770 ns, Reaching safepoint: 113119 ns, At safepoint: 6221 ns, Total: 119340 ns
[2020-09-11T14:02:09.185+0000][1][safepoint    ] Safepoint "Cleanup", Time since last: 1000148871 ns, Reaching safepoint: 145096 ns, At safepoint: 17694 ns, Total: 162790 ns
[2020-09-11T14:02:10.186+0000][1][safepoint    ] Safepoint "Cleanup", Time since last: 1000193123 ns, Reaching safepoint: 137355 ns, At safepoint: 16280 ns, Total: 153635 ns
[2020-09-11T14:02:11.188+0000][1][safepoint    ] Safepoint "Cleanup", Time since last: 1002642200 ns, Reaching safepoint: 151160 ns, At safepoint: 16661 ns, Total: 167821 ns
[2020-09-11T14:02:11.725+0000][1][gc,start     ] GC(70) Pause Young (Allocation Failure)
[2020-09-11T14:02:11.725+0000][1][gc,task      ] GC(70) Using 1 workers of 1 for evacuation
[2020-09-11T14:02:11.740+0000][1][gc,age       ] GC(70) Desired survivor size 4358144 bytes, new threshold 6 (max threshold 6)
[2020-09-11T14:02:11.740+0000][1][gc,age       ] GC(70) Age table with threshold 6 (max threshold 6)
[2020-09-11T14:02:11.740+0000][1][gc,age       ] GC(70) - age   1:     561440 bytes,     561440 total
[2020-09-11T14:02:11.740+0000][1][gc,age       ] GC(70) - age   2:      50632 bytes,     612072 total
[2020-09-11T14:02:11.740+0000][1][gc,age       ] GC(70) - age   3:       6280 bytes,     618352 total
[2020-09-11T14:02:11.740+0000][1][gc,age       ] GC(70) - age   4:     303416 bytes,     921768 total
[2020-09-11T14:02:11.740+0000][1][gc,age       ] GC(70) - age   5:    1411520 bytes,    2333288 total
[2020-09-11T14:02:11.740+0000][1][gc,age       ] GC(70) - age   6:    2110784 bytes,    4444072 total
[2020-09-11T14:02:11.740+0000][1][gc,heap      ] GC(70) ParNew: 75887K->4901K(76672K)
[2020-09-11T14:02:11.740+0000][1][gc,heap      ] GC(70) CMS: 62737K->62737K(439104K)
[2020-09-11T14:02:11.740+0000][1][gc,metaspace ] GC(70) Metaspace: 80724K->80724K(1124352K)
[2020-09-11T14:02:11.740+0000][1][gc           ] GC(70) Pause Young (Allocation Failure) 135M->66M(503M) 15.379ms
[2020-09-11T14:02:11.740+0000][1][gc,cpu       ] GC(70) User=0.02s Sys=0.00s Real=0.01s
[2020-09-11T14:02:11.740+0000][1][safepoint    ] Safepoint "GenCollectForAllocation", Time since last: 536152374 ns, Reaching safepoint: 184580 ns, At safepoint: 15491819 ns, Total: 15676399 ns
[2020-09-11T14:02:12.746+0000][1][safepoint    ] Safepoint "Cleanup", Time since last: 1005467411 ns, Reaching safepoint: 72839 ns, At safepoint: 16768 ns, Total: 89607 ns
[2020-09-11T14:02:13.746+0000][1][safepoint    ] Safepoint "Cleanup", Time since last: 1000133946 ns, Reaching safepoint: 129143 ns, At safepoint: 13741 ns, Total: 142884 ns
[2020-09-11T14:02:14.746+0000][1][safepoint    ] Safepoint "Cleanup", Time since last: 1000265540 ns, Reaching safepoint: 108184 ns, At safepoint: 8315 ns, Total: 116499 ns
[2020-09-11T14:02:15.747+0000][1][safepoint    ] Safepoint "Cleanup", Time since last: 1000192288 ns, Reaching safepoint: 97764 ns, At safepoint: 5823 ns, Total: 103587 ns
[2020-09-11T14:02:16.747+0000][1][safepoint    ] Safepoint "Cleanup", Time since last: 1000111297 ns, Reaching safepoint: 177164 ns, At safepoint: 7805 ns, Total: 184969 ns
[2020-09-11T14:02:17.747+0000][1][safepoint    ] Safepoint "Cleanup", Time since last: 1000186472 ns, Reaching safepoint: 164571 ns, At safepoint: 16194 ns, Total: 180765 ns
[2020-09-11T14:02:18.748+0000][1][safepoint    ] Safepoint "Cleanup", Time since last: 1000192562 ns, Reaching safepoint: 140279 ns, At safepoint: 17801 ns, Total: 158080 ns
[2020-09-11T14:02:19.748+0000][1][safepoint    ] Safepoint "Cleanup", Time since last: 1000210160 ns, Reaching safepoint: 130974 ns, At safepoint: 16578 ns, Total: 147552 ns
[2020-09-11T14:02:20.748+0000][1][safepoint    ] Safepoint "Cleanup", Time since last: 1000221695 ns, Reaching safepoint: 96060 ns, At safepoint: 7237 ns, Total: 103297 ns
[2020-09-11T14:02:21.749+0000][1][safepoint    ] Safepoint "Cleanup", Time since last: 1000699491 ns, Reaching safepoint: 186513 ns, At safepoint: 7476 ns, Total: 193989 ns
[2020-09-11T14:02:22.750+0000][1][safepoint    ] Safepoint "Cleanup", Time since last: 1000170360 ns, Reaching safepoint: 96248 ns, At safepoint: 7628 ns, Total: 103876 ns
[2020-09-11T14:02:23.750+0000][1][safepoint    ] Safepoint "Cleanup", Time since last: 1000188304 ns, Reaching safepoint: 95846 ns, At safepoint: 6912 ns, Total: 102758 ns
[2020-09-11T14:02:24.750+0000][1][safepoint    ] Safepoint "Cleanup", Time since last: 1000175253 ns, Reaching safepoint: 97611 ns, At safepoint: 7311 ns, Total: 104922 ns
[2020-09-11T14:02:25.751+0000][1][safepoint    ] Safepoint "Cleanup", Time since last: 1000193519 ns, Reaching safepoint: 205629 ns, At safepoint: 7268 ns, Total: 212897 ns
[2020-09-11T14:02:26.751+0000][1][safepoint    ] Safepoint "Cleanup", Time since last: 1000589131 ns, Reaching safepoint: 101558 ns, At safepoint: 8217 ns, Total: 109775 ns
[2020-09-11T14:02:27.752+0000][1][safepoint    ] Safepoint "Cleanup", Time since last: 1000185406 ns, Reaching safepoint: 138267 ns, At safepoint: 16922 ns, Total: 155189 ns
[2020-09-11T14:02:30.752+0000][1][safepoint    ] Safepoint "Cleanup", Time since last: 3000497110 ns, Reaching safepoint: 131756 ns, At safepoint: 17914 ns, Total: 149670 ns
[2020-09-11T14:02:32.754+0000][1][safepoint    ] Safepoint "Cleanup", Time since last: 2001173534 ns, Reaching safepoint: 132532 ns, At safepoint: 7571 ns, Total: 140103 ns
[2020-09-11T14:02:33.754+0000][1][safepoint    ] Safepoint "Cleanup", Time since last: 1000137914 ns, Reaching safepoint: 137145 ns, At safepoint: 16087 ns, Total: 153232 ns
[2020-09-11T14:02:35.754+0000][1][safepoint    ] Safepoint "Cleanup", Time since last: 2000309824 ns, Reaching safepoint: 138304 ns, At safepoint: 17413 ns, Total: 155717 ns
[2020-09-11T14:02:36.755+0000][1][safepoint    ] Safepoint "Cleanup", Time since last: 1000932982 ns, Reaching safepoint: 108702 ns, At safepoint: 7130 ns, Total: 115832 ns
[2020-09-11T14:02:39.756+0000][1][safepoint    ] Safepoint "Cleanup", Time since last: 3000470801 ns, Reaching safepoint: 100559 ns, At safepoint: 7007 ns, Total: 107566 ns
[2020-09-11T14:02:42.757+0000][1][safepoint    ] Safepoint "Cleanup", Time since last: 3000501090 ns, Reaching safepoint: 87392 ns, At safepoint: 7733 ns, Total: 95125 ns
[2020-09-11T14:02:44.164+0000][1][safepoint    ] Safepoint "RevokeBias", Time since last: 1404331613 ns, Reaching safepoint: 2582597 ns, At safepoint: 27094 ns, Total: 2609691 ns
[2020-09-11T14:02:44.172+0000][1][safepoint    ] Safepoint "RevokeBias", Time since last: 8442142 ns, Reaching safepoint: 164079 ns, At safepoint: 9983 ns, Total: 174062 ns
[2020-09-11T14:02:45.172+0000][1][safepoint    ] Safepoint "Cleanup", Time since last: 1000123027 ns, Reaching safepoint: 74951 ns, At safepoint: 8254 ns, Total: 83205 ns
[2020-09-11T14:02:48.173+0000][1][safepoint    ] Safepoint "Cleanup", Time since last: 3000659532 ns, Reaching safepoint: 136243 ns, At safepoint: 17112 ns, Total: 153355 ns
[2020-09-11T14:02:51.174+0000][1][safepoint    ] Safepoint "Cleanup", Time since last: 3000539096 ns, Reaching safepoint: 137733 ns, At safepoint: 17871 ns, Total: 155604 ns
[2020-09-11T14:02:56.811+0000][1][gc,start     ] GC(71) Pause Young (Allocation Failure)
[2020-09-11T14:02:56.811+0000][1][gc,task      ] GC(71) Using 1 workers of 1 for evacuation
[2020-09-11T14:02:56.829+0000][1][gc,age       ] GC(71) Desired survivor size 4358144 bytes, new threshold 6 (max threshold 6)
[2020-09-11T14:02:56.829+0000][1][gc,age       ] GC(71) Age table with threshold 6 (max threshold 6)
[2020-09-11T14:02:56.829+0000][1][gc,age       ] GC(71) - age   1:      57248 bytes,      57248 total
[2020-09-11T14:02:56.829+0000][1][gc,age       ] GC(71) - age   2:     531792 bytes,     589040 total
[2020-09-11T14:02:56.829+0000][1][gc,age       ] GC(71) - age   3:      47920 bytes,     636960 total
[2020-09-11T14:02:56.829+0000][1][gc,age       ] GC(71) - age   4:       6280 bytes,     643240 total
[2020-09-11T14:02:56.829+0000][1][gc,age       ] GC(71) - age   5:     301904 bytes,     945144 total
[2020-09-11T14:02:56.829+0000][1][gc,age       ] GC(71) - age   6:    1410280 bytes,    2355424 total
[2020-09-11T14:02:56.829+0000][1][gc,heap      ] GC(71) ParNew: 73061K->3867K(76672K)
[2020-09-11T14:02:56.829+0000][1][gc,heap      ] GC(71) CMS: 62737K->64844K(439104K)
[2020-09-11T14:02:56.829+0000][1][gc,metaspace ] GC(71) Metaspace: 80892K->80892K(1124352K)
[2020-09-11T14:02:56.829+0000][1][gc           ] GC(71) Pause Young (Allocation Failure) 132M->67M(503M) 18.039ms
[2020-09-11T14:02:56.829+0000][1][gc,cpu       ] GC(71) User=0.01s Sys=0.00s Real=0.02s
[2020-09-11T14:02:56.829+0000][1][safepoint    ] Safepoint "GenCollectForAllocation", Time since last: 5636749880 ns, Reaching safepoint: 209378 ns, At safepoint: 18118986 ns, Total: 18328364 ns
[2020-09-11T14:02:57.831+0000][1][safepoint    ] Safepoint "Cleanup", Time since last: 1002328227 ns, Reaching safepoint: 64109 ns, At safepoint: 15500 ns, Total: 79609 ns
[2020-09-11T14:02:59.832+0000][1][safepoint    ] Safepoint "Cleanup", Time since last: 2000907475 ns, Reaching safepoint: 66193 ns, At safepoint: 5125 ns, Total: 71318 ns
[2020-09-11T14:03:00.833+0000][1][safepoint    ] Safepoint "Cleanup", Time since last: 1000666906 ns, Reaching safepoint: 125712 ns, At safepoint: 13103 ns, Total: 138815 ns
[2020-09-11T14:03:01.833+0000][1][safepoint    ] Safepoint "Cleanup", Time since last: 1000139004 ns, Reaching safepoint: 69815 ns, At safepoint: 6088 ns, Total: 75903 ns
[2020-09-11T14:03:02.834+0000][1][safepoint    ] Safepoint "Cleanup", Time since last: 1000070160 ns, Reaching safepoint: 108307 ns, At safepoint: 13780 ns, Total: 122087 ns
[2020-09-11T14:03:03.834+0000][1][safepoint    ] Safepoint "Cleanup", Time since last: 1000121076 ns, Reaching safepoint: 175479 ns, At safepoint: 7320 ns, Total: 182799 ns
[2020-09-11T14:03:04.834+0000][1][safepoint    ] Safepoint "Cleanup", Time since last: 1000203695 ns, Reaching safepoint: 95984 ns, At safepoint: 7165 ns, Total: 103149 ns
[2020-09-11T14:03:05.834+0000][1][safepoint    ] Safepoint "Cleanup", Time since last: 1000171516 ns, Reaching safepoint: 99189 ns, At safepoint: 7470 ns, Total: 106659 ns
[2020-09-11T14:03:06.835+0000][1][safepoint    ] Safepoint "Cleanup", Time since last: 1000166751 ns, Reaching safepoint: 98271 ns, At safepoint: 6048 ns, Total: 104319 ns
[2020-09-11T14:03:08.835+0000][1][safepoint    ] Safepoint "Cleanup", Time since last: 2000305870 ns, Reaching safepoint: 98005 ns, At safepoint: 5984 ns, Total: 103989 ns
[2020-09-11T14:03:10.836+0000][1][safepoint    ] Safepoint "Cleanup", Time since last: 2000329763 ns, Reaching safepoint: 101027 ns, At safepoint: 7637 ns, Total: 108664 ns
[2020-09-11T14:03:13.836+0000][1][safepoint    ] Safepoint "Cleanup", Time since last: 3000492231 ns, Reaching safepoint: 100590 ns, At safepoint: 6790 ns, Total: 107380 ns
[2020-09-11T14:03:14.836+0000][1][safepoint    ] Safepoint "Cleanup", Time since last: 1000202418 ns, Reaching safepoint: 94705 ns, At safepoint: 6318 ns, Total: 101023 ns
[2020-09-11T14:03:16.837+0000][1][safepoint    ] Safepoint "Cleanup", Time since last: 2000306079 ns, Reaching safepoint: 107258 ns, At safepoint: 7509 ns, Total: 114767 ns
[2020-09-11T14:03:17.837+0000][1][safepoint    ] Safepoint "Cleanup", Time since last: 1000220016 ns, Reaching safepoint: 99274 ns, At safepoint: 7433 ns, Total: 106707 ns
[2020-09-11T14:03:20.838+0000][1][safepoint    ] Safepoint "Cleanup", Time since last: 3000472431 ns, Reaching safepoint: 137616 ns, At safepoint: 16461 ns, Total: 154077 ns
[2020-09-11T14:03:21.838+0000][1][safepoint    ] Safepoint "Cleanup", Time since last: 1000247559 ns, Reaching safepoint: 102980 ns, At safepoint: 7337 ns, Total: 110317 ns
[2020-09-11T14:03:22.839+0000][1][safepoint    ] Safepoint "Cleanup", Time since last: 1000214866 ns, Reaching safepoint: 114465 ns, At safepoint: 7624 ns, Total: 122089 ns
[2020-09-11T14:03:23.839+0000][1][safepoint    ] Safepoint "Cleanup", Time since last: 1000194408 ns, Reaching safepoint: 129982 ns, At safepoint: 17600 ns, Total: 147582 ns
[2020-09-11T14:03:24.839+0000][1][safepoint    ] Safepoint "Cleanup", Time since last: 1000218410 ns, Reaching safepoint: 125648 ns, At safepoint: 16050 ns, Total: 141698 ns
[2020-09-11T14:03:25.840+0000][1][safepoint    ] Safepoint "Cleanup", Time since last: 1000330499 ns, Reaching safepoint: 67465 ns, At safepoint: 7242 ns, Total: 74707 ns
[2020-09-11T14:03:26.840+0000][1][safepoint    ] Safepoint "Cleanup", Time since last: 1000189453 ns, Reaching safepoint: 157929 ns, At safepoint: 16942 ns, Total: 174871 ns
[2020-09-11T14:03:27.840+0000][1][safepoint    ] Safepoint "Cleanup", Time since last: 1000207187 ns, Reaching safepoint: 93663 ns, At safepoint: 6870 ns, Total: 100533 ns
[2020-09-11T14:03:28.841+0000][1][safepoint    ] Safepoint "Cleanup", Time since last: 1000182491 ns, Reaching safepoint: 145594 ns, At safepoint: 16839 ns, Total: 162433 ns
[2020-09-11T14:03:29.841+0000][1][safepoint    ] Safepoint "Cleanup", Time since last: 1000229845 ns, Reaching safepoint: 141514 ns, At safepoint: 17537 ns, Total: 159051 ns
[2020-09-11T14:03:30.841+0000][1][safepoint    ] Safepoint "Cleanup", Time since last: 1000216635 ns, Reaching safepoint: 125969 ns, At safepoint: 15917 ns, Total: 141886 ns
[2020-09-11T14:03:31.842+0000][1][safepoint    ] Safepoint "Cleanup", Time since last: 1000189090 ns, Reaching safepoint: 122605 ns, At safepoint: 6143 ns, Total: 128748 ns
[2020-09-11T14:03:32.842+0000][1][safepoint    ] Safepoint "Cleanup", Time since last: 1000140776 ns, Reaching safepoint: 75063 ns, At safepoint: 5195 ns, Total: 80258 ns
[2020-09-11T14:03:33.842+0000][1][safepoint    ] Safepoint "Cleanup", Time since last: 1000176884 ns, Reaching safepoint: 126938 ns, At safepoint: 17230 ns, Total: 144168 ns
[2020-09-11T14:03:34.843+0000][1][safepoint    ] Safepoint "Cleanup", Time since last: 1000195437 ns, Reaching safepoint: 127810 ns, At safepoint: 16050 ns, Total: 143860 ns
[2020-09-11T14:03:35.843+0000][1][safepoint    ] Safepoint "Cleanup", Time since last: 1000205659 ns, Reaching safepoint: 128347 ns, At safepoint: 18292 ns, Total: 146639 ns
[2020-09-11T14:03:36.843+0000][1][safepoint    ] Safepoint "Cleanup", Time since last: 1000178935 ns, Reaching safepoint: 177006 ns, At safepoint: 18847 ns, Total: 195853 ns
[2020-09-11T14:03:37.844+0000][1][safepoint    ] Safepoint "Cleanup", Time since last: 1000204300 ns, Reaching safepoint: 124218 ns, At safepoint: 17210 ns, Total: 141428 ns
[2020-09-11T14:03:38.844+0000][1][safepoint    ] Safepoint "Cleanup", Time since last: 1000183637 ns, Reaching safepoint: 138885 ns, At safepoint: 18159 ns, Total: 157044 ns
[2020-09-11T14:03:39.844+0000][1][safepoint    ] Safepoint "Cleanup", Time since last: 1000221240 ns, Reaching safepoint: 95765 ns, At safepoint: 6856 ns, Total: 102621 ns
[2020-09-11T14:03:40.845+0000][1][safepoint    ] Safepoint "Cleanup", Time since last: 1000186222 ns, Reaching safepoint: 92499 ns, At safepoint: 6391 ns, Total: 98890 ns
[2020-09-11T14:03:41.845+0000][1][safepoint    ] Safepoint "Cleanup", Time since last: 1000182254 ns, Reaching safepoint: 131639 ns, At safepoint: 19952 ns, Total: 151591 ns
[2020-09-11T14:03:42.315+0000][1][gc,start     ] GC(72) Pause Young (Allocation Failure)
[2020-09-11T14:03:42.315+0000][1][gc,task      ] GC(72) Using 1 workers of 1 for evacuation
[2020-09-11T14:03:42.335+0000][1][gc,age       ] GC(72) Desired survivor size 4358144 bytes, new threshold 6 (max threshold 6)
[2020-09-11T14:03:42.335+0000][1][gc,age       ] GC(72) Age table with threshold 6 (max threshold 6)
[2020-09-11T14:03:42.335+0000][1][gc,age       ] GC(72) - age   1:      32408 bytes,      32408 total
[2020-09-11T14:03:42.335+0000][1][gc,age       ] GC(72) - age   2:      38208 bytes,      70616 total
[2020-09-11T14:03:42.335+0000][1][gc,age       ] GC(72) - age   3:     531600 bytes,     602216 total
[2020-09-11T14:03:42.335+0000][1][gc,age       ] GC(72) - age   4:      47920 bytes,     650136 total
[2020-09-11T14:03:42.335+0000][1][gc,age       ] GC(72) - age   5:       3800 bytes,     653936 total
[2020-09-11T14:03:42.335+0000][1][gc,age       ] GC(72) - age   6:     301904 bytes,     955840 total
[2020-09-11T14:03:42.335+0000][1][gc,heap      ] GC(72) ParNew: 72027K->1829K(76672K)
[2020-09-11T14:03:42.335+0000][1][gc,heap      ] GC(72) CMS: 64844K->66250K(439104K)
[2020-09-11T14:03:42.335+0000][1][gc,metaspace ] GC(72) Metaspace: 81007K->81007K(1124352K)
[2020-09-11T14:03:42.335+0000][1][gc           ] GC(72) Pause Young (Allocation Failure) 133M->66M(503M) 20.118ms
[2020-09-11T14:03:42.335+0000][1][gc,cpu       ] GC(72) User=0.02s Sys=0.00s Real=0.02s
[2020-09-11T14:03:42.335+0000][1][safepoint    ] Safepoint "GenCollectForAllocation", Time since last: 469422596 ns, Reaching safepoint: 130753 ns, At safepoint: 20199624 ns, Total: 20330377 ns
[2020-09-11T14:03:43.338+0000][1][safepoint    ] Safepoint "Cleanup", Time since last: 1002903552 ns, Reaching safepoint: 66416 ns, At safepoint: 5711 ns, Total: 72127 ns
[2020-09-11T14:03:44.338+0000][1][safepoint    ] Safepoint "Cleanup", Time since last: 1000203163 ns, Reaching safepoint: 104109 ns, At safepoint: 6877 ns, Total: 110986 ns
[2020-09-11T14:03:45.338+0000][1][safepoint    ] Safepoint "Cleanup", Time since last: 1000204976 ns, Reaching safepoint: 103948 ns, At safepoint: 7744 ns, Total: 111692 ns
[2020-09-11T14:03:46.339+0000][1][safepoint    ] Safepoint "Cleanup", Time since last: 1000184179 ns, Reaching safepoint: 127292 ns, At safepoint: 16391 ns, Total: 143683 ns
[2020-09-11T14:03:47.339+0000][1][safepoint    ] Safepoint "Cleanup", Time since last: 1000246074 ns, Reaching safepoint: 86730 ns, At safepoint: 7171 ns, Total: 93901 ns
[2020-09-11T14:03:48.339+0000][1][safepoint    ] Safepoint "Cleanup", Time since last: 1000205580 ns, Reaching safepoint: 156188 ns, At safepoint: 19742 ns, Total: 175930 ns
[2020-09-11T14:03:49.341+0000][1][safepoint    ] Safepoint "Cleanup", Time since last: 1001144996 ns, Reaching safepoint: 125739 ns, At safepoint: 17567 ns, Total: 143306 ns
[2020-09-11T14:03:50.341+0000][1][safepoint    ] Safepoint "Cleanup", Time since last: 1000220924 ns, Reaching safepoint: 129831 ns, At safepoint: 16448 ns, Total: 146279 ns
[2020-09-11T14:03:51.341+0000][1][safepoint    ] Safepoint "Cleanup", Time since last: 1000213136 ns, Reaching safepoint: 102779 ns, At safepoint: 8265 ns, Total: 111044 ns
[2020-09-11T14:03:52.343+0000][1][safepoint    ] Safepoint "Cleanup", Time since last: 1000119939 ns, Reaching safepoint: 1078899 ns, At safepoint: 9002 ns, Total: 1087901 ns
[2020-09-11T14:03:53.343+0000][1][safepoint    ] Safepoint "Cleanup", Time since last: 1000196959 ns, Reaching safepoint: 97556 ns, At safepoint: 7888 ns, Total: 105444 ns
[2020-09-11T14:03:54.344+0000][1][safepoint    ] Safepoint "Cleanup", Time since last: 1000806671 ns, Reaching safepoint: 103305 ns, At safepoint: 7212 ns, Total: 110517 ns
[2020-09-11T14:03:55.344+0000][1][safepoint    ] Safepoint "Cleanup", Time since last: 1000194696 ns, Reaching safepoint: 98811 ns, At safepoint: 8393 ns, Total: 107204 ns
[2020-09-11T14:03:56.344+0000][1][safepoint    ] Safepoint "Cleanup", Time since last: 1000186697 ns, Reaching safepoint: 100851 ns, At safepoint: 7277 ns, Total: 108128 ns
[2020-09-11T14:03:57.345+0000][1][safepoint    ] Safepoint "Cleanup", Time since last: 1000176701 ns, Reaching safepoint: 97734 ns, At safepoint: 7469 ns, Total: 105203 ns
[2020-09-11T14:03:58.345+0000][1][safepoint    ] Safepoint "Cleanup", Time since last: 1000205560 ns, Reaching safepoint: 97948 ns, At safepoint: 7155 ns, Total: 105103 ns
[2020-09-11T14:03:59.346+0000][1][safepoint    ] Safepoint "Cleanup", Time since last: 1000767329 ns, Reaching safepoint: 67225 ns, At safepoint: 7534 ns, Total: 74759 ns
[2020-09-11T14:04:00.346+0000][1][safepoint    ] Safepoint "Cleanup", Time since last: 1000155805 ns, Reaching safepoint: 131929 ns, At safepoint: 17403 ns, Total: 149332 ns
[2020-09-11T14:04:01.346+0000][1][safepoint    ] Safepoint "Cleanup", Time since last: 1000214768 ns, Reaching safepoint: 131221 ns, At safepoint: 16735 ns, Total: 147956 ns
[2020-09-11T14:04:02.347+0000][1][safepoint    ] Safepoint "Cleanup", Time since last: 1000189922 ns, Reaching safepoint: 112038 ns, At safepoint: 6748 ns, Total: 118786 ns
[2020-09-11T14:04:03.347+0000][1][safepoint    ] Safepoint "Cleanup", Time since last: 1000178971 ns, Reaching safepoint: 145273 ns, At safepoint: 17968 ns, Total: 163241 ns
[2020-09-11T14:04:04.348+0000][1][safepoint    ] Safepoint "Cleanup", Time since last: 1001079538 ns, Reaching safepoint: 129721 ns, At safepoint: 16331 ns, Total: 146052 ns
[2020-09-11T14:04:05.349+0000][1][safepoint    ] Safepoint "Cleanup", Time since last: 1000229158 ns, Reaching safepoint: 132360 ns, At safepoint: 18335 ns, Total: 150695 ns
[2020-09-11T14:04:06.349+0000][1][safepoint    ] Safepoint "Cleanup", Time since last: 1000226080 ns, Reaching safepoint: 140622 ns, At safepoint: 17594 ns, Total: 158216 ns
[2020-09-11T14:04:07.349+0000][1][safepoint    ] Safepoint "Cleanup", Time since last: 1000226663 ns, Reaching safepoint: 107187 ns, At safepoint: 8834 ns, Total: 116021 ns
[2020-09-11T14:04:08.350+0000][1][safepoint    ] Safepoint "Cleanup", Time since last: 1000204676 ns, Reaching safepoint: 142193 ns, At safepoint: 17857 ns, Total: 160050 ns
[2020-09-11T14:04:09.351+0000][1][safepoint    ] Safepoint "Cleanup", Time since last: 1000994458 ns, Reaching safepoint: 132073 ns, At safepoint: 18031 ns, Total: 150104 ns
[2020-09-11T14:04:10.351+0000][1][safepoint    ] Safepoint "Cleanup", Time since last: 1000199566 ns, Reaching safepoint: 139650 ns, At safepoint: 17326 ns, Total: 156976 ns
[2020-09-11T14:04:11.352+0000][1][safepoint    ] Safepoint "Cleanup", Time since last: 1000241181 ns, Reaching safepoint: 132176 ns, At safepoint: 19308 ns, Total: 151484 ns
[2020-09-11T14:04:12.352+0000][1][safepoint    ] Safepoint "Cleanup", Time since last: 1000195617 ns, Reaching safepoint: 103447 ns, At safepoint: 7127 ns, Total: 110574 ns
[2020-09-11T14:04:13.352+0000][1][safepoint    ] Safepoint "Cleanup", Time since last: 1000178545 ns, Reaching safepoint: 96617 ns, At safepoint: 7027 ns, Total: 103644 ns
[2020-09-11T14:04:14.353+0000][1][safepoint    ] Safepoint "Cleanup", Time since last: 1000832753 ns, Reaching safepoint: 136303 ns, At safepoint: 17373 ns, Total: 153676 ns
[2020-09-11T14:04:15.354+0000][1][safepoint    ] Safepoint "Cleanup", Time since last: 1000239080 ns, Reaching safepoint: 101860 ns, At safepoint: 7070 ns, Total: 108930 ns
[2020-09-11T14:04:16.354+0000][1][safepoint    ] Safepoint "Cleanup", Time since last: 1000177229 ns, Reaching safepoint: 128134 ns, At safepoint: 16789 ns, Total: 144923 ns
[2020-09-11T14:04:17.354+0000][1][safepoint    ] Safepoint "Cleanup", Time since last: 1000211543 ns, Reaching safepoint: 129875 ns, At safepoint: 18205 ns, Total: 148080 ns
[2020-09-11T14:04:18.355+0000][1][safepoint    ] Safepoint "Cleanup", Time since last: 1000205346 ns, Reaching safepoint: 108458 ns, At safepoint: 6970 ns, Total: 115428 ns
[2020-09-11T14:04:19.356+0000][1][safepoint    ] Safepoint "Cleanup", Time since last: 1000715855 ns, Reaching safepoint: 150649 ns, At safepoint: 16766 ns, Total: 167415 ns
[2020-09-11T14:04:20.356+0000][1][safepoint    ] Safepoint "Cleanup", Time since last: 1000231160 ns, Reaching safepoint: 93058 ns, At safepoint: 6788 ns, Total: 99846 ns
[2020-09-11T14:04:21.356+0000][1][safepoint    ] Safepoint "Cleanup", Time since last: 1000178848 ns, Reaching safepoint: 144472 ns, At safepoint: 18245 ns, Total: 162717 ns
[2020-09-11T14:04:22.357+0000][1][safepoint    ] Safepoint "Cleanup", Time since last: 1000212425 ns, Reaching safepoint: 94645 ns, At safepoint: 7395 ns, Total: 102040 ns
[2020-09-11T14:04:23.357+0000][1][safepoint    ] Safepoint "Cleanup", Time since last: 1000175566 ns, Reaching safepoint: 136193 ns, At safepoint: 18061 ns, Total: 154254 ns
[2020-09-11T14:04:24.358+0000][1][safepoint    ] Safepoint "Cleanup", Time since last: 1001010735 ns, Reaching safepoint: 93162 ns, At safepoint: 6606 ns, Total: 99768 ns
[2020-09-11T14:04:25.358+0000][1][safepoint    ] Safepoint "Cleanup", Time since last: 1000191291 ns, Reaching safepoint: 108594 ns, At safepoint: 8493 ns, Total: 117087 ns
[2020-09-11T14:04:26.359+0000][1][safepoint    ] Safepoint "Cleanup", Time since last: 1000227728 ns, Reaching safepoint: 87482 ns, At safepoint: 7214 ns, Total: 94696 ns
[2020-09-11T14:04:27.359+0000][1][safepoint    ] Safepoint "Cleanup", Time since last: 1000177585 ns, Reaching safepoint: 97450 ns, At safepoint: 7419 ns, Total: 104869 ns
[2020-09-11T14:04:28.359+0000][1][safepoint    ] Safepoint "Cleanup", Time since last: 1000201155 ns, Reaching safepoint: 94360 ns, At safepoint: 6931 ns, Total: 101291 ns
[2020-09-11T14:04:28.722+0000][1][gc,start     ] GC(73) Pause Young (Allocation Failure)
[2020-09-11T14:04:28.722+0000][1][gc,task      ] GC(73) Using 1 workers of 1 for evacuation
[2020-09-11T14:04:28.730+0000][1][gc,age       ] GC(73) Desired survivor size 4358144 bytes, new threshold 6 (max threshold 6)
[2020-09-11T14:04:28.730+0000][1][gc,age       ] GC(73) Age table with threshold 6 (max threshold 6)
[2020-09-11T14:04:28.730+0000][1][gc,age       ] GC(73) - age   1:      27952 bytes,      27952 total
[2020-09-11T14:04:28.730+0000][1][gc,age       ] GC(73) - age   2:      14936 bytes,      42888 total
[2020-09-11T14:04:28.730+0000][1][gc,age       ] GC(73) - age   3:      35400 bytes,      78288 total
[2020-09-11T14:04:28.730+0000][1][gc,age       ] GC(73) - age   4:     531600 bytes,     609888 total
[2020-09-11T14:04:28.730+0000][1][gc,age       ] GC(73) - age   5:      47920 bytes,     657808 total
[2020-09-11T14:04:28.730+0000][1][gc,age       ] GC(73) - age   6:       3800 bytes,     661608 total
[2020-09-11T14:04:28.730+0000][1][gc,heap      ] GC(73) ParNew: 69933K->807K(76672K)
[2020-09-11T14:04:28.730+0000][1][gc,heap      ] GC(73) CMS: 66250K->66551K(439104K)
[2020-09-11T14:04:28.730+0000][1][gc,metaspace ] GC(73) Metaspace: 81057K->81057K(1124352K)
[2020-09-11T14:04:28.730+0000][1][gc           ] GC(73) Pause Young (Allocation Failure) 132M->65M(503M) 8.175ms
[2020-09-11T14:04:28.730+0000][1][gc,cpu       ] GC(73) User=0.01s Sys=0.00s Real=0.01s
[2020-09-11T14:04:28.730+0000][1][safepoint    ] Safepoint "GenCollectForAllocation", Time since last: 362787274 ns, Reaching safepoint: 67916 ns, At safepoint: 8243318 ns, Total: 8311234 ns
[2020-09-11T14:04:29.740+0000][1][safepoint    ] Safepoint "Cleanup", Time since last: 1009225926 ns, Reaching safepoint: 142132 ns, At safepoint: 51719 ns, Total: 193851 ns
[2020-09-11T14:04:32.740+0000][1][safepoint    ] Safepoint "Cleanup", Time since last: 3000434200 ns, Reaching safepoint: 119594 ns, At safepoint: 6169 ns, Total: 125763 ns
[2020-09-11T14:04:35.741+0000][1][safepoint    ] Safepoint "Cleanup", Time since last: 3000461390 ns, Reaching safepoint: 143823 ns, At safepoint: 18763 ns, Total: 162586 ns
[2020-09-11T14:04:37.741+0000][1][safepoint    ] Safepoint "Cleanup", Time since last: 2000359099 ns, Reaching safepoint: 145183 ns, At safepoint: 19658 ns, Total: 164841 ns
[2020-09-11T14:04:39.742+0000][1][safepoint    ] Safepoint "Cleanup", Time since last: 2000299577 ns, Reaching safepoint: 142076 ns, At safepoint: 18242 ns, Total: 160318 ns
[2020-09-11T14:04:42.742+0000][1][safepoint    ] Safepoint "Cleanup", Time since last: 3000502754 ns, Reaching safepoint: 99683 ns, At safepoint: 6588 ns, Total: 106271 ns
[2020-09-11T14:04:44.743+0000][1][safepoint    ] Safepoint "Cleanup", Time since last: 2000289185 ns, Reaching safepoint: 183514 ns, At safepoint: 18800 ns, Total: 202314 ns
[2020-09-11T14:04:45.743+0000][1][safepoint    ] Safepoint "Cleanup", Time since last: 1000241368 ns, Reaching safepoint: 139610 ns, At safepoint: 18225 ns, Total: 157835 ns
[2020-09-11T14:04:51.744+0000][1][safepoint    ] Safepoint "Cleanup", Time since last: 6000880952 ns, Reaching safepoint: 112953 ns, At safepoint: 6778 ns, Total: 119731 ns
[2020-09-11T14:04:53.745+0000][1][safepoint    ] Safepoint "Cleanup", Time since last: 2000314490 ns, Reaching safepoint: 99645 ns, At safepoint: 6970 ns, Total: 106615 ns
[2020-09-11T14:04:59.746+0000][1][safepoint    ] Safepoint "Cleanup", Time since last: 6000753421 ns, Reaching safepoint: 100566 ns, At safepoint: 7750 ns, Total: 108316 ns
[2020-09-11T14:05:00.746+0000][1][safepoint    ] Safepoint "Cleanup", Time since last: 1000166591 ns, Reaching safepoint: 108460 ns, At safepoint: 7326 ns, Total: 115786 ns
[2020-09-11T14:05:01.746+0000][1][safepoint    ] Safepoint "Cleanup", Time since last: 1000144924 ns, Reaching safepoint: 127968 ns, At safepoint: 7768 ns, Total: 135736 ns
[2020-09-11T14:05:09.747+0000][1][safepoint    ] Safepoint "Cleanup", Time since last: 8000960473 ns, Reaching safepoint: 129572 ns, At safepoint: 7896 ns, Total: 137468 ns
[2020-09-11T14:05:10.748+0000][1][safepoint    ] Safepoint "Cleanup", Time since last: 1000184103 ns, Reaching safepoint: 95136 ns, At safepoint: 7305 ns, Total: 102441 ns
[2020-09-11T14:05:12.748+0000][1][safepoint    ] Safepoint "Cleanup", Time since last: 2000288619 ns, Reaching safepoint: 141651 ns, At safepoint: 17146 ns, Total: 158797 ns
[2020-09-11T14:05:14.749+0000][1][safepoint    ] Safepoint "Cleanup", Time since last: 2000401903 ns, Reaching safepoint: 105975 ns, At safepoint: 8042 ns, Total: 114017 ns
[2020-09-11T14:05:15.708+0000][1][gc,start     ] GC(74) Pause Young (Allocation Failure)
[2020-09-11T14:05:15.708+0000][1][gc,task      ] GC(74) Using 1 workers of 1 for evacuation
[2020-09-11T14:05:15.719+0000][1][gc,age       ] GC(74) Desired survivor size 4358144 bytes, new threshold 6 (max threshold 6)
[2020-09-11T14:05:15.719+0000][1][gc,age       ] GC(74) Age table with threshold 6 (max threshold 6)
[2020-09-11T14:05:15.719+0000][1][gc,age       ] GC(74) - age   1:      27992 bytes,      27992 total
[2020-09-11T14:05:15.719+0000][1][gc,age       ] GC(74) - age   2:      10152 bytes,      38144 total
[2020-09-11T14:05:15.719+0000][1][gc,age       ] GC(74) - age   3:      14936 bytes,      53080 total
[2020-09-11T14:05:15.719+0000][1][gc,age       ] GC(74) - age   4:      32920 bytes,      86000 total
[2020-09-11T14:05:15.719+0000][1][gc,age       ] GC(74) - age   5:     529120 bytes,     615120 total
[2020-09-11T14:05:15.719+0000][1][gc,age       ] GC(74) - age   6:      47920 bytes,     663040 total
[2020-09-11T14:05:15.719+0000][1][gc,heap      ] GC(74) ParNew: 68911K->686K(76672K)
[2020-09-11T14:05:15.719+0000][1][gc,heap      ] GC(74) CMS: 66551K->66554K(439104K)
[2020-09-11T14:05:15.719+0000][1][gc,metaspace ] GC(74) Metaspace: 81192K->81192K(1124352K)
[2020-09-11T14:05:15.719+0000][1][gc           ] GC(74) Pause Young (Allocation Failure) 132M->65M(503M) 11.034ms
[2020-09-11T14:05:15.719+0000][1][gc,cpu       ] GC(74) User=0.00s Sys=0.00s Real=0.01s
[2020-09-11T14:05:15.725+0000][1][safepoint    ] Safepoint "GenCollectForAllocation", Time since last: 959500013 ns, Reaching safepoint: 232874 ns, At safepoint: 17041284 ns, Total: 17274158 ns
[2020-09-11T14:05:16.732+0000][1][safepoint    ] Safepoint "Cleanup", Time since last: 1006216538 ns, Reaching safepoint: 81116 ns, At safepoint: 19797 ns, Total: 100913 ns
[2020-09-11T14:05:22.733+0000][1][safepoint    ] Safepoint "Cleanup", Time since last: 6000879848 ns, Reaching safepoint: 122382 ns, At safepoint: 7315 ns, Total: 129697 ns
[2020-09-11T14:05:23.733+0000][1][safepoint    ] Safepoint "Cleanup", Time since last: 1000154779 ns, Reaching safepoint: 114041 ns, At safepoint: 6378 ns, Total: 120419 ns
[2020-09-11T14:05:30.734+0000][1][safepoint    ] Safepoint "Cleanup", Time since last: 7001019445 ns, Reaching safepoint: 129272 ns, At safepoint: 6339 ns, Total: 135611 ns
[2020-09-11T14:05:31.735+0000][1][safepoint    ] Safepoint "Cleanup", Time since last: 1000956764 ns, Reaching safepoint: 121549 ns, At safepoint: 7078 ns, Total: 128627 ns
[2020-09-11T14:05:33.736+0000][1][safepoint    ] Safepoint "Cleanup", Time since last: 2000241076 ns, Reaching safepoint: 119749 ns, At safepoint: 5849 ns, Total: 125598 ns
[2020-09-11T14:05:35.435+0000][1][safepoint    ] Safepoint "RevokeBias", Time since last: 1697732641 ns, Reaching safepoint: 2195456 ns, At safepoint: 28355 ns, Total: 2223811 ns
[2020-09-11T14:05:35.544+0000][1][safepoint    ] Safepoint "RevokeBias", Time since last: 108601288 ns, Reaching safepoint: 77115 ns, At safepoint: 25729 ns, Total: 102844 ns
[2020-09-11T14:05:35.549+0000][1][safepoint    ] Safepoint "RevokeBias", Time since last: 898931 ns, Reaching safepoint: 3479492 ns, At safepoint: 24907 ns, Total: 3504399 ns
[2020-09-11T14:05:35.557+0000][1][safepoint    ] Safepoint "BulkRevokeBias", Time since last: 6520952 ns, Reaching safepoint: 144566 ns, At safepoint: 2117220 ns, Total: 2261786 ns
[2020-09-11T14:05:36.558+0000][1][safepoint    ] Safepoint "Cleanup", Time since last: 1000119297 ns, Reaching safepoint: 172967 ns, At safepoint: 10692 ns, Total: 183659 ns
[2020-09-11T14:05:38.169+0000][1][safepoint    ] Safepoint "RevokeBias", Time since last: 1611127122 ns, Reaching safepoint: 155414 ns, At safepoint: 20512 ns, Total: 175926 ns
[2020-09-11T14:05:38.170+0000][1][safepoint    ] Safepoint "RevokeBias", Time since last: 1188088 ns, Reaching safepoint: 237362 ns, At safepoint: 17916 ns, Total: 255278 ns
[2020-09-11T14:05:38.197+0000][1][safepoint    ] Safepoint "RevokeBias", Time since last: 17630307 ns, Reaching safepoint: 8755410 ns, At safepoint: 54293 ns, Total: 8809703 ns
[2020-09-11T14:05:38.232+0000][1][safepoint    ] Safepoint "RevokeBias", Time since last: 7787358 ns, Reaching safepoint: 27215043 ns, At safepoint: 103246 ns, Total: 27318289 ns
[2020-09-11T14:05:38.270+0000][1][safepoint    ] Safepoint "RevokeBias", Time since last: 12224990 ns, Reaching safepoint: 24956634 ns, At safepoint: 413426 ns, Total: 25370060 ns
[2020-09-11T14:05:38.292+0000][1][safepoint    ] Safepoint "RevokeBias", Time since last: 17900639 ns, Reaching safepoint: 3999697 ns, At safepoint: 57280 ns, Total: 4056977 ns
[2020-09-11T14:05:38.314+0000][1][safepoint    ] Safepoint "RevokeBias", Time since last: 1392830 ns, Reaching safepoint: 21376656 ns, At safepoint: 44763 ns, Total: 21421419 ns
[2020-09-11T14:05:38.320+0000][1][safepoint    ] Safepoint "RevokeBias", Time since last: 5182896 ns, Reaching safepoint: 145257 ns, At safepoint: 42829 ns, Total: 188086 ns
[2020-09-11T14:05:38.334+0000][1][safepoint    ] Safepoint "RevokeBias", Time since last: 13794217 ns, Reaching safepoint: 149991 ns, At safepoint: 20357 ns, Total: 170348 ns
[2020-09-11T14:05:38.334+0000][1][safepoint    ] Safepoint "RevokeBias", Time since last: 421141 ns, Reaching safepoint: 105006 ns, At safepoint: 14632 ns, Total: 119638 ns
[2020-09-11T14:05:38.335+0000][1][safepoint    ] Safepoint "RevokeBias", Time since last: 256793 ns, Reaching safepoint: 104138 ns, At safepoint: 12046 ns, Total: 116184 ns
[2020-09-11T14:05:38.336+0000][1][safepoint    ] Safepoint "RevokeBias", Time since last: 812817 ns, Reaching safepoint: 102299 ns, At safepoint: 11877 ns, Total: 114176 ns
[2020-09-11T14:05:38.342+0000][1][safepoint    ] Safepoint "RevokeBias", Time since last: 6103642 ns, Reaching safepoint: 141420 ns, At safepoint: 23439 ns, Total: 164859 ns
[2020-09-11T14:05:38.342+0000][1][safepoint    ] Safepoint "RevokeBias", Time since last: 405109 ns, Reaching safepoint: 122364 ns, At safepoint: 13010 ns, Total: 135374 ns
[2020-09-11T14:05:38.348+0000][1][safepoint    ] Safepoint "RevokeBias", Time since last: 5074355 ns, Reaching safepoint: 130542 ns, At safepoint: 18943 ns, Total: 149485 ns
[2020-09-11T14:05:38.348+0000][1][safepoint    ] Safepoint "RevokeBias", Time since last: 343200 ns, Reaching safepoint: 100452 ns, At safepoint: 13798 ns, Total: 114250 ns
[2020-09-11T14:05:38.349+0000][1][safepoint    ] Safepoint "RevokeBias", Time since last: 755056 ns, Reaching safepoint: 103173 ns, At safepoint: 15375 ns, Total: 118548 ns
[2020-09-11T14:05:38.368+0000][1][safepoint    ] Safepoint "RevokeBias", Time since last: 18553379 ns, Reaching safepoint: 154917 ns, At safepoint: 37692 ns, Total: 192609 ns
[2020-09-11T14:05:38.368+0000][1][safepoint    ] Safepoint "RevokeBias", Time since last: 642488 ns, Reaching safepoint: 110132 ns, At safepoint: 22182 ns, Total: 132314 ns
[2020-09-11T14:05:39.181+0000][1][safepoint    ] Safepoint "RevokeBias", Time since last: 812797580 ns, Reaching safepoint: 63856 ns, At safepoint: 16754 ns, Total: 80610 ns
[2020-09-11T14:05:39.183+0000][1][safepoint    ] Safepoint "RevokeBias", Time since last: 1270895 ns, Reaching safepoint: 48795 ns, At safepoint: 14830 ns, Total: 63625 ns
[2020-09-11T14:05:39.183+0000][1][safepoint    ] Safepoint "RevokeBias", Time since last: 289144 ns, Reaching safepoint: 35034 ns, At safepoint: 12186 ns, Total: 47220 ns
[2020-09-11T14:05:40.182+0000][1][safepoint    ] Safepoint "RevokeBias", Time since last: 998630773 ns, Reaching safepoint: 143726 ns, At safepoint: 21759 ns, Total: 165485 ns
[2020-09-11T14:05:40.183+0000][1][safepoint    ] Safepoint "RevokeBias", Time since last: 322904 ns, Reaching safepoint: 455879 ns, At safepoint: 20675 ns, Total: 476554 ns
[2020-09-11T14:05:40.188+0000][1][safepoint    ] Safepoint "RevokeBias", Time since last: 5415108 ns, Reaching safepoint: 101038 ns, At safepoint: 20514 ns, Total: 121552 ns
[2020-09-11T14:05:41.148+0000][1][safepoint    ] Safepoint "RevokeBias", Time since last: 959465012 ns, Reaching safepoint: 219711 ns, At safepoint: 28139 ns, Total: 247850 ns
[2020-09-11T14:05:41.152+0000][1][safepoint    ] Safepoint "RevokeBias", Time since last: 1716612 ns, Reaching safepoint: 1973738 ns, At safepoint: 235251 ns, Total: 2208989 ns
[2020-09-11T14:05:41.174+0000][1][safepoint    ] Safepoint "BulkRevokeBias", Time since last: 20860734 ns, Reaching safepoint: 662557 ns, At safepoint: 277197 ns, Total: 939754 ns
[2020-09-11T14:05:41.175+0000][1][safepoint    ] Safepoint "RevokeBias", Time since last: 911304 ns, Reaching safepoint: 1027265 ns, At safepoint: 22138 ns, Total: 1049403 ns
[2020-09-11T14:05:41.176+0000][1][safepoint    ] Safepoint "RevokeBias", Time since last: 80294 ns, Reaching safepoint: 747053 ns, At safepoint: 36322 ns, Total: 783375 ns
[2020-09-11T14:05:41.180+0000][1][safepoint    ] Safepoint "RevokeBias", Time since last: 59376 ns, Reaching safepoint: 3103594 ns, At safepoint: 62767 ns, Total: 3166361 ns
[2020-09-11T14:05:41.182+0000][1][safepoint    ] Safepoint "RevokeBias", Time since last: 82344 ns, Reaching safepoint: 2225712 ns, At safepoint: 48948 ns, Total: 2274660 ns
[2020-09-11T14:05:41.184+0000][1][safepoint    ] Safepoint "RevokeBias", Time since last: 1736753 ns, Reaching safepoint: 701722 ns, At safepoint: 22583 ns, Total: 724305 ns
[2020-09-11T14:05:41.202+0000][1][safepoint    ] Safepoint "RevokeBias", Time since last: 14350218 ns, Reaching safepoint: 2995581 ns, At safepoint: 30981 ns, Total: 3026562 ns
[2020-09-11T14:05:41.204+0000][1][safepoint    ] Safepoint "RevokeBias", Time since last: 642284 ns, Reaching safepoint: 1068575 ns, At safepoint: 29340 ns, Total: 1097915 ns
[2020-09-11T14:05:42.188+0000][1][safepoint    ] Safepoint "RevokeBias", Time since last: 981419552 ns, Reaching safepoint: 2547977 ns, At safepoint: 34666 ns, Total: 2582643 ns
[2020-09-11T14:05:43.186+0000][1][safepoint    ] Safepoint "RevokeBias", Time since last: 997557362 ns, Reaching safepoint: 1273200 ns, At safepoint: 41764 ns, Total: 1314964 ns
[2020-09-11T14:05:44.185+0000][1][safepoint    ] Safepoint "RevokeBias", Time since last: 997953917 ns, Reaching safepoint: 164227 ns, At safepoint: 26089 ns, Total: 190316 ns
[2020-09-11T14:05:44.197+0000][1][safepoint    ] Safepoint "RevokeBias", Time since last: 12368566 ns, Reaching safepoint: 349365 ns, At safepoint: 24853 ns, Total: 374218 ns
[2020-09-11T14:05:45.196+0000][1][safepoint    ] Safepoint "RevokeBias", Time since last: 998185124 ns, Reaching safepoint: 298065 ns, At safepoint: 26933 ns, Total: 324998 ns
[2020-09-11T14:05:45.197+0000][1][safepoint    ] Safepoint "RevokeBias", Time since last: 1195454 ns, Reaching safepoint: 114467 ns, At safepoint: 16281 ns, Total: 130748 ns
[2020-09-11T14:05:46.187+0000][1][safepoint    ] Safepoint "RevokeBias", Time since last: 988103945 ns, Reaching safepoint: 2248451 ns, At safepoint: 22457 ns, Total: 2270908 ns
[2020-09-11T14:05:46.192+0000][1][safepoint    ] Safepoint "RevokeBias", Time since last: 683794 ns, Reaching safepoint: 3406999 ns, At safepoint: 30514 ns, Total: 3437513 ns
[2020-09-11T14:05:47.192+0000][1][safepoint    ] Safepoint "RevokeBias", Time since last: 995243391 ns, Reaching safepoint: 4647036 ns, At safepoint: 34582 ns, Total: 4681618 ns
[2020-09-11T14:05:47.193+0000][1][safepoint    ] Safepoint "RevokeBias", Time since last: 1284360 ns, Reaching safepoint: 128938 ns, At safepoint: 17947 ns, Total: 146885 ns
[2020-09-11T14:05:48.189+0000][1][safepoint    ] Safepoint "RevokeBias", Time since last: 996078637 ns, Reaching safepoint: 143454 ns, At safepoint: 21080 ns, Total: 164534 ns
[2020-09-11T14:05:48.191+0000][1][safepoint    ] Safepoint "RevokeBias", Time since last: 874157 ns, Reaching safepoint: 1122760 ns, At safepoint: 24174 ns, Total: 1146934 ns
[2020-09-11T14:05:49.189+0000][1][safepoint    ] Safepoint "RevokeBias", Time since last: 998007298 ns, Reaching safepoint: 61119 ns, At safepoint: 17659 ns, Total: 78778 ns
[2020-09-11T14:05:49.195+0000][1][safepoint    ] Safepoint "RevokeBias", Time since last: 5623145 ns, Reaching safepoint: 531750 ns, At safepoint: 23727 ns, Total: 555477 ns
[2020-09-11T14:05:50.190+0000][1][safepoint    ] Safepoint "RevokeBias", Time since last: 993925113 ns, Reaching safepoint: 82952 ns, At safepoint: 20625 ns, Total: 103577 ns
[2020-09-11T14:05:50.191+0000][1][safepoint    ] Safepoint "BulkRevokeBias", Time since last: 815802 ns, Reaching safepoint: 36317 ns, At safepoint: 185607 ns, Total: 221924 ns
[2020-09-11T14:05:51.200+0000][1][safepoint    ] Safepoint "Cleanup", Time since last: 1008970971 ns, Reaching safepoint: 154141 ns, At safepoint: 10764 ns, Total: 164905 ns
[2020-09-11T14:05:51.210+0000][1][safepoint    ] Safepoint "RevokeBias", Time since last: 8777741 ns, Reaching safepoint: 1319947 ns, At safepoint: 35734 ns, Total: 1355681 ns
[2020-09-11T14:05:51.212+0000][1][safepoint    ] Safepoint "RevokeBias", Time since last: 86722 ns, Reaching safepoint: 1564032 ns, At safepoint: 40794 ns, Total: 1604826 ns
[2020-09-11T14:05:51.216+0000][1][safepoint    ] Safepoint "RevokeBias", Time since last: 61956 ns, Reaching safepoint: 3895202 ns, At safepoint: 51141 ns, Total: 3946343 ns
[2020-09-11T14:05:51.216+0000][1][safepoint    ] Safepoint "RevokeBias", Time since last: 61598 ns, Reaching safepoint: 116081 ns, At safepoint: 36785 ns, Total: 152866 ns
[2020-09-11T14:05:51.216+0000][1][safepoint    ] Safepoint "RevokeBias", Time since last: 96561 ns, Reaching safepoint: 107246 ns, At safepoint: 25473 ns, Total: 132719 ns
[2020-09-11T14:05:52.224+0000][1][safepoint    ] Safepoint "Cleanup", Time since last: 1007857478 ns, Reaching safepoint: 152421 ns, At safepoint: 9130 ns, Total: 161551 ns
[2020-09-11T14:05:53.224+0000][1][safepoint    ] Safepoint "Cleanup", Time since last: 1000112986 ns, Reaching safepoint: 72317 ns, At safepoint: 6334 ns, Total: 78651 ns
[2020-09-11T14:05:54.224+0000][1][safepoint    ] Safepoint "Cleanup", Time since last: 1000109884 ns, Reaching safepoint: 71409 ns, At safepoint: 6673 ns, Total: 78082 ns
[2020-09-11T14:05:55.225+0000][1][safepoint    ] Safepoint "Cleanup", Time since last: 1000107519 ns, Reaching safepoint: 72642 ns, At safepoint: 7098 ns, Total: 79740 ns
[2020-09-11T14:05:56.225+0000][1][safepoint    ] Safepoint "Cleanup", Time since last: 1000121615 ns, Reaching safepoint: 71633 ns, At safepoint: 6759 ns, Total: 78392 ns
[2020-09-11T14:05:57.225+0000][1][safepoint    ] Safepoint "Cleanup", Time since last: 1000120942 ns, Reaching safepoint: 76070 ns, At safepoint: 6909 ns, Total: 82979 ns
[2020-09-11T14:05:58.226+0000][1][safepoint    ] Safepoint "Cleanup", Time since last: 1001196288 ns, Reaching safepoint: 76761 ns, At safepoint: 7170 ns, Total: 83931 ns
[2020-09-11T14:05:59.226+0000][1][safepoint    ] Safepoint "Cleanup", Time since last: 1000121118 ns, Reaching safepoint: 70376 ns, At safepoint: 7131 ns, Total: 77507 ns
[2020-09-11T14:06:00.227+0000][1][safepoint    ] Safepoint "Cleanup", Time since last: 1000115952 ns, Reaching safepoint: 79528 ns, At safepoint: 7043 ns, Total: 86571 ns
[2020-09-11T14:06:01.227+0000][1][safepoint    ] Safepoint "Cleanup", Time since last: 1000113692 ns, Reaching safepoint: 727783 ns, At safepoint: 13076 ns, Total: 740859 ns
[2020-09-11T14:06:01.236+0000][1][safepoint    ] Safepoint "RevokeBias", Time since last: 3996799 ns, Reaching safepoint: 4009524 ns, At safepoint: 53157 ns, Total: 4062681 ns
[2020-09-11T14:06:01.240+0000][1][safepoint    ] Safepoint "RevokeBias", Time since last: 121295 ns, Reaching safepoint: 3818662 ns, At safepoint: 45997 ns, Total: 3864659 ns
[2020-09-11T14:06:01.240+0000][1][safepoint    ] Safepoint "RevokeBias", Time since last: 91242 ns, Reaching safepoint: 104265 ns, At safepoint: 27175 ns, Total: 131440 ns
[2020-09-11T14:06:01.240+0000][1][safepoint    ] Safepoint "RevokeBias", Time since last: 34668 ns, Reaching safepoint: 103195 ns, At safepoint: 22992 ns, Total: 126187 ns
[2020-09-11T14:06:01.240+0000][1][safepoint    ] Safepoint "RevokeBias", Time since last: 91074 ns, Reaching safepoint: 101547 ns, At safepoint: 30113 ns, Total: 131660 ns
[2020-09-11T14:06:02.086+0000][1][gc,start     ] GC(75) Pause Young (Allocation Failure)
[2020-09-11T14:06:02.086+0000][1][gc,task      ] GC(75) Using 1 workers of 1 for evacuation
[2020-09-11T14:06:02.105+0000][1][gc,age       ] GC(75) Desired survivor size 4358144 bytes, new threshold 6 (max threshold 6)
[2020-09-11T14:06:02.105+0000][1][gc,age       ] GC(75) Age table with threshold 6 (max threshold 6)
[2020-09-11T14:06:02.105+0000][1][gc,age       ] GC(75) - age   1:     330696 bytes,     330696 total
[2020-09-11T14:06:02.105+0000][1][gc,age       ] GC(75) - age   2:       8232 bytes,     338928 total
[2020-09-11T14:06:02.105+0000][1][gc,age       ] GC(75) - age   3:       7040 bytes,     345968 total
[2020-09-11T14:06:02.105+0000][1][gc,age       ] GC(75) - age   4:      13696 bytes,     359664 total
[2020-09-11T14:06:02.105+0000][1][gc,age       ] GC(75) - age   5:      32400 bytes,     392064 total
[2020-09-11T14:06:02.105+0000][1][gc,age       ] GC(75) - age   6:     520344 bytes,     912408 total
[2020-09-11T14:06:02.105+0000][1][gc,heap      ] GC(75) ParNew: 68846K->1314K(76672K)
[2020-09-11T14:06:02.105+0000][1][gc,heap      ] GC(75) CMS: 66554K->66600K(439104K)
[2020-09-11T14:06:02.105+0000][1][gc,metaspace ] GC(75) Metaspace: 81465K->81465K(1124352K)
[2020-09-11T14:06:02.105+0000][1][gc           ] GC(75) Pause Young (Allocation Failure) 132M->66M(503M) 19.774ms
[2020-09-11T14:06:02.105+0000][1][gc,cpu       ] GC(75) User=0.00s Sys=0.00s Real=0.02s
[2020-09-11T14:06:02.105+0000][1][safepoint    ] Safepoint "GenCollectForAllocation", Time since last: 844491489 ns, Reaching safepoint: 980547 ns, At safepoint: 19839372 ns, Total: 20819919 ns
[2020-09-11T14:06:03.111+0000][1][safepoint    ] Safepoint "Cleanup", Time since last: 1005752686 ns, Reaching safepoint: 71405 ns, At safepoint: 16748 ns, Total: 88153 ns
[2020-09-11T14:06:04.112+0000][1][safepoint    ] Safepoint "Cleanup", Time since last: 1000210034 ns, Reaching safepoint: 65122 ns, At safepoint: 12662 ns, Total: 77784 ns
[2020-09-11T14:06:05.112+0000][1][safepoint    ] Safepoint "Cleanup", Time since last: 1000183292 ns, Reaching safepoint: 147049 ns, At safepoint: 16786 ns, Total: 163835 ns
[2020-09-11T14:06:06.112+0000][1][safepoint    ] Safepoint "Cleanup", Time since last: 1000118381 ns, Reaching safepoint: 141268 ns, At safepoint: 14924 ns, Total: 156192 ns
[2020-09-11T14:06:07.116+0000][1][safepoint    ] Safepoint "Cleanup", Time since last: 1003196556 ns, Reaching safepoint: 155123 ns, At safepoint: 7689 ns, Total: 162812 ns
[2020-09-11T14:06:08.116+0000][1][safepoint    ] Safepoint "Cleanup", Time since last: 1000111912 ns, Reaching safepoint: 79404 ns, At safepoint: 7004 ns, Total: 86408 ns
[2020-09-11T14:06:09.116+0000][1][safepoint    ] Safepoint "Cleanup", Time since last: 1000117366 ns, Reaching safepoint: 80379 ns, At safepoint: 7337 ns, Total: 87716 ns
[2020-09-11T14:06:10.116+0000][1][safepoint    ] Safepoint "Cleanup", Time since last: 1000112177 ns, Reaching safepoint: 80068 ns, At safepoint: 7247 ns, Total: 87315 ns
[2020-09-11T14:06:11.116+0000][1][safepoint    ] Safepoint "Cleanup", Time since last: 1000117451 ns, Reaching safepoint: 78926 ns, At safepoint: 7177 ns, Total: 86103 ns
[2020-09-11T14:06:11.261+0000][1][safepoint    ] Safepoint "RevokeBias", Time since last: 143086363 ns, Reaching safepoint: 1664438 ns, At safepoint: 33476 ns, Total: 1697914 ns
[2020-09-11T14:06:11.261+0000][1][safepoint    ] Safepoint "RevokeBias", Time since last: 93020 ns, Reaching safepoint: 103454 ns, At safepoint: 32450 ns, Total: 135904 ns
[2020-09-11T14:06:11.263+0000][1][safepoint    ] Safepoint "RevokeBias", Time since last: 66922 ns, Reaching safepoint: 1977511 ns, At safepoint: 38026 ns, Total: 2015537 ns
[2020-09-11T14:06:11.264+0000][1][safepoint    ] Safepoint "RevokeBias", Time since last: 39263 ns, Reaching safepoint: 103155 ns, At safepoint: 35496 ns, Total: 138651 ns
[2020-09-11T14:06:11.264+0000][1][safepoint    ] Safepoint "RevokeBias", Time since last: 80986 ns, Reaching safepoint: 102550 ns, At safepoint: 14022 ns, Total: 116572 ns
[2020-09-11T14:06:12.264+0000][1][safepoint    ] Safepoint "Cleanup", Time since last: 1000089920 ns, Reaching safepoint: 79580 ns, At safepoint: 8386 ns, Total: 87966 ns
[2020-09-11T14:06:13.264+0000][1][safepoint    ] Safepoint "Cleanup", Time since last: 1000107289 ns, Reaching safepoint: 77284 ns, At safepoint: 7128 ns, Total: 84412 ns
[2020-09-11T14:06:14.264+0000][1][safepoint    ] Safepoint "Cleanup", Time since last: 1000120069 ns, Reaching safepoint: 77213 ns, At safepoint: 7677 ns, Total: 84890 ns
[2020-09-11T14:06:15.268+0000][1][safepoint    ] Safepoint "Cleanup", Time since last: 1003012889 ns, Reaching safepoint: 83308 ns, At safepoint: 8326 ns, Total: 91634 ns
[2020-09-11T14:06:17.252+0000][1][safepoint    ] Safepoint "Cleanup", Time since last: 1984575734 ns, Reaching safepoint: 219552 ns, At safepoint: 17774 ns, Total: 237326 ns
[2020-09-11T14:06:18.253+0000][1][safepoint    ] Safepoint "Cleanup", Time since last: 1000110161 ns, Reaching safepoint: 91998 ns, At safepoint: 6435 ns, Total: 98433 ns
[2020-09-11T14:06:19.253+0000][1][safepoint    ] Safepoint "Cleanup", Time since last: 1000116827 ns, Reaching safepoint: 72909 ns, At safepoint: 6891 ns, Total: 79800 ns
[2020-09-11T14:06:20.253+0000][1][safepoint    ] Safepoint "Cleanup", Time since last: 1000116738 ns, Reaching safepoint: 74598 ns, At safepoint: 7118 ns, Total: 81716 ns
[2020-09-11T14:06:21.253+0000][1][safepoint    ] Safepoint "Cleanup", Time since last: 1000103251 ns, Reaching safepoint: 98696 ns, At safepoint: 7565 ns, Total: 106261 ns
[2020-09-11T14:06:21.281+0000][1][safepoint    ] Safepoint "RevokeBias", Time since last: 27050038 ns, Reaching safepoint: 675950 ns, At safepoint: 21100 ns, Total: 697050 ns
[2020-09-11T14:06:21.284+0000][1][safepoint    ] Safepoint "RevokeBias", Time since last: 76683 ns, Reaching safepoint: 2494138 ns, At safepoint: 42445 ns, Total: 2536583 ns
[2020-09-11T14:06:21.284+0000][1][safepoint    ] Safepoint "RevokeBias", Time since last: 64598 ns, Reaching safepoint: 107249 ns, At safepoint: 34847 ns, Total: 142096 ns
[2020-09-11T14:06:21.284+0000][1][safepoint    ] Safepoint "RevokeBias", Time since last: 33414 ns, Reaching safepoint: 102098 ns, At safepoint: 32284 ns, Total: 134382 ns
[2020-09-11T14:06:21.284+0000][1][safepoint    ] Safepoint "RevokeBias", Time since last: 82755 ns, Reaching safepoint: 102422 ns, At safepoint: 13903 ns, Total: 116325 ns
[2020-09-11T14:06:22.284+0000][1][safepoint    ] Safepoint "Cleanup", Time since last: 1000093616 ns, Reaching safepoint: 79529 ns, At safepoint: 7579 ns, Total: 87108 ns
[2020-09-11T14:06:23.284+0000][1][safepoint    ] Safepoint "Cleanup", Time since last: 1000116317 ns, Reaching safepoint: 80605 ns, At safepoint: 6879 ns, Total: 87484 ns
[2020-09-11T14:06:24.285+0000][1][safepoint    ] Safepoint "Cleanup", Time since last: 1000117407 ns, Reaching safepoint: 76581 ns, At safepoint: 8594 ns, Total: 85175 ns
[2020-09-11T14:06:25.285+0000][1][safepoint    ] Safepoint "Cleanup", Time since last: 1000117282 ns, Reaching safepoint: 79500 ns, At safepoint: 7527 ns, Total: 87027 ns
[2020-09-11T14:06:26.285+0000][1][safepoint    ] Safepoint "Cleanup", Time since last: 1000104710 ns, Reaching safepoint: 74602 ns, At safepoint: 7762 ns, Total: 82364 ns
[2020-09-11T14:06:27.285+0000][1][safepoint    ] Safepoint "Cleanup", Time since last: 1000103620 ns, Reaching safepoint: 81420 ns, At safepoint: 8978 ns, Total: 90398 ns
[2020-09-11T14:06:28.285+0000][1][safepoint    ] Safepoint "Cleanup", Time since last: 1000114587 ns, Reaching safepoint: 76635 ns, At safepoint: 8472 ns, Total: 85107 ns
[2020-09-11T14:06:29.286+0000][1][safepoint    ] Safepoint "Cleanup", Time since last: 1000143817 ns, Reaching safepoint: 74335 ns, At safepoint: 7115 ns, Total: 81450 ns
[2020-09-11T14:06:30.286+0000][1][safepoint    ] Safepoint "Cleanup", Time since last: 1000113594 ns, Reaching safepoint: 77607 ns, At safepoint: 7799 ns, Total: 85406 ns
[2020-09-11T14:06:31.286+0000][1][safepoint    ] Safepoint "Cleanup", Time since last: 1000107974 ns, Reaching safepoint: 69358 ns, At safepoint: 5336 ns, Total: 74694 ns
[2020-09-11T14:06:31.308+0000][1][safepoint    ] Safepoint "RevokeBias", Time since last: 20394366 ns, Reaching safepoint: 1007718 ns, At safepoint: 41254 ns, Total: 1048972 ns
[2020-09-11T14:06:31.312+0000][1][safepoint    ] Safepoint "RevokeBias", Time since last: 87540 ns, Reaching safepoint: 3881780 ns, At safepoint: 45517 ns, Total: 3927297 ns
[2020-09-11T14:06:31.312+0000][1][safepoint    ] Safepoint "RevokeBias", Time since last: 72257 ns, Reaching safepoint: 183098 ns, At safepoint: 22746 ns, Total: 205844 ns
[2020-09-11T14:06:31.312+0000][1][safepoint    ] Safepoint "RevokeBias", Time since last: 38897 ns, Reaching safepoint: 239904 ns, At safepoint: 19146 ns, Total: 259050 ns
[2020-09-11T14:06:31.327+0000][1][safepoint    ] Safepoint "RevokeBias", Time since last: 11976451 ns, Reaching safepoint: 3399529 ns, At safepoint: 25492 ns, Total: 3425021 ns
[2020-09-11T14:06:32.328+0000][1][safepoint    ] Safepoint "Cleanup", Time since last: 1000115591 ns, Reaching safepoint: 76048 ns, At safepoint: 7450 ns, Total: 83498 ns
[2020-09-11T14:06:33.328+0000][1][safepoint    ] Safepoint "Cleanup", Time since last: 1000121318 ns, Reaching safepoint: 70808 ns, At safepoint: 6893 ns, Total: 77701 ns
[2020-09-11T14:06:34.328+0000][1][safepoint    ] Safepoint "Cleanup", Time since last: 1000108676 ns, Reaching safepoint: 71927 ns, At safepoint: 6749 ns, Total: 78676 ns
[2020-09-11T14:06:35.328+0000][1][safepoint    ] Safepoint "Cleanup", Time since last: 1000115671 ns, Reaching safepoint: 71659 ns, At safepoint: 6876 ns, Total: 78535 ns
[2020-09-11T14:06:36.328+0000][1][safepoint    ] Safepoint "Cleanup", Time since last: 1000105583 ns, Reaching safepoint: 101609 ns, At safepoint: 8139 ns, Total: 109748 ns
[2020-09-11T14:06:37.329+0000][1][safepoint    ] Safepoint "Cleanup", Time since last: 1000118869 ns, Reaching safepoint: 76022 ns, At safepoint: 6073 ns, Total: 82095 ns
[2020-09-11T14:06:38.329+0000][1][safepoint    ] Safepoint "Cleanup", Time since last: 1000110514 ns, Reaching safepoint: 80881 ns, At safepoint: 6708 ns, Total: 87589 ns
[2020-09-11T14:06:39.329+0000][1][safepoint    ] Safepoint "Cleanup", Time since last: 1000118879 ns, Reaching safepoint: 74550 ns, At safepoint: 6201 ns, Total: 80751 ns
[2020-09-11T14:06:40.329+0000][1][safepoint    ] Safepoint "Cleanup", Time since last: 1000104789 ns, Reaching safepoint: 71479 ns, At safepoint: 6161 ns, Total: 77640 ns
[2020-09-11T14:06:41.340+0000][1][safepoint    ] Safepoint "Cleanup", Time since last: 1010151184 ns, Reaching safepoint: 230097 ns, At safepoint: 8853 ns, Total: 238950 ns
[2020-09-11T14:06:41.356+0000][1][safepoint    ] Safepoint "RevokeBias", Time since last: 9123164 ns, Reaching safepoint: 6718256 ns, At safepoint: 34531 ns, Total: 6752787 ns
[2020-09-11T14:06:41.356+0000][1][safepoint    ] Safepoint "RevokeBias", Time since last: 129749 ns, Reaching safepoint: 106744 ns, At safepoint: 37922 ns, Total: 144666 ns
[2020-09-11T14:06:41.356+0000][1][safepoint    ] Safepoint "RevokeBias", Time since last: 41487 ns, Reaching safepoint: 104413 ns, At safepoint: 34451 ns, Total: 138864 ns
[2020-09-11T14:06:41.356+0000][1][safepoint    ] Safepoint "RevokeBias", Time since last: 39538 ns, Reaching safepoint: 102660 ns, At safepoint: 37704 ns, Total: 140364 ns
[2020-09-11T14:06:41.356+0000][1][safepoint    ] Safepoint "RevokeBias", Time since last: 84626 ns, Reaching safepoint: 102005 ns, At safepoint: 13233 ns, Total: 115238 ns
[2020-09-11T14:06:42.357+0000][1][safepoint    ] Safepoint "Cleanup", Time since last: 1000090765 ns, Reaching safepoint: 78376 ns, At safepoint: 9502 ns, Total: 87878 ns
[2020-09-11T14:06:43.357+0000][1][safepoint    ] Safepoint "Cleanup", Time since last: 1000124597 ns, Reaching safepoint: 83502 ns, At safepoint: 9176 ns, Total: 92678 ns
[2020-09-11T14:06:44.357+0000][1][safepoint    ] Safepoint "Cleanup", Time since last: 1000113339 ns, Reaching safepoint: 79584 ns, At safepoint: 6456 ns, Total: 86040 ns
[2020-09-11T14:06:45.357+0000][1][safepoint    ] Safepoint "Cleanup", Time since last: 1000119824 ns, Reaching safepoint: 72013 ns, At safepoint: 7220 ns, Total: 79233 ns
[2020-09-11T14:06:46.357+0000][1][safepoint    ] Safepoint "Cleanup", Time since last: 1000112498 ns, Reaching safepoint: 72587 ns, At safepoint: 7408 ns, Total: 79995 ns
[2020-09-11T14:06:47.358+0000][1][safepoint    ] Safepoint "Cleanup", Time since last: 1000118237 ns, Reaching safepoint: 92535 ns, At safepoint: 7300 ns, Total: 99835 ns
[2020-09-11T14:06:48.358+0000][1][safepoint    ] Safepoint "Cleanup", Time since last: 1000119758 ns, Reaching safepoint: 85606 ns, At safepoint: 7619 ns, Total: 93225 ns
[2020-09-11T14:06:49.480+0000][1][safepoint    ] Safepoint "Cleanup", Time since last: 1113097022 ns, Reaching safepoint: 611019 ns, At safepoint: 8623906 ns, Total: 9234925 ns
[2020-09-11T14:06:50.480+0000][1][safepoint    ] Safepoint "Cleanup", Time since last: 1000120856 ns, Reaching safepoint: 100036 ns, At safepoint: 7229 ns, Total: 107265 ns
[2020-09-11T14:06:50.692+0000][1][gc,start     ] GC(76) Pause Young (Allocation Failure)
[2020-09-11T14:06:50.692+0000][1][gc,task      ] GC(76) Using 1 workers of 1 for evacuation
[2020-09-11T14:06:50.712+0000][1][gc,age       ] GC(76) Desired survivor size 4358144 bytes, new threshold 6 (max threshold 6)
[2020-09-11T14:06:50.712+0000][1][gc,age       ] GC(76) Age table with threshold 6 (max threshold 6)
[2020-09-11T14:06:50.712+0000][1][gc,age       ] GC(76) - age   1:     307112 bytes,     307112 total
[2020-09-11T14:06:50.712+0000][1][gc,age       ] GC(76) - age   2:     161536 bytes,     468648 total
[2020-09-11T14:06:50.712+0000][1][gc,age       ] GC(76) - age   3:       8232 bytes,     476880 total
[2020-09-11T14:06:50.712+0000][1][gc,age       ] GC(76) - age   4:       7040 bytes,     483920 total
[2020-09-11T14:06:50.712+0000][1][gc,age       ] GC(76) - age   5:      13696 bytes,     497616 total
[2020-09-11T14:06:50.712+0000][1][gc,age       ] GC(76) - age   6:      32400 bytes,     530016 total
[2020-09-11T14:06:50.712+0000][1][gc,heap      ] GC(76) ParNew: 69474K->832K(76672K)
[2020-09-11T14:06:50.712+0000][1][gc,heap      ] GC(76) CMS: 66600K->67117K(439104K)
[2020-09-11T14:06:50.712+0000][1][gc,metaspace ] GC(76) Metaspace: 81666K->81666K(1124352K)
[2020-09-11T14:06:50.713+0000][1][gc           ] GC(76) Pause Young (Allocation Failure) 132M->66M(503M) 20.832ms
[2020-09-11T14:06:50.713+0000][1][gc,cpu       ] GC(76) User=0.00s Sys=0.00s Real=0.02s
[2020-09-11T14:06:50.726+0000][1][safepoint    ] Safepoint "GenCollectForAllocation", Time since last: 211076832 ns, Reaching safepoint: 232371 ns, At safepoint: 33841209 ns, Total: 34073580 ns
[2020-09-11T14:06:51.740+0000][1][safepoint    ] Safepoint "Cleanup", Time since last: 1013910068 ns, Reaching safepoint: 127349 ns, At safepoint: 7619 ns, Total: 134968 ns
[2020-09-11T14:06:52.260+0000][1][safepoint    ] Safepoint "RevokeBias", Time since last: 520283280 ns, Reaching safepoint: 89529 ns, At safepoint: 19400 ns, Total: 108929 ns
[2020-09-11T14:06:53.085+0000][1][safepoint    ] Safepoint "RevokeBias", Time since last: 824645432 ns, Reaching safepoint: 184311 ns, At safepoint: 47550 ns, Total: 231861 ns
[2020-09-11T14:06:53.089+0000][1][safepoint    ] Safepoint "RevokeBias", Time since last: 4409138 ns, Reaching safepoint: 176170 ns, At safepoint: 46432 ns, Total: 222602 ns
[2020-09-11T14:06:53.287+0000][1][safepoint    ] Safepoint "RevokeBias", Time since last: 193862435 ns, Reaching safepoint: 4118352 ns, At safepoint: 40353 ns, Total: 4158705 ns
[2020-09-11T14:06:53.288+0000][1][safepoint    ] Safepoint "RevokeBias", Time since last: 87421 ns, Reaching safepoint: 57244 ns, At safepoint: 12837 ns, Total: 70081 ns
[2020-09-11T14:06:54.032+0000][1][gc,start     ] GC(77) Pause Young (Allocation Failure)
[2020-09-11T14:06:54.033+0000][1][gc,task      ] GC(77) Using 1 workers of 1 for evacuation
[2020-09-11T14:06:54.047+0000][1][gc,age       ] GC(77) Desired survivor size 4358144 bytes, new threshold 6 (max threshold 6)
[2020-09-11T14:06:54.047+0000][1][gc,age       ] GC(77) Age table with threshold 6 (max threshold 6)
[2020-09-11T14:06:54.047+0000][1][gc,age       ] GC(77) - age   1:     646896 bytes,     646896 total
[2020-09-11T14:06:54.047+0000][1][gc,age       ] GC(77) - age   2:     226880 bytes,     873776 total
[2020-09-11T14:06:54.047+0000][1][gc,age       ] GC(77) - age   3:     150992 bytes,    1024768 total
[2020-09-11T14:06:54.047+0000][1][gc,age       ] GC(77) - age   4:       8232 bytes,    1033000 total
[2020-09-11T14:06:54.047+0000][1][gc,age       ] GC(77) - age   5:       7040 bytes,    1040040 total
[2020-09-11T14:06:54.047+0000][1][gc,age       ] GC(77) - age   6:      13696 bytes,    1053736 total
[2020-09-11T14:06:54.047+0000][1][gc,heap      ] GC(77) ParNew: 68992K->1192K(76672K)
[2020-09-11T14:06:54.047+0000][1][gc,heap      ] GC(77) CMS: 67117K->67149K(439104K)
[2020-09-11T14:06:54.047+0000][1][gc,metaspace ] GC(77) Metaspace: 81837K->81837K(1124352K)
[2020-09-11T14:06:54.047+0000][1][gc           ] GC(77) Pause Young (Allocation Failure) 132M->66M(503M) 14.819ms
[2020-09-11T14:06:54.047+0000][1][gc,cpu       ] GC(77) User=0.01s Sys=0.00s Real=0.02s
[2020-09-11T14:06:54.074+0000][1][safepoint    ] Safepoint "GenCollectForAllocation", Time since last: 744741604 ns, Reaching safepoint: 80816 ns, At safepoint: 41114601 ns, Total: 41195417 ns
[2020-09-11T14:06:54.419+0000][1][safepoint    ] Safepoint "RevokeBias", Time since last: 345429048 ns, Reaching safepoint: 159942 ns, At safepoint: 20776 ns, Total: 180718 ns
[2020-09-11T14:06:54.584+0000][1][safepoint    ] Safepoint "RevokeBias", Time since last: 163708431 ns, Reaching safepoint: 670090 ns, At safepoint: 23531 ns, Total: 693621 ns
[2020-09-11T14:06:54.612+0000][1][safepoint    ] Safepoint "RevokeBias", Time since last: 27846119 ns, Reaching safepoint: 1051358 ns, At safepoint: 17718 ns, Total: 1069076 ns
[2020-09-11T14:06:55.613+0000][1][safepoint    ] Safepoint "Cleanup", Time since last: 1000125746 ns, Reaching safepoint: 74583 ns, At safepoint: 6459 ns, Total: 81042 ns
[2020-09-11T14:06:56.613+0000][1][safepoint    ] Safepoint "Cleanup", Time since last: 1000111436 ns, Reaching safepoint: 81036 ns, At safepoint: 7342 ns, Total: 88378 ns
[2020-09-11T14:06:57.620+0000][1][safepoint    ] Safepoint "Cleanup", Time since last: 1006532923 ns, Reaching safepoint: 78329 ns, At safepoint: 9597 ns, Total: 87926 ns
[2020-09-11T14:06:58.620+0000][1][safepoint    ] Safepoint "Cleanup", Time since last: 1000119960 ns, Reaching safepoint: 78940 ns, At safepoint: 6733 ns, Total: 85673 ns
[2020-09-11T14:06:59.620+0000][1][safepoint    ] Safepoint "Cleanup", Time since last: 1000109751 ns, Reaching safepoint: 95819 ns, At safepoint: 7229 ns, Total: 103048 ns
[2020-09-11T14:07:00.620+0000][1][safepoint    ] Safepoint "Cleanup", Time since last: 1000114764 ns, Reaching safepoint: 84131 ns, At safepoint: 8573 ns, Total: 92704 ns
[2020-09-11T14:07:01.621+0000][1][safepoint    ] Safepoint "Cleanup", Time since last: 1000183521 ns, Reaching safepoint: 161423 ns, At safepoint: 19418 ns, Total: 180841 ns
[2020-09-11T14:07:02.621+0000][1][safepoint    ] Safepoint "Cleanup", Time since last: 1000220425 ns, Reaching safepoint: 142894 ns, At safepoint: 18078 ns, Total: 160972 ns
[2020-09-11T14:07:03.621+0000][1][safepoint    ] Safepoint "Cleanup", Time since last: 1000217257 ns, Reaching safepoint: 127980 ns, At safepoint: 16735 ns, Total: 144715 ns
[2020-09-11T14:07:04.622+0000][1][safepoint    ] Safepoint "Cleanup", Time since last: 1000212724 ns, Reaching safepoint: 99146 ns, At safepoint: 7018 ns, Total: 106164 ns
[2020-09-11T14:07:05.622+0000][1][safepoint    ] Safepoint "Cleanup", Time since last: 1000188845 ns, Reaching safepoint: 109525 ns, At safepoint: 6303 ns, Total: 115828 ns
[2020-09-11T14:07:06.622+0000][1][safepoint    ] Safepoint "Cleanup", Time since last: 1000151330 ns, Reaching safepoint: 115634 ns, At safepoint: 6087 ns, Total: 121721 ns
[2020-09-11T14:07:07.622+0000][1][safepoint    ] Safepoint "Cleanup", Time since last: 1000175529 ns, Reaching safepoint: 102609 ns, At safepoint: 7474 ns, Total: 110083 ns
[2020-09-11T14:07:08.623+0000][1][safepoint    ] Safepoint "Cleanup", Time since last: 1000173052 ns, Reaching safepoint: 101588 ns, At safepoint: 7620 ns, Total: 109208 ns
[2020-09-11T14:07:09.623+0000][1][safepoint    ] Safepoint "Cleanup", Time since last: 1000176819 ns, Reaching safepoint: 105145 ns, At safepoint: 7002 ns, Total: 112147 ns
[2020-09-11T14:07:10.624+0000][1][safepoint    ] Safepoint "Cleanup", Time since last: 1000914447 ns, Reaching safepoint: 102739 ns, At safepoint: 7162 ns, Total: 109901 ns
[2020-09-11T14:07:11.624+0000][1][safepoint    ] Safepoint "Cleanup", Time since last: 1000175782 ns, Reaching safepoint: 140252 ns, At safepoint: 17376 ns, Total: 157628 ns
[2020-09-11T14:07:12.625+0000][1][safepoint    ] Safepoint "Cleanup", Time since last: 1000210712 ns, Reaching safepoint: 152390 ns, At safepoint: 18509 ns, Total: 170899 ns
[2020-09-11T14:07:13.625+0000][1][safepoint    ] Safepoint "Cleanup", Time since last: 1000248790 ns, Reaching safepoint: 155714 ns, At safepoint: 18459 ns, Total: 174173 ns
[2020-09-11T14:07:14.626+0000][1][safepoint    ] Safepoint "Cleanup", Time since last: 1000175771 ns, Reaching safepoint: 152162 ns, At safepoint: 18122 ns, Total: 170284 ns
[2020-09-11T14:07:15.627+0000][1][safepoint    ] Safepoint "Cleanup", Time since last: 1000885952 ns, Reaching safepoint: 127801 ns, At safepoint: 6616 ns, Total: 134417 ns
[2020-09-11T14:07:16.627+0000][1][safepoint    ] Safepoint "Cleanup", Time since last: 1000204643 ns, Reaching safepoint: 106098 ns, At safepoint: 7699 ns, Total: 113797 ns
[2020-09-11T14:07:17.627+0000][1][safepoint    ] Safepoint "Cleanup", Time since last: 1000121873 ns, Reaching safepoint: 76727 ns, At safepoint: 9621 ns, Total: 86348 ns
[2020-09-11T14:07:18.627+0000][1][safepoint    ] Safepoint "Cleanup", Time since last: 1000183223 ns, Reaching safepoint: 206727 ns, At safepoint: 16662 ns, Total: 223389 ns
[2020-09-11T14:07:19.628+0000][1][safepoint    ] Safepoint "Cleanup", Time since last: 1000176138 ns, Reaching safepoint: 142129 ns, At safepoint: 18446 ns, Total: 160575 ns
[2020-09-11T14:07:20.629+0000][1][safepoint    ] Safepoint "Cleanup", Time since last: 1000990524 ns, Reaching safepoint: 83623 ns, At safepoint: 6792 ns, Total: 90415 ns
[2020-09-11T14:07:21.629+0000][1][safepoint    ] Safepoint "Cleanup", Time since last: 1000139780 ns, Reaching safepoint: 151090 ns, At safepoint: 17329 ns, Total: 168419 ns
[2020-09-11T14:07:22.630+0000][1][safepoint    ] Safepoint "Cleanup", Time since last: 1000208230 ns, Reaching safepoint: 203955 ns, At safepoint: 17403 ns, Total: 221358 ns
[2020-09-11T14:07:23.630+0000][1][safepoint    ] Safepoint "Cleanup", Time since last: 1000169918 ns, Reaching safepoint: 119409 ns, At safepoint: 6552 ns, Total: 125961 ns
[2020-09-11T14:07:24.630+0000][1][safepoint    ] Safepoint "Cleanup", Time since last: 1000161802 ns, Reaching safepoint: 111437 ns, At safepoint: 7799 ns, Total: 119236 ns
[2020-09-11T14:07:24.877+0000][1][gc,start     ] GC(78) Pause Young (Allocation Failure)
[2020-09-11T14:07:24.877+0000][1][gc,task      ] GC(78) Using 1 workers of 1 for evacuation
[2020-09-11T14:07:24.884+0000][1][gc,age       ] GC(78) Desired survivor size 4358144 bytes, new threshold 6 (max threshold 6)
[2020-09-11T14:07:24.884+0000][1][gc,age       ] GC(78) Age table with threshold 6 (max threshold 6)
[2020-09-11T14:07:24.884+0000][1][gc,age       ] GC(78) - age   1:     144232 bytes,     144232 total
[2020-09-11T14:07:24.884+0000][1][gc,age       ] GC(78) - age   2:     416472 bytes,     560704 total
[2020-09-11T14:07:24.884+0000][1][gc,age       ] GC(78) - age   3:     156536 bytes,     717240 total
[2020-09-11T14:07:24.884+0000][1][gc,age       ] GC(78) - age   4:     143592 bytes,     860832 total
[2020-09-11T14:07:24.884+0000][1][gc,age       ] GC(78) - age   5:       7912 bytes,     868744 total
[2020-09-11T14:07:24.884+0000][1][gc,age       ] GC(78) - age   6:       7040 bytes,     875784 total
[2020-09-11T14:07:24.884+0000][1][gc,heap      ] GC(78) ParNew: 69352K->920K(76672K)
[2020-09-11T14:07:24.884+0000][1][gc,heap      ] GC(78) CMS: 67149K->67162K(439104K)
[2020-09-11T14:07:24.884+0000][1][gc,metaspace ] GC(78) Metaspace: 81926K->81926K(1124352K)
[2020-09-11T14:07:24.884+0000][1][gc           ] GC(78) Pause Young (Allocation Failure) 133M->66M(503M) 6.918ms
[2020-09-11T14:07:24.884+0000][1][gc,cpu       ] GC(78) User=0.01s Sys=0.00s Real=0.01s
[2020-09-11T14:07:24.884+0000][1][safepoint    ] Safepoint "GenCollectForAllocation", Time since last: 246987253 ns, Reaching safepoint: 151877 ns, At safepoint: 6980461 ns, Total: 7132338 ns
[2020-09-11T14:07:25.886+0000][1][safepoint    ] Safepoint "Cleanup", Time since last: 1001195369 ns, Reaching safepoint: 72687 ns, At safepoint: 5596 ns, Total: 78283 ns
[2020-09-11T14:07:26.886+0000][1][safepoint    ] Safepoint "Cleanup", Time since last: 1000158735 ns, Reaching safepoint: 110258 ns, At safepoint: 6788 ns, Total: 117046 ns
[2020-09-11T14:07:27.886+0000][1][safepoint    ] Safepoint "Cleanup", Time since last: 1000184615 ns, Reaching safepoint: 113503 ns, At safepoint: 8815 ns, Total: 122318 ns
[2020-09-11T14:07:28.886+0000][1][safepoint    ] Safepoint "Cleanup", Time since last: 1000155769 ns, Reaching safepoint: 120070 ns, At safepoint: 6760 ns, Total: 126830 ns
[2020-09-11T14:07:29.887+0000][1][safepoint    ] Safepoint "Cleanup", Time since last: 1000108214 ns, Reaching safepoint: 78957 ns, At safepoint: 7691 ns, Total: 86648 ns
[2020-09-11T14:07:30.887+0000][1][safepoint    ] Safepoint "Cleanup", Time since last: 1000147565 ns, Reaching safepoint: 201865 ns, At safepoint: 9916 ns, Total: 211781 ns
[2020-09-11T14:07:31.887+0000][1][safepoint    ] Safepoint "Cleanup", Time since last: 1000140909 ns, Reaching safepoint: 162235 ns, At safepoint: 12883 ns, Total: 175118 ns
[2020-09-11T14:07:32.889+0000][1][safepoint    ] Safepoint "Cleanup", Time since last: 1001190684 ns, Reaching safepoint: 136807 ns, At safepoint: 14827 ns, Total: 151634 ns
[2020-09-11T14:07:33.889+0000][1][safepoint    ] Safepoint "Cleanup", Time since last: 1000223426 ns, Reaching safepoint: 97368 ns, At safepoint: 6260 ns, Total: 103628 ns
[2020-09-11T14:07:34.889+0000][1][safepoint    ] Safepoint "Cleanup", Time since last: 1000169475 ns, Reaching safepoint: 137008 ns, At safepoint: 16424 ns, Total: 153432 ns
[2020-09-11T14:07:35.891+0000][1][safepoint    ] Safepoint "Cleanup", Time since last: 1001120952 ns, Reaching safepoint: 250575 ns, At safepoint: 18857 ns, Total: 269432 ns
[2020-09-11T14:07:36.891+0000][1][safepoint    ] Safepoint "Cleanup", Time since last: 1000197411 ns, Reaching safepoint: 192498 ns, At safepoint: 18670 ns, Total: 211168 ns
[2020-09-11T14:07:37.891+0000][1][safepoint    ] Safepoint "Cleanup", Time since last: 1000228624 ns, Reaching safepoint: 114432 ns, At safepoint: 6512 ns, Total: 120944 ns
[2020-09-11T14:07:38.892+0000][1][safepoint    ] Safepoint "Cleanup", Time since last: 1000188319 ns, Reaching safepoint: 142226 ns, At safepoint: 17360 ns, Total: 159586 ns
[2020-09-11T14:07:39.892+0000][1][safepoint    ] Safepoint "Cleanup", Time since last: 1000234156 ns, Reaching safepoint: 104854 ns, At safepoint: 6483 ns, Total: 111337 ns
[2020-09-11T14:07:40.893+0000][1][safepoint    ] Safepoint "Cleanup", Time since last: 1000744143 ns, Reaching safepoint: 102569 ns, At safepoint: 5799 ns, Total: 108368 ns
[2020-09-11T14:07:41.893+0000][1][safepoint    ] Safepoint "Cleanup", Time since last: 1000162097 ns, Reaching safepoint: 146379 ns, At safepoint: 17223 ns, Total: 163602 ns
[2020-09-11T14:07:42.894+0000][1][safepoint    ] Safepoint "Cleanup", Time since last: 1000200533 ns, Reaching safepoint: 134198 ns, At safepoint: 15923 ns, Total: 150121 ns
[2020-09-11T14:07:43.894+0000][1][safepoint    ] Safepoint "Cleanup", Time since last: 1000279600 ns, Reaching safepoint: 70752 ns, At safepoint: 6361 ns, Total: 77113 ns
[2020-09-11T14:07:44.894+0000][1][safepoint    ] Safepoint "Cleanup", Time since last: 1000167204 ns, Reaching safepoint: 103873 ns, At safepoint: 5698 ns, Total: 109571 ns
[2020-09-11T14:07:45.895+0000][1][safepoint    ] Safepoint "Cleanup", Time since last: 1000865317 ns, Reaching safepoint: 134809 ns, At safepoint: 17096 ns, Total: 151905 ns
[2020-09-11T14:07:46.896+0000][1][safepoint    ] Safepoint "Cleanup", Time since last: 1000277015 ns, Reaching safepoint: 107702 ns, At safepoint: 6710 ns, Total: 114412 ns
[2020-09-11T14:07:47.896+0000][1][safepoint    ] Safepoint "Cleanup", Time since last: 1000195547 ns, Reaching safepoint: 94726 ns, At safepoint: 6506 ns, Total: 101232 ns
[2020-09-11T14:07:48.896+0000][1][safepoint    ] Safepoint "Cleanup", Time since last: 1000181425 ns, Reaching safepoint: 154712 ns, At safepoint: 17557 ns, Total: 172269 ns
[2020-09-11T14:07:49.897+0000][1][safepoint    ] Safepoint "Cleanup", Time since last: 1000219056 ns, Reaching safepoint: 104481 ns, At safepoint: 6718 ns, Total: 111199 ns
[2020-09-11T14:07:50.898+0000][1][safepoint    ] Safepoint "Cleanup", Time since last: 1000865375 ns, Reaching safepoint: 140235 ns, At safepoint: 16311 ns, Total: 156546 ns
[2020-09-11T14:07:51.898+0000][1][safepoint    ] Safepoint "Cleanup", Time since last: 1000221262 ns, Reaching safepoint: 143119 ns, At safepoint: 17380 ns, Total: 160499 ns
[2020-09-11T14:07:52.899+0000][1][safepoint    ] Safepoint "Cleanup", Time since last: 1000218221 ns, Reaching safepoint: 169786 ns, At safepoint: 17427 ns, Total: 187213 ns
[2020-09-11T14:07:53.899+0000][1][safepoint    ] Safepoint "Cleanup", Time since last: 1000183890 ns, Reaching safepoint: 101937 ns, At safepoint: 7120 ns, Total: 109057 ns
[2020-09-11T14:07:54.899+0000][1][safepoint    ] Safepoint "Cleanup", Time since last: 1000130957 ns, Reaching safepoint: 121202 ns, At safepoint: 6466 ns, Total: 127668 ns
[2020-09-11T14:07:55.900+0000][1][safepoint    ] Safepoint "Cleanup", Time since last: 1000794119 ns, Reaching safepoint: 115678 ns, At safepoint: 6966 ns, Total: 122644 ns
[2020-09-11T14:07:58.901+0000][1][safepoint    ] Safepoint "Cleanup", Time since last: 3000476169 ns, Reaching safepoint: 93994 ns, At safepoint: 5992 ns, Total: 99986 ns
[2020-09-11T14:08:01.901+0000][1][safepoint    ] Safepoint "Cleanup", Time since last: 3000362044 ns, Reaching safepoint: 123827 ns, At safepoint: 6190 ns, Total: 130017 ns
[2020-09-11T14:08:03.902+0000][1][safepoint    ] Safepoint "Cleanup", Time since last: 2000302476 ns, Reaching safepoint: 146516 ns, At safepoint: 17473 ns, Total: 163989 ns
[2020-09-11T14:08:06.902+0000][1][safepoint    ] Safepoint "Cleanup", Time since last: 3000491057 ns, Reaching safepoint: 100334 ns, At safepoint: 6265 ns, Total: 106599 ns
[2020-09-11T14:08:07.902+0000][1][safepoint    ] Safepoint "Cleanup", Time since last: 1000192441 ns, Reaching safepoint: 122780 ns, At safepoint: 6935 ns, Total: 129715 ns
[2020-09-11T14:08:09.903+0000][1][safepoint    ] Safepoint "Cleanup", Time since last: 2000321252 ns, Reaching safepoint: 140522 ns, At safepoint: 16969 ns, Total: 157491 ns
[2020-09-11T14:08:10.903+0000][1][safepoint    ] Safepoint "Cleanup", Time since last: 1000202963 ns, Reaching safepoint: 142109 ns, At safepoint: 17397 ns, Total: 159506 ns
[2020-09-11T14:08:12.073+0000][1][gc,start     ] GC(79) Pause Young (Allocation Failure)
[2020-09-11T14:08:12.073+0000][1][gc,task      ] GC(79) Using 1 workers of 1 for evacuation
[2020-09-11T14:08:12.079+0000][1][gc,age       ] GC(79) Desired survivor size 4358144 bytes, new threshold 6 (max threshold 6)
[2020-09-11T14:08:12.079+0000][1][gc,age       ] GC(79) Age table with threshold 6 (max threshold 6)
[2020-09-11T14:08:12.079+0000][1][gc,age       ] GC(79) - age   1:      26200 bytes,      26200 total
[2020-09-11T14:08:12.079+0000][1][gc,age       ] GC(79) - age   2:     120976 bytes,     147176 total
[2020-09-11T14:08:12.079+0000][1][gc,age       ] GC(79) - age   3:     416472 bytes,     563648 total
[2020-09-11T14:08:12.079+0000][1][gc,age       ] GC(79) - age   4:     156536 bytes,     720184 total
[2020-09-11T14:08:12.079+0000][1][gc,age       ] GC(79) - age   5:     141024 bytes,     861208 total
[2020-09-11T14:08:12.079+0000][1][gc,age       ] GC(79) - age   6:       7912 bytes,     869120 total
[2020-09-11T14:08:12.079+0000][1][gc,heap      ] GC(79) ParNew: 69072K->871K(76672K)
[2020-09-11T14:08:12.079+0000][1][gc,heap      ] GC(79) CMS: 67162K->67169K(439104K)
[2020-09-11T14:08:12.079+0000][1][gc,metaspace ] GC(79) Metaspace: 81965K->81965K(1124352K)
[2020-09-11T14:08:12.079+0000][1][gc           ] GC(79) Pause Young (Allocation Failure) 133M->66M(503M) 6.181ms
[2020-09-11T14:08:12.079+0000][1][gc,cpu       ] GC(79) User=0.00s Sys=0.00s Real=0.01s
[2020-09-11T14:08:12.079+0000][1][safepoint    ] Safepoint "GenCollectForAllocation", Time since last: 1169263998 ns, Reaching safepoint: 153198 ns, At safepoint: 6276073 ns, Total: 6429271 ns
[2020-09-11T14:08:13.083+0000][1][safepoint    ] Safepoint "Cleanup", Time since last: 1004240331 ns, Reaching safepoint: 133343 ns, At safepoint: 17794 ns, Total: 151137 ns
[2020-09-11T14:08:14.085+0000][1][safepoint    ] Safepoint "Cleanup", Time since last: 1001660557 ns, Reaching safepoint: 70347 ns, At safepoint: 6031 ns, Total: 76378 ns
[2020-09-11T14:08:15.085+0000][1][safepoint    ] Safepoint "Cleanup", Time since last: 1000170950 ns, Reaching safepoint: 95428 ns, At safepoint: 7008 ns, Total: 102436 ns
[2020-09-11T14:08:16.086+0000][1][safepoint    ] Safepoint "Cleanup", Time since last: 1000173808 ns, Reaching safepoint: 109753 ns, At safepoint: 6481 ns, Total: 116234 ns
[2020-09-11T14:08:17.086+0000][1][safepoint    ] Safepoint "Cleanup", Time since last: 1000174673 ns, Reaching safepoint: 97232 ns, At safepoint: 6808 ns, Total: 104040 ns
[2020-09-11T14:08:18.086+0000][1][safepoint    ] Safepoint "Cleanup", Time since last: 1000156561 ns, Reaching safepoint: 112175 ns, At safepoint: 7021 ns, Total: 119196 ns
[2020-09-11T14:08:19.087+0000][1][safepoint    ] Safepoint "Cleanup", Time since last: 1000144193 ns, Reaching safepoint: 145681 ns, At safepoint: 18646 ns, Total: 164327 ns
[2020-09-11T14:08:20.087+0000][1][safepoint    ] Safepoint "Cleanup", Time since last: 1000209641 ns, Reaching safepoint: 142470 ns, At safepoint: 14948 ns, Total: 157418 ns
[2020-09-11T14:08:21.087+0000][1][safepoint    ] Safepoint "Cleanup", Time since last: 1000140594 ns, Reaching safepoint: 74461 ns, At safepoint: 5523 ns, Total: 79984 ns
[2020-09-11T14:08:22.088+0000][1][safepoint    ] Safepoint "Cleanup", Time since last: 1000691537 ns, Reaching safepoint: 134883 ns, At safepoint: 16431 ns, Total: 151314 ns
[2020-09-11T14:08:23.088+0000][1][safepoint    ] Safepoint "Cleanup", Time since last: 1000137123 ns, Reaching safepoint: 74704 ns, At safepoint: 6628 ns, Total: 81332 ns
[2020-09-11T14:08:24.089+0000][1][safepoint    ] Safepoint "Cleanup", Time since last: 1000187235 ns, Reaching safepoint: 378322 ns, At safepoint: 19103 ns, Total: 397425 ns
[2020-09-11T14:08:25.089+0000][1][safepoint    ] Safepoint "Cleanup", Time since last: 1000185201 ns, Reaching safepoint: 110394 ns, At safepoint: 7128 ns, Total: 117522 ns
[2020-09-11T14:08:26.089+0000][1][safepoint    ] Safepoint "Cleanup", Time since last: 1000197264 ns, Reaching safepoint: 100254 ns, At safepoint: 6730 ns, Total: 106984 ns
[2020-09-11T14:08:27.090+0000][1][safepoint    ] Safepoint "Cleanup", Time since last: 1000768301 ns, Reaching safepoint: 119530 ns, At safepoint: 16812 ns, Total: 136342 ns
[2020-09-11T14:08:28.091+0000][1][safepoint    ] Safepoint "Cleanup", Time since last: 1000189472 ns, Reaching safepoint: 94044 ns, At safepoint: 7292 ns, Total: 101336 ns
[2020-09-11T14:08:29.091+0000][1][safepoint    ] Safepoint "Cleanup", Time since last: 1000162530 ns, Reaching safepoint: 101790 ns, At safepoint: 7304 ns, Total: 109094 ns
[2020-09-11T14:08:30.091+0000][1][safepoint    ] Safepoint "Cleanup", Time since last: 1000172186 ns, Reaching safepoint: 92285 ns, At safepoint: 5679 ns, Total: 97964 ns
[2020-09-11T14:08:31.091+0000][1][safepoint    ] Safepoint "Cleanup", Time since last: 1000165303 ns, Reaching safepoint: 152577 ns, At safepoint: 15516 ns, Total: 168093 ns
[2020-09-11T14:08:32.093+0000][1][safepoint    ] Safepoint "Cleanup", Time since last: 1000926460 ns, Reaching safepoint: 124299 ns, At safepoint: 16324 ns, Total: 140623 ns
[2020-09-11T14:08:33.093+0000][1][safepoint    ] Safepoint "Cleanup", Time since last: 1000161356 ns, Reaching safepoint: 114286 ns, At safepoint: 6667 ns, Total: 120953 ns
[2020-09-11T14:08:34.093+0000][1][safepoint    ] Safepoint "Cleanup", Time since last: 1000141680 ns, Reaching safepoint: 121876 ns, At safepoint: 15763 ns, Total: 137639 ns
[2020-09-11T14:08:35.093+0000][1][safepoint    ] Safepoint "Cleanup", Time since last: 1000179760 ns, Reaching safepoint: 117041 ns, At safepoint: 16739 ns, Total: 133780 ns
[2020-09-11T14:08:36.094+0000][1][safepoint    ] Safepoint "Cleanup", Time since last: 1000162351 ns, Reaching safepoint: 122190 ns, At safepoint: 15656 ns, Total: 137846 ns
[2020-09-11T14:08:37.095+0000][1][safepoint    ] Safepoint "Cleanup", Time since last: 1000956786 ns, Reaching safepoint: 151444 ns, At safepoint: 18375 ns, Total: 169819 ns
[2020-09-11T14:08:38.095+0000][1][safepoint    ] Safepoint "Cleanup", Time since last: 1000212833 ns, Reaching safepoint: 130295 ns, At safepoint: 16702 ns, Total: 146997 ns
[2020-09-11T14:08:39.096+0000][1][safepoint    ] Safepoint "Cleanup", Time since last: 1000412097 ns, Reaching safepoint: 124332 ns, At safepoint: 15993 ns, Total: 140325 ns
[2020-09-11T14:08:40.096+0000][1][safepoint    ] Safepoint "Cleanup", Time since last: 1000210355 ns, Reaching safepoint: 98087 ns, At safepoint: 5767 ns, Total: 103854 ns
[2020-09-11T14:08:41.096+0000][1][safepoint    ] Safepoint "Cleanup", Time since last: 1000184851 ns, Reaching safepoint: 133109 ns, At safepoint: 16661 ns, Total: 149770 ns
[2020-09-11T14:08:42.098+0000][1][safepoint    ] Safepoint "Cleanup", Time since last: 1001207977 ns, Reaching safepoint: 95447 ns, At safepoint: 5704 ns, Total: 101151 ns
[2020-09-11T14:08:43.098+0000][1][safepoint    ] Safepoint "Cleanup", Time since last: 1000183536 ns, Reaching safepoint: 133279 ns, At safepoint: 16505 ns, Total: 149784 ns
[2020-09-11T14:08:44.098+0000][1][safepoint    ] Safepoint "Cleanup", Time since last: 1000197356 ns, Reaching safepoint: 145454 ns, At safepoint: 16738 ns, Total: 162192 ns
[2020-09-11T14:08:45.099+0000][1][safepoint    ] Safepoint "Cleanup", Time since last: 1000220631 ns, Reaching safepoint: 143068 ns, At safepoint: 18673 ns, Total: 161741 ns
[2020-09-11T14:08:46.099+0000][1][safepoint    ] Safepoint "Cleanup", Time since last: 1000213567 ns, Reaching safepoint: 121309 ns, At safepoint: 15729 ns, Total: 137038 ns
[2020-09-11T14:08:47.100+0000][1][safepoint    ] Safepoint "Cleanup", Time since last: 1000966738 ns, Reaching safepoint: 101028 ns, At safepoint: 7197 ns, Total: 108225 ns
[2020-09-11T14:08:48.101+0000][1][safepoint    ] Safepoint "Cleanup", Time since last: 1000170980 ns, Reaching safepoint: 134673 ns, At safepoint: 18769 ns, Total: 153442 ns
[2020-09-11T14:08:49.101+0000][1][safepoint    ] Safepoint "Cleanup", Time since last: 1000206892 ns, Reaching safepoint: 134315 ns, At safepoint: 17684 ns, Total: 151999 ns
[2020-09-11T14:08:50.101+0000][1][safepoint    ] Safepoint "Cleanup", Time since last: 1000217642 ns, Reaching safepoint: 96132 ns, At safepoint: 5950 ns, Total: 102082 ns
[2020-09-11T14:08:51.101+0000][1][safepoint    ] Safepoint "Cleanup", Time since last: 1000147866 ns, Reaching safepoint: 105411 ns, At safepoint: 7505 ns, Total: 112916 ns
[2020-09-11T14:08:52.102+0000][1][safepoint    ] Safepoint "Cleanup", Time since last: 1000758982 ns, Reaching safepoint: 129023 ns, At safepoint: 16578 ns, Total: 145601 ns
[2020-09-11T14:08:53.103+0000][1][safepoint    ] Safepoint "Cleanup", Time since last: 1000220411 ns, Reaching safepoint: 129019 ns, At safepoint: 17828 ns, Total: 146847 ns
[2020-09-11T14:08:54.103+0000][1][safepoint    ] Safepoint "Cleanup", Time since last: 1000195437 ns, Reaching safepoint: 68665 ns, At safepoint: 7645 ns, Total: 76310 ns
[2020-09-11T14:08:55.103+0000][1][safepoint    ] Safepoint "Cleanup", Time since last: 1000206493 ns, Reaching safepoint: 167632 ns, At safepoint: 72710 ns, Total: 240342 ns
[2020-09-11T14:08:56.104+0000][1][safepoint    ] Safepoint "Cleanup", Time since last: 1000197015 ns, Reaching safepoint: 131746 ns, At safepoint: 17156 ns, Total: 148902 ns
[2020-09-11T14:08:57.105+0000][1][safepoint    ] Safepoint "Cleanup", Time since last: 1000996184 ns, Reaching safepoint: 134097 ns, At safepoint: 18974 ns, Total: 153071 ns
[2020-09-11T14:08:57.428+0000][1][gc,start     ] GC(80) Pause Young (Allocation Failure)
[2020-09-11T14:08:57.428+0000][1][gc,task      ] GC(80) Using 1 workers of 1 for evacuation
[2020-09-11T14:08:57.435+0000][1][gc,age       ] GC(80) Desired survivor size 4358144 bytes, new threshold 6 (max threshold 6)
[2020-09-11T14:08:57.435+0000][1][gc,age       ] GC(80) Age table with threshold 6 (max threshold 6)
[2020-09-11T14:08:57.435+0000][1][gc,age       ] GC(80) - age   1:      25272 bytes,      25272 total
[2020-09-11T14:08:57.435+0000][1][gc,age       ] GC(80) - age   2:       7904 bytes,      33176 total
[2020-09-11T14:08:57.435+0000][1][gc,age       ] GC(80) - age   3:     118496 bytes,     151672 total
[2020-09-11T14:08:57.435+0000][1][gc,age       ] GC(80) - age   4:     416472 bytes,     568144 total
[2020-09-11T14:08:57.435+0000][1][gc,age       ] GC(80) - age   5:     156536 bytes,     724680 total
[2020-09-11T14:08:57.435+0000][1][gc,age       ] GC(80) - age   6:     141024 bytes,     865704 total
[2020-09-11T14:08:57.435+0000][1][gc,heap      ] GC(80) ParNew: 69031K->854K(76672K)
[2020-09-11T14:08:57.435+0000][1][gc,heap      ] GC(80) CMS: 67169K->67177K(439104K)
[2020-09-11T14:08:57.435+0000][1][gc,metaspace ] GC(80) Metaspace: 81977K->81977K(1124352K)
[2020-09-11T14:08:57.435+0000][1][gc           ] GC(80) Pause Young (Allocation Failure) 133M->66M(503M) 6.770ms
[2020-09-11T14:08:57.435+0000][1][gc,cpu       ] GC(80) User=0.01s Sys=0.00s Real=0.00s
[2020-09-11T14:08:57.435+0000][1][safepoint    ] Safepoint "GenCollectForAllocation", Time since last: 322871858 ns, Reaching safepoint: 211340 ns, At safepoint: 6831661 ns, Total: 7043001 ns
[2020-09-11T14:08:58.440+0000][1][safepoint    ] Safepoint "Cleanup", Time since last: 1004706522 ns, Reaching safepoint: 79007 ns, At safepoint: 7262 ns, Total: 86269 ns
[2020-09-11T14:08:59.440+0000][1][safepoint    ] Safepoint "Cleanup", Time since last: 1000149310 ns, Reaching safepoint: 120025 ns, At safepoint: 7784 ns, Total: 127809 ns
[2020-09-11T14:09:00.440+0000][1][safepoint    ] Safepoint "Cleanup", Time since last: 1000172369 ns, Reaching safepoint: 100370 ns, At safepoint: 8427 ns, Total: 108797 ns
[2020-09-11T14:09:01.440+0000][1][safepoint    ] Safepoint "Cleanup", Time since last: 1000187105 ns, Reaching safepoint: 96181 ns, At safepoint: 5918 ns, Total: 102099 ns
[2020-09-11T14:09:02.444+0000][1][safepoint    ] Safepoint "Cleanup", Time since last: 1002941239 ns, Reaching safepoint: 223325 ns, At safepoint: 16705 ns, Total: 240030 ns
[2020-09-11T14:09:03.444+0000][1][safepoint    ] Safepoint "Cleanup", Time since last: 1000197435 ns, Reaching safepoint: 139072 ns, At safepoint: 17811 ns, Total: 156883 ns
[2020-09-11T14:09:04.444+0000][1][safepoint    ] Safepoint "Cleanup", Time since last: 1000191809 ns, Reaching safepoint: 123607 ns, At safepoint: 16865 ns, Total: 140472 ns
[2020-09-11T14:09:05.445+0000][1][safepoint    ] Safepoint "Cleanup", Time since last: 1000189851 ns, Reaching safepoint: 131354 ns, At safepoint: 16976 ns, Total: 148330 ns
[2020-09-11T14:09:06.445+0000][1][safepoint    ] Safepoint "Cleanup", Time since last: 1000235615 ns, Reaching safepoint: 94371 ns, At safepoint: 6932 ns, Total: 101303 ns
[2020-09-11T14:09:07.445+0000][1][safepoint    ] Safepoint "Cleanup", Time since last: 1000190591 ns, Reaching safepoint: 86581 ns, At safepoint: 5990 ns, Total: 92571 ns
[2020-09-11T14:09:08.446+0000][1][safepoint    ] Safepoint "Cleanup", Time since last: 1000152027 ns, Reaching safepoint: 120517 ns, At safepoint: 7509 ns, Total: 128026 ns
[2020-09-11T14:09:09.446+0000][1][safepoint    ] Safepoint "Cleanup", Time since last: 1000202704 ns, Reaching safepoint: 89473 ns, At safepoint: 6825 ns, Total: 96298 ns
[2020-09-11T14:09:10.446+0000][1][safepoint    ] Safepoint "Cleanup", Time since last: 1000169362 ns, Reaching safepoint: 142658 ns, At safepoint: 19955 ns, Total: 162613 ns
[2020-09-11T14:09:11.447+0000][1][safepoint    ] Safepoint "Cleanup", Time since last: 1000201343 ns, Reaching safepoint: 131281 ns, At safepoint: 17447 ns, Total: 148728 ns
[2020-09-11T14:09:12.447+0000][1][safepoint    ] Safepoint "Cleanup", Time since last: 1000190507 ns, Reaching safepoint: 141765 ns, At safepoint: 19775 ns, Total: 161540 ns
[2020-09-11T14:09:13.447+0000][1][safepoint    ] Safepoint "Cleanup", Time since last: 1000223308 ns, Reaching safepoint: 130022 ns, At safepoint: 18148 ns, Total: 148170 ns
[2020-09-11T14:09:14.448+0000][1][safepoint    ] Safepoint "Cleanup", Time since last: 1000250585 ns, Reaching safepoint: 135481 ns, At safepoint: 18643 ns, Total: 154124 ns
[2020-09-11T14:09:15.448+0000][1][safepoint    ] Safepoint "Cleanup", Time since last: 1000203077 ns, Reaching safepoint: 73349 ns, At safepoint: 6796 ns, Total: 80145 ns
[2020-09-11T14:09:16.448+0000][1][safepoint    ] Safepoint "Cleanup", Time since last: 1000145708 ns, Reaching safepoint: 144448 ns, At safepoint: 18543 ns, Total: 162991 ns
[2020-09-11T14:09:17.449+0000][1][safepoint    ] Safepoint "Cleanup", Time since last: 1000217452 ns, Reaching safepoint: 104595 ns, At safepoint: 7934 ns, Total: 112529 ns
[2020-09-11T14:09:18.449+0000][1][safepoint    ] Safepoint "Cleanup", Time since last: 1000203182 ns, Reaching safepoint: 101861 ns, At safepoint: 7657 ns, Total: 109518 ns
[2020-09-11T14:09:19.449+0000][1][safepoint    ] Safepoint "Cleanup", Time since last: 1000178186 ns, Reaching safepoint: 127409 ns, At safepoint: 18172 ns, Total: 145581 ns
[2020-09-11T14:09:20.450+0000][1][safepoint    ] Safepoint "Cleanup", Time since last: 1000214205 ns, Reaching safepoint: 146760 ns, At safepoint: 20537 ns, Total: 167297 ns
[2020-09-11T14:09:21.450+0000][1][safepoint    ] Safepoint "Cleanup", Time since last: 1000216996 ns, Reaching safepoint: 133086 ns, At safepoint: 18693 ns, Total: 151779 ns
[2020-09-11T14:09:22.450+0000][1][safepoint    ] Safepoint "Cleanup", Time since last: 1000220704 ns, Reaching safepoint: 97726 ns, At safepoint: 8799 ns, Total: 106525 ns
[2020-09-11T14:09:23.451+0000][1][safepoint    ] Safepoint "Cleanup", Time since last: 1000182406 ns, Reaching safepoint: 121236 ns, At safepoint: 16600 ns, Total: 137836 ns
[2020-09-11T14:09:24.451+0000][1][safepoint    ] Safepoint "Cleanup", Time since last: 1000184251 ns, Reaching safepoint: 73665 ns, At safepoint: 7210 ns, Total: 80875 ns
[2020-09-11T14:09:25.451+0000][1][safepoint    ] Safepoint "Cleanup", Time since last: 1000187140 ns, Reaching safepoint: 164164 ns, At safepoint: 19023 ns, Total: 183187 ns
[2020-09-11T14:09:26.452+0000][1][safepoint    ] Safepoint "Cleanup", Time since last: 1000235140 ns, Reaching safepoint: 75112 ns, At safepoint: 8178 ns, Total: 83290 ns
[2020-09-11T14:09:27.452+0000][1][safepoint    ] Safepoint "Cleanup", Time since last: 1000147359 ns, Reaching safepoint: 140031 ns, At safepoint: 17955 ns, Total: 157986 ns
[2020-09-11T14:09:28.452+0000][1][safepoint    ] Safepoint "Cleanup", Time since last: 1000220237 ns, Reaching safepoint: 141017 ns, At safepoint: 19562 ns, Total: 160579 ns
[2020-09-11T14:09:29.453+0000][1][safepoint    ] Safepoint "Cleanup", Time since last: 1000222405 ns, Reaching safepoint: 96345 ns, At safepoint: 8025 ns, Total: 104370 ns
[2020-09-11T14:09:30.453+0000][1][safepoint    ] Safepoint "Cleanup", Time since last: 1000177962 ns, Reaching safepoint: 94950 ns, At safepoint: 9141 ns, Total: 104091 ns
[2020-09-11T14:09:31.453+0000][1][safepoint    ] Safepoint "Cleanup", Time since last: 1000181437 ns, Reaching safepoint: 96635 ns, At safepoint: 6915 ns, Total: 103550 ns
[2020-09-11T14:09:32.454+0000][1][safepoint    ] Safepoint "Cleanup", Time since last: 1000865936 ns, Reaching safepoint: 133891 ns, At safepoint: 18495 ns, Total: 152386 ns
[2020-09-11T14:09:33.455+0000][1][safepoint    ] Safepoint "Cleanup", Time since last: 1000208609 ns, Reaching safepoint: 100353 ns, At safepoint: 8940 ns, Total: 109293 ns
[2020-09-11T14:09:34.455+0000][1][safepoint    ] Safepoint "Cleanup", Time since last: 1000174522 ns, Reaching safepoint: 128341 ns, At safepoint: 23754 ns, Total: 152095 ns
[2020-09-11T14:09:35.455+0000][1][safepoint    ] Safepoint "Cleanup", Time since last: 1000184588 ns, Reaching safepoint: 112932 ns, At safepoint: 6478 ns, Total: 119410 ns
[2020-09-11T14:09:36.455+0000][1][safepoint    ] Safepoint "Cleanup", Time since last: 1000166092 ns, Reaching safepoint: 144022 ns, At safepoint: 6699 ns, Total: 150721 ns
[2020-09-11T14:09:37.456+0000][1][safepoint    ] Safepoint "Cleanup", Time since last: 1000800116 ns, Reaching safepoint: 106651 ns, At safepoint: 8334 ns, Total: 114985 ns
[2020-09-11T14:09:38.457+0000][1][safepoint    ] Safepoint "Cleanup", Time since last: 1000169633 ns, Reaching safepoint: 107644 ns, At safepoint: 8354 ns, Total: 115998 ns
[2020-09-11T14:09:39.457+0000][1][safepoint    ] Safepoint "Cleanup", Time since last: 1000119822 ns, Reaching safepoint: 75039 ns, At safepoint: 8234 ns, Total: 83273 ns
[2020-09-11T14:09:40.457+0000][1][safepoint    ] Safepoint "Cleanup", Time since last: 1000333616 ns, Reaching safepoint: 143168 ns, At safepoint: 19371 ns, Total: 162539 ns
[2020-09-11T14:09:41.458+0000][1][safepoint    ] Safepoint "Cleanup", Time since last: 1000295037 ns, Reaching safepoint: 79679 ns, At safepoint: 8133 ns, Total: 87812 ns
[2020-09-11T14:09:42.459+0000][1][safepoint    ] Safepoint "Cleanup", Time since last: 1000939751 ns, Reaching safepoint: 103817 ns, At safepoint: 9068 ns, Total: 112885 ns
[2020-09-11T14:09:42.497+0000][1][gc,start     ] GC(81) Pause Young (Allocation Failure)
[2020-09-11T14:09:42.497+0000][1][gc,task      ] GC(81) Using 1 workers of 1 for evacuation
[2020-09-11T14:09:42.509+0000][1][gc,age       ] GC(81) Desired survivor size 4358144 bytes, new threshold 6 (max threshold 6)
[2020-09-11T14:09:42.510+0000][1][gc,age       ] GC(81) Age table with threshold 6 (max threshold 6)
[2020-09-11T14:09:42.510+0000][1][gc,age       ] GC(81) - age   1:      26168 bytes,      26168 total
[2020-09-11T14:09:42.510+0000][1][gc,age       ] GC(81) - age   2:       6264 bytes,      32432 total
[2020-09-11T14:09:42.510+0000][1][gc,age       ] GC(81) - age   3:       5000 bytes,      37432 total
[2020-09-11T14:09:42.510+0000][1][gc,age       ] GC(81) - age   4:     115744 bytes,     153176 total
[2020-09-11T14:09:42.510+0000][1][gc,age       ] GC(81) - age   5:     416472 bytes,     569648 total
[2020-09-11T14:09:42.510+0000][1][gc,age       ] GC(81) - age   6:     156536 bytes,     726184 total
[2020-09-11T14:09:42.510+0000][1][gc,heap      ] GC(81) ParNew: 69014K->847K(76672K)
[2020-09-11T14:09:42.510+0000][1][gc,heap      ] GC(81) CMS: 67177K->67315K(439104K)
[2020-09-11T14:09:42.510+0000][1][gc,metaspace ] GC(81) Metaspace: 82011K->82011K(1124352K)
[2020-09-11T14:09:42.510+0000][1][gc           ] GC(81) Pause Young (Allocation Failure) 132M->66M(503M) 12.857ms
[2020-09-11T14:09:42.510+0000][1][gc,cpu       ] GC(81) User=0.01s Sys=0.00s Real=0.01s
[2020-09-11T14:09:42.510+0000][1][safepoint    ] Safepoint "GenCollectForAllocation", Time since last: 37680246 ns, Reaching safepoint: 238039 ns, At safepoint: 12952302 ns, Total: 13190341 ns
[2020-09-11T14:09:43.513+0000][1][safepoint    ] Safepoint "Cleanup", Time since last: 1003391536 ns, Reaching safepoint: 189522 ns, At safepoint: 19130 ns, Total: 208652 ns
[2020-09-11T14:09:44.514+0000][1][safepoint    ] Safepoint "Cleanup", Time since last: 1000104908 ns, Reaching safepoint: 189103 ns, At safepoint: 9536 ns, Total: 198639 ns
[2020-09-11T14:09:45.514+0000][1][safepoint    ] Safepoint "Cleanup", Time since last: 1000143210 ns, Reaching safepoint: 162680 ns, At safepoint: 17129 ns, Total: 179809 ns
[2020-09-11T14:09:46.514+0000][1][safepoint    ] Safepoint "Cleanup", Time since last: 1000217471 ns, Reaching safepoint: 143997 ns, At safepoint: 19545 ns, Total: 163542 ns
[2020-09-11T14:09:47.516+0000][1][safepoint    ] Safepoint "Cleanup", Time since last: 1001233782 ns, Reaching safepoint: 227268 ns, At safepoint: 18172 ns, Total: 245440 ns
[2020-09-11T14:09:48.516+0000][1][safepoint    ] Safepoint "Cleanup", Time since last: 1000204177 ns, Reaching safepoint: 133567 ns, At safepoint: 17981 ns, Total: 151548 ns
[2020-09-11T14:09:49.516+0000][1][safepoint    ] Safepoint "Cleanup", Time since last: 1000233143 ns, Reaching safepoint: 95626 ns, At safepoint: 9363 ns, Total: 104989 ns
[2020-09-11T14:09:50.517+0000][1][safepoint    ] Safepoint "Cleanup", Time since last: 1000142545 ns, Reaching safepoint: 114095 ns, At safepoint: 7080 ns, Total: 121175 ns
[2020-09-11T14:09:51.517+0000][1][safepoint    ] Safepoint "Cleanup", Time since last: 1000171031 ns, Reaching safepoint: 135243 ns, At safepoint: 18767 ns, Total: 154010 ns
[2020-09-11T14:09:52.518+0000][1][safepoint    ] Safepoint "Cleanup", Time since last: 1001072581 ns, Reaching safepoint: 140282 ns, At safepoint: 18258 ns, Total: 158540 ns
[2020-09-11T14:09:53.519+0000][1][safepoint    ] Safepoint "Cleanup", Time since last: 1000223814 ns, Reaching safepoint: 131889 ns, At safepoint: 18152 ns, Total: 150041 ns
[2020-09-11T14:09:54.519+0000][1][safepoint    ] Safepoint "Cleanup", Time since last: 1000225073 ns, Reaching safepoint: 139584 ns, At safepoint: 17894 ns, Total: 157478 ns
[2020-09-11T14:09:55.519+0000][1][safepoint    ] Safepoint "Cleanup", Time since last: 1000217927 ns, Reaching safepoint: 159659 ns, At safepoint: 17073 ns, Total: 176732 ns
[2020-09-11T14:09:56.520+0000][1][safepoint    ] Safepoint "Cleanup", Time since last: 1000175646 ns, Reaching safepoint: 124827 ns, At safepoint: 15753 ns, Total: 140580 ns
[2020-09-11T14:09:57.521+0000][1][safepoint    ] Safepoint "Cleanup", Time since last: 1001009428 ns, Reaching safepoint: 134037 ns, At safepoint: 18433 ns, Total: 152470 ns
[2020-09-11T14:09:58.521+0000][1][safepoint    ] Safepoint "Cleanup", Time since last: 1000183474 ns, Reaching safepoint: 143907 ns, At safepoint: 18051 ns, Total: 161958 ns
[2020-09-11T14:09:59.522+0000][1][safepoint    ] Safepoint "Cleanup", Time since last: 1000218997 ns, Reaching safepoint: 130379 ns, At safepoint: 18045 ns, Total: 148424 ns
[2020-09-11T14:10:00.522+0000][1][safepoint    ] Safepoint "Cleanup", Time since last: 1000206673 ns, Reaching safepoint: 137419 ns, At safepoint: 19037 ns, Total: 156456 ns
[2020-09-11T14:10:01.522+0000][1][safepoint    ] Safepoint "Cleanup", Time since last: 1000241318 ns, Reaching safepoint: 101602 ns, At safepoint: 8598 ns, Total: 110200 ns
[2020-09-11T14:10:02.523+0000][1][safepoint    ] Safepoint "Cleanup", Time since last: 1000921867 ns, Reaching safepoint: 180588 ns, At safepoint: 16642 ns, Total: 197230 ns
[2020-09-11T14:10:03.524+0000][1][safepoint    ] Safepoint "Cleanup", Time since last: 1000175608 ns, Reaching safepoint: 133359 ns, At safepoint: 18446 ns, Total: 151805 ns
[2020-09-11T14:10:04.524+0000][1][safepoint    ] Safepoint "Cleanup", Time since last: 1000212025 ns, Reaching safepoint: 100647 ns, At safepoint: 8532 ns, Total: 109179 ns
[2020-09-11T14:10:05.524+0000][1][safepoint    ] Safepoint "Cleanup", Time since last: 1000138113 ns, Reaching safepoint: 131979 ns, At safepoint: 17089 ns, Total: 149068 ns
[2020-09-11T14:10:06.525+0000][1][safepoint    ] Safepoint "Cleanup", Time since last: 1000207845 ns, Reaching safepoint: 127052 ns, At safepoint: 17089 ns, Total: 144141 ns
[2020-09-11T14:10:07.526+0000][1][safepoint    ] Safepoint "Cleanup", Time since last: 1000956047 ns, Reaching safepoint: 134131 ns, At safepoint: 19224 ns, Total: 153355 ns
[2020-09-11T14:10:08.526+0000][1][safepoint    ] Safepoint "Cleanup", Time since last: 1000210802 ns, Reaching safepoint: 130476 ns, At safepoint: 18779 ns, Total: 149255 ns
[2020-09-11T14:10:09.527+0000][1][safepoint    ] Safepoint "Cleanup", Time since last: 1000218421 ns, Reaching safepoint: 134084 ns, At safepoint: 18506 ns, Total: 152590 ns
[2020-09-11T14:10:10.527+0000][1][safepoint    ] Safepoint "Cleanup", Time since last: 1000241930 ns, Reaching safepoint: 133169 ns, At safepoint: 17904 ns, Total: 151073 ns
[2020-09-11T14:10:11.527+0000][1][safepoint    ] Safepoint "Cleanup", Time since last: 1000209196 ns, Reaching safepoint: 149439 ns, At safepoint: 20066 ns, Total: 169505 ns
[2020-09-11T14:10:12.529+0000][1][safepoint    ] Safepoint "Cleanup", Time since last: 1001128080 ns, Reaching safepoint: 131495 ns, At safepoint: 19225 ns, Total: 150720 ns
[2020-09-11T14:10:13.529+0000][1][safepoint    ] Safepoint "Cleanup", Time since last: 1000235432 ns, Reaching safepoint: 141923 ns, At safepoint: 18018 ns, Total: 159941 ns
[2020-09-11T14:10:14.529+0000][1][safepoint    ] Safepoint "Cleanup", Time since last: 1000228234 ns, Reaching safepoint: 99859 ns, At safepoint: 7067 ns, Total: 106926 ns
[2020-09-11T14:10:15.530+0000][1][safepoint    ] Safepoint "Cleanup", Time since last: 1000183418 ns, Reaching safepoint: 141051 ns, At safepoint: 19655 ns, Total: 160706 ns
[2020-09-11T14:10:16.530+0000][1][safepoint    ] Safepoint "Cleanup", Time since last: 1000240881 ns, Reaching safepoint: 179762 ns, At safepoint: 19164 ns, Total: 198926 ns
[2020-09-11T14:10:17.531+0000][1][safepoint    ] Safepoint "Cleanup", Time since last: 1000213453 ns, Reaching safepoint: 134699 ns, At safepoint: 18018 ns, Total: 152717 ns
[2020-09-11T14:10:18.531+0000][1][safepoint    ] Safepoint "Cleanup", Time since last: 1000209271 ns, Reaching safepoint: 130557 ns, At safepoint: 19067 ns, Total: 149624 ns
[2020-09-11T14:10:19.531+0000][1][safepoint    ] Safepoint "Cleanup", Time since last: 1000340136 ns, Reaching safepoint: 131472 ns, At safepoint: 17851 ns, Total: 149323 ns
[2020-09-11T14:10:20.532+0000][1][safepoint    ] Safepoint "Cleanup", Time since last: 1000258996 ns, Reaching safepoint: 130031 ns, At safepoint: 17941 ns, Total: 147972 ns
[2020-09-11T14:10:21.532+0000][1][safepoint    ] Safepoint "Cleanup", Time since last: 1000216801 ns, Reaching safepoint: 141287 ns, At safepoint: 19224 ns, Total: 160511 ns
[2020-09-11T14:10:22.532+0000][1][safepoint    ] Safepoint "Cleanup", Time since last: 1000160798 ns, Reaching safepoint: 68929 ns, At safepoint: 7346 ns, Total: 76275 ns
[2020-09-11T14:10:23.533+0000][1][safepoint    ] Safepoint "Cleanup", Time since last: 1000165353 ns, Reaching safepoint: 99911 ns, At safepoint: 8573 ns, Total: 108484 ns
[2020-09-11T14:10:24.533+0000][1][safepoint    ] Safepoint "Cleanup", Time since last: 1000177860 ns, Reaching safepoint: 96713 ns, At safepoint: 8769 ns, Total: 105482 ns
[2020-09-11T14:10:25.534+0000][1][safepoint    ] Safepoint "Cleanup", Time since last: 1000796026 ns, Reaching safepoint: 104201 ns, At safepoint: 8936 ns, Total: 113137 ns
[2020-09-11T14:10:26.535+0000][1][safepoint    ] Safepoint "Cleanup", Time since last: 1001336611 ns, Reaching safepoint: 66167 ns, At safepoint: 6424 ns, Total: 72591 ns
[2020-09-11T14:10:27.536+0000][1][safepoint    ] Safepoint "Cleanup", Time since last: 1000176569 ns, Reaching safepoint: 94867 ns, At safepoint: 7991 ns, Total: 102858 ns
[2020-09-11T14:10:27.599+0000][1][gc,start     ] GC(82) Pause Young (Allocation Failure)
[2020-09-11T14:10:27.599+0000][1][gc,task      ] GC(82) Using 1 workers of 1 for evacuation
[2020-09-11T14:10:27.606+0000][1][gc,age       ] GC(82) Desired survivor size 4358144 bytes, new threshold 6 (max threshold 6)
[2020-09-11T14:10:27.606+0000][1][gc,age       ] GC(82) Age table with threshold 6 (max threshold 6)
[2020-09-11T14:10:27.606+0000][1][gc,age       ] GC(82) - age   1:      22616 bytes,      22616 total
[2020-09-11T14:10:27.606+0000][1][gc,age       ] GC(82) - age   2:       7520 bytes,      30136 total
[2020-09-11T14:10:27.606+0000][1][gc,age       ] GC(82) - age   3:       6048 bytes,      36184 total
[2020-09-11T14:10:27.606+0000][1][gc,age       ] GC(82) - age   4:       5000 bytes,      41184 total
[2020-09-11T14:10:27.606+0000][1][gc,age       ] GC(82) - age   5:     115128 bytes,     156312 total
[2020-09-11T14:10:27.606+0000][1][gc,age       ] GC(82) - age   6:     414336 bytes,     570648 total
[2020-09-11T14:10:27.606+0000][1][gc,heap      ] GC(82) ParNew: 69007K->743K(76672K)
[2020-09-11T14:10:27.606+0000][1][gc,heap      ] GC(82) CMS: 67315K->67472K(439104K)
[2020-09-11T14:10:27.606+0000][1][gc,metaspace ] GC(82) Metaspace: 82030K->82030K(1124352K)
[2020-09-11T14:10:27.606+0000][1][gc           ] GC(82) Pause Young (Allocation Failure) 133M->66M(503M) 7.380ms
[2020-09-11T14:10:27.606+0000][1][gc,cpu       ] GC(82) User=0.00s Sys=0.00s Real=0.01s
[2020-09-11T14:10:27.610+0000][1][safepoint    ] Safepoint "GenCollectForAllocation", Time since last: 63144820 ns, Reaching safepoint: 188537 ns, At safepoint: 11547358 ns, Total: 11735895 ns
[2020-09-11T14:10:28.612+0000][1][safepoint    ] Safepoint "Cleanup", Time since last: 1001933481 ns, Reaching safepoint: 67361 ns, At safepoint: 6130 ns, Total: 73491 ns
[2020-09-11T14:10:29.613+0000][1][safepoint    ] Safepoint "Cleanup", Time since last: 1000211878 ns, Reaching safepoint: 65927 ns, At safepoint: 6598 ns, Total: 72525 ns
[2020-09-11T14:10:30.613+0000][1][safepoint    ] Safepoint "Cleanup", Time since last: 1000629926 ns, Reaching safepoint: 72000 ns, At safepoint: 6423 ns, Total: 78423 ns
[2020-09-11T14:10:31.614+0000][1][safepoint    ] Safepoint "Cleanup", Time since last: 1000585541 ns, Reaching safepoint: 125515 ns, At safepoint: 14219 ns, Total: 139734 ns
[2020-09-11T14:10:32.614+0000][1][safepoint    ] Safepoint "Cleanup", Time since last: 1000151549 ns, Reaching safepoint: 152641 ns, At safepoint: 13010 ns, Total: 165651 ns
[2020-09-11T14:10:33.615+0000][1][safepoint    ] Safepoint "Cleanup", Time since last: 1000209487 ns, Reaching safepoint: 98099 ns, At safepoint: 7833 ns, Total: 105932 ns
[2020-09-11T14:10:34.615+0000][1][safepoint    ] Safepoint "Cleanup", Time since last: 1000185420 ns, Reaching safepoint: 97290 ns, At safepoint: 8864 ns, Total: 106154 ns
[2020-09-11T14:10:35.615+0000][1][safepoint    ] Safepoint "Cleanup", Time since last: 1000139246 ns, Reaching safepoint: 127088 ns, At safepoint: 16150 ns, Total: 143238 ns
[2020-09-11T14:10:36.616+0000][1][safepoint    ] Safepoint "Cleanup", Time since last: 1000235711 ns, Reaching safepoint: 132862 ns, At safepoint: 18025 ns, Total: 150887 ns
[2020-09-11T14:10:37.619+0000][1][safepoint    ] Safepoint "Cleanup", Time since last: 1003658172 ns, Reaching safepoint: 69041 ns, At safepoint: 7344 ns, Total: 76385 ns
[2020-09-11T14:10:38.620+0000][1][safepoint    ] Safepoint "Cleanup", Time since last: 1000170007 ns, Reaching safepoint: 72365 ns, At safepoint: 8158 ns, Total: 80523 ns
[2020-09-11T14:10:39.620+0000][1][safepoint    ] Safepoint "Cleanup", Time since last: 1000176506 ns, Reaching safepoint: 134211 ns, At safepoint: 17788 ns, Total: 151999 ns
[2020-09-11T14:10:40.622+0000][1][safepoint    ] Safepoint "Cleanup", Time since last: 1001530950 ns, Reaching safepoint: 162478 ns, At safepoint: 9504 ns, Total: 171982 ns
[2020-09-11T14:10:41.557+0000][1][safepoint    ] Safepoint "RevokeBias", Time since last: 934320435 ns, Reaching safepoint: 687147 ns, At safepoint: 10378 ns, Total: 697525 ns
[2020-09-11T14:10:41.558+0000][1][safepoint    ] Safepoint "RevokeBias", Time since last: 115840 ns, Reaching safepoint: 639474 ns, At safepoint: 8144 ns, Total: 647618 ns
[2020-09-11T14:10:41.558+0000][1][safepoint    ] Safepoint "RevokeBias", Time since last: 695874 ns, Reaching safepoint: 225215 ns, At safepoint: 9354 ns, Total: 234569 ns
[2020-09-11T14:10:41.559+0000][1][safepoint    ] Safepoint "RevokeBias", Time since last: 129447 ns, Reaching safepoint: 263390 ns, At safepoint: 7848 ns, Total: 271238 ns
[2020-09-11T14:10:41.559+0000][1][safepoint    ] Safepoint "RevokeBias", Time since last: 205403 ns, Reaching safepoint: 106478 ns, At safepoint: 6136 ns, Total: 112614 ns
[2020-09-11T14:10:41.560+0000][1][safepoint    ] Safepoint "RevokeBias", Time since last: 959355 ns, Reaching safepoint: 255972 ns, At safepoint: 6871 ns, Total: 262843 ns
[2020-09-11T14:10:41.561+0000][1][safepoint    ] Safepoint "RevokeBias", Time since last: 80101 ns, Reaching safepoint: 297396 ns, At safepoint: 6617 ns, Total: 304013 ns
[2020-09-11T14:10:41.564+0000][1][safepoint    ] Safepoint "RevokeBias", Time since last: 391047 ns, Reaching safepoint: 2174505 ns, At safepoint: 367838 ns, Total: 2542343 ns
[2020-09-11T14:10:41.567+0000][1][safepoint    ] Safepoint "RevokeBias", Time since last: 3497020 ns, Reaching safepoint: 232936 ns, At safepoint: 11748 ns, Total: 244684 ns
[2020-09-11T14:10:41.614+0000][1][safepoint    ] Safepoint "RevokeBias", Time since last: 36286960 ns, Reaching safepoint: 62599 ns, At safepoint: 10120158 ns, Total: 10182757 ns
[2020-09-11T14:10:41.614+0000][1][safepoint    ] Safepoint "RevokeBias", Time since last: 119873 ns, Reaching safepoint: 355852 ns, At safepoint: 28207 ns, Total: 384059 ns
[2020-09-11T14:10:41.615+0000][1][safepoint    ] Safepoint "RevokeBias", Time since last: 273992 ns, Reaching safepoint: 709783 ns, At safepoint: 16557 ns, Total: 726340 ns
[2020-09-11T14:10:41.616+0000][1][safepoint    ] Safepoint "RevokeBias", Time since last: 48323 ns, Reaching safepoint: 95136 ns, At safepoint: 14425 ns, Total: 109561 ns
[2020-09-11T14:10:41.616+0000][1][safepoint    ] Safepoint "RevokeBias", Time since last: 41056 ns, Reaching safepoint: 103927 ns, At safepoint: 14358 ns, Total: 118285 ns
[2020-09-11T14:10:41.616+0000][1][safepoint    ] Safepoint "RevokeBias", Time since last: 79925 ns, Reaching safepoint: 95698 ns, At safepoint: 14281 ns, Total: 109979 ns
[2020-09-11T14:10:41.616+0000][1][safepoint    ] Safepoint "RevokeBias", Time since last: 33082 ns, Reaching safepoint: 92816 ns, At safepoint: 13953 ns, Total: 106769 ns
[2020-09-11T14:10:41.619+0000][1][safepoint    ] Safepoint "RevokeBias", Time since last: 173735 ns, Reaching safepoint: 3011226 ns, At safepoint: 15278 ns, Total: 3026504 ns
[2020-09-11T14:10:41.622+0000][1][safepoint    ] Safepoint "RevokeBias", Time since last: 1238204 ns, Reaching safepoint: 797628 ns, At safepoint: 195148 ns, Total: 992776 ns
[2020-09-11T14:10:41.814+0000][1][safepoint    ] Safepoint "RevokeBias", Time since last: 192421877 ns, Reaching safepoint: 103065 ns, At safepoint: 10402 ns, Total: 113467 ns
[2020-09-11T14:10:41.822+0000][1][safepoint    ] Safepoint "RevokeBias", Time since last: 7761655 ns, Reaching safepoint: 62371 ns, At safepoint: 20461 ns, Total: 82832 ns
[2020-09-11T14:10:41.823+0000][1][safepoint    ] Safepoint "RevokeBias", Time since last: 621470 ns, Reaching safepoint: 53725 ns, At safepoint: 6602 ns, Total: 60327 ns
[2020-09-11T14:10:41.823+0000][1][safepoint    ] Safepoint "RevokeBias", Time since last: 56420 ns, Reaching safepoint: 33724 ns, At safepoint: 4701 ns, Total: 38425 ns
[2020-09-11T14:10:41.823+0000][1][safepoint    ] Safepoint "RevokeBias", Time since last: 52374 ns, Reaching safepoint: 36986 ns, At safepoint: 5066 ns, Total: 42052 ns
[2020-09-11T14:10:41.823+0000][1][safepoint    ] Safepoint "RevokeBias", Time since last: 153616 ns, Reaching safepoint: 25681 ns, At safepoint: 4767 ns, Total: 30448 ns
[2020-09-11T14:10:41.823+0000][1][safepoint    ] Safepoint "RevokeBias", Time since last: 33841 ns, Reaching safepoint: 21928 ns, At safepoint: 4138 ns, Total: 26066 ns
[2020-09-11T14:10:41.823+0000][1][safepoint    ] Safepoint "RevokeBias", Time since last: 29681 ns, Reaching safepoint: 21366 ns, At safepoint: 4313 ns, Total: 25679 ns
[2020-09-11T14:10:41.825+0000][1][safepoint    ] Safepoint "RevokeBias", Time since last: 1887171 ns, Reaching safepoint: 31486 ns, At safepoint: 5744 ns, Total: 37230 ns
[2020-09-11T14:10:41.825+0000][1][safepoint    ] Safepoint "RevokeBias", Time since last: 39390 ns, Reaching safepoint: 21052 ns, At safepoint: 4098 ns, Total: 25150 ns
[2020-09-11T14:10:41.832+0000][1][safepoint    ] Safepoint "RevokeBias", Time since last: 6821250 ns, Reaching safepoint: 53465 ns, At safepoint: 8379 ns, Total: 61844 ns
[2020-09-11T14:10:41.832+0000][1][safepoint    ] Safepoint "RevokeBias", Time since last: 76542 ns, Reaching safepoint: 34778 ns, At safepoint: 5104 ns, Total: 39882 ns
[2020-09-11T14:10:41.832+0000][1][safepoint    ] Safepoint "RevokeBias", Time since last: 44867 ns, Reaching safepoint: 27526 ns, At safepoint: 4571 ns, Total: 32097 ns
[2020-09-11T14:10:41.832+0000][1][safepoint    ] Safepoint "RevokeBias", Time since last: 56500 ns, Reaching safepoint: 27384 ns, At safepoint: 4627 ns, Total: 32011 ns
[2020-09-11T14:10:41.833+0000][1][safepoint    ] Safepoint "RevokeBias", Time since last: 500873 ns, Reaching safepoint: 30237 ns, At safepoint: 13962 ns, Total: 44199 ns
[2020-09-11T14:10:41.833+0000][1][safepoint    ] Safepoint "RevokeBias", Time since last: 53546 ns, Reaching safepoint: 23514 ns, At safepoint: 12010 ns, Total: 35524 ns
[2020-09-11T14:10:41.833+0000][1][safepoint    ] Safepoint "RevokeBias", Time since last: 61468 ns, Reaching safepoint: 22843 ns, At safepoint: 11746 ns, Total: 34589 ns
[2020-09-11T14:10:41.858+0000][1][safepoint    ] Safepoint "RevokeBias", Time since last: 25113400 ns, Reaching safepoint: 152305 ns, At safepoint: 10704 ns, Total: 163009 ns
[2020-09-11T14:10:41.859+0000][1][safepoint    ] Safepoint "RevokeBias", Time since last: 457077 ns, Reaching safepoint: 197930 ns, At safepoint: 8659 ns, Total: 206589 ns
[2020-09-11T14:10:41.994+0000][1][safepoint    ] Safepoint "RevokeBias", Time since last: 133447186 ns, Reaching safepoint: 2103532 ns, At safepoint: 27978 ns, Total: 2131510 ns
[2020-09-11T14:10:42.000+0000][1][safepoint    ] Safepoint "BulkRevokeBias", Time since last: 3815204 ns, Reaching safepoint: 2037496 ns, At safepoint: 152407 ns, Total: 2189903 ns
[2020-09-11T14:10:42.091+0000][1][safepoint    ] Safepoint "RevokeBias", Time since last: 90387028 ns, Reaching safepoint: 607689 ns, At safepoint: 12159 ns, Total: 619848 ns
[2020-09-11T14:10:42.094+0000][1][safepoint    ] Safepoint "RevokeBias", Time since last: 2088224 ns, Reaching safepoint: 849538 ns, At safepoint: 11915 ns, Total: 861453 ns
[2020-09-11T14:10:42.098+0000][1][safepoint    ] Safepoint "RevokeBias", Time since last: 722031 ns, Reaching safepoint: 2403581 ns, At safepoint: 8959 ns, Total: 2412540 ns
[2020-09-11T14:10:42.116+0000][1][safepoint    ] Safepoint "RevokeBias", Time since last: 16954216 ns, Reaching safepoint: 1919071 ns, At safepoint: 12465 ns, Total: 1931536 ns
[2020-09-11T14:10:42.134+0000][1][safepoint    ] Safepoint "RevokeBias", Time since last: 16376359 ns, Reaching safepoint: 1327272 ns, At safepoint: 9201 ns, Total: 1336473 ns
[2020-09-11T14:10:42.135+0000][1][safepoint    ] Safepoint "RevokeBias", Time since last: 128391 ns, Reaching safepoint: 610431 ns, At safepoint: 6665 ns, Total: 617096 ns
[2020-09-11T14:10:42.136+0000][1][safepoint    ] Safepoint "RevokeBias", Time since last: 1094278 ns, Reaching safepoint: 88268 ns, At safepoint: 14275 ns, Total: 102543 ns
[2020-09-11T14:10:42.188+0000][1][safepoint    ] Safepoint "RevokeBias", Time since last: 51315639 ns, Reaching safepoint: 113982 ns, At safepoint: 9115 ns, Total: 123097 ns
[2020-09-11T14:10:42.201+0000][1][gc,heap,exit ] Heap
[2020-09-11T14:10:42.201+0000][1][gc,heap,exit ]  par new generation   total 76672K, used 28404K [0x00000000e0000000, 0x00000000e5330000, 0x00000000e5330000)
[2020-09-11T14:10:42.201+0000][1][gc,heap,exit ]   eden space 68160K,  40% used [0x00000000e0000000, 0x00000000e1b03438, 0x00000000e4290000)
[2020-09-11T14:10:42.201+0000][1][gc,heap,exit ]   from space 8512K,   8% used [0x00000000e4290000, 0x00000000e4349f28, 0x00000000e4ae0000)
[2020-09-11T14:10:42.201+0000][1][gc,heap,exit ]   to   space 8512K,   0% used [0x00000000e4ae0000, 0x00000000e4ae0000, 0x00000000e5330000)
[2020-09-11T14:10:42.201+0000][1][gc,heap,exit ]  concurrent mark-sweep generation total 439104K, used 67472K [0x00000000e5330000, 0x0000000100000000, 0x0000000100000000)
[2020-09-11T14:10:42.201+0000][1][gc,heap,exit ]  Metaspace       used 82171K, capacity 88564K, committed 88672K, reserved 1124352K
[2020-09-11T14:10:42.201+0000][1][gc,heap,exit ]   class space    used 10880K, capacity 13482K, committed 13516K, reserved 1048576K
